
> secuscan-frontend@0.1.0 test
> cross-env NODE_OPTIONS=--max-old-space-size=8192 vitest run


[1m[7m[36m RUN [39m[27m[22m [36mv2.1.9 [39m[90mC:/Study/Projects/SecuScan/frontend[39m

node.exe : [90mstderr[2m | testing/unit/pages/Findings.test.tsx[2m > [22m[2mFindings ΓÇö loading state[2m > [22m[2mshows loading text while fetching
At line:1 char:1
+ & "C:\Program Files\nodejs/node.exe" "C:\Program Files\nodejs/node_mo ...
+ ~~~~~~~~~~~~~~~~~~~~~~~~~~~~~~~~~~~~~~~~~~~~~~~~~~~~~~~~~~~~~~~~~~~~~
    + CategoryInfo          : NotSpecified: ([90mstderr[2m... while fetching:String) [], RemoteException
    + FullyQualifiedErrorId : NativeCommandError
 
[22m[39mΓÜá∩╕Å React Router Future Flag Warning: React Router will begin wrapping state updates in `React.startTransition` in v7. You can use the `v7_startTransition` future flag to opt-in early. For more 
information, see https://reactrouter.com/v6/upgrading/future#v7_starttransition.
ΓÜá∩╕Å React Router Future Flag Warning: Relative route resolution within Splat routes is changing in v7. You can use the `v7_relativeSplatPath` future flag to opt-in early. For more information, see 
https://reactrouter.com/v6/upgrading/future#v7_relativesplatpath.

 [32mΓ£ô[39m testing/unit/pages/Findings.test.tsx [2m([22m[2m22 tests[22m[2m)[22m[33m 1555[2mms[22m[39m
   [33m[2mΓ£ô[22m[39m Findings ΓÇö severity filtering[2m > [22mfilters to critical only when critical pill is clicked [33m309[2mms[22m[39m
[90mstderr[2m | testing/unit/pages/Reports.test.tsx[2m > [22m[2mReports ΓÇö loading state[2m > [22m[2mshows loading spinner while fetching
[22m[39mΓÜá∩╕Å React Router Future Flag Warning: React Router will begin wrapping state updates in `React.startTransition` in v7. You can use the `v7_startTransition` future flag to opt-in early. For more 
information, see https://reactrouter.com/v6/upgrading/future#v7_starttransition.
ΓÜá∩╕Å React Router Future Flag Warning: Relative route resolution within Splat routes is changing in v7. You can use the `v7_relativeSplatPath` future flag to opt-in early. For more information, see 
https://reactrouter.com/v6/upgrading/future#v7_relativesplatpath.

 [31mΓ¥»[39m testing/unit/pages/Reports.test.tsx [2m([22m[2m33 tests[22m[2m | [22m[31m3 failed[39m[2m)[22m[33m 1651[2mms[22m[39m
[31m   [31m├ù[31m Reports ΓÇö export buttons on a ready report[2m > [22mclicking PDF opens the correct backend URL[90m 84[2mms[22m[31m[39m
[31m     ΓåÆ expected "bound " to be called with arguments: [ StringContaining{ΓÇª}, '_blank' ][90m

Received: 

[1m  1st bound  call:

[22m[2m  Array [[22m
[32m-   StringContaining "/task/task-abc-123/report/pdf",[90m
[31m+   "http://127.0.0.1:8000/task/task-abc-123/report?format=pdf",[90m
[2m    "_blank",[22m
[2m  ][22m
[31m[90m

Number of calls: [1m1[22m
[31m[39m
[31m   [31m├ù[31m Reports ΓÇö export buttons on a ready report[2m > [22mclicking HTML opens the correct backend URL[90m 91[2mms[22m[31m[39m
[31m     ΓåÆ expected "bound " to be called with arguments: [ StringContaining{ΓÇª}, '_blank' ][90m

Received: 

[1m  1st bound  call:

[22m[2m  Array [[22m
[32m-   StringContaining "/task/task-abc-123/report/html",[90m
[31m+   "http://127.0.0.1:8000/task/task-abc-123/report?format=html",[90m
[2m    "_blank",[22m
[2m  ][22m
[31m[90m

Number of calls: [1m1[22m
[31m[39m
[31m   [31m├ù[31m Reports ΓÇö export buttons on a ready report[2m > [22mclicking CSV opens the correct backend URL[90m 63[2mms[22m[31m[39m
[31m     ΓåÆ expected "bound " to be called with arguments: [ StringContaining{ΓÇª}, '_blank' ][90m

Received: 

[1m  1st bound  call:

[22m[2m  Array [[22m
[32m-   StringContaining "/task/task-abc-123/report/csv",[90m
[31m+   "http://127.0.0.1:8000/task/task-abc-123/report?format=csv",[90m
[2m    "_blank",[22m
[2m  ][22m
[31m[90m

Number of calls: [1m1[22m
[31m[39m
 [32mΓ£ô[39m testing/unit/utils/validation.test.ts [2m([22m[2m44 tests[22m[2m)[22m[90m 8[2mms[22m[39m
[90mstderr[2m | testing/unit/pages/ToolConfigDynamic.test.tsx[2m > [22m[2mToolConfig dynamic schema flow[2m > [22m[2mrenders dynamic fields and submits startTask with consent
[22m[39mΓÜá∩╕Å React Router Future Flag Warning: React Router will begin wrapping state updates in `React.startTransition` in v7. You can use the `v7_startTransition` future flag to opt-in early. For more 
information, see https://reactrouter.com/v6/upgrading/future#v7_starttransition.
ΓÜá∩╕Å React Router Future Flag Warning: Relative route resolution within Splat routes is changing in v7. You can use the `v7_relativeSplatPath` future flag to opt-in early. For more information, see 
https://reactrouter.com/v6/upgrading/future#v7_relativesplatpath.

[90mstderr[2m | testing/unit/pages/ToolConfigDynamic.test.tsx[2m > [22m[2mToolConfig dynamic schema flow[2m > [22m[2mrenders dynamic fields and submits startTask with consent
[22m[39mNo routes matched location "/task/task-123" 

 [32mΓ£ô[39m testing/unit/pages/ToolConfigDynamic.test.tsx [2m([22m[2m3 tests[22m[2m)[22m[33m 1165[2mms[22m[39m
   [33m[2mΓ£ô[22m[39m ToolConfig dynamic schema flow[2m > [22mrenders dynamic fields and submits startTask with consent [33m561[2mms[22m[39m
   [33m[2mΓ£ô[22m[39m ToolConfig dynamic schema flow[2m > [22mvalidates dynamic fields in real-time and disables scan button [33m585[2mms[22m[39m
[90mstderr[2m | testing/unit/pages/Workflows.test.tsx[2m > [22m[2mWorkflows ΓÇö loading and empty states[2m > [22m[2mshows loading spinner while fetching
[22m[39mΓÜá∩╕Å React Router Future Flag Warning: React Router will begin wrapping state updates in `React.startTransition` in v7. You can use the `v7_startTransition` future flag to opt-in early. For more 
information, see https://reactrouter.com/v6/upgrading/future#v7_starttransition.
ΓÜá∩╕Å React Router Future Flag Warning: Relative route resolution within Splat routes is changing in v7. You can use the `v7_relativeSplatPath` future flag to opt-in early. For more information, see 
https://reactrouter.com/v6/upgrading/future#v7_relativesplatpath.

 [32mΓ£ô[39m testing/unit/pages/Workflows.test.tsx [2m([22m[2m15 tests[22m[2m)[22m[33m 863[2mms[22m[39m
[90mstderr[2m | testing/unit/pages/ScannerQuickAccess.test.tsx[2m > [22m[2mScanner quick access[2m > [22m[2mkeeps rendering without the removed quick access section
[22m[39mΓÜá∩╕Å React Router Future Flag Warning: React Router will begin wrapping state updates in `React.startTransition` in v7. You can use the `v7_startTransition` future flag to opt-in early. For more 
information, see https://reactrouter.com/v6/upgrading/future#v7_starttransition.
ΓÜá∩╕Å React Router Future Flag Warning: Relative route resolution within Splat routes is changing in v7. You can use the `v7_relativeSplatPath` future flag to opt-in early. For more information, see 
https://reactrouter.com/v6/upgrading/future#v7_relativesplatpath.

 [32mΓ£ô[39m testing/unit/pages/ScannerQuickAccess.test.tsx [2m([22m[2m2 tests[22m[2m)[22m[33m 611[2mms[22m[39m
   [33m[2mΓ£ô[22m[39m Scanner quick access[2m > [22mupdates recent tools when launching a tool [33m469[2mms[22m[39m
[90mstderr[2m | testing/unit/pages/Reports.preferredFormat.test.tsx[2m > [22m[2mReports ΓÇö preferred export format[2m > [22m[2msaves preferred format to localStorage when export button is clicked
[22m[39mΓÜá∩╕Å React Router Future Flag Warning: React Router will begin wrapping state updates in `React.startTransition` in v7. You can use the `v7_startTransition` future flag to opt-in early. For more 
information, see https://reactrouter.com/v6/upgrading/future#v7_starttransition.
ΓÜá∩╕Å React Router Future Flag Warning: Relative route resolution within Splat routes is changing in v7. You can use the `v7_relativeSplatPath` future flag to opt-in early. For more information, see 
https://reactrouter.com/v6/upgrading/future#v7_relativesplatpath.

 [31mΓ¥»[39m testing/unit/pages/Reports.preferredFormat.test.tsx [2m([22m[2m5 tests[22m[2m | [22m[31m1 failed[39m[2m)[22m[33m 596[2mms[22m[39m
[31m   [31m├ù[31m Reports ΓÇö preferred export format[2m > [22mpreferred format button appears first[90m 50[2mms[22m[31m[39m
[31m     ΓåÆ expected 'pdf' to be 'csv' // Object.is equality[39m
 [32mΓ£ô[39m testing/unit/utils/date.test.ts [2m([22m[2m15 tests[22m[2m)[22m[90m 7[2mms[22m[39m
[90mstderr[2m | testing/unit/pages/ScannerCatalog.test.tsx[2m > [22m[2mScanner catalog integration[2m > [22m[2mrenders backend categories and mixed catalog warnings
[22m[39mΓÜá∩╕Å React Router Future Flag Warning: React Router will begin wrapping state updates in `React.startTransition` in v7. You can use the `v7_startTransition` future flag to opt-in early. For more 
information, see https://reactrouter.com/v6/upgrading/future#v7_starttransition.
ΓÜá∩╕Å React Router Future Flag Warning: Relative route resolution within Splat routes is changing in v7. You can use the `v7_relativeSplatPath` future flag to opt-in early. For more information, see 
https://reactrouter.com/v6/upgrading/future#v7_relativesplatpath.

 [32mΓ£ô[39m testing/unit/pages/ScannerCatalog.test.tsx [2m([22m[2m1 test[22m[2m)[22m[33m 898[2mms[22m[39m
   [33m[2mΓ£ô[22m[39m Scanner catalog integration[2m > [22mrenders backend categories and mixed catalog warnings [33m897[2mms[22m[39m
[90mstderr[2m | testing/unit/pages/ToolConfigRouting.test.tsx[2m > [22m[2mToolConfig route consistency[2m > [22m[2mredirects unknown tool ids to /scans
[22m[39mΓÜá∩╕Å React Router Future Flag Warning: React Router will begin wrapping state updates in `React.startTransition` in v7. You can use the `v7_startTransition` future flag to opt-in early. For more 
information, see https://reactrouter.com/v6/upgrading/future#v7_starttransition.
ΓÜá∩╕Å React Router Future Flag Warning: Relative route resolution within Splat routes is changing in v7. You can use the `v7_relativeSplatPath` future flag to opt-in early. For more information, see 
https://reactrouter.com/v6/upgrading/future#v7_relativesplatpath.

 [32mΓ£ô[39m testing/unit/pages/ToolConfigRouting.test.tsx [2m([22m[2m2 tests[22m[2m)[22m[90m 215[2mms[22m[39m
[90mstderr[2m | testing/unit/pages/ScannerEmptyState.test.tsx[2m > [22m[2mScanner empty-state UX[2m > [22m[2mshows search-zero and category-zero guidance
[22m[39mΓÜá∩╕Å React Router Future Flag Warning: React Router will begin wrapping state updates in `React.startTransition` in v7. You can use the `v7_startTransition` future flag to opt-in early. For more 
information, see https://reactrouter.com/v6/upgrading/future#v7_starttransition.
ΓÜá∩╕Å React Router Future Flag Warning: Relative route resolution within Splat routes is changing in v7. You can use the `v7_relativeSplatPath` future flag to opt-in early. For more information, see 
https://reactrouter.com/v6/upgrading/future#v7_relativesplatpath.

 [32mΓ£ô[39m testing/unit/pages/ScannerEmptyState.test.tsx [2m([22m[2m1 test[22m[2m)[22m[33m 1345[2mms[22m[39m
   [33m[2mΓ£ô[22m[39m Scanner empty-state UX[2m > [22mshows search-zero and category-zero guidance [33m1344[2mms[22m[39m
[90mstderr[2m | testing/unit/AppRoutes.test.tsx[2m > [22m[2mApp route fallback[2m > [22m[2mredirects unknown routes to dashboard
[22m[39mΓÜá∩╕Å React Router Future Flag Warning: React Router will begin wrapping state updates in `React.startTransition` in v7. You can use the `v7_startTransition` future flag to opt-in early. For more 
information, see https://reactrouter.com/v6/upgrading/future#v7_starttransition.
ΓÜá∩╕Å React Router Future Flag Warning: Relative route resolution within Splat routes is changing in v7. You can use the `v7_relativeSplatPath` future flag to opt-in early. For more information, see 
https://reactrouter.com/v6/upgrading/future#v7_relativesplatpath.

 [32mΓ£ô[39m testing/unit/AppRoutes.test.tsx [2m([22m[2m3 tests[22m[2m)[22m[33m 524[2mms[22m[39m
   [33m[2mΓ£ô[22m[39m App route fallback[2m > [22mrenders the loaded dashboard summary [33m387[2mms[22m[39m
[90mstderr[2m | testing/unit/pages/ScannerRetry.test.tsx[2m > [22m[2mScanner retry on plugin load failure[2m > [22m[2mshows retry action and recovers after retry succeeds
[22m[39mΓÜá∩╕Å React Router Future Flag Warning: React Router will begin wrapping state updates in `React.startTransition` in v7. You can use the `v7_startTransition` future flag to opt-in early. For more 
information, see https://reactrouter.com/v6/upgrading/future#v7_starttransition.
ΓÜá∩╕Å React Router Future Flag Warning: Relative route resolution within Splat routes is changing in v7. You can use the `v7_relativeSplatPath` future flag to opt-in early. For more information, see 
https://reactrouter.com/v6/upgrading/future#v7_relativesplatpath.

 [32mΓ£ô[39m testing/unit/pages/ScannerRetry.test.tsx [2m([22m[2m1 test[22m[2m)[22m[33m 598[2mms[22m[39m
   [33m[2mΓ£ô[22m[39m Scanner retry on plugin load failure[2m > [22mshows retry action and recovers after retry succeeds [33m597[2mms[22m[39m
[90mstderr[2m | testing/unit/pages/ScannerExpertMode.test.tsx[2m > [22m[2mScanner tool visibility[2m > [22m[2mshows expert tools by default with no expert mode toggle
[22m[39mΓÜá∩╕Å React Router Future Flag Warning: React Router will begin wrapping state updates in `React.startTransition` in v7. You can use the `v7_startTransition` future flag to opt-in early. For more 
information, see https://reactrouter.com/v6/upgrading/future#v7_starttransition.
ΓÜá∩╕Å React Router Future Flag Warning: Relative route resolution within Splat routes is changing in v7. You can use the `v7_relativeSplatPath` future flag to opt-in early. For more information, see 
https://reactrouter.com/v6/upgrading/future#v7_relativesplatpath.

 [32mΓ£ô[39m testing/unit/pages/ScannerExpertMode.test.tsx [2m([22m[2m1 test[22m[2m)[22m[33m 842[2mms[22m[39m
   [33m[2mΓ£ô[22m[39m Scanner tool visibility[2m > [22mshows expert tools by default with no expert mode toggle [33m841[2mms[22m[39m
 [32mΓ£ô[39m testing/unit/components/ToastContext.test.tsx [2m([22m[2m2 tests[22m[2m)[22m[33m 510[2mms[22m[39m
   [33m[2mΓ£ô[22m[39m Toast accessibility[2m > [22mannounces non-critical notifications as status messages and provides a labelled dismiss control [33m437[2mms[22m[39m
 [32mΓ£ô[39m testing/unit/pages/SettingsTheme.test.tsx [2m([22m[2m1 test[22m[2m)[22m[33m 365[2mms[22m[39m
   [33m[2mΓ£ô[22m[39m Settings theme wiring[2m > [22mapplies selected theme globally and persists it [33m364[2mms[22m[39m

[31mΓÄ»ΓÄ»ΓÄ»ΓÄ»ΓÄ»ΓÄ»ΓÄ»[1m[7m Failed Tests 4 [27m[22mΓÄ»ΓÄ»ΓÄ»ΓÄ»ΓÄ»ΓÄ»ΓÄ»[39m

[31m[1m[7m FAIL [27m[22m[39m testing/unit/pages/Reports.preferredFormat.test.tsx[2m > [22mReports ΓÇö preferred export format[2m > [22mpreferred format button appears first
[31m[1mAssertionError[22m: expected 'pdf' to be 'csv' // Object.is equality[39m

Expected: [32m"csv"[39m
Received: [31m"pdf"[39m

[36m [2mΓ¥»[22m testing/unit/pages/Reports.preferredFormat.test.tsx:[2m85:55[22m[39m
    [90m 83| [39m
    [90m 84| [39m        [35mconst[39m buttons [33m=[39m screen[33m.[39m[34mgetAllByRole[39m([32m'button'[39m[33m,[39m { name[33m:[39m [36m/^(pdf|h[39mΓÇª
    [90m 85| [39m        [34mexpect[39m(buttons[[34m0[39m][33m.[39mtextContent[33m?.[39m[34mtoLowerCase[39m())[33m.[39m[34mtoBe[39m([32m'csv'[39m)
    [90m   | [39m                                                      [31m^[39m
    [90m 86| [39m    })
    [90m 87| [39m

[31m[2mΓÄ»ΓÄ»ΓÄ»ΓÄ»ΓÄ»ΓÄ»ΓÄ»ΓÄ»ΓÄ»ΓÄ»ΓÄ»ΓÄ»ΓÄ»ΓÄ»ΓÄ»ΓÄ»ΓÄ»ΓÄ»ΓÄ»ΓÄ»ΓÄ»ΓÄ»ΓÄ»ΓÄ»[1/4]ΓÄ»[22m[39m

[31m[1m[7m FAIL [27m[22m[39m testing/unit/pages/Reports.test.tsx[2m > [22mReports ΓÇö export buttons on a ready report[2m > [22mclicking PDF opens the correct backend URL
[31m[1mAssertionError[22m: expected "bound " to be called with arguments: [ StringContaining{ΓÇª}, '_blank' ][90m

Received: 

[1m  1st bound  call:

[22m[2m  Array [[22m
[32m-   StringContaining "/task/task-abc-123/report/pdf",[90m
[31m+   "http://127.0.0.1:8000/task/task-abc-123/report?format=pdf",[90m
[2m    "_blank",[22m
[2m  ][22m
[31m[90m

Number of calls: [1m1[22m
[31m[39m
[36m [2mΓ¥»[22m testing/unit/pages/Reports.test.tsx:[2m143:21[22m[39m
    [90m141| [39m    [34mrenderReports[39m()
    [90m142| [39m    [35mawait[39m user[33m.[39m[34mclick[39m([35mawait[39m screen[33m.[39m[34mfindByRole[39m([32m'button'[39m[33m,[39m { name[33m:[39m [36m/^pdf$/[39mΓÇª
    [90m143| [39m    [34mexpect[39m(openSpy)[33m.[39m[34mtoHaveBeenCalledWith[39m(
    [90m   | [39m                    [31m^[39m
    [90m144| [39m      expect[33m.[39m[34mstringContaining[39m([32m'/task/'[39m [33m+[39m readyReport[33m.[39mtask_id [33m+[39m [32m'/repor[39mΓÇª
    [90m145| [39m  })

[31m[2mΓÄ»ΓÄ»ΓÄ»ΓÄ»ΓÄ»ΓÄ»ΓÄ»ΓÄ»ΓÄ»ΓÄ»ΓÄ»ΓÄ»ΓÄ»ΓÄ»ΓÄ»ΓÄ»ΓÄ»ΓÄ»ΓÄ»ΓÄ»ΓÄ»ΓÄ»ΓÄ»ΓÄ»[2/4]ΓÄ»[22m[39m

[31m[1m[7m FAIL [27m[22m[39m testing/unit/pages/Reports.test.tsx[2m > [22mReports ΓÇö export buttons on a ready report[2m > [22mclicking HTML opens the correct backend URL
[31m[1mAssertionError[22m: expected "bound " to be called with arguments: [ StringContaining{ΓÇª}, '_blank' ][90m

Received: 

[1m  1st bound  call:

[22m[2m  Array [[22m
[32m-   StringContaining "/task/task-abc-123/report/html",[90m
[31m+   "http://127.0.0.1:8000/task/task-abc-123/report?format=html",[90m
[2m    "_blank",[22m
[2m  ][22m
[31m[90m

Number of calls: [1m1[22m
[31m[39m
[36m [2mΓ¥»[22m testing/unit/pages/Reports.test.tsx:[2m151:21[22m[39m
    [90m149| [39m    [34mrenderReports[39m()
    [90m150| [39m    [35mawait[39m user[33m.[39m[34mclick[39m([35mawait[39m screen[33m.[39m[34mfindByRole[39m([32m'button'[39m[33m,[39m { name[33m:[39m [36m/^html$[39mΓÇª
    [90m151| [39m    [34mexpect[39m(openSpy)[33m.[39m[34mtoHaveBeenCalledWith[39m(
    [90m   | [39m                    [31m^[39m
    [90m152| [39m      expect[33m.[39m[34mstringContaining[39m([32m'/task/'[39m [33m+[39m readyReport[33m.[39mtask_id [33m+[39m [32m'/repor[39mΓÇª
    [90m153| [39m  })

[31m[2mΓÄ»ΓÄ»ΓÄ»ΓÄ»ΓÄ»ΓÄ»ΓÄ»ΓÄ»ΓÄ»ΓÄ»ΓÄ»ΓÄ»ΓÄ»ΓÄ»ΓÄ»ΓÄ»ΓÄ»ΓÄ»ΓÄ»ΓÄ»ΓÄ»ΓÄ»ΓÄ»ΓÄ»[3/4]ΓÄ»[22m[39m

[31m[1m[7m FAIL [27m[22m[39m testing/unit/pages/Reports.test.tsx[2m > [22mReports ΓÇö export buttons on a ready report[2m > [22mclicking CSV opens the correct backend URL
[31m[1mAssertionError[22m: expected "bound " to be called with arguments: [ StringContaining{ΓÇª}, '_blank' ][90m

Received: 

[1m  1st bound  call:

[22m[2m  Array [[22m
[32m-   StringContaining "/task/task-abc-123/report/csv",[90m
[31m+   "http://127.0.0.1:8000/task/task-abc-123/report?format=csv",[90m
[2m    "_blank",[22m
[2m  ][22m
[31m[90m

Number of calls: [1m1[22m
[31m[39m
[36m [2mΓ¥»[22m testing/unit/pages/Reports.test.tsx:[2m159:21[22m[39m
    [90m157| [39m    [34mrenderReports[39m()
    [90m158| [39m    [35mawait[39m user[33m.[39m[34mclick[39m([35mawait[39m screen[33m.[39m[34mfindByRole[39m([32m'button'[39m[33m,[39m { name[33m:[39m [36m/^csv$/[39mΓÇª
    [90m159| [39m    [34mexpect[39m(openSpy)[33m.[39m[34mtoHaveBeenCalledWith[39m(
    [90m   | [39m                    [31m^[39m
    [90m160| [39m      expect[33m.[39m[34mstringContaining[39m([32m'/task/'[39m [33m+[39m readyReport[33m.[39mtask_id [33m+[39m [32m'/repor[39mΓÇª
    [90m161| [39m  })

[31m[2mΓÄ»ΓÄ»ΓÄ»ΓÄ»ΓÄ»ΓÄ»ΓÄ»ΓÄ»ΓÄ»ΓÄ»ΓÄ»ΓÄ»ΓÄ»ΓÄ»ΓÄ»ΓÄ»ΓÄ»ΓÄ»ΓÄ»ΓÄ»ΓÄ»ΓÄ»ΓÄ»ΓÄ»[4/4]ΓÄ»[22m[39m

[2m Test Files [22m [1m[31m2 failed[39m[22m[2m | [22m[1m[32m14 passed[39m[22m[90m (16)[39m
[2m      Tests [22m [1m[31m4 failed[39m[22m[2m | [22m[1m[32m147 passed[39m[22m[90m (151)[39m
[2m   Start at [22m 00:09:18
[2m   Duration [22m 40.06s[2m (transform 496ms, setup 1.34s, collect 10.96s, tests 11.75s, environment 12.86s, prepare 1.38s)[22m

