
> secuscan-frontend@0.1.0 test
> cross-env NODE_OPTIONS=--max-old-space-size=8192 vitest run


[1m[7m[36m RUN [39m[27m[22m [36mv2.1.9 [39m[90mC:/Users/sonis/Desktop/Open-Source/SecuScan/SecuScan/frontend[39m

 [31mΓ¥»[39m testing/unit/pages/Findings.test.tsx [2m([22m[2m22 tests[22m[2m | [22m[31m17 failed[39m[2m)[22m[33m 1473[2mms[22m[39m
   [33m[2mΓ£ô[22m[39m Findings ΓÇö severity filtering[2m > [22mfilters to critical only when critical pill is clicked [33m414[2mms[22m[39m
[31m   [31m├ù[31m Findings ΓÇö sorting[2m > [22msort dropdown contains all expected options[90m 52[2mms[22m[31m[39m
[31m     ΓåÆ getSortSelect is not defined[39m
[31m   [31m├ù[31m Findings ΓÇö sorting[2m > [22mswitches to flat list when sort is newest[90m 59[2mms[22m[31m[39m
[31m     ΓåÆ getSortSelect is not defined[39m
[31m   [31m├ù[31m Findings ΓÇö sorting[2m > [22mnewest-first puts most recent finding on top[90m 63[2mms[22m[31m[39m
[31m     ΓåÆ getSortSelect is not defined[39m
[31m   [31m├ù[31m Findings ΓÇö sorting[2m > [22moldest-first puts earliest finding on top[90m 47[2mms[22m[31m[39m
[31m     ΓåÆ getSortSelect is not defined[39m
[31m   [31m├ù[31m Findings ΓÇö sorting[2m > [22mtarget A-Z sorts alphabetically by target[90m 39[2mms[22m[31m[39m
[31m     ΓåÆ getSortSelect is not defined[39m
[31m   [31m├ù[31m Findings ΓÇö target filter[2m > [22mrenders unique targets in dropdown[90m 49[2mms[22m[31m[39m
[31m     ΓåÆ Unable to find an element with the display value: /All Targets/i.

Ignored nodes: comments, script, style
[36m<body>[31m
  [36m<div>[31m
    [36m<div[31m
      [33mclass[31m=[32m"min-h-screen bg-charcoal-dark text-silver px-4 py-6 md:px-8 md:py-10"[31m
    [36m>[31m
      [36m<div[31m
        [33mclass[31m=[32m"mx-auto flex w-full max-w-[1600px] flex-col gap-8"[31m
      [36m>[31m
        [36m<header[31m
          [33mclass[31m=[32m"border-b-4 border-silver-bright/10 pb-8"[31m
        [36m>[31m
          [36m<div[31m
            [33mclass[31m=[32m"mb-4 inline-block bg-rag-red px-4 py-1 text-xs font-black uppercase tracking-widest text-black shadow-[4px_4px_0px_0px_rgba(0,0,0,1)]"[31m
          [36m>[31m
            [0mTriage Workspace v5.1[0m
          [36m</div>[31m
          [36m<div[31m
            [33mclass[31m=[32m"flex flex-col gap-5 xl:flex-row xl:items-end xl:justify-between"[31m
          [36m>[31m
            [36m<div[31m
              [33mclass[31m=[32m"space-y-3"[31m
            [36m>[31m
              [36m<h1[31m
                [33mclass[31m=[32m"text-5xl font-black uppercase tracking-tighter text-silver-bright italic md:text-7xl"[31m
              [36m>[31m
                [0mFindings [0m
                [36m<span[31m
                  [33mclass[31m=[32m"text-transparent"[31m
                  [33mstyle[31m=[32m"-webkit-text-stroke: 1px var(--accent-silver-bright);"[31m
                [36m>[31m
                  [0mDesk[0m
                [36m</span>[31m
              [36m</h1>[31m
              [36m<p[31m
                [33mclass[31m=[32m"text-xs font-mono uppercase tracking-[0.24em] text-silver/45"[31m
              [36m>[31m
                [0mActive triage feed // [0m
                [0m3[0m
                [0m total signals // [0m
                [0m3[0m
                [0m awaiting analyst action[0m
              [36m</p>[31m
            [36m</div>[31m
            [36m<div[31m
              [33mclass[31m=[32m"grid w-full gap-3 sm:grid-cols-2 xl:w-auto xl:grid-cols-4"[31m
            [36m>[31m
              [36m<div[31m
                [33mclass[31m=[32m"border-2 border-black bg-charcoal px-4 py-4 shadow-[6px_6px_0px_0px_rgba(0,0,0,1)]"[31m
              [36m>[31m
                [36m<p[31m
                  [33mclass[31m=[32m"mb-2 text-[10px] font-black uppercase tracking-[0.25em] text-silver/55"[31m
                [36m>[31m
                  [0mVisible[0m
                [36m</p>[31m
                [36m<p[31m
                  [33mclass[31m=[32m"text-3xl font-black italic tracking-tight text-silver-bright"[31m
                [36m>[31m
                  [0m03[0m
                [36m</p>[31m
              [36m</div>[31m
              [36m<div[31m
                [33mclass[31m=[32m"border-2 border-black bg-charcoal px-4 py-4 shadow-[6px_6px_0px_0px_rgba(0,0,0,1)]"[31m
              [36m>[31m
                [36m<p[31m
                  [33mclass[31m=[32m"mb-2 text-[10px] font-black uppercase tracking-[0.25em] text-silver/55"[31m
                [36m>[31m
                  [0mCritical + High[0m
                [36m</p>[31m
                [36m<p[31m
                  [33mclass[31m=[32m"text-3xl font-black italic tracking-tight text-rag-red"[31m
                [36m>[31m
                  [0m02[0m
                [36m</p>[31m
              [36m</div>[31m
              [36m<div[31m
                [33mclass[31m=[32m"border-2 border-black bg-charcoal px-4 py-4 shadow-[6px_6px_0px_0px_rgba(0,0,0,1)]"[31m
              [36m>[31m
                [36m<p[31m
                  [33mclass[31m=[32m"mb-2 text-[10px] font-black uppercase tracking-[0.25em] text-silver/55"[31m
                [36m>[31m
                  [0mUnresolved[0m
                [36m</p>[31m
                [36m<p[31m
                  [33mclass[31m=[32m"text-3xl font-black italic tracking-tight text-rag-amber"[31m
                [36m>[31m
                  [0m03[0m
                [36m</p>[31m
              [36m</div>[31m
              [36m<div[31m
                [33mclass[31m=[32m"border-2 border-black bg-charcoal px-4 py-4 shadow-[6px_6px_0px_0px_rgba(0,0,0,1)]"[31m
              [36m>[31m
                [36m<p[31m
                  [33mclass[31m=[32m"mb-2 text-[10px] font-black uppercase tracking-[0.25em] text-silver/55"[31m
                [36m>[31m
                  [0mReviewed[0m
                [36m</p>[31m
                [36m<p[31m
                  [33mclass[31m=[32m"text-3xl font-black italic tracking-tight text-rag-green"[31m
                [36m>[31m
                  [0m00[0m
                [36m</p>[31m
              [36m</div>[31m
            [36m</div>[31m
          [36m</div>[31m
        [36m</header>[31m
        [36m<section[31m
          [33mclass[31m=[32m"sticky top-4 z-20 border-2 border-black bg-charcoal/95 p-4 shadow-[8px_8px_0px_0px_rgba(0,0,0,1)] backdrop-blur"[31m
        [36m>[31m
          [36m<div[31m
            [33mclass[31m=[32m"flex flex-col gap-4 xl:flex-row xl:items-center xl:justify-between"[31m
          [36m>[31m
            [36m<div[31m
              [33mclass[31m=[32m"grid flex-1 gap-4 xl:grid-cols-[minmax(0,1.4fr)_minmax(0,1.8fr)]"[31m
            [36m>[31m
              [36m<div[31m
                [33mclass[31m=[32m"space-y-2"[31m
              [36m>[31m
                [36m<label[31m
                  [33mclass[31m=[32m"text-[10px] font-black uppercase tracking-[0.2em] text-silver-bright"[31m
                [36m>[31m
                  [0mSearch[0m
                [36m</label>[31m
                [36m<input[31m
                  [33mclass[31m=[32m"w-full border-2 border-silver-bright/10 bg-charcoal-dark px-4 py-3 text-xs font-mono text-silver-bright placeholder:text-silver/20 focus:border-rag-red focus:outline-none"[31m
                  [33mplaceholder[31m=[32m"Title, target, CVE, remediation..."[31m
                  [33mtype[31m=[32m"text"[31m
                  [33mvalue[31m=[32m""[31m
                [36m/>[31m
              [36m</div>[31m
              [36m<div[31m
                [33mclass[31m=[32m"space-y-2"[31m
              [36m>[31m
                [36m<label[31m
                  [33mclass[31m=[32m"text-[10px] font-black uppercase tracking-[0.2em] text-silver-bright"[31m
                [36m>[31m
                  [0mSeverity[0m
                [36m</label>[31m
                [36m<div[31m
                  [33mclass[31m=[32m"flex flex-wrap gap-2"[31m
                [36m>[31m
                  [36m<button[31m
                    [33mclass[31m=[32m"border px-3 py-2 text-[10px] font-black uppercase tracking-[0.16em] transition-all border-black bg-silver-bright text-black shadow-[4px_4px_0px_0px_rgba(0,0,0,1)]"[31m
                    [33mtype[31m=[32m"button"[31m
                 ...[39m
[31m   [31m├ù[31m Findings ΓÇö target filter[2m > [22mfilters findings when a specific target is selected[90m 45[2mms[22m[31m[39m
[31m     ΓåÆ Unable to find an element with the display value: /All Targets/i.

Ignored nodes: comments, script, style
[36m<body>[31m
  [36m<div>[31m
    [36m<div[31m
      [33mclass[31m=[32m"min-h-screen bg-charcoal-dark text-silver px-4 py-6 md:px-8 md:py-10"[31m
    [36m>[31m
      [36m<div[31m
        [33mclass[31m=[32m"mx-auto flex w-full max-w-[1600px] flex-col gap-8"[31m
      [36m>[31m
        [36m<header[31m
          [33mclass[31m=[32m"border-b-4 border-silver-bright/10 pb-8"[31m
        [36m>[31m
          [36m<div[31m
            [33mclass[31m=[32m"mb-4 inline-block bg-rag-red px-4 py-1 text-xs font-black uppercase tracking-widest text-black shadow-[4px_4px_0px_0px_rgba(0,0,0,1)]"[31m
          [36m>[31m
            [0mTriage Workspace v5.1[0m
          [36m</div>[31m
          [36m<div[31m
            [33mclass[31m=[32m"flex flex-col gap-5 xl:flex-row xl:items-end xl:justify-between"[31m
          [36m>[31m
            [36m<div[31m
              [33mclass[31m=[32m"space-y-3"[31m
            [36m>[31m
              [36m<h1[31m
                [33mclass[31m=[32m"text-5xl font-black uppercase tracking-tighter text-silver-bright italic md:text-7xl"[31m
              [36m>[31m
                [0mFindings [0m
                [36m<span[31m
                  [33mclass[31m=[32m"text-transparent"[31m
                  [33mstyle[31m=[32m"-webkit-text-stroke: 1px var(--accent-silver-bright);"[31m
                [36m>[31m
                  [0mDesk[0m
                [36m</span>[31m
              [36m</h1>[31m
              [36m<p[31m
                [33mclass[31m=[32m"text-xs font-mono uppercase tracking-[0.24em] text-silver/45"[31m
              [36m>[31m
                [0mActive triage feed // [0m
                [0m3[0m
                [0m total signals // [0m
                [0m3[0m
                [0m awaiting analyst action[0m
              [36m</p>[31m
            [36m</div>[31m
            [36m<div[31m
              [33mclass[31m=[32m"grid w-full gap-3 sm:grid-cols-2 xl:w-auto xl:grid-cols-4"[31m
            [36m>[31m
              [36m<div[31m
                [33mclass[31m=[32m"border-2 border-black bg-charcoal px-4 py-4 shadow-[6px_6px_0px_0px_rgba(0,0,0,1)]"[31m
              [36m>[31m
                [36m<p[31m
                  [33mclass[31m=[32m"mb-2 text-[10px] font-black uppercase tracking-[0.25em] text-silver/55"[31m
                [36m>[31m
                  [0mVisible[0m
                [36m</p>[31m
                [36m<p[31m
                  [33mclass[31m=[32m"text-3xl font-black italic tracking-tight text-silver-bright"[31m
                [36m>[31m
                  [0m03[0m
                [36m</p>[31m
              [36m</div>[31m
              [36m<div[31m
                [33mclass[31m=[32m"border-2 border-black bg-charcoal px-4 py-4 shadow-[6px_6px_0px_0px_rgba(0,0,0,1)]"[31m
              [36m>[31m
                [36m<p[31m
                  [33mclass[31m=[32m"mb-2 text-[10px] font-black uppercase tracking-[0.25em] text-silver/55"[31m
                [36m>[31m
                  [0mCritical + High[0m
                [36m</p>[31m
                [36m<p[31m
                  [33mclass[31m=[32m"text-3xl font-black italic tracking-tight text-rag-red"[31m
                [36m>[31m
                  [0m02[0m
                [36m</p>[31m
              [36m</div>[31m
              [36m<div[31m
                [33mclass[31m=[32m"border-2 border-black bg-charcoal px-4 py-4 shadow-[6px_6px_0px_0px_rgba(0,0,0,1)]"[31m
              [36m>[31m
                [36m<p[31m
                  [33mclass[31m=[32m"mb-2 text-[10px] font-black uppercase tracking-[0.25em] text-silver/55"[31m
                [36m>[31m
                  [0mUnresolved[0m
                [36m</p>[31m
                [36m<p[31m
                  [33mclass[31m=[32m"text-3xl font-black italic tracking-tight text-rag-amber"[31m
                [36m>[31m
                  [0m03[0m
                [36m</p>[31m
              [36m</div>[31m
              [36m<div[31m
                [33mclass[31m=[32m"border-2 border-black bg-charcoal px-4 py-4 shadow-[6px_6px_0px_0px_rgba(0,0,0,1)]"[31m
              [36m>[31m
                [36m<p[31m
                  [33mclass[31m=[32m"mb-2 text-[10px] font-black uppercase tracking-[0.25em] text-silver/55"[31m
                [36m>[31m
                  [0mReviewed[0m
                [36m</p>[31m
                [36m<p[31m
                  [33mclass[31m=[32m"text-3xl font-black italic tracking-tight text-rag-green"[31m
                [36m>[31m
                  [0m00[0m
                [36m</p>[31m
              [36m</div>[31m
            [36m</div>[31m
          [36m</div>[31m
        [36m</header>[31m
        [36m<section[31m
          [33mclass[31m=[32m"sticky top-4 z-20 border-2 border-black bg-charcoal/95 p-4 shadow-[8px_8px_0px_0px_rgba(0,0,0,1)] backdrop-blur"[31m
        [36m>[31m
          [36m<div[31m
            [33mclass[31m=[32m"flex flex-col gap-4 xl:flex-row xl:items-center xl:justify-between"[31m
          [36m>[31m
            [36m<div[31m
              [33mclass[31m=[32m"grid flex-1 gap-4 xl:grid-cols-[minmax(0,1.4fr)_minmax(0,1.8fr)]"[31m
            [36m>[31m
              [36m<div[31m
                [33mclass[31m=[32m"space-y-2"[31m
              [36m>[31m
                [36m<label[31m
                  [33mclass[31m=[32m"text-[10px] font-black uppercase tracking-[0.2em] text-silver-bright"[31m
                [36m>[31m
                  [0mSearch[0m
                [36m</label>[31m
                [36m<input[31m
                  [33mclass[31m=[32m"w-full border-2 border-silver-bright/10 bg-charcoal-dark px-4 py-3 text-xs font-mono text-silver-bright placeholder:text-silver/20 focus:border-rag-red focus:outline-none"[31m
                  [33mplaceholder[31m=[32m"Title, target, CVE, remediation..."[31m
                  [33mtype[31m=[32m"text"[31m
                  [33mvalue[31m=[32m""[31m
                [36m/>[31m
              [36m</div>[31m
              [36m<div[31m
                [33mclass[31m=[32m"space-y-2"[31m
              [36m>[31m
                [36m<label[31m
                  [33mclass[31m=[32m"text-[10px] font-black uppercase tracking-[0.2em] text-silver-bright"[31m
                [36m>[31m
                  [0mSeverity[0m
                [36m</label>[31m
                [36m<div[31m
                  [33mclass[31m=[32m"flex flex-wrap gap-2"[31m
                [36m>[31m
                  [36m<button[31m
                    [33mclass[31m=[32m"border px-3 py-2 text-[10px] font-black uppercase tracking-[0.16em] transition-all border-black bg-silver-bright text-black shadow-[4px_4px_0px_0px_rgba(0,0,0,1)]"[31m
                    [33mtype[31m=[32m"button"[31m
                 ...[39m
[31m   [31m├ù[31m Findings ΓÇö scanner filter[2m > [22mrenders unique scanners in dropdown[90m 42[2mms[22m[31m[39m
[31m     ΓåÆ Unable to find an element with the display value: /All Scanners/i.

Ignored nodes: comments, script, style
[36m<body>[31m
  [36m<div>[31m
    [36m<div[31m
      [33mclass[31m=[32m"min-h-screen bg-charcoal-dark text-silver px-4 py-6 md:px-8 md:py-10"[31m
    [36m>[31m
      [36m<div[31m
        [33mclass[31m=[32m"mx-auto flex w-full max-w-[1600px] flex-col gap-8"[31m
      [36m>[31m
        [36m<header[31m
          [33mclass[31m=[32m"border-b-4 border-silver-bright/10 pb-8"[31m
        [36m>[31m
          [36m<div[31m
            [33mclass[31m=[32m"mb-4 inline-block bg-rag-red px-4 py-1 text-xs font-black uppercase tracking-widest text-black shadow-[4px_4px_0px_0px_rgba(0,0,0,1)]"[31m
          [36m>[31m
            [0mTriage Workspace v5.1[0m
          [36m</div>[31m
          [36m<div[31m
            [33mclass[31m=[32m"flex flex-col gap-5 xl:flex-row xl:items-end xl:justify-between"[31m
          [36m>[31m
            [36m<div[31m
              [33mclass[31m=[32m"space-y-3"[31m
            [36m>[31m
              [36m<h1[31m
                [33mclass[31m=[32m"text-5xl font-black uppercase tracking-tighter text-silver-bright italic md:text-7xl"[31m
              [36m>[31m
                [0mFindings [0m
                [36m<span[31m
                  [33mclass[31m=[32m"text-transparent"[31m
                  [33mstyle[31m=[32m"-webkit-text-stroke: 1px var(--accent-silver-bright);"[31m
                [36m>[31m
                  [0mDesk[0m
                [36m</span>[31m
              [36m</h1>[31m
              [36m<p[31m
                [33mclass[31m=[32m"text-xs font-mono uppercase tracking-[0.24em] text-silver/45"[31m
              [36m>[31m
                [0mActive triage feed // [0m
                [0m3[0m
                [0m total signals // [0m
                [0m3[0m
                [0m awaiting analyst action[0m
              [36m</p>[31m
            [36m</div>[31m
            [36m<div[31m
              [33mclass[31m=[32m"grid w-full gap-3 sm:grid-cols-2 xl:w-auto xl:grid-cols-4"[31m
            [36m>[31m
              [36m<div[31m
                [33mclass[31m=[32m"border-2 border-black bg-charcoal px-4 py-4 shadow-[6px_6px_0px_0px_rgba(0,0,0,1)]"[31m
              [36m>[31m
                [36m<p[31m
                  [33mclass[31m=[32m"mb-2 text-[10px] font-black uppercase tracking-[0.25em] text-silver/55"[31m
                [36m>[31m
                  [0mVisible[0m
                [36m</p>[31m
                [36m<p[31m
                  [33mclass[31m=[32m"text-3xl font-black italic tracking-tight text-silver-bright"[31m
                [36m>[31m
                  [0m03[0m
                [36m</p>[31m
              [36m</div>[31m
              [36m<div[31m
                [33mclass[31m=[32m"border-2 border-black bg-charcoal px-4 py-4 shadow-[6px_6px_0px_0px_rgba(0,0,0,1)]"[31m
              [36m>[31m
                [36m<p[31m
                  [33mclass[31m=[32m"mb-2 text-[10px] font-black uppercase tracking-[0.25em] text-silver/55"[31m
                [36m>[31m
                  [0mCritical + High[0m
                [36m</p>[31m
                [36m<p[31m
                  [33mclass[31m=[32m"text-3xl font-black italic tracking-tight text-rag-red"[31m
                [36m>[31m
                  [0m02[0m
                [36m</p>[31m
              [36m</div>[31m
              [36m<div[31m
                [33mclass[31m=[32m"border-2 border-black bg-charcoal px-4 py-4 shadow-[6px_6px_0px_0px_rgba(0,0,0,1)]"[31m
              [36m>[31m
                [36m<p[31m
                  [33mclass[31m=[32m"mb-2 text-[10px] font-black uppercase tracking-[0.25em] text-silver/55"[31m
                [36m>[31m
                  [0mUnresolved[0m
                [36m</p>[31m
                [36m<p[31m
                  [33mclass[31m=[32m"text-3xl font-black italic tracking-tight text-rag-amber"[31m
                [36m>[31m
                  [0m03[0m
                [36m</p>[31m
              [36m</div>[31m
              [36m<div[31m
                [33mclass[31m=[32m"border-2 border-black bg-charcoal px-4 py-4 shadow-[6px_6px_0px_0px_rgba(0,0,0,1)]"[31m
              [36m>[31m
                [36m<p[31m
                  [33mclass[31m=[32m"mb-2 text-[10px] font-black uppercase tracking-[0.25em] text-silver/55"[31m
                [36m>[31m
                  [0mReviewed[0m
                [36m</p>[31m
                [36m<p[31m
                  [33mclass[31m=[32m"text-3xl font-black italic tracking-tight text-rag-green"[31m
                [36m>[31m
                  [0m00[0m
                [36m</p>[31m
              [36m</div>[31m
            [36m</div>[31m
          [36m</div>[31m
        [36m</header>[31m
        [36m<section[31m
          [33mclass[31m=[32m"sticky top-4 z-20 border-2 border-black bg-charcoal/95 p-4 shadow-[8px_8px_0px_0px_rgba(0,0,0,1)] backdrop-blur"[31m
        [36m>[31m
          [36m<div[31m
            [33mclass[31m=[32m"flex flex-col gap-4 xl:flex-row xl:items-center xl:justify-between"[31m
          [36m>[31m
            [36m<div[31m
              [33mclass[31m=[32m"grid flex-1 gap-4 xl:grid-cols-[minmax(0,1.4fr)_minmax(0,1.8fr)]"[31m
            [36m>[31m
              [36m<div[31m
                [33mclass[31m=[32m"space-y-2"[31m
              [36m>[31m
                [36m<label[31m
                  [33mclass[31m=[32m"text-[10px] font-black uppercase tracking-[0.2em] text-silver-bright"[31m
                [36m>[31m
                  [0mSearch[0m
                [36m</label>[31m
                [36m<input[31m
                  [33mclass[31m=[32m"w-full border-2 border-silver-bright/10 bg-charcoal-dark px-4 py-3 text-xs font-mono text-silver-bright placeholder:text-silver/20 focus:border-rag-red focus:outline-none"[31m
                  [33mplaceholder[31m=[32m"Title, target, CVE, remediation..."[31m
                  [33mtype[31m=[32m"text"[31m
                  [33mvalue[31m=[32m""[31m
                [36m/>[31m
              [36m</div>[31m
              [36m<div[31m
                [33mclass[31m=[32m"space-y-2"[31m
              [36m>[31m
                [36m<label[31m
                  [33mclass[31m=[32m"text-[10px] font-black uppercase tracking-[0.2em] text-silver-bright"[31m
                [36m>[31m
                  [0mSeverity[0m
                [36m</label>[31m
                [36m<div[31m
                  [33mclass[31m=[32m"flex flex-wrap gap-2"[31m
                [36m>[31m
                  [36m<button[31m
                    [33mclass[31m=[32m"border px-3 py-2 text-[10px] font-black uppercase tracking-[0.16em] transition-all border-black bg-silver-bright text-black shadow-[4px_4px_0px_0px_rgba(0,0,0,1)]"[31m
                    [33mtype[31m=[32m"button"[31m
                 ...[39m
[31m   [31m├ù[31m Findings ΓÇö scanner filter[2m > [22mfilters findings to one scanner[90m 44[2mms[22m[31m[39m
[31m     ΓåÆ Unable to find an element with the display value: /All Scanners/i.

Ignored nodes: comments, script, style
[36m<body>[31m
  [36m<div>[31m
    [36m<div[31m
      [33mclass[31m=[32m"min-h-screen bg-charcoal-dark text-silver px-4 py-6 md:px-8 md:py-10"[31m
    [36m>[31m
      [36m<div[31m
        [33mclass[31m=[32m"mx-auto flex w-full max-w-[1600px] flex-col gap-8"[31m
      [36m>[31m
        [36m<header[31m
          [33mclass[31m=[32m"border-b-4 border-silver-bright/10 pb-8"[31m
        [36m>[31m
          [36m<div[31m
            [33mclass[31m=[32m"mb-4 inline-block bg-rag-red px-4 py-1 text-xs font-black uppercase tracking-widest text-black shadow-[4px_4px_0px_0px_rgba(0,0,0,1)]"[31m
          [36m>[31m
            [0mTriage Workspace v5.1[0m
          [36m</div>[31m
          [36m<div[31m
            [33mclass[31m=[32m"flex flex-col gap-5 xl:flex-row xl:items-end xl:justify-between"[31m
          [36m>[31m
            [36m<div[31m
              [33mclass[31m=[32m"space-y-3"[31m
            [36m>[31m
              [36m<h1[31m
                [33mclass[31m=[32m"text-5xl font-black uppercase tracking-tighter text-silver-bright italic md:text-7xl"[31m
              [36m>[31m
                [0mFindings [0m
                [36m<span[31m
                  [33mclass[31m=[32m"text-transparent"[31m
                  [33mstyle[31m=[32m"-webkit-text-stroke: 1px var(--accent-silver-bright);"[31m
                [36m>[31m
                  [0mDesk[0m
                [36m</span>[31m
              [36m</h1>[31m
              [36m<p[31m
                [33mclass[31m=[32m"text-xs font-mono uppercase tracking-[0.24em] text-silver/45"[31m
              [36m>[31m
                [0mActive triage feed // [0m
                [0m3[0m
                [0m total signals // [0m
                [0m3[0m
                [0m awaiting analyst action[0m
              [36m</p>[31m
            [36m</div>[31m
            [36m<div[31m
              [33mclass[31m=[32m"grid w-full gap-3 sm:grid-cols-2 xl:w-auto xl:grid-cols-4"[31m
            [36m>[31m
              [36m<div[31m
                [33mclass[31m=[32m"border-2 border-black bg-charcoal px-4 py-4 shadow-[6px_6px_0px_0px_rgba(0,0,0,1)]"[31m
              [36m>[31m
                [36m<p[31m
                  [33mclass[31m=[32m"mb-2 text-[10px] font-black uppercase tracking-[0.25em] text-silver/55"[31m
                [36m>[31m
                  [0mVisible[0m
                [36m</p>[31m
                [36m<p[31m
                  [33mclass[31m=[32m"text-3xl font-black italic tracking-tight text-silver-bright"[31m
                [36m>[31m
                  [0m03[0m
                [36m</p>[31m
              [36m</div>[31m
              [36m<div[31m
                [33mclass[31m=[32m"border-2 border-black bg-charcoal px-4 py-4 shadow-[6px_6px_0px_0px_rgba(0,0,0,1)]"[31m
              [36m>[31m
                [36m<p[31m
                  [33mclass[31m=[32m"mb-2 text-[10px] font-black uppercase tracking-[0.25em] text-silver/55"[31m
                [36m>[31m
                  [0mCritical + High[0m
                [36m</p>[31m
                [36m<p[31m
                  [33mclass[31m=[32m"text-3xl font-black italic tracking-tight text-rag-red"[31m
                [36m>[31m
                  [0m02[0m
                [36m</p>[31m
              [36m</div>[31m
              [36m<div[31m
                [33mclass[31m=[32m"border-2 border-black bg-charcoal px-4 py-4 shadow-[6px_6px_0px_0px_rgba(0,0,0,1)]"[31m
              [36m>[31m
                [36m<p[31m
                  [33mclass[31m=[32m"mb-2 text-[10px] font-black uppercase tracking-[0.25em] text-silver/55"[31m
                [36m>[31m
                  [0mUnresolved[0m
                [36m</p>[31m
                [36m<p[31m
                  [33mclass[31m=[32m"text-3xl font-black italic tracking-tight text-rag-amber"[31m
                [36m>[31m
                  [0m03[0m
                [36m</p>[31m
              [36m</div>[31m
              [36m<div[31m
                [33mclass[31m=[32m"border-2 border-black bg-charcoal px-4 py-4 shadow-[6px_6px_0px_0px_rgba(0,0,0,1)]"[31m
              [36m>[31m
                [36m<p[31m
                  [33mclass[31m=[32m"mb-2 text-[10px] font-black uppercase tracking-[0.25em] text-silver/55"[31m
                [36m>[31m
                  [0mReviewed[0m
                [36m</p>[31m
                [36m<p[31m
                  [33mclass[31m=[32m"text-3xl font-black italic tracking-tight text-rag-green"[31m
                [36m>[31m
                  [0m00[0m
                [36m</p>[31m
              [36m</div>[31m
            [36m</div>[31m
          [36m</div>[31m
        [36m</header>[31m
        [36m<section[31m
          [33mclass[31m=[32m"sticky top-4 z-20 border-2 border-black bg-charcoal/95 p-4 shadow-[8px_8px_0px_0px_rgba(0,0,0,1)] backdrop-blur"[31m
        [36m>[31m
          [36m<div[31m
            [33mclass[31m=[32m"flex flex-col gap-4 xl:flex-row xl:items-center xl:justify-between"[31m
          [36m>[31m
            [36m<div[31m
              [33mclass[31m=[32m"grid flex-1 gap-4 xl:grid-cols-[minmax(0,1.4fr)_minmax(0,1.8fr)]"[31m
            [36m>[31m
              [36m<div[31m
                [33mclass[31m=[32m"space-y-2"[31m
              [36m>[31m
                [36m<label[31m
                  [33mclass[31m=[32m"text-[10px] font-black uppercase tracking-[0.2em] text-silver-bright"[31m
                [36m>[31m
                  [0mSearch[0m
                [36m</label>[31m
                [36m<input[31m
                  [33mclass[31m=[32m"w-full border-2 border-silver-bright/10 bg-charcoal-dark px-4 py-3 text-xs font-mono text-silver-bright placeholder:text-silver/20 focus:border-rag-red focus:outline-none"[31m
                  [33mplaceholder[31m=[32m"Title, target, CVE, remediation..."[31m
                  [33mtype[31m=[32m"text"[31m
                  [33mvalue[31m=[32m""[31m
                [36m/>[31m
              [36m</div>[31m
              [36m<div[31m
                [33mclass[31m=[32m"space-y-2"[31m
              [36m>[31m
                [36m<label[31m
                  [33mclass[31m=[32m"text-[10px] font-black uppercase tracking-[0.2em] text-silver-bright"[31m
                [36m>[31m
                  [0mSeverity[0m
                [36m</label>[31m
                [36m<div[31m
                  [33mclass[31m=[32m"flex flex-wrap gap-2"[31m
                [36m>[31m
                  [36m<button[31m
                    [33mclass[31m=[32m"border px-3 py-2 text-[10px] font-black uppercase tracking-[0.16em] transition-all border-black bg-silver-bright text-black shadow-[4px_4px_0px_0px_rgba(0,0,0,1)]"[31m
                    [33mtype[31m=[32m"button"[31m
                 ...[39m
[31m   [31m├ù[31m Findings ΓÇö date range filter[2m > [22mfilters out findings before the from-date[90m 63[2mms[22m[31m[39m
[31m     ΓåÆ Unable to find an element with the text: From Date. This could be because the text is broken up by multiple elements. In this case, you can provide a function for your text matcher to make your matcher more flexible.

Ignored nodes: comments, script, style
[36m<body>[31m
  [36m<div>[31m
    [36m<div[31m
      [33mclass[31m=[32m"min-h-screen bg-charcoal-dark text-silver px-4 py-6 md:px-8 md:py-10"[31m
    [36m>[31m
      [36m<div[31m
        [33mclass[31m=[32m"mx-auto flex w-full max-w-[1600px] flex-col gap-8"[31m
      [36m>[31m
        [36m<header[31m
          [33mclass[31m=[32m"border-b-4 border-silver-bright/10 pb-8"[31m
        [36m>[31m
          [36m<div[31m
            [33mclass[31m=[32m"mb-4 inline-block bg-rag-red px-4 py-1 text-xs font-black uppercase tracking-widest text-black shadow-[4px_4px_0px_0px_rgba(0,0,0,1)]"[31m
          [36m>[31m
            [0mTriage Workspace v5.1[0m
          [36m</div>[31m
          [36m<div[31m
            [33mclass[31m=[32m"flex flex-col gap-5 xl:flex-row xl:items-end xl:justify-between"[31m
          [36m>[31m
            [36m<div[31m
              [33mclass[31m=[32m"space-y-3"[31m
            [36m>[31m
              [36m<h1[31m
                [33mclass[31m=[32m"text-5xl font-black uppercase tracking-tighter text-silver-bright italic md:text-7xl"[31m
              [36m>[31m
                [0mFindings [0m
                [36m<span[31m
                  [33mclass[31m=[32m"text-transparent"[31m
                  [33mstyle[31m=[32m"-webkit-text-stroke: 1px var(--accent-silver-bright);"[31m
                [36m>[31m
                  [0mDesk[0m
                [36m</span>[31m
              [36m</h1>[31m
              [36m<p[31m
                [33mclass[31m=[32m"text-xs font-mono uppercase tracking-[0.24em] text-silver/45"[31m
              [36m>[31m
                [0mActive triage feed // [0m
                [0m3[0m
                [0m total signals // [0m
                [0m3[0m
                [0m awaiting analyst action[0m
              [36m</p>[31m
            [36m</div>[31m
            [36m<div[31m
              [33mclass[31m=[32m"grid w-full gap-3 sm:grid-cols-2 xl:w-auto xl:grid-cols-4"[31m
            [36m>[31m
              [36m<div[31m
                [33mclass[31m=[32m"border-2 border-black bg-charcoal px-4 py-4 shadow-[6px_6px_0px_0px_rgba(0,0,0,1)]"[31m
              [36m>[31m
                [36m<p[31m
                  [33mclass[31m=[32m"mb-2 text-[10px] font-black uppercase tracking-[0.25em] text-silver/55"[31m
                [36m>[31m
                  [0mVisible[0m
                [36m</p>[31m
                [36m<p[31m
                  [33mclass[31m=[32m"text-3xl font-black italic tracking-tight text-silver-bright"[31m
                [36m>[31m
                  [0m03[0m
                [36m</p>[31m
              [36m</div>[31m
              [36m<div[31m
                [33mclass[31m=[32m"border-2 border-black bg-charcoal px-4 py-4 shadow-[6px_6px_0px_0px_rgba(0,0,0,1)]"[31m
              [36m>[31m
                [36m<p[31m
                  [33mclass[31m=[32m"mb-2 text-[10px] font-black uppercase tracking-[0.25em] text-silver/55"[31m
                [36m>[31m
                  [0mCritical + High[0m
                [36m</p>[31m
                [36m<p[31m
                  [33mclass[31m=[32m"text-3xl font-black italic tracking-tight text-rag-red"[31m
                [36m>[31m
                  [0m02[0m
                [36m</p>[31m
              [36m</div>[31m
              [36m<div[31m
                [33mclass[31m=[32m"border-2 border-black bg-charcoal px-4 py-4 shadow-[6px_6px_0px_0px_rgba(0,0,0,1)]"[31m
              [36m>[31m
                [36m<p[31m
                  [33mclass[31m=[32m"mb-2 text-[10px] font-black uppercase tracking-[0.25em] text-silver/55"[31m
                [36m>[31m
                  [0mUnresolved[0m
                [36m</p>[31m
                [36m<p[31m
                  [33mclass[31m=[32m"text-3xl font-black italic tracking-tight text-rag-amber"[31m
                [36m>[31m
                  [0m03[0m
                [36m</p>[31m
              [36m</div>[31m
              [36m<div[31m
                [33mclass[31m=[32m"border-2 border-black bg-charcoal px-4 py-4 shadow-[6px_6px_0px_0px_rgba(0,0,0,1)]"[31m
              [36m>[31m
                [36m<p[31m
                  [33mclass[31m=[32m"mb-2 text-[10px] font-black uppercase tracking-[0.25em] text-silver/55"[31m
                [36m>[31m
                  [0mReviewed[0m
                [36m</p>[31m
                [36m<p[31m
                  [33mclass[31m=[32m"text-3xl font-black italic tracking-tight text-rag-green"[31m
                [36m>[31m
                  [0m00[0m
                [36m</p>[31m
              [36m</div>[31m
            [36m</div>[31m
          [36m</div>[31m
        [36m</header>[31m
        [36m<section[31m
          [33mclass[31m=[32m"sticky top-4 z-20 border-2 border-black bg-charcoal/95 p-4 shadow-[8px_8px_0px_0px_rgba(0,0,0,1)] backdrop-blur"[31m
        [36m>[31m
          [36m<div[31m
            [33mclass[31m=[32m"flex flex-col gap-4 xl:flex-row xl:items-center xl:justify-between"[31m
          [36m>[31m
            [36m<div[31m
              [33mclass[31m=[32m"grid flex-1 gap-4 xl:grid-cols-[minmax(0,1.4fr)_minmax(0,1.8fr)]"[31m
            [36m>[31m
              [36m<div[31m
                [33mclass[31m=[32m"space-y-2"[31m
              [36m>[31m
                [36m<label[31m
                  [33mclass[31m=[32m"text-[10px] font-black uppercase tracking-[0.2em] text-silver-bright"[31m
                [36m>[31m
                  [0mSearch[0m
                [36m</label>[31m
                [36m<input[31m
                  [33mclass[31m=[32m"w-full border-2 border-silver-bright/10 bg-charcoal-dark px-4 py-3 text-xs font-mono text-silver-bright placeholder:text-silver/20 focus:border-rag-red focus:outline-none"[31m
                  [33mplaceholder[31m=[32m"Title, target, CVE, remediation..."[31m
                  [33mtype[31m=[32m"text"[31m
                  [33mvalue[31m=[32m""[31m
                [36m/>[31m
              [36m</div>[31m
              [36m<div[31m
                [33mclass[31m=[32m"space-y-2"[31m
              [36m>[31m
                [36m<label[31m
                  [33mclass[31m=[32m"text-[10px] font-black uppercase tracking-[0.2em] text-silver-bright"[31m
                [36m>[31m
                  [0mSeverity[0m
                [36m</label>[31m
                [36m<div[31m
                  [33mclass[31m=[32m"flex flex-wrap gap-2"[31m
                [36m>[31m
                  [36m<button[31m
                    [33mclass[31m=[32m"border px-3 py-2 text-[10px] font-black uppercase tracking-[0.16em] transition-all border-black bg-silver-bright text-black shadow-[4px_4px_0px_0px_rgba(0,0,0,1)]"[31m
                    [33mtype[31m=[32m"button"[31m
                 ...[39m
[31m   [31m├ù[31m Findings ΓÇö date range filter[2m > [22mfilters out findings after the to-date[90m 41[2mms[22m[31m[39m
[31m     ΓåÆ Unable to find an element with the text: To Date. This could be because the text is broken up by multiple elements. In this case, you can provide a function for your text matcher to make your matcher more flexible.

Ignored nodes: comments, script, style
[36m<body>[31m
  [36m<div>[31m
    [36m<div[31m
      [33mclass[31m=[32m"min-h-screen bg-charcoal-dark text-silver px-4 py-6 md:px-8 md:py-10"[31m
    [36m>[31m
      [36m<div[31m
        [33mclass[31m=[32m"mx-auto flex w-full max-w-[1600px] flex-col gap-8"[31m
      [36m>[31m
        [36m<header[31m
          [33mclass[31m=[32m"border-b-4 border-silver-bright/10 pb-8"[31m
        [36m>[31m
          [36m<div[31m
            [33mclass[31m=[32m"mb-4 inline-block bg-rag-red px-4 py-1 text-xs font-black uppercase tracking-widest text-black shadow-[4px_4px_0px_0px_rgba(0,0,0,1)]"[31m
          [36m>[31m
            [0mTriage Workspace v5.1[0m
          [36m</div>[31m
          [36m<div[31m
            [33mclass[31m=[32m"flex flex-col gap-5 xl:flex-row xl:items-end xl:justify-between"[31m
          [36m>[31m
            [36m<div[31m
              [33mclass[31m=[32m"space-y-3"[31m
            [36m>[31m
              [36m<h1[31m
                [33mclass[31m=[32m"text-5xl font-black uppercase tracking-tighter text-silver-bright italic md:text-7xl"[31m
              [36m>[31m
                [0mFindings [0m
                [36m<span[31m
                  [33mclass[31m=[32m"text-transparent"[31m
                  [33mstyle[31m=[32m"-webkit-text-stroke: 1px var(--accent-silver-bright);"[31m
                [36m>[31m
                  [0mDesk[0m
                [36m</span>[31m
              [36m</h1>[31m
              [36m<p[31m
                [33mclass[31m=[32m"text-xs font-mono uppercase tracking-[0.24em] text-silver/45"[31m
              [36m>[31m
                [0mActive triage feed // [0m
                [0m3[0m
                [0m total signals // [0m
                [0m3[0m
                [0m awaiting analyst action[0m
              [36m</p>[31m
            [36m</div>[31m
            [36m<div[31m
              [33mclass[31m=[32m"grid w-full gap-3 sm:grid-cols-2 xl:w-auto xl:grid-cols-4"[31m
            [36m>[31m
              [36m<div[31m
                [33mclass[31m=[32m"border-2 border-black bg-charcoal px-4 py-4 shadow-[6px_6px_0px_0px_rgba(0,0,0,1)]"[31m
              [36m>[31m
                [36m<p[31m
                  [33mclass[31m=[32m"mb-2 text-[10px] font-black uppercase tracking-[0.25em] text-silver/55"[31m
                [36m>[31m
                  [0mVisible[0m
                [36m</p>[31m
                [36m<p[31m
                  [33mclass[31m=[32m"text-3xl font-black italic tracking-tight text-silver-bright"[31m
                [36m>[31m
                  [0m03[0m
                [36m</p>[31m
              [36m</div>[31m
              [36m<div[31m
                [33mclass[31m=[32m"border-2 border-black bg-charcoal px-4 py-4 shadow-[6px_6px_0px_0px_rgba(0,0,0,1)]"[31m
              [36m>[31m
                [36m<p[31m
                  [33mclass[31m=[32m"mb-2 text-[10px] font-black uppercase tracking-[0.25em] text-silver/55"[31m
                [36m>[31m
                  [0mCritical + High[0m
                [36m</p>[31m
                [36m<p[31m
                  [33mclass[31m=[32m"text-3xl font-black italic tracking-tight text-rag-red"[31m
                [36m>[31m
                  [0m02[0m
                [36m</p>[31m
              [36m</div>[31m
              [36m<div[31m
                [33mclass[31m=[32m"border-2 border-black bg-charcoal px-4 py-4 shadow-[6px_6px_0px_0px_rgba(0,0,0,1)]"[31m
              [36m>[31m
                [36m<p[31m
                  [33mclass[31m=[32m"mb-2 text-[10px] font-black uppercase tracking-[0.25em] text-silver/55"[31m
                [36m>[31m
                  [0mUnresolved[0m
                [36m</p>[31m
                [36m<p[31m
                  [33mclass[31m=[32m"text-3xl font-black italic tracking-tight text-rag-amber"[31m
                [36m>[31m
                  [0m03[0m
                [36m</p>[31m
              [36m</div>[31m
              [36m<div[31m
                [33mclass[31m=[32m"border-2 border-black bg-charcoal px-4 py-4 shadow-[6px_6px_0px_0px_rgba(0,0,0,1)]"[31m
              [36m>[31m
                [36m<p[31m
                  [33mclass[31m=[32m"mb-2 text-[10px] font-black uppercase tracking-[0.25em] text-silver/55"[31m
                [36m>[31m
                  [0mReviewed[0m
                [36m</p>[31m
                [36m<p[31m
                  [33mclass[31m=[32m"text-3xl font-black italic tracking-tight text-rag-green"[31m
                [36m>[31m
                  [0m00[0m
                [36m</p>[31m
              [36m</div>[31m
            [36m</div>[31m
          [36m</div>[31m
        [36m</header>[31m
        [36m<section[31m
          [33mclass[31m=[32m"sticky top-4 z-20 border-2 border-black bg-charcoal/95 p-4 shadow-[8px_8px_0px_0px_rgba(0,0,0,1)] backdrop-blur"[31m
        [36m>[31m
          [36m<div[31m
            [33mclass[31m=[32m"flex flex-col gap-4 xl:flex-row xl:items-center xl:justify-between"[31m
          [36m>[31m
            [36m<div[31m
              [33mclass[31m=[32m"grid flex-1 gap-4 xl:grid-cols-[minmax(0,1.4fr)_minmax(0,1.8fr)]"[31m
            [36m>[31m
              [36m<div[31m
                [33mclass[31m=[32m"space-y-2"[31m
              [36m>[31m
                [36m<label[31m
                  [33mclass[31m=[32m"text-[10px] font-black uppercase tracking-[0.2em] text-silver-bright"[31m
                [36m>[31m
                  [0mSearch[0m
                [36m</label>[31m
                [36m<input[31m
                  [33mclass[31m=[32m"w-full border-2 border-silver-bright/10 bg-charcoal-dark px-4 py-3 text-xs font-mono text-silver-bright placeholder:text-silver/20 focus:border-rag-red focus:outline-none"[31m
                  [33mplaceholder[31m=[32m"Title, target, CVE, remediation..."[31m
                  [33mtype[31m=[32m"text"[31m
                  [33mvalue[31m=[32m""[31m
                [36m/>[31m
              [36m</div>[31m
              [36m<div[31m
                [33mclass[31m=[32m"space-y-2"[31m
              [36m>[31m
                [36m<label[31m
                  [33mclass[31m=[32m"text-[10px] font-black uppercase tracking-[0.2em] text-silver-bright"[31m
                [36m>[31m
                  [0mSeverity[0m
                [36m</label>[31m
                [36m<div[31m
                  [33mclass[31m=[32m"flex flex-wrap gap-2"[31m
                [36m>[31m
                  [36m<button[31m
                    [33mclass[31m=[32m"border px-3 py-2 text-[10px] font-black uppercase tracking-[0.16em] transition-all border-black bg-silver-bright text-black shadow-[4px_4px_0px_0px_rgba(0,0,0,1)]"[31m
                    [33mtype[31m=[32m"button"[31m
                 ...[39m
[31m   [31m├ù[31m Findings ΓÇö date range filter[2m > [22mincludes findings on the boundary date[90m 51[2mms[22m[31m[39m
[31m     ΓåÆ Unable to find an element with the text: From Date. This could be because the text is broken up by multiple elements. In this case, you can provide a function for your text matcher to make your matcher more flexible.

Ignored nodes: comments, script, style
[36m<body>[31m
  [36m<div>[31m
    [36m<div[31m
      [33mclass[31m=[32m"min-h-screen bg-charcoal-dark text-silver px-4 py-6 md:px-8 md:py-10"[31m
    [36m>[31m
      [36m<div[31m
        [33mclass[31m=[32m"mx-auto flex w-full max-w-[1600px] flex-col gap-8"[31m
      [36m>[31m
        [36m<header[31m
          [33mclass[31m=[32m"border-b-4 border-silver-bright/10 pb-8"[31m
        [36m>[31m
          [36m<div[31m
            [33mclass[31m=[32m"mb-4 inline-block bg-rag-red px-4 py-1 text-xs font-black uppercase tracking-widest text-black shadow-[4px_4px_0px_0px_rgba(0,0,0,1)]"[31m
          [36m>[31m
            [0mTriage Workspace v5.1[0m
          [36m</div>[31m
          [36m<div[31m
            [33mclass[31m=[32m"flex flex-col gap-5 xl:flex-row xl:items-end xl:justify-between"[31m
          [36m>[31m
            [36m<div[31m
              [33mclass[31m=[32m"space-y-3"[31m
            [36m>[31m
              [36m<h1[31m
                [33mclass[31m=[32m"text-5xl font-black uppercase tracking-tighter text-silver-bright italic md:text-7xl"[31m
              [36m>[31m
                [0mFindings [0m
                [36m<span[31m
                  [33mclass[31m=[32m"text-transparent"[31m
                  [33mstyle[31m=[32m"-webkit-text-stroke: 1px var(--accent-silver-bright);"[31m
                [36m>[31m
                  [0mDesk[0m
                [36m</span>[31m
              [36m</h1>[31m
              [36m<p[31m
                [33mclass[31m=[32m"text-xs font-mono uppercase tracking-[0.24em] text-silver/45"[31m
              [36m>[31m
                [0mActive triage feed // [0m
                [0m3[0m
                [0m total signals // [0m
                [0m3[0m
                [0m awaiting analyst action[0m
              [36m</p>[31m
            [36m</div>[31m
            [36m<div[31m
              [33mclass[31m=[32m"grid w-full gap-3 sm:grid-cols-2 xl:w-auto xl:grid-cols-4"[31m
            [36m>[31m
              [36m<div[31m
                [33mclass[31m=[32m"border-2 border-black bg-charcoal px-4 py-4 shadow-[6px_6px_0px_0px_rgba(0,0,0,1)]"[31m
              [36m>[31m
                [36m<p[31m
                  [33mclass[31m=[32m"mb-2 text-[10px] font-black uppercase tracking-[0.25em] text-silver/55"[31m
                [36m>[31m
                  [0mVisible[0m
                [36m</p>[31m
                [36m<p[31m
                  [33mclass[31m=[32m"text-3xl font-black italic tracking-tight text-silver-bright"[31m
                [36m>[31m
                  [0m03[0m
                [36m</p>[31m
              [36m</div>[31m
              [36m<div[31m
                [33mclass[31m=[32m"border-2 border-black bg-charcoal px-4 py-4 shadow-[6px_6px_0px_0px_rgba(0,0,0,1)]"[31m
              [36m>[31m
                [36m<p[31m
                  [33mclass[31m=[32m"mb-2 text-[10px] font-black uppercase tracking-[0.25em] text-silver/55"[31m
                [36m>[31m
                  [0mCritical + High[0m
                [36m</p>[31m
                [36m<p[31m
                  [33mclass[31m=[32m"text-3xl font-black italic tracking-tight text-rag-red"[31m
                [36m>[31m
                  [0m02[0m
                [36m</p>[31m
              [36m</div>[31m
              [36m<div[31m
                [33mclass[31m=[32m"border-2 border-black bg-charcoal px-4 py-4 shadow-[6px_6px_0px_0px_rgba(0,0,0,1)]"[31m
              [36m>[31m
                [36m<p[31m
                  [33mclass[31m=[32m"mb-2 text-[10px] font-black uppercase tracking-[0.25em] text-silver/55"[31m
                [36m>[31m
                  [0mUnresolved[0m
                [36m</p>[31m
                [36m<p[31m
                  [33mclass[31m=[32m"text-3xl font-black italic tracking-tight text-rag-amber"[31m
                [36m>[31m
                  [0m03[0m
                [36m</p>[31m
              [36m</div>[31m
              [36m<div[31m
                [33mclass[31m=[32m"border-2 border-black bg-charcoal px-4 py-4 shadow-[6px_6px_0px_0px_rgba(0,0,0,1)]"[31m
              [36m>[31m
                [36m<p[31m
                  [33mclass[31m=[32m"mb-2 text-[10px] font-black uppercase tracking-[0.25em] text-silver/55"[31m
                [36m>[31m
                  [0mReviewed[0m
                [36m</p>[31m
                [36m<p[31m
                  [33mclass[31m=[32m"text-3xl font-black italic tracking-tight text-rag-green"[31m
                [36m>[31m
                  [0m00[0m
                [36m</p>[31m
              [36m</div>[31m
            [36m</div>[31m
          [36m</div>[31m
        [36m</header>[31m
        [36m<section[31m
          [33mclass[31m=[32m"sticky top-4 z-20 border-2 border-black bg-charcoal/95 p-4 shadow-[8px_8px_0px_0px_rgba(0,0,0,1)] backdrop-blur"[31m
        [36m>[31m
          [36m<div[31m
            [33mclass[31m=[32m"flex flex-col gap-4 xl:flex-row xl:items-center xl:justify-between"[31m
          [36m>[31m
            [36m<div[31m
              [33mclass[31m=[32m"grid flex-1 gap-4 xl:grid-cols-[minmax(0,1.4fr)_minmax(0,1.8fr)]"[31m
            [36m>[31m
              [36m<div[31m
                [33mclass[31m=[32m"space-y-2"[31m
              [36m>[31m
                [36m<label[31m
                  [33mclass[31m=[32m"text-[10px] font-black uppercase tracking-[0.2em] text-silver-bright"[31m
                [36m>[31m
                  [0mSearch[0m
                [36m</label>[31m
                [36m<input[31m
                  [33mclass[31m=[32m"w-full border-2 border-silver-bright/10 bg-charcoal-dark px-4 py-3 text-xs font-mono text-silver-bright placeholder:text-silver/20 focus:border-rag-red focus:outline-none"[31m
                  [33mplaceholder[31m=[32m"Title, target, CVE, remediation..."[31m
                  [33mtype[31m=[32m"text"[31m
                  [33mvalue[31m=[32m""[31m
                [36m/>[31m
              [36m</div>[31m
              [36m<div[31m
                [33mclass[31m=[32m"space-y-2"[31m
              [36m>[31m
                [36m<label[31m
                  [33mclass[31m=[32m"text-[10px] font-black uppercase tracking-[0.2em] text-silver-bright"[31m
                [36m>[31m
                  [0mSeverity[0m
                [36m</label>[31m
                [36m<div[31m
                  [33mclass[31m=[32m"flex flex-wrap gap-2"[31m
                [36m>[31m
                  [36m<button[31m
                    [33mclass[31m=[32m"border px-3 py-2 text-[10px] font-black uppercase tracking-[0.16em] transition-all border-black bg-silver-bright text-black shadow-[4px_4px_0px_0px_rgba(0,0,0,1)]"[31m
                    [33mtype[31m=[32m"button"[31m
                 ...[39m
[31m   [31m├ù[31m Findings ΓÇö reset filters[2m > [22mclears all active filters when reset is clicked[90m 43[2mms[22m[31m[39m
[31m     ΓåÆ Unable to find an element with the display value: /All Targets/i.

Ignored nodes: comments, script, style
[36m<body>[31m
  [36m<div>[31m
    [36m<div[31m
      [33mclass[31m=[32m"min-h-screen bg-charcoal-dark text-silver px-4 py-6 md:px-8 md:py-10"[31m
    [36m>[31m
      [36m<div[31m
        [33mclass[31m=[32m"mx-auto flex w-full max-w-[1600px] flex-col gap-8"[31m
      [36m>[31m
        [36m<header[31m
          [33mclass[31m=[32m"border-b-4 border-silver-bright/10 pb-8"[31m
        [36m>[31m
          [36m<div[31m
            [33mclass[31m=[32m"mb-4 inline-block bg-rag-red px-4 py-1 text-xs font-black uppercase tracking-widest text-black shadow-[4px_4px_0px_0px_rgba(0,0,0,1)]"[31m
          [36m>[31m
            [0mTriage Workspace v5.1[0m
          [36m</div>[31m
          [36m<div[31m
            [33mclass[31m=[32m"flex flex-col gap-5 xl:flex-row xl:items-end xl:justify-between"[31m
          [36m>[31m
            [36m<div[31m
              [33mclass[31m=[32m"space-y-3"[31m
            [36m>[31m
              [36m<h1[31m
                [33mclass[31m=[32m"text-5xl font-black uppercase tracking-tighter text-silver-bright italic md:text-7xl"[31m
              [36m>[31m
                [0mFindings [0m
                [36m<span[31m
                  [33mclass[31m=[32m"text-transparent"[31m
                  [33mstyle[31m=[32m"-webkit-text-stroke: 1px var(--accent-silver-bright);"[31m
                [36m>[31m
                  [0mDesk[0m
                [36m</span>[31m
              [36m</h1>[31m
              [36m<p[31m
                [33mclass[31m=[32m"text-xs font-mono uppercase tracking-[0.24em] text-silver/45"[31m
              [36m>[31m
                [0mActive triage feed // [0m
                [0m3[0m
                [0m total signals // [0m
                [0m3[0m
                [0m awaiting analyst action[0m
              [36m</p>[31m
            [36m</div>[31m
            [36m<div[31m
              [33mclass[31m=[32m"grid w-full gap-3 sm:grid-cols-2 xl:w-auto xl:grid-cols-4"[31m
            [36m>[31m
              [36m<div[31m
                [33mclass[31m=[32m"border-2 border-black bg-charcoal px-4 py-4 shadow-[6px_6px_0px_0px_rgba(0,0,0,1)]"[31m
              [36m>[31m
                [36m<p[31m
                  [33mclass[31m=[32m"mb-2 text-[10px] font-black uppercase tracking-[0.25em] text-silver/55"[31m
                [36m>[31m
                  [0mVisible[0m
                [36m</p>[31m
                [36m<p[31m
                  [33mclass[31m=[32m"text-3xl font-black italic tracking-tight text-silver-bright"[31m
                [36m>[31m
                  [0m03[0m
                [36m</p>[31m
              [36m</div>[31m
              [36m<div[31m
                [33mclass[31m=[32m"border-2 border-black bg-charcoal px-4 py-4 shadow-[6px_6px_0px_0px_rgba(0,0,0,1)]"[31m
              [36m>[31m
                [36m<p[31m
                  [33mclass[31m=[32m"mb-2 text-[10px] font-black uppercase tracking-[0.25em] text-silver/55"[31m
                [36m>[31m
                  [0mCritical + High[0m
                [36m</p>[31m
                [36m<p[31m
                  [33mclass[31m=[32m"text-3xl font-black italic tracking-tight text-rag-red"[31m
                [36m>[31m
                  [0m02[0m
                [36m</p>[31m
              [36m</div>[31m
              [36m<div[31m
                [33mclass[31m=[32m"border-2 border-black bg-charcoal px-4 py-4 shadow-[6px_6px_0px_0px_rgba(0,0,0,1)]"[31m
              [36m>[31m
                [36m<p[31m
                  [33mclass[31m=[32m"mb-2 text-[10px] font-black uppercase tracking-[0.25em] text-silver/55"[31m
                [36m>[31m
                  [0mUnresolved[0m
                [36m</p>[31m
                [36m<p[31m
                  [33mclass[31m=[32m"text-3xl font-black italic tracking-tight text-rag-amber"[31m
                [36m>[31m
                  [0m03[0m
                [36m</p>[31m
              [36m</div>[31m
              [36m<div[31m
                [33mclass[31m=[32m"border-2 border-black bg-charcoal px-4 py-4 shadow-[6px_6px_0px_0px_rgba(0,0,0,1)]"[31m
              [36m>[31m
                [36m<p[31m
                  [33mclass[31m=[32m"mb-2 text-[10px] font-black uppercase tracking-[0.25em] text-silver/55"[31m
                [36m>[31m
                  [0mReviewed[0m
                [36m</p>[31m
                [36m<p[31m
                  [33mclass[31m=[32m"text-3xl font-black italic tracking-tight text-rag-green"[31m
                [36m>[31m
                  [0m00[0m
                [36m</p>[31m
              [36m</div>[31m
            [36m</div>[31m
          [36m</div>[31m
        [36m</header>[31m
        [36m<section[31m
          [33mclass[31m=[32m"sticky top-4 z-20 border-2 border-black bg-charcoal/95 p-4 shadow-[8px_8px_0px_0px_rgba(0,0,0,1)] backdrop-blur"[31m
        [36m>[31m
          [36m<div[31m
            [33mclass[31m=[32m"flex flex-col gap-4 xl:flex-row xl:items-center xl:justify-between"[31m
          [36m>[31m
            [36m<div[31m
              [33mclass[31m=[32m"grid flex-1 gap-4 xl:grid-cols-[minmax(0,1.4fr)_minmax(0,1.8fr)]"[31m
            [36m>[31m
              [36m<div[31m
                [33mclass[31m=[32m"space-y-2"[31m
              [36m>[31m
                [36m<label[31m
                  [33mclass[31m=[32m"text-[10px] font-black uppercase tracking-[0.2em] text-silver-bright"[31m
                [36m>[31m
                  [0mSearch[0m
                [36m</label>[31m
                [36m<input[31m
                  [33mclass[31m=[32m"w-full border-2 border-silver-bright/10 bg-charcoal-dark px-4 py-3 text-xs font-mono text-silver-bright placeholder:text-silver/20 focus:border-rag-red focus:outline-none"[31m
                  [33mplaceholder[31m=[32m"Title, target, CVE, remediation..."[31m
                  [33mtype[31m=[32m"text"[31m
                  [33mvalue[31m=[32m""[31m
                [36m/>[31m
              [36m</div>[31m
              [36m<div[31m
                [33mclass[31m=[32m"space-y-2"[31m
              [36m>[31m
                [36m<label[31m
                  [33mclass[31m=[32m"text-[10px] font-black uppercase tracking-[0.2em] text-silver-bright"[31m
                [36m>[31m
                  [0mSeverity[0m
                [36m</label>[31m
                [36m<div[31m
                  [33mclass[31m=[32m"flex flex-wrap gap-2"[31m
                [36m>[31m
                  [36m<button[31m
                    [33mclass[31m=[32m"border px-3 py-2 text-[10px] font-black uppercase tracking-[0.16em] transition-all border-black bg-silver-bright text-black shadow-[4px_4px_0px_0px_rgba(0,0,0,1)]"[31m
                    [33mtype[31m=[32m"button"[31m
                 ...[39m
[31m   [31m├ù[31m Findings ΓÇö date range respects display timezone[2m > [22mincludes a UTC May-13 finding when from-date is May-14 in IST[90m 44[2mms[22m[31m[39m
[31m     ΓåÆ Unable to find an element with the text: From Date. This could be because the text is broken up by multiple elements. In this case, you can provide a function for your text matcher to make your matcher more flexible.

Ignored nodes: comments, script, style
[36m<body>[31m
  [36m<div>[31m
    [36m<div[31m
      [33mclass[31m=[32m"min-h-screen bg-charcoal-dark text-silver px-4 py-6 md:px-8 md:py-10"[31m
    [36m>[31m
      [36m<div[31m
        [33mclass[31m=[32m"mx-auto flex w-full max-w-[1600px] flex-col gap-8"[31m
      [36m>[31m
        [36m<header[31m
          [33mclass[31m=[32m"border-b-4 border-silver-bright/10 pb-8"[31m
        [36m>[31m
          [36m<div[31m
            [33mclass[31m=[32m"mb-4 inline-block bg-rag-red px-4 py-1 text-xs font-black uppercase tracking-widest text-black shadow-[4px_4px_0px_0px_rgba(0,0,0,1)]"[31m
          [36m>[31m
            [0mTriage Workspace v5.1[0m
          [36m</div>[31m
          [36m<div[31m
            [33mclass[31m=[32m"flex flex-col gap-5 xl:flex-row xl:items-end xl:justify-between"[31m
          [36m>[31m
            [36m<div[31m
              [33mclass[31m=[32m"space-y-3"[31m
            [36m>[31m
              [36m<h1[31m
                [33mclass[31m=[32m"text-5xl font-black uppercase tracking-tighter text-silver-bright italic md:text-7xl"[31m
              [36m>[31m
                [0mFindings [0m
                [36m<span[31m
                  [33mclass[31m=[32m"text-transparent"[31m
                  [33mstyle[31m=[32m"-webkit-text-stroke: 1px var(--accent-silver-bright);"[31m
                [36m>[31m
                  [0mDesk[0m
                [36m</span>[31m
              [36m</h1>[31m
              [36m<p[31m
                [33mclass[31m=[32m"text-xs font-mono uppercase tracking-[0.24em] text-silver/45"[31m
              [36m>[31m
                [0mActive triage feed // [0m
                [0m1[0m
                [0m total signals // [0m
                [0m1[0m
                [0m awaiting analyst action[0m
              [36m</p>[31m
            [36m</div>[31m
            [36m<div[31m
              [33mclass[31m=[32m"grid w-full gap-3 sm:grid-cols-2 xl:w-auto xl:grid-cols-4"[31m
            [36m>[31m
              [36m<div[31m
                [33mclass[31m=[32m"border-2 border-black bg-charcoal px-4 py-4 shadow-[6px_6px_0px_0px_rgba(0,0,0,1)]"[31m
              [36m>[31m
                [36m<p[31m
                  [33mclass[31m=[32m"mb-2 text-[10px] font-black uppercase tracking-[0.25em] text-silver/55"[31m
                [36m>[31m
                  [0mVisible[0m
                [36m</p>[31m
                [36m<p[31m
                  [33mclass[31m=[32m"text-3xl font-black italic tracking-tight text-silver-bright"[31m
                [36m>[31m
                  [0m01[0m
                [36m</p>[31m
              [36m</div>[31m
              [36m<div[31m
                [33mclass[31m=[32m"border-2 border-black bg-charcoal px-4 py-4 shadow-[6px_6px_0px_0px_rgba(0,0,0,1)]"[31m
              [36m>[31m
                [36m<p[31m
                  [33mclass[31m=[32m"mb-2 text-[10px] font-black uppercase tracking-[0.25em] text-silver/55"[31m
                [36m>[31m
                  [0mCritical + High[0m
                [36m</p>[31m
                [36m<p[31m
                  [33mclass[31m=[32m"text-3xl font-black italic tracking-tight text-rag-red"[31m
                [36m>[31m
                  [0m01[0m
                [36m</p>[31m
              [36m</div>[31m
              [36m<div[31m
                [33mclass[31m=[32m"border-2 border-black bg-charcoal px-4 py-4 shadow-[6px_6px_0px_0px_rgba(0,0,0,1)]"[31m
              [36m>[31m
                [36m<p[31m
                  [33mclass[31m=[32m"mb-2 text-[10px] font-black uppercase tracking-[0.25em] text-silver/55"[31m
                [36m>[31m
                  [0mUnresolved[0m
                [36m</p>[31m
                [36m<p[31m
                  [33mclass[31m=[32m"text-3xl font-black italic tracking-tight text-rag-amber"[31m
                [36m>[31m
                  [0m01[0m
                [36m</p>[31m
              [36m</div>[31m
              [36m<div[31m
                [33mclass[31m=[32m"border-2 border-black bg-charcoal px-4 py-4 shadow-[6px_6px_0px_0px_rgba(0,0,0,1)]"[31m
              [36m>[31m
                [36m<p[31m
                  [33mclass[31m=[32m"mb-2 text-[10px] font-black uppercase tracking-[0.25em] text-silver/55"[31m
                [36m>[31m
                  [0mReviewed[0m
                [36m</p>[31m
                [36m<p[31m
                  [33mclass[31m=[32m"text-3xl font-black italic tracking-tight text-rag-green"[31m
                [36m>[31m
                  [0m00[0m
                [36m</p>[31m
              [36m</div>[31m
            [36m</div>[31m
          [36m</div>[31m
        [36m</header>[31m
        [36m<section[31m
          [33mclass[31m=[32m"sticky top-4 z-20 border-2 border-black bg-charcoal/95 p-4 shadow-[8px_8px_0px_0px_rgba(0,0,0,1)] backdrop-blur"[31m
        [36m>[31m
          [36m<div[31m
            [33mclass[31m=[32m"flex flex-col gap-4 xl:flex-row xl:items-center xl:justify-between"[31m
          [36m>[31m
            [36m<div[31m
              [33mclass[31m=[32m"grid flex-1 gap-4 xl:grid-cols-[minmax(0,1.4fr)_minmax(0,1.8fr)]"[31m
            [36m>[31m
              [36m<div[31m
                [33mclass[31m=[32m"space-y-2"[31m
              [36m>[31m
                [36m<label[31m
                  [33mclass[31m=[32m"text-[10px] font-black uppercase tracking-[0.2em] text-silver-bright"[31m
                [36m>[31m
                  [0mSearch[0m
                [36m</label>[31m
                [36m<input[31m
                  [33mclass[31m=[32m"w-full border-2 border-silver-bright/10 bg-charcoal-dark px-4 py-3 text-xs font-mono text-silver-bright placeholder:text-silver/20 focus:border-rag-red focus:outline-none"[31m
                  [33mplaceholder[31m=[32m"Title, target, CVE, remediation..."[31m
                  [33mtype[31m=[32m"text"[31m
                  [33mvalue[31m=[32m""[31m
                [36m/>[31m
              [36m</div>[31m
              [36m<div[31m
                [33mclass[31m=[32m"space-y-2"[31m
              [36m>[31m
                [36m<label[31m
                  [33mclass[31m=[32m"text-[10px] font-black uppercase tracking-[0.2em] text-silver-bright"[31m
                [36m>[31m
                  [0mSeverity[0m
                [36m</label>[31m
                [36m<div[31m
                  [33mclass[31m=[32m"flex flex-wrap gap-2"[31m
                [36m>[31m
                  [36m<button[31m
                    [33mclass[31m=[32m"border px-3 py-2 text-[10px] font-black uppercase tracking-[0.16em] transition-all border-black bg-silver-bright text-black shadow-[4px_4px_0px_0px_rgba(0,0,0,1)]"[31m
                    [33mtype[31m=[32m"button"[31m
                 ...[39m
[31m   [31m├ù[31m Findings ΓÇö date range respects display timezone[2m > [22mexcludes the finding when from-date is May-15 in IST[90m 31[2mms[22m[31m[39m
[31m     ΓåÆ Unable to find an element with the text: From Date. This could be because the text is broken up by multiple elements. In this case, you can provide a function for your text matcher to make your matcher more flexible.

Ignored nodes: comments, script, style
[36m<body>[31m
  [36m<div>[31m
    [36m<div[31m
      [33mclass[31m=[32m"min-h-screen bg-charcoal-dark text-silver px-4 py-6 md:px-8 md:py-10"[31m
    [36m>[31m
      [36m<div[31m
        [33mclass[31m=[32m"mx-auto flex w-full max-w-[1600px] flex-col gap-8"[31m
      [36m>[31m
        [36m<header[31m
          [33mclass[31m=[32m"border-b-4 border-silver-bright/10 pb-8"[31m
        [36m>[31m
          [36m<div[31m
            [33mclass[31m=[32m"mb-4 inline-block bg-rag-red px-4 py-1 text-xs font-black uppercase tracking-widest text-black shadow-[4px_4px_0px_0px_rgba(0,0,0,1)]"[31m
          [36m>[31m
            [0mTriage Workspace v5.1[0m
          [36m</div>[31m
          [36m<div[31m
            [33mclass[31m=[32m"flex flex-col gap-5 xl:flex-row xl:items-end xl:justify-between"[31m
          [36m>[31m
            [36m<div[31m
              [33mclass[31m=[32m"space-y-3"[31m
            [36m>[31m
              [36m<h1[31m
                [33mclass[31m=[32m"text-5xl font-black uppercase tracking-tighter text-silver-bright italic md:text-7xl"[31m
              [36m>[31m
                [0mFindings [0m
                [36m<span[31m
                  [33mclass[31m=[32m"text-transparent"[31m
                  [33mstyle[31m=[32m"-webkit-text-stroke: 1px var(--accent-silver-bright);"[31m
                [36m>[31m
                  [0mDesk[0m
                [36m</span>[31m
              [36m</h1>[31m
              [36m<p[31m
                [33mclass[31m=[32m"text-xs font-mono uppercase tracking-[0.24em] text-silver/45"[31m
              [36m>[31m
                [0mActive triage feed // [0m
                [0m1[0m
                [0m total signals // [0m
                [0m1[0m
                [0m awaiting analyst action[0m
              [36m</p>[31m
            [36m</div>[31m
            [36m<div[31m
              [33mclass[31m=[32m"grid w-full gap-3 sm:grid-cols-2 xl:w-auto xl:grid-cols-4"[31m
            [36m>[31m
              [36m<div[31m
                [33mclass[31m=[32m"border-2 border-black bg-charcoal px-4 py-4 shadow-[6px_6px_0px_0px_rgba(0,0,0,1)]"[31m
              [36m>[31m
                [36m<p[31m
                  [33mclass[31m=[32m"mb-2 text-[10px] font-black uppercase tracking-[0.25em] text-silver/55"[31m
                [36m>[31m
                  [0mVisible[0m
                [36m</p>[31m
                [36m<p[31m
                  [33mclass[31m=[32m"text-3xl font-black italic tracking-tight text-silver-bright"[31m
                [36m>[31m
                  [0m01[0m
                [36m</p>[31m
              [36m</div>[31m
              [36m<div[31m
                [33mclass[31m=[32m"border-2 border-black bg-charcoal px-4 py-4 shadow-[6px_6px_0px_0px_rgba(0,0,0,1)]"[31m
              [36m>[31m
                [36m<p[31m
                  [33mclass[31m=[32m"mb-2 text-[10px] font-black uppercase tracking-[0.25em] text-silver/55"[31m
                [36m>[31m
                  [0mCritical + High[0m
                [36m</p>[31m
                [36m<p[31m
                  [33mclass[31m=[32m"text-3xl font-black italic tracking-tight text-rag-red"[31m
                [36m>[31m
                  [0m01[0m
                [36m</p>[31m
              [36m</div>[31m
              [36m<div[31m
                [33mclass[31m=[32m"border-2 border-black bg-charcoal px-4 py-4 shadow-[6px_6px_0px_0px_rgba(0,0,0,1)]"[31m
              [36m>[31m
                [36m<p[31m
                  [33mclass[31m=[32m"mb-2 text-[10px] font-black uppercase tracking-[0.25em] text-silver/55"[31m
                [36m>[31m
                  [0mUnresolved[0m
                [36m</p>[31m
                [36m<p[31m
                  [33mclass[31m=[32m"text-3xl font-black italic tracking-tight text-rag-amber"[31m
                [36m>[31m
                  [0m01[0m
                [36m</p>[31m
              [36m</div>[31m
              [36m<div[31m
                [33mclass[31m=[32m"border-2 border-black bg-charcoal px-4 py-4 shadow-[6px_6px_0px_0px_rgba(0,0,0,1)]"[31m
              [36m>[31m
                [36m<p[31m
                  [33mclass[31m=[32m"mb-2 text-[10px] font-black uppercase tracking-[0.25em] text-silver/55"[31m
                [36m>[31m
                  [0mReviewed[0m
                [36m</p>[31m
                [36m<p[31m
                  [33mclass[31m=[32m"text-3xl font-black italic tracking-tight text-rag-green"[31m
                [36m>[31m
                  [0m00[0m
                [36m</p>[31m
              [36m</div>[31m
            [36m</div>[31m
          [36m</div>[31m
        [36m</header>[31m
        [36m<section[31m
          [33mclass[31m=[32m"sticky top-4 z-20 border-2 border-black bg-charcoal/95 p-4 shadow-[8px_8px_0px_0px_rgba(0,0,0,1)] backdrop-blur"[31m
        [36m>[31m
          [36m<div[31m
            [33mclass[31m=[32m"flex flex-col gap-4 xl:flex-row xl:items-center xl:justify-between"[31m
          [36m>[31m
            [36m<div[31m
              [33mclass[31m=[32m"grid flex-1 gap-4 xl:grid-cols-[minmax(0,1.4fr)_minmax(0,1.8fr)]"[31m
            [36m>[31m
              [36m<div[31m
                [33mclass[31m=[32m"space-y-2"[31m
              [36m>[31m
                [36m<label[31m
                  [33mclass[31m=[32m"text-[10px] font-black uppercase tracking-[0.2em] text-silver-bright"[31m
                [36m>[31m
                  [0mSearch[0m
                [36m</label>[31m
                [36m<input[31m
                  [33mclass[31m=[32m"w-full border-2 border-silver-bright/10 bg-charcoal-dark px-4 py-3 text-xs font-mono text-silver-bright placeholder:text-silver/20 focus:border-rag-red focus:outline-none"[31m
                  [33mplaceholder[31m=[32m"Title, target, CVE, remediation..."[31m
                  [33mtype[31m=[32m"text"[31m
                  [33mvalue[31m=[32m""[31m
                [36m/>[31m
              [36m</div>[31m
              [36m<div[31m
                [33mclass[31m=[32m"space-y-2"[31m
              [36m>[31m
                [36m<label[31m
                  [33mclass[31m=[32m"text-[10px] font-black uppercase tracking-[0.2em] text-silver-bright"[31m
                [36m>[31m
                  [0mSeverity[0m
                [36m</label>[31m
                [36m<div[31m
                  [33mclass[31m=[32m"flex flex-wrap gap-2"[31m
                [36m>[31m
                  [36m<button[31m
                    [33mclass[31m=[32m"border px-3 py-2 text-[10px] font-black uppercase tracking-[0.16em] transition-all border-black bg-silver-bright text-black shadow-[4px_4px_0px_0px_rgba(0,0,0,1)]"[31m
                    [33mtype[31m=[32m"button"[31m
                 ...[39m
[31m   [31m├ù[31m Findings ΓÇö active filter summary[2m > [22mshows target + scanner chips when both filters are applied[90m 34[2mms[22m[31m[39m
[31m     ΓåÆ Unable to find an element with the display value: /All Targets/i.

Ignored nodes: comments, script, style
[36m<body>[31m
  [36m<div>[31m
    [36m<div[31m
      [33mclass[31m=[32m"min-h-screen bg-charcoal-dark text-silver px-4 py-6 md:px-8 md:py-10"[31m
    [36m>[31m
      [36m<div[31m
        [33mclass[31m=[32m"mx-auto flex w-full max-w-[1600px] flex-col gap-8"[31m
      [36m>[31m
        [36m<header[31m
          [33mclass[31m=[32m"border-b-4 border-silver-bright/10 pb-8"[31m
        [36m>[31m
          [36m<div[31m
            [33mclass[31m=[32m"mb-4 inline-block bg-rag-red px-4 py-1 text-xs font-black uppercase tracking-widest text-black shadow-[4px_4px_0px_0px_rgba(0,0,0,1)]"[31m
          [36m>[31m
            [0mTriage Workspace v5.1[0m
          [36m</div>[31m
          [36m<div[31m
            [33mclass[31m=[32m"flex flex-col gap-5 xl:flex-row xl:items-end xl:justify-between"[31m
          [36m>[31m
            [36m<div[31m
              [33mclass[31m=[32m"space-y-3"[31m
            [36m>[31m
              [36m<h1[31m
                [33mclass[31m=[32m"text-5xl font-black uppercase tracking-tighter text-silver-bright italic md:text-7xl"[31m
              [36m>[31m
                [0mFindings [0m
                [36m<span[31m
                  [33mclass[31m=[32m"text-transparent"[31m
                  [33mstyle[31m=[32m"-webkit-text-stroke: 1px var(--accent-silver-bright);"[31m
                [36m>[31m
                  [0mDesk[0m
                [36m</span>[31m
              [36m</h1>[31m
              [36m<p[31m
                [33mclass[31m=[32m"text-xs font-mono uppercase tracking-[0.24em] text-silver/45"[31m
              [36m>[31m
                [0mActive triage feed // [0m
                [0m3[0m
                [0m total signals // [0m
                [0m3[0m
                [0m awaiting analyst action[0m
              [36m</p>[31m
            [36m</div>[31m
            [36m<div[31m
              [33mclass[31m=[32m"grid w-full gap-3 sm:grid-cols-2 xl:w-auto xl:grid-cols-4"[31m
            [36m>[31m
              [36m<div[31m
                [33mclass[31m=[32m"border-2 border-black bg-charcoal px-4 py-4 shadow-[6px_6px_0px_0px_rgba(0,0,0,1)]"[31m
              [36m>[31m
                [36m<p[31m
                  [33mclass[31m=[32m"mb-2 text-[10px] font-black uppercase tracking-[0.25em] text-silver/55"[31m
                [36m>[31m
                  [0mVisible[0m
                [36m</p>[31m
                [36m<p[31m
                  [33mclass[31m=[32m"text-3xl font-black italic tracking-tight text-silver-bright"[31m
                [36m>[31m
                  [0m03[0m
                [36m</p>[31m
              [36m</div>[31m
              [36m<div[31m
                [33mclass[31m=[32m"border-2 border-black bg-charcoal px-4 py-4 shadow-[6px_6px_0px_0px_rgba(0,0,0,1)]"[31m
              [36m>[31m
                [36m<p[31m
                  [33mclass[31m=[32m"mb-2 text-[10px] font-black uppercase tracking-[0.25em] text-silver/55"[31m
                [36m>[31m
                  [0mCritical + High[0m
                [36m</p>[31m
                [36m<p[31m
                  [33mclass[31m=[32m"text-3xl font-black italic tracking-tight text-rag-red"[31m
                [36m>[31m
                  [0m02[0m
                [36m</p>[31m
              [36m</div>[31m
              [36m<div[31m
                [33mclass[31m=[32m"border-2 border-black bg-charcoal px-4 py-4 shadow-[6px_6px_0px_0px_rgba(0,0,0,1)]"[31m
              [36m>[31m
                [36m<p[31m
                  [33mclass[31m=[32m"mb-2 text-[10px] font-black uppercase tracking-[0.25em] text-silver/55"[31m
                [36m>[31m
                  [0mUnresolved[0m
                [36m</p>[31m
                [36m<p[31m
                  [33mclass[31m=[32m"text-3xl font-black italic tracking-tight text-rag-amber"[31m
                [36m>[31m
                  [0m03[0m
                [36m</p>[31m
              [36m</div>[31m
              [36m<div[31m
                [33mclass[31m=[32m"border-2 border-black bg-charcoal px-4 py-4 shadow-[6px_6px_0px_0px_rgba(0,0,0,1)]"[31m
              [36m>[31m
                [36m<p[31m
                  [33mclass[31m=[32m"mb-2 text-[10px] font-black uppercase tracking-[0.25em] text-silver/55"[31m
                [36m>[31m
                  [0mReviewed[0m
                [36m</p>[31m
                [36m<p[31m
                  [33mclass[31m=[32m"text-3xl font-black italic tracking-tight text-rag-green"[31m
                [36m>[31m
                  [0m00[0m
                [36m</p>[31m
              [36m</div>[31m
            [36m</div>[31m
          [36m</div>[31m
        [36m</header>[31m
        [36m<section[31m
          [33mclass[31m=[32m"sticky top-4 z-20 border-2 border-black bg-charcoal/95 p-4 shadow-[8px_8px_0px_0px_rgba(0,0,0,1)] backdrop-blur"[31m
        [36m>[31m
          [36m<div[31m
            [33mclass[31m=[32m"flex flex-col gap-4 xl:flex-row xl:items-center xl:justify-between"[31m
          [36m>[31m
            [36m<div[31m
              [33mclass[31m=[32m"grid flex-1 gap-4 xl:grid-cols-[minmax(0,1.4fr)_minmax(0,1.8fr)]"[31m
            [36m>[31m
              [36m<div[31m
                [33mclass[31m=[32m"space-y-2"[31m
              [36m>[31m
                [36m<label[31m
                  [33mclass[31m=[32m"text-[10px] font-black uppercase tracking-[0.2em] text-silver-bright"[31m
                [36m>[31m
                  [0mSearch[0m
                [36m</label>[31m
                [36m<input[31m
                  [33mclass[31m=[32m"w-full border-2 border-silver-bright/10 bg-charcoal-dark px-4 py-3 text-xs font-mono text-silver-bright placeholder:text-silver/20 focus:border-rag-red focus:outline-none"[31m
                  [33mplaceholder[31m=[32m"Title, target, CVE, remediation..."[31m
                  [33mtype[31m=[32m"text"[31m
                  [33mvalue[31m=[32m""[31m
                [36m/>[31m
              [36m</div>[31m
              [36m<div[31m
                [33mclass[31m=[32m"space-y-2"[31m
              [36m>[31m
                [36m<label[31m
                  [33mclass[31m=[32m"text-[10px] font-black uppercase tracking-[0.2em] text-silver-bright"[31m
                [36m>[31m
                  [0mSeverity[0m
                [36m</label>[31m
                [36m<div[31m
                  [33mclass[31m=[32m"flex flex-wrap gap-2"[31m
                [36m>[31m
                  [36m<button[31m
                    [33mclass[31m=[32m"border px-3 py-2 text-[10px] font-black uppercase tracking-[0.16em] transition-all border-black bg-silver-bright text-black shadow-[4px_4px_0px_0px_rgba(0,0,0,1)]"[31m
                    [33mtype[31m=[32m"button"[31m
                 ...[39m
[31m   [31m├ù[31m Findings ΓÇö active filter summary[2m > [22mshows date range chips when both dates are set[90m 48[2mms[22m[31m[39m
[31m     ΓåÆ Unable to find an element with the text: From Date. This could be because the text is broken up by multiple elements. In this case, you can provide a function for your text matcher to make your matcher more flexible.

Ignored nodes: comments, script, style
[36m<body>[31m
  [36m<div>[31m
    [36m<div[31m
      [33mclass[31m=[32m"min-h-screen bg-charcoal-dark text-silver px-4 py-6 md:px-8 md:py-10"[31m
    [36m>[31m
      [36m<div[31m
        [33mclass[31m=[32m"mx-auto flex w-full max-w-[1600px] flex-col gap-8"[31m
      [36m>[31m
        [36m<header[31m
          [33mclass[31m=[32m"border-b-4 border-silver-bright/10 pb-8"[31m
        [36m>[31m
          [36m<div[31m
            [33mclass[31m=[32m"mb-4 inline-block bg-rag-red px-4 py-1 text-xs font-black uppercase tracking-widest text-black shadow-[4px_4px_0px_0px_rgba(0,0,0,1)]"[31m
          [36m>[31m
            [0mTriage Workspace v5.1[0m
          [36m</div>[31m
          [36m<div[31m
            [33mclass[31m=[32m"flex flex-col gap-5 xl:flex-row xl:items-end xl:justify-between"[31m
          [36m>[31m
            [36m<div[31m
              [33mclass[31m=[32m"space-y-3"[31m
            [36m>[31m
              [36m<h1[31m
                [33mclass[31m=[32m"text-5xl font-black uppercase tracking-tighter text-silver-bright italic md:text-7xl"[31m
              [36m>[31m
                [0mFindings [0m
                [36m<span[31m
                  [33mclass[31m=[32m"text-transparent"[31m
                  [33mstyle[31m=[32m"-webkit-text-stroke: 1px var(--accent-silver-bright);"[31m
                [36m>[31m
                  [0mDesk[0m
                [36m</span>[31m
              [36m</h1>[31m
              [36m<p[31m
                [33mclass[31m=[32m"text-xs font-mono uppercase tracking-[0.24em] text-silver/45"[31m
              [36m>[31m
                [0mActive triage feed // [0m
                [0m3[0m
                [0m total signals // [0m
                [0m3[0m
                [0m awaiting analyst action[0m
              [36m</p>[31m
            [36m</div>[31m
            [36m<div[31m
              [33mclass[31m=[32m"grid w-full gap-3 sm:grid-cols-2 xl:w-auto xl:grid-cols-4"[31m
            [36m>[31m
              [36m<div[31m
                [33mclass[31m=[32m"border-2 border-black bg-charcoal px-4 py-4 shadow-[6px_6px_0px_0px_rgba(0,0,0,1)]"[31m
              [36m>[31m
                [36m<p[31m
                  [33mclass[31m=[32m"mb-2 text-[10px] font-black uppercase tracking-[0.25em] text-silver/55"[31m
                [36m>[31m
                  [0mVisible[0m
                [36m</p>[31m
                [36m<p[31m
                  [33mclass[31m=[32m"text-3xl font-black italic tracking-tight text-silver-bright"[31m
                [36m>[31m
                  [0m03[0m
                [36m</p>[31m
              [36m</div>[31m
              [36m<div[31m
                [33mclass[31m=[32m"border-2 border-black bg-charcoal px-4 py-4 shadow-[6px_6px_0px_0px_rgba(0,0,0,1)]"[31m
              [36m>[31m
                [36m<p[31m
                  [33mclass[31m=[32m"mb-2 text-[10px] font-black uppercase tracking-[0.25em] text-silver/55"[31m
                [36m>[31m
                  [0mCritical + High[0m
                [36m</p>[31m
                [36m<p[31m
                  [33mclass[31m=[32m"text-3xl font-black italic tracking-tight text-rag-red"[31m
                [36m>[31m
                  [0m02[0m
                [36m</p>[31m
              [36m</div>[31m
              [36m<div[31m
                [33mclass[31m=[32m"border-2 border-black bg-charcoal px-4 py-4 shadow-[6px_6px_0px_0px_rgba(0,0,0,1)]"[31m
              [36m>[31m
                [36m<p[31m
                  [33mclass[31m=[32m"mb-2 text-[10px] font-black uppercase tracking-[0.25em] text-silver/55"[31m
                [36m>[31m
                  [0mUnresolved[0m
                [36m</p>[31m
                [36m<p[31m
                  [33mclass[31m=[32m"text-3xl font-black italic tracking-tight text-rag-amber"[31m
                [36m>[31m
                  [0m03[0m
                [36m</p>[31m
              [36m</div>[31m
              [36m<div[31m
                [33mclass[31m=[32m"border-2 border-black bg-charcoal px-4 py-4 shadow-[6px_6px_0px_0px_rgba(0,0,0,1)]"[31m
              [36m>[31m
                [36m<p[31m
                  [33mclass[31m=[32m"mb-2 text-[10px] font-black uppercase tracking-[0.25em] text-silver/55"[31m
                [36m>[31m
                  [0mReviewed[0m
                [36m</p>[31m
                [36m<p[31m
                  [33mclass[31m=[32m"text-3xl font-black italic tracking-tight text-rag-green"[31m
                [36m>[31m
                  [0m00[0m
                [36m</p>[31m
              [36m</div>[31m
            [36m</div>[31m
          [36m</div>[31m
        [36m</header>[31m
        [36m<section[31m
          [33mclass[31m=[32m"sticky top-4 z-20 border-2 border-black bg-charcoal/95 p-4 shadow-[8px_8px_0px_0px_rgba(0,0,0,1)] backdrop-blur"[31m
        [36m>[31m
          [36m<div[31m
            [33mclass[31m=[32m"flex flex-col gap-4 xl:flex-row xl:items-center xl:justify-between"[31m
          [36m>[31m
            [36m<div[31m
              [33mclass[31m=[32m"grid flex-1 gap-4 xl:grid-cols-[minmax(0,1.4fr)_minmax(0,1.8fr)]"[31m
            [36m>[31m
              [36m<div[31m
                [33mclass[31m=[32m"space-y-2"[31m
              [36m>[31m
                [36m<label[31m
                  [33mclass[31m=[32m"text-[10px] font-black uppercase tracking-[0.2em] text-silver-bright"[31m
                [36m>[31m
                  [0mSearch[0m
                [36m</label>[31m
                [36m<input[31m
                  [33mclass[31m=[32m"w-full border-2 border-silver-bright/10 bg-charcoal-dark px-4 py-3 text-xs font-mono text-silver-bright placeholder:text-silver/20 focus:border-rag-red focus:outline-none"[31m
                  [33mplaceholder[31m=[32m"Title, target, CVE, remediation..."[31m
                  [33mtype[31m=[32m"text"[31m
                  [33mvalue[31m=[32m""[31m
                [36m/>[31m
              [36m</div>[31m
              [36m<div[31m
                [33mclass[31m=[32m"space-y-2"[31m
              [36m>[31m
                [36m<label[31m
                  [33mclass[31m=[32m"text-[10px] font-black uppercase tracking-[0.2em] text-silver-bright"[31m
                [36m>[31m
                  [0mSeverity[0m
                [36m</label>[31m
                [36m<div[31m
                  [33mclass[31m=[32m"flex flex-wrap gap-2"[31m
                [36m>[31m
                  [36m<button[31m
                    [33mclass[31m=[32m"border px-3 py-2 text-[10px] font-black uppercase tracking-[0.16em] transition-all border-black bg-silver-bright text-black shadow-[4px_4px_0px_0px_rgba(0,0,0,1)]"[31m
                    [33mtype[31m=[32m"button"[31m
                 ...[39m
 [31mΓ¥»[39m testing/unit/pages/Reports.test.tsx [2m([22m[2m33 tests[22m[2m | [22m[31m15 failed[39m[2m)[22m[33m 16755[2mms[22m[39m
   [33m[2mΓ£ô[22m[39m Reports ΓÇö error state[2m > [22mshows a retry button when fetch fails [33m347[2mms[22m[39m
[31m   [31m├ù[31m Reports ΓÇö empty state[2m > [22mshows Archive Isolated when there are no reports at all[33m 1039[2mms[22m[31m[39m
[31m     ΓåÆ Unable to find an element with the text: /Archive Isolated/i. This could be because the text is broken up by multiple elements. In this case, you can provide a function for your text matcher to make your matcher more flexible.

Ignored nodes: comments, script, style
[36m<body>[31m
  [36m<div>[31m
    [36m<div[31m
      [33mclass[31m=[32m"min-h-screen bg-charcoal-dark text-silver p-6 md:p-12 space-y-12"[31m
    [36m>[31m
      [36m<header[31m
        [33mclass[31m=[32m"relative flex flex-col md:flex-row justify-between items-start md:items-end gap-8 pb-12 border-b-4 border-silver-bright/10 font-black"[31m
      [36m>[31m
        [36m<div[31m
          [33mclass[31m=[32m"space-y-4"[31m
        [36m>[31m
          [36m<div[31m
            [33mclass[31m=[32m"bg-rag-amber text-black px-4 py-1 text-xs uppercase tracking-widest inline-block shadow-[4px_4px_0px_0px_rgba(0,0,0,1)] font-black"[31m
          [36m>[31m
            [0mArchive_Matrix v8.2[0m
          [36m</div>[31m
          [36m<h1[31m
            [33mclass[31m=[32m"text-6xl md:text-8xl text-silver-bright uppercase tracking-tighter leading-none italic font-black"[31m
          [36m>[31m
            [0mAnalytics[0m
            [0m [0m
            [36m<span[31m
              [33mclass[31m=[32m"text-transparent stroke-white"[31m
              [33mstyle[31m=[32m"-webkit-text-stroke: 2px var(--accent-silver-bright);"[31m
            [36m>[31m
              [0mArchive[0m
            [36m</span>[31m
          [36m</h1>[31m
          [36m<p[31m
            [33mclass[31m=[32m"text-sm font-mono text-silver/40 uppercase tracking-widest italic leading-relaxed"[31m
          [36m>[31m
            [0mHISTORICAL_BRIEFINGS // ENCRYPTED_DOSSIERS // AUDIT_FEED[0m
          [36m</p>[31m
        [36m</div>[31m
        [36m<div[31m
          [33mclass[31m=[32m"flex items-center gap-6"[31m
        [36m>[31m
          [36m<button[31m
            [33mclass[31m=[32m"bg-charcoal border-4 border-black p-4 text-silver-bright shadow-[6px_6px_0px_0px_rgba(0,0,0,1)] hover:shadow-none hover:translate-x-1 hover:translate-y-1 transition-all"[31m
            [33mtitle[31m=[32m"Refresh Archive"[31m
          [36m>[31m
            [36m<svg[31m
              [33mclass[31m=[32m"block"[31m
              [33mcolor[31m=[32m"currentColor"[31m
              [33mfill[31m=[32m"none"[31m
              [33mheight[31m=[32m"20"[31m
              [33mstroke[31m=[32m"currentColor"[31m
              [33mstroke-width[31m=[32m"1.9"[31m
              [33mviewBox[31m=[32m"0 0 24 24"[31m
              [33mwidth[31m=[32m"20"[31m
              [33mxmlns[31m=[32m"http://www.w3.org/2000/svg"[31m
            [36m>[31m
              [36m<path[31m
                [33md[31m=[32m"M20.4879 15C19.2524 18.4956 15.9187 21 12 21C7.02943 21 3 16.9706 3 12C3 7.02943 7.02943 3 12 3C15.7292 3 18.9286 5.26806 20.2941 8.5"[31m
                [33mstroke[31m=[32m"currentColor"[31m
                [33mstroke-linecap[31m=[32m"round"[31m
                [33mstroke-linejoin[31m=[32m"round"[31m
                [33mstroke-width[31m=[32m"1.9"[31m
              [36m/>[31m
              [36m<path[31m
                [33md[31m=[32m"M15 9H18C19.4142 9 20.1213 9 20.5607 8.56066C21 8.12132 21 7.41421 21 6V3"[31m
                [33mstroke[31m=[32m"currentColor"[31m
                [33mstroke-linecap[31m=[32m"round"[31m
                [33mstroke-linejoin[31m=[32m"round"[31m
                [33mstroke-width[31m=[32m"1.9"[31m
              [36m/>[31m
            [36m</svg>[31m
          [36m</button>[31m
          [36m<button[31m
            [33mclass[31m=[32m"bg-silver-bright border-4 border-black p-4 text-black shadow-[6px_6px_0px_0px_rgba(0,0,0,1)] transition-all opacity-50 cursor-not-allowed"[31m
            [33mdisabled[31m=[32m""[31m
            [33mtitle[31m=[32m"No ready report available"[31m
          [36m>[31m
            [36m<svg[31m
              [33mclass[31m=[32m"block"[31m
              [33mcolor[31m=[32m"currentColor"[31m
              [33mfill[31m=[32m"none"[31m
              [33mheight[31m=[32m"20"[31m
              [33mstroke[31m=[32m"currentColor"[31m
              [33mstroke-width[31m=[32m"1.9"[31m
              [33mviewBox[31m=[32m"0 0 24 24"[31m
              [33mwidth[31m=[32m"20"[31m
              [33mxmlns[31m=[32m"http://www.w3.org/2000/svg"[31m
            [36m>[31m
              [36m<path[31m
                [33md[31m=[32m"M19 11C19 10.1825 19 9.4306 18.8478 9.06306C18.6955 8.69552 18.4065 8.40649 17.8284 7.82843L13.0919 3.09188C12.593 2.593 12.3436 2.34355 12.0345 2.19575C11.9702 2.165 11.9044 2.13772 11.8372 2.11401C11.5141 2 11.1614 2 10.4558 2C7.21082 2 5.58831 2 4.48933 2.88607C4.26731 3.06508 4.06508 3.26731 3.88607 3.48933C3 4.58831 3 6.21082 3 9.45584V14C3 17.7712 3 19.6569 4.17157 20.8284C5.34315 22 7.22876 22 11 22H19M12 2.5V3C12 5.82843 12 7.24264 12.8787 8.12132C13.7574 9 15.1716 9 18 9H18.5"[31m
                [33mstroke[31m=[32m"currentColor"[31m
                [33mstroke-linecap[31m=[32m"round"[31m
                [33mstroke-linejoin[31m=[32m"round"[31m
                [33mstroke-width[31m=[32m"1.9"[31m
              [36m/>[31m
              [36m<path[31m
                [33md[31m=[32m"M21 14H19C18.4477 14 18 14.4477 18 15V16.5M18 16.5V19M18 16.5H20.5M7 19V17M7 17V14H8.5C9.32843 14 10 14.6716 10 15.5C10 16.3284 9.32843 17 8.5 17H7ZM12.5 14H13.7857C14.7325 14 15.5 14.7462 15.5 15.6667V17.3333C15.5 18.2538 14.7325 19 13.7857 19H12.5V14Z"[31m
                [33mstroke[31m=[32m"currentColor"[31m
                [33mstroke-linecap[31m=[32m"round"[31m
                [33mstroke-linejoin[31m=[32m"round"[31m
                [33mstroke-width[31m=[32m"1.9"[31m
              [36m/>[31m
            [36m</svg>[31m
          [36m</button>[31m
        [36m</div>[31m
      [36m</header>[31m
      [36m<section[31m
        [33mclass[31m=[32m"grid grid-cols-2 md:grid-cols-4 gap-6"[31m
      [36m>[31m
        [36m<div[31m
          [33mclass[31m=[32m"bg-rag-blue border-4 border-black p-8 shadow-[8px_8px_0px_0px_rgba(0,0,0,1)] flex flex-col justify-between h-40 group hover:-translate-y-1 transition-transform"[31m
        [36m>[31m
          [36m<div[31m
            [33mclass[31m=[32m"flex justify-between items-start"[31m
          [36m>[31m
            [36m<span[31m
              [33mclass[31m=[32m"text-[10px] font-black text-black uppercase tracking-[0.2em] italic"[31m
            [36m>[31m
              [0mArchived_Briefings[0m
            [36m</span>[31m
            [36m<svg[31m
              [33mclass[31m=[32m"text-black/20 group-hover:text-black transition-colors"[31m
              [33mcolor[31m=[32m"currentColor"[31m
              [33mfill[31m=[32m"none"[31m
              [33mheight[31m=[32m"20"[31m
              [33mstroke[31m=[32m"currentColor"[31m
              [33mstroke-width[31m=[32m"1.9"[31m
              [33mviewBox[31m=[32m"0 0 24 24"[31m
              [33mwi...

Ignored nodes: comments, script, style
[36m<body>[31m
  [36m<div>[31m
    [36m<div[31m
      [33mclass[31m=[32m"min-h-screen bg-charcoal-dark text-silver p-6 md:p-12 space-y-12"[31m
    [36m>[31m
      [36m<header[31m
        [33mclass[31m=[32m"relative flex flex-col md:flex-row justify-between items-start md:items-end gap-8 pb-12 border-b-4 border-silver-bright/10 font-black"[31m
      [36m>[31m
        [36m<div[31m
          [33mclass[31m=[32m"space-y-4"[31m
        [36m>[31m
          [36m<div[31m
            [33mclass[31m=[32m"bg-rag-amber text-black px-4 py-1 text-xs uppercase tracking-widest inline-block shadow-[4px_4px_0px_0px_rgba(0,0,0,1)] font-black"[31m
          [36m>[31m
            [0mArchive_Matrix v8.2[0m
          [36m</div>[31m
          [36m<h1[31m
            [33mclass[31m=[32m"text-6xl md:text-8xl text-silver-bright uppercase tracking-tighter leading-none italic font-black"[31m
          [36m>[31m
            [0mAnalytics[0m
            [0m [0m
            [36m<span[31m
              [33mclass[31m=[32m"text-transparent stroke-white"[31m
              [33mstyle[31m=[32m"-webkit-text-stroke: 2px var(--accent-silver-bright);"[31m
            [36m>[31m
              [0mArchive[0m
            [36m</span>[31m
          [36m</h1>[31m
          [36m<p[31m
            [33mclass[31m=[32m"text-sm font-mono text-silver/40 uppercase tracking-widest italic leading-relaxed"[31m
          [36m>[31m
            [0mHISTORICAL_BRIEFINGS // ENCRYPTED_DOSSIERS // AUDIT_FEED[0m
          [36m</p>[31m
        [36m</div>[31m
        [36m<div[31m
          [33mclass[31m=[32m"flex items-center gap-6"[31m
        [36m>[31m
          [36m<button[31m
            [33mclass[31m=[32m"bg-charcoal border-4 border-black p-4 text-silver-bright shadow-[6px_6px_0px_0px_rgba(0,0,0,1)] hover:shadow-none hover:translate-x-1 hover:translate-y-1 transition-all"[31m
            [33mtitle[31m=[32m"Refresh Archive"[31m
          [36m>[31m
            [36m<svg[31m
              [33mclass[31m=[32m"block"[31m
              [33mcolor[31m=[32m"currentColor"[31m
              [33mfill[31m=[32m"none"[31m
              [33mheight[31m=[32m"20"[31m
              [33mstroke[31m=[32m"currentColor"[31m
              [33mstroke-width[31m=[32m"1.9"[31m
              [33mviewBox[31m=[32m"0 0 24 24"[31m
              [33mwidth[31m=[32m"20"[31m
              [33mxmlns[31m=[32m"http://www.w3.org/2000/svg"[31m
            [36m>[31m
              [36m<path[31m
                [33md[31m=[32m"M20.4879 15C19.2524 18.4956 15.9187 21 12 21C7.02943 21 3 16.9706 3 12C3 7.02943 7.02943 3 12 3C15.7292 3 18.9286 5.26806 20.2941 8.5"[31m
                [33mstroke[31m=[32m"currentColor"[31m
                [33mstroke-linecap[31m=[32m"round"[31m
                [33mstroke-linejoin[31m=[32m"round"[31m
                [33mstroke-width[31m=[32m"1.9"[31m
              [36m/>[31m
              [36m<path[31m
                [33md[31m=[32m"M15 9H18C19.4142 9 20.1213 9 20.5607 8.56066C21 8.12132 21 7.41421 21 6V3"[31m
                [33mstroke[31m=[32m"currentColor"[31m
                [33mstroke-linecap[31m=[32m"round"[31m
                [33mstroke-linejoin[31m=[32m"round"[31m
                [33mstroke-width[31m=[32m"1.9"[31m
              [36m/>[31m
            [36m</svg>[31m
          [36m</button>[31m
          [36m<button[31m
            [33mclass[31m=[32m"bg-silver-bright border-4 border-black p-4 text-black shadow-[6px_6px_0px_0px_rgba(0,0,0,1)] transition-all opacity-50 cursor-not-allowed"[31m
            [33mdisabled[31m=[32m""[31m
            [33mtitle[31m=[32m"No ready report available"[31m
          [36m>[31m
            [36m<svg[31m
              [33mclass[31m=[32m"block"[31m
              [33mcolor[31m=[32m"currentColor"[31m
              [33mfill[31m=[32m"none"[31m
              [33mheight[31m=[32m"20"[31m
              [33mstroke[31m=[32m"currentColor"[31m
              [33mstroke-width[31m=[32m"1.9"[31m
              [33mviewBox[31m=[32m"0 0 24 24"[31m
              [33mwidth[31m=[32m"20"[31m
              [33mxmlns[31m=[32m"http://www.w3.org/2000/svg"[31m
            [36m>[31m
              [36m<path[31m
                [33md[31m=[32m"M19 11C19 10.1825 19 9.4306 18.8478 9.06306C18.6955 8.69552 18.4065 8.40649 17.8284 7.82843L13.0919 3.09188C12.593 2.593 12.3436 2.34355 12.0345 2.19575C11.9702 2.165 11.9044 2.13772 11.8372 2.11401C11.5141 2 11.1614 2 10.4558 2C7.21082 2 5.58831 2 4.48933 2.88607C4.26731 3.06508 4.06508 3.26731 3.88607 3.48933C3 4.58831 3 6.21082 3 9.45584V14C3 17.7712 3 19.6569 4.17157 20.8284C5.34315 22 7.22876 22 11 22H19M12 2.5V3C12 5.82843 12 7.24264 12.8787 8.12132C13.7574 9 15.1716 9 18 9H18.5"[31m
                [33mstroke[31m=[32m"currentColor"[31m
                [33mstroke-linecap[31m=[32m"round"[31m
                [33mstroke-linejoin[31m=[32m"round"[31m
                [33mstroke-width[31m=[32m"1.9"[31m
              [36m/>[31m
              [36m<path[31m
                [33md[31m=[32m"M21 14H19C18.4477 14 18 14.4477 18 15V16.5M18 16.5V19M18 16.5H20.5M7 19V17M7 17V14H8.5C9.32843 14 10 14.6716 10 15.5C10 16.3284 9.32843 17 8.5 17H7ZM12.5 14H13.7857C14.7325 14 15.5 14.7462 15.5 15.6667V17.3333C15.5 18.2538 14.7325 19 13.7857 19H12.5V14Z"[31m
                [33mstroke[31m=[32m"currentColor"[31m
                [33mstroke-linecap[31m=[32m"round"[31m
                [33mstroke-linejoin[31m=[32m"round"[31m
                [33mstroke-width[31m=[32m"1.9"[31m
              [36m/>[31m
            [36m</svg>[31m
          [36m</button>[31m
        [36m</div>[31m
      [36m</header>[31m
      [36m<section[31m
        [33mclass[31m=[32m"grid grid-cols-2 md:grid-cols-4 gap-6"[31m
      [36m>[31m
        [36m<div[31m
          [33mclass[31m=[32m"bg-rag-blue border-4 border-black p-8 shadow-[8px_8px_0px_0px_rgba(0,0,0,1)] flex flex-col justify-between h-40 group hover:-translate-y-1 transition-transform"[31m
        [36m>[31m
          [36m<div[31m
            [33mclass[31m=[32m"flex justify-between items-start"[31m
          [36m>[31m
            [36m<span[31m
              [33mclass[31m=[32m"text-[10px] font-black text-black uppercase tracking-[0.2em] italic"[31m
            [36m>[31m
              [0mArchived_Briefings[0m
            [36m</span>[31m
            [36m<svg[31m
              [33mclass[31m=[32m"text-black/20 group-hover:text-black transition-colors"[31m
              [33mcolor[31m=[32m"currentColor"[31m
              [33mfill[31m=[32m"none"[31m
              [33mheight[31m=[32m"20"[31m
              [33mstroke[31m=[32m"currentColor"[31m
              [33mstroke-width[31m=[32m"1.9"[31m
              [33mviewBox[31m=[32m"0 0 24 24"[31m
              [33mwi...[39m
[31m   [31m├ù[31m Reports ΓÇö export buttons on a ready report[2m > [22mshows PDF, HTML and CSV buttons for a ready report[33m 1035[2mms[22m[31m[39m
[31m     ΓåÆ Unable to find role="button" and name `/^pdf$/i`

Ignored nodes: comments, script, style
[36m<body>[31m
  [36m<div>[31m
    [36m<div[31m
      [33mclass[31m=[32m"min-h-screen bg-charcoal-dark text-silver p-6 md:p-12 space-y-12"[31m
    [36m>[31m
      [36m<header[31m
        [33mclass[31m=[32m"relative flex flex-col md:flex-row justify-between items-start md:items-end gap-8 pb-12 border-b-4 border-silver-bright/10 font-black"[31m
      [36m>[31m
        [36m<div[31m
          [33mclass[31m=[32m"space-y-4"[31m
        [36m>[31m
          [36m<div[31m
            [33mclass[31m=[32m"bg-rag-amber text-black px-4 py-1 text-xs uppercase tracking-widest inline-block shadow-[4px_4px_0px_0px_rgba(0,0,0,1)] font-black"[31m
          [36m>[31m
            [0mArchive_Matrix v8.2[0m
          [36m</div>[31m
          [36m<h1[31m
            [33mclass[31m=[32m"text-6xl md:text-8xl text-silver-bright uppercase tracking-tighter leading-none italic font-black"[31m
          [36m>[31m
            [0mAnalytics[0m
            [0m [0m
            [36m<span[31m
              [33mclass[31m=[32m"text-transparent stroke-white"[31m
              [33mstyle[31m=[32m"-webkit-text-stroke: 2px var(--accent-silver-bright);"[31m
            [36m>[31m
              [0mArchive[0m
            [36m</span>[31m
          [36m</h1>[31m
          [36m<p[31m
            [33mclass[31m=[32m"text-sm font-mono text-silver/40 uppercase tracking-widest italic leading-relaxed"[31m
          [36m>[31m
            [0mHISTORICAL_BRIEFINGS // ENCRYPTED_DOSSIERS // AUDIT_FEED[0m
          [36m</p>[31m
        [36m</div>[31m
        [36m<div[31m
          [33mclass[31m=[32m"flex items-center gap-6"[31m
        [36m>[31m
          [36m<button[31m
            [33mclass[31m=[32m"bg-charcoal border-4 border-black p-4 text-silver-bright shadow-[6px_6px_0px_0px_rgba(0,0,0,1)] hover:shadow-none hover:translate-x-1 hover:translate-y-1 transition-all"[31m
            [33mtitle[31m=[32m"Refresh Archive"[31m
          [36m>[31m
            [36m<svg[31m
              [33mclass[31m=[32m"block"[31m
              [33mcolor[31m=[32m"currentColor"[31m
              [33mfill[31m=[32m"none"[31m
              [33mheight[31m=[32m"20"[31m
              [33mstroke[31m=[32m"currentColor"[31m
              [33mstroke-width[31m=[32m"1.9"[31m
              [33mviewBox[31m=[32m"0 0 24 24"[31m
              [33mwidth[31m=[32m"20"[31m
              [33mxmlns[31m=[32m"http://www.w3.org/2000/svg"[31m
            [36m>[31m
              [36m<path[31m
                [33md[31m=[32m"M20.4879 15C19.2524 18.4956 15.9187 21 12 21C7.02943 21 3 16.9706 3 12C3 7.02943 7.02943 3 12 3C15.7292 3 18.9286 5.26806 20.2941 8.5"[31m
                [33mstroke[31m=[32m"currentColor"[31m
                [33mstroke-linecap[31m=[32m"round"[31m
                [33mstroke-linejoin[31m=[32m"round"[31m
                [33mstroke-width[31m=[32m"1.9"[31m
              [36m/>[31m
              [36m<path[31m
                [33md[31m=[32m"M15 9H18C19.4142 9 20.1213 9 20.5607 8.56066C21 8.12132 21 7.41421 21 6V3"[31m
                [33mstroke[31m=[32m"currentColor"[31m
                [33mstroke-linecap[31m=[32m"round"[31m
                [33mstroke-linejoin[31m=[32m"round"[31m
                [33mstroke-width[31m=[32m"1.9"[31m
              [36m/>[31m
            [36m</svg>[31m
          [36m</button>[31m
          [36m<button[31m
            [33mclass[31m=[32m"bg-silver-bright border-4 border-black p-4 text-black shadow-[6px_6px_0px_0px_rgba(0,0,0,1)] transition-all hover:shadow-none hover:translate-x-1 hover:translate-y-1"[31m
            [33mtitle[31m=[32m"Download Latest Briefing"[31m
          [36m>[31m
            [36m<svg[31m
              [33mclass[31m=[32m"block"[31m
              [33mcolor[31m=[32m"currentColor"[31m
              [33mfill[31m=[32m"none"[31m
              [33mheight[31m=[32m"20"[31m
              [33mstroke[31m=[32m"currentColor"[31m
              [33mstroke-width[31m=[32m"1.9"[31m
              [33mviewBox[31m=[32m"0 0 24 24"[31m
              [33mwidth[31m=[32m"20"[31m
              [33mxmlns[31m=[32m"http://www.w3.org/2000/svg"[31m
            [36m>[31m
              [36m<path[31m
                [33md[31m=[32m"M19 11C19 10.1825 19 9.4306 18.8478 9.06306C18.6955 8.69552 18.4065 8.40649 17.8284 7.82843L13.0919 3.09188C12.593 2.593 12.3436 2.34355 12.0345 2.19575C11.9702 2.165 11.9044 2.13772 11.8372 2.11401C11.5141 2 11.1614 2 10.4558 2C7.21082 2 5.58831 2 4.48933 2.88607C4.26731 3.06508 4.06508 3.26731 3.88607 3.48933C3 4.58831 3 6.21082 3 9.45584V14C3 17.7712 3 19.6569 4.17157 20.8284C5.34315 22 7.22876 22 11 22H19M12 2.5V3C12 5.82843 12 7.24264 12.8787 8.12132C13.7574 9 15.1716 9 18 9H18.5"[31m
                [33mstroke[31m=[32m"currentColor"[31m
                [33mstroke-linecap[31m=[32m"round"[31m
                [33mstroke-linejoin[31m=[32m"round"[31m
                [33mstroke-width[31m=[32m"1.9"[31m
              [36m/>[31m
              [36m<path[31m
                [33md[31m=[32m"M21 14H19C18.4477 14 18 14.4477 18 15V16.5M18 16.5V19M18 16.5H20.5M7 19V17M7 17V14H8.5C9.32843 14 10 14.6716 10 15.5C10 16.3284 9.32843 17 8.5 17H7ZM12.5 14H13.7857C14.7325 14 15.5 14.7462 15.5 15.6667V17.3333C15.5 18.2538 14.7325 19 13.7857 19H12.5V14Z"[31m
                [33mstroke[31m=[32m"currentColor"[31m
                [33mstroke-linecap[31m=[32m"round"[31m
                [33mstroke-linejoin[31m=[32m"round"[31m
                [33mstroke-width[31m=[32m"1.9"[31m
              [36m/>[31m
            [36m</svg>[31m
          [36m</button>[31m
        [36m</div>[31m
      [36m</header>[31m
      [36m<section[31m
        [33mclass[31m=[32m"grid grid-cols-2 md:grid-cols-4 gap-6"[31m
      [36m>[31m
        [36m<div[31m
          [33mclass[31m=[32m"bg-rag-blue border-4 border-black p-8 shadow-[8px_8px_0px_0px_rgba(0,0,0,1)] flex flex-col justify-between h-40 group hover:-translate-y-1 transition-transform"[31m
        [36m>[31m
          [36m<div[31m
            [33mclass[31m=[32m"flex justify-between items-start"[31m
          [36m>[31m
            [36m<span[31m
              [33mclass[31m=[32m"text-[10px] font-black text-black uppercase tracking-[0.2em] italic"[31m
            [36m>[31m
              [0mArchived_Briefings[0m
            [36m</span>[31m
            [36m<svg[31m
              [33mclass[31m=[32m"text-black/20 group-hover:text-black transition-colors"[31m
              [33mcolor[31m=[32m"currentColor"[31m
              [33mfill[31m=[32m"none"[31m
              [33mheight[31m=[32m"20"[31m
              [33mstroke[31m=[32m"currentColor"[31m
              [33mstroke-width[31m=[32m"1.9"[31m
              [33mviewBox[31m=[32m"0 0 24 24"[31m
              [33mwidth[31m=[32m"20...

Ignored nodes: comments, script, style
[36m<body>[31m
  [36m<div>[31m
    [36m<div[31m
      [33mclass[31m=[32m"min-h-screen bg-charcoal-dark text-silver p-6 md:p-12 space-y-12"[31m
    [36m>[31m
      [36m<header[31m
        [33mclass[31m=[32m"relative flex flex-col md:flex-row justify-between items-start md:items-end gap-8 pb-12 border-b-4 border-silver-bright/10 font-black"[31m
      [36m>[31m
        [36m<div[31m
          [33mclass[31m=[32m"space-y-4"[31m
        [36m>[31m
          [36m<div[31m
            [33mclass[31m=[32m"bg-rag-amber text-black px-4 py-1 text-xs uppercase tracking-widest inline-block shadow-[4px_4px_0px_0px_rgba(0,0,0,1)] font-black"[31m
          [36m>[31m
            [0mArchive_Matrix v8.2[0m
          [36m</div>[31m
          [36m<h1[31m
            [33mclass[31m=[32m"text-6xl md:text-8xl text-silver-bright uppercase tracking-tighter leading-none italic font-black"[31m
          [36m>[31m
            [0mAnalytics[0m
            [0m [0m
            [36m<span[31m
              [33mclass[31m=[32m"text-transparent stroke-white"[31m
              [33mstyle[31m=[32m"-webkit-text-stroke: 2px var(--accent-silver-bright);"[31m
            [36m>[31m
              [0mArchive[0m
            [36m</span>[31m
          [36m</h1>[31m
          [36m<p[31m
            [33mclass[31m=[32m"text-sm font-mono text-silver/40 uppercase tracking-widest italic leading-relaxed"[31m
          [36m>[31m
            [0mHISTORICAL_BRIEFINGS // ENCRYPTED_DOSSIERS // AUDIT_FEED[0m
          [36m</p>[31m
        [36m</div>[31m
        [36m<div[31m
          [33mclass[31m=[32m"flex items-center gap-6"[31m
        [36m>[31m
          [36m<button[31m
            [33mclass[31m=[32m"bg-charcoal border-4 border-black p-4 text-silver-bright shadow-[6px_6px_0px_0px_rgba(0,0,0,1)] hover:shadow-none hover:translate-x-1 hover:translate-y-1 transition-all"[31m
            [33mtitle[31m=[32m"Refresh Archive"[31m
          [36m>[31m
            [36m<svg[31m
              [33mclass[31m=[32m"block"[31m
              [33mcolor[31m=[32m"currentColor"[31m
              [33mfill[31m=[32m"none"[31m
              [33mheight[31m=[32m"20"[31m
              [33mstroke[31m=[32m"currentColor"[31m
              [33mstroke-width[31m=[32m"1.9"[31m
              [33mviewBox[31m=[32m"0 0 24 24"[31m
              [33mwidth[31m=[32m"20"[31m
              [33mxmlns[31m=[32m"http://www.w3.org/2000/svg"[31m
            [36m>[31m
              [36m<path[31m
                [33md[31m=[32m"M20.4879 15C19.2524 18.4956 15.9187 21 12 21C7.02943 21 3 16.9706 3 12C3 7.02943 7.02943 3 12 3C15.7292 3 18.9286 5.26806 20.2941 8.5"[31m
                [33mstroke[31m=[32m"currentColor"[31m
                [33mstroke-linecap[31m=[32m"round"[31m
                [33mstroke-linejoin[31m=[32m"round"[31m
                [33mstroke-width[31m=[32m"1.9"[31m
              [36m/>[31m
              [36m<path[31m
                [33md[31m=[32m"M15 9H18C19.4142 9 20.1213 9 20.5607 8.56066C21 8.12132 21 7.41421 21 6V3"[31m
                [33mstroke[31m=[32m"currentColor"[31m
                [33mstroke-linecap[31m=[32m"round"[31m
                [33mstroke-linejoin[31m=[32m"round"[31m
                [33mstroke-width[31m=[32m"1.9"[31m
              [36m/>[31m
            [36m</svg>[31m
          [36m</button>[31m
          [36m<button[31m
            [33mclass[31m=[32m"bg-silver-bright border-4 border-black p-4 text-black shadow-[6px_6px_0px_0px_rgba(0,0,0,1)] transition-all hover:shadow-none hover:translate-x-1 hover:translate-y-1"[31m
            [33mtitle[31m=[32m"Download Latest Briefing"[31m
          [36m>[31m
            [36m<svg[31m
              [33mclass[31m=[32m"block"[31m
              [33mcolor[31m=[32m"currentColor"[31m
              [33mfill[31m=[32m"none"[31m
              [33mheight[31m=[32m"20"[31m
              [33mstroke[31m=[32m"currentColor"[31m
              [33mstroke-width[31m=[32m"1.9"[31m
              [33mviewBox[31m=[32m"0 0 24 24"[31m
              [33mwidth[31m=[32m"20"[31m
              [33mxmlns[31m=[32m"http://www.w3.org/2000/svg"[31m
            [36m>[31m
              [36m<path[31m
                [33md[31m=[32m"M19 11C19 10.1825 19 9.4306 18.8478 9.06306C18.6955 8.69552 18.4065 8.40649 17.8284 7.82843L13.0919 3.09188C12.593 2.593 12.3436 2.34355 12.0345 2.19575C11.9702 2.165 11.9044 2.13772 11.8372 2.11401C11.5141 2 11.1614 2 10.4558 2C7.21082 2 5.58831 2 4.48933 2.88607C4.26731 3.06508 4.06508 3.26731 3.88607 3.48933C3 4.58831 3 6.21082 3 9.45584V14C3 17.7712 3 19.6569 4.17157 20.8284C5.34315 22 7.22876 22 11 22H19M12 2.5V3C12 5.82843 12 7.24264 12.8787 8.12132C13.7574 9 15.1716 9 18 9H18.5"[31m
                [33mstroke[31m=[32m"currentColor"[31m
                [33mstroke-linecap[31m=[32m"round"[31m
                [33mstroke-linejoin[31m=[32m"round"[31m
                [33mstroke-width[31m=[32m"1.9"[31m
              [36m/>[31m
              [36m<path[31m
                [33md[31m=[32m"M21 14H19C18.4477 14 18 14.4477 18 15V16.5M18 16.5V19M18 16.5H20.5M7 19V17M7 17V14H8.5C9.32843 14 10 14.6716 10 15.5C10 16.3284 9.32843 17 8.5 17H7ZM12.5 14H13.7857C14.7325 14 15.5 14.7462 15.5 15.6667V17.3333C15.5 18.2538 14.7325 19 13.7857 19H12.5V14Z"[31m
                [33mstroke[31m=[32m"currentColor"[31m
                [33mstroke-linecap[31m=[32m"round"[31m
                [33mstroke-linejoin[31m=[32m"round"[31m
                [33mstroke-width[31m=[32m"1.9"[31m
              [36m/>[31m
            [36m</svg>[31m
          [36m</button>[31m
        [36m</div>[31m
      [36m</header>[31m
      [36m<section[31m
        [33mclass[31m=[32m"grid grid-cols-2 md:grid-cols-4 gap-6"[31m
      [36m>[31m
        [36m<div[31m
          [33mclass[31m=[32m"bg-rag-blue border-4 border-black p-8 shadow-[8px_8px_0px_0px_rgba(0,0,0,1)] flex flex-col justify-between h-40 group hover:-translate-y-1 transition-transform"[31m
        [36m>[31m
          [36m<div[31m
            [33mclass[31m=[32m"flex justify-between items-start"[31m
          [36m>[31m
            [36m<span[31m
              [33mclass[31m=[32m"text-[10px] font-black text-black uppercase tracking-[0.2em] italic"[31m
            [36m>[31m
              [0mArchived_Briefings[0m
            [36m</span>[31m
            [36m<svg[31m
              [33mclass[31m=[32m"text-black/20 group-hover:text-black transition-colors"[31m
              [33mcolor[31m=[32m"currentColor"[31m
              [33mfill[31m=[32m"none"[31m
              [33mheight[31m=[32m"20"[31m
              [33mstroke[31m=[32m"currentColor"[31m
              [33mstroke-width[31m=[32m"1.9"[31m
              [33mviewBox[31m=[32m"0 0 24 24"[31m
              [33mwidth[31m=[32m"20...[39m
[31m   [31m├ù[31m Reports ΓÇö export buttons on a ready report[2m > [22mexport buttons are enabled for a ready report[33m 1042[2mms[22m[31m[39m
[31m     ΓåÆ Unable to find role="button" and name `/^pdf$/i`

Ignored nodes: comments, script, style
[36m<body>[31m
  [36m<div>[31m
    [36m<div[31m
      [33mclass[31m=[32m"min-h-screen bg-charcoal-dark text-silver p-6 md:p-12 space-y-12"[31m
    [36m>[31m
      [36m<header[31m
        [33mclass[31m=[32m"relative flex flex-col md:flex-row justify-between items-start md:items-end gap-8 pb-12 border-b-4 border-silver-bright/10 font-black"[31m
      [36m>[31m
        [36m<div[31m
          [33mclass[31m=[32m"space-y-4"[31m
        [36m>[31m
          [36m<div[31m
            [33mclass[31m=[32m"bg-rag-amber text-black px-4 py-1 text-xs uppercase tracking-widest inline-block shadow-[4px_4px_0px_0px_rgba(0,0,0,1)] font-black"[31m
          [36m>[31m
            [0mArchive_Matrix v8.2[0m
          [36m</div>[31m
          [36m<h1[31m
            [33mclass[31m=[32m"text-6xl md:text-8xl text-silver-bright uppercase tracking-tighter leading-none italic font-black"[31m
          [36m>[31m
            [0mAnalytics[0m
            [0m [0m
            [36m<span[31m
              [33mclass[31m=[32m"text-transparent stroke-white"[31m
              [33mstyle[31m=[32m"-webkit-text-stroke: 2px var(--accent-silver-bright);"[31m
            [36m>[31m
              [0mArchive[0m
            [36m</span>[31m
          [36m</h1>[31m
          [36m<p[31m
            [33mclass[31m=[32m"text-sm font-mono text-silver/40 uppercase tracking-widest italic leading-relaxed"[31m
          [36m>[31m
            [0mHISTORICAL_BRIEFINGS // ENCRYPTED_DOSSIERS // AUDIT_FEED[0m
          [36m</p>[31m
        [36m</div>[31m
        [36m<div[31m
          [33mclass[31m=[32m"flex items-center gap-6"[31m
        [36m>[31m
          [36m<button[31m
            [33mclass[31m=[32m"bg-charcoal border-4 border-black p-4 text-silver-bright shadow-[6px_6px_0px_0px_rgba(0,0,0,1)] hover:shadow-none hover:translate-x-1 hover:translate-y-1 transition-all"[31m
            [33mtitle[31m=[32m"Refresh Archive"[31m
          [36m>[31m
            [36m<svg[31m
              [33mclass[31m=[32m"block"[31m
              [33mcolor[31m=[32m"currentColor"[31m
              [33mfill[31m=[32m"none"[31m
              [33mheight[31m=[32m"20"[31m
              [33mstroke[31m=[32m"currentColor"[31m
              [33mstroke-width[31m=[32m"1.9"[31m
              [33mviewBox[31m=[32m"0 0 24 24"[31m
              [33mwidth[31m=[32m"20"[31m
              [33mxmlns[31m=[32m"http://www.w3.org/2000/svg"[31m
            [36m>[31m
              [36m<path[31m
                [33md[31m=[32m"M20.4879 15C19.2524 18.4956 15.9187 21 12 21C7.02943 21 3 16.9706 3 12C3 7.02943 7.02943 3 12 3C15.7292 3 18.9286 5.26806 20.2941 8.5"[31m
                [33mstroke[31m=[32m"currentColor"[31m
                [33mstroke-linecap[31m=[32m"round"[31m
                [33mstroke-linejoin[31m=[32m"round"[31m
                [33mstroke-width[31m=[32m"1.9"[31m
              [36m/>[31m
              [36m<path[31m
                [33md[31m=[32m"M15 9H18C19.4142 9 20.1213 9 20.5607 8.56066C21 8.12132 21 7.41421 21 6V3"[31m
                [33mstroke[31m=[32m"currentColor"[31m
                [33mstroke-linecap[31m=[32m"round"[31m
                [33mstroke-linejoin[31m=[32m"round"[31m
                [33mstroke-width[31m=[32m"1.9"[31m
              [36m/>[31m
            [36m</svg>[31m
          [36m</button>[31m
          [36m<button[31m
            [33mclass[31m=[32m"bg-silver-bright border-4 border-black p-4 text-black shadow-[6px_6px_0px_0px_rgba(0,0,0,1)] transition-all hover:shadow-none hover:translate-x-1 hover:translate-y-1"[31m
            [33mtitle[31m=[32m"Download Latest Briefing"[31m
          [36m>[31m
            [36m<svg[31m
              [33mclass[31m=[32m"block"[31m
              [33mcolor[31m=[32m"currentColor"[31m
              [33mfill[31m=[32m"none"[31m
              [33mheight[31m=[32m"20"[31m
              [33mstroke[31m=[32m"currentColor"[31m
              [33mstroke-width[31m=[32m"1.9"[31m
              [33mviewBox[31m=[32m"0 0 24 24"[31m
              [33mwidth[31m=[32m"20"[31m
              [33mxmlns[31m=[32m"http://www.w3.org/2000/svg"[31m
            [36m>[31m
              [36m<path[31m
                [33md[31m=[32m"M19 11C19 10.1825 19 9.4306 18.8478 9.06306C18.6955 8.69552 18.4065 8.40649 17.8284 7.82843L13.0919 3.09188C12.593 2.593 12.3436 2.34355 12.0345 2.19575C11.9702 2.165 11.9044 2.13772 11.8372 2.11401C11.5141 2 11.1614 2 10.4558 2C7.21082 2 5.58831 2 4.48933 2.88607C4.26731 3.06508 4.06508 3.26731 3.88607 3.48933C3 4.58831 3 6.21082 3 9.45584V14C3 17.7712 3 19.6569 4.17157 20.8284C5.34315 22 7.22876 22 11 22H19M12 2.5V3C12 5.82843 12 7.24264 12.8787 8.12132C13.7574 9 15.1716 9 18 9H18.5"[31m
                [33mstroke[31m=[32m"currentColor"[31m
                [33mstroke-linecap[31m=[32m"round"[31m
                [33mstroke-linejoin[31m=[32m"round"[31m
                [33mstroke-width[31m=[32m"1.9"[31m
              [36m/>[31m
              [36m<path[31m
                [33md[31m=[32m"M21 14H19C18.4477 14 18 14.4477 18 15V16.5M18 16.5V19M18 16.5H20.5M7 19V17M7 17V14H8.5C9.32843 14 10 14.6716 10 15.5C10 16.3284 9.32843 17 8.5 17H7ZM12.5 14H13.7857C14.7325 14 15.5 14.7462 15.5 15.6667V17.3333C15.5 18.2538 14.7325 19 13.7857 19H12.5V14Z"[31m
                [33mstroke[31m=[32m"currentColor"[31m
                [33mstroke-linecap[31m=[32m"round"[31m
                [33mstroke-linejoin[31m=[32m"round"[31m
                [33mstroke-width[31m=[32m"1.9"[31m
              [36m/>[31m
            [36m</svg>[31m
          [36m</button>[31m
        [36m</div>[31m
      [36m</header>[31m
      [36m<section[31m
        [33mclass[31m=[32m"grid grid-cols-2 md:grid-cols-4 gap-6"[31m
      [36m>[31m
        [36m<div[31m
          [33mclass[31m=[32m"bg-rag-blue border-4 border-black p-8 shadow-[8px_8px_0px_0px_rgba(0,0,0,1)] flex flex-col justify-between h-40 group hover:-translate-y-1 transition-transform"[31m
        [36m>[31m
          [36m<div[31m
            [33mclass[31m=[32m"flex justify-between items-start"[31m
          [36m>[31m
            [36m<span[31m
              [33mclass[31m=[32m"text-[10px] font-black text-black uppercase tracking-[0.2em] italic"[31m
            [36m>[31m
              [0mArchived_Briefings[0m
            [36m</span>[31m
            [36m<svg[31m
              [33mclass[31m=[32m"text-black/20 group-hover:text-black transition-colors"[31m
              [33mcolor[31m=[32m"currentColor"[31m
              [33mfill[31m=[32m"none"[31m
              [33mheight[31m=[32m"20"[31m
              [33mstroke[31m=[32m"currentColor"[31m
              [33mstroke-width[31m=[32m"1.9"[31m
              [33mviewBox[31m=[32m"0 0 24 24"[31m
              [33mwidth[31m=[32m"20...

Ignored nodes: comments, script, style
[36m<body>[31m
  [36m<div>[31m
    [36m<div[31m
      [33mclass[31m=[32m"min-h-screen bg-charcoal-dark text-silver p-6 md:p-12 space-y-12"[31m
    [36m>[31m
      [36m<header[31m
        [33mclass[31m=[32m"relative flex flex-col md:flex-row justify-between items-start md:items-end gap-8 pb-12 border-b-4 border-silver-bright/10 font-black"[31m
      [36m>[31m
        [36m<div[31m
          [33mclass[31m=[32m"space-y-4"[31m
        [36m>[31m
          [36m<div[31m
            [33mclass[31m=[32m"bg-rag-amber text-black px-4 py-1 text-xs uppercase tracking-widest inline-block shadow-[4px_4px_0px_0px_rgba(0,0,0,1)] font-black"[31m
          [36m>[31m
            [0mArchive_Matrix v8.2[0m
          [36m</div>[31m
          [36m<h1[31m
            [33mclass[31m=[32m"text-6xl md:text-8xl text-silver-bright uppercase tracking-tighter leading-none italic font-black"[31m
          [36m>[31m
            [0mAnalytics[0m
            [0m [0m
            [36m<span[31m
              [33mclass[31m=[32m"text-transparent stroke-white"[31m
              [33mstyle[31m=[32m"-webkit-text-stroke: 2px var(--accent-silver-bright);"[31m
            [36m>[31m
              [0mArchive[0m
            [36m</span>[31m
          [36m</h1>[31m
          [36m<p[31m
            [33mclass[31m=[32m"text-sm font-mono text-silver/40 uppercase tracking-widest italic leading-relaxed"[31m
          [36m>[31m
            [0mHISTORICAL_BRIEFINGS // ENCRYPTED_DOSSIERS // AUDIT_FEED[0m
          [36m</p>[31m
        [36m</div>[31m
        [36m<div[31m
          [33mclass[31m=[32m"flex items-center gap-6"[31m
        [36m>[31m
          [36m<button[31m
            [33mclass[31m=[32m"bg-charcoal border-4 border-black p-4 text-silver-bright shadow-[6px_6px_0px_0px_rgba(0,0,0,1)] hover:shadow-none hover:translate-x-1 hover:translate-y-1 transition-all"[31m
            [33mtitle[31m=[32m"Refresh Archive"[31m
          [36m>[31m
            [36m<svg[31m
              [33mclass[31m=[32m"block"[31m
              [33mcolor[31m=[32m"currentColor"[31m
              [33mfill[31m=[32m"none"[31m
              [33mheight[31m=[32m"20"[31m
              [33mstroke[31m=[32m"currentColor"[31m
              [33mstroke-width[31m=[32m"1.9"[31m
              [33mviewBox[31m=[32m"0 0 24 24"[31m
              [33mwidth[31m=[32m"20"[31m
              [33mxmlns[31m=[32m"http://www.w3.org/2000/svg"[31m
            [36m>[31m
              [36m<path[31m
                [33md[31m=[32m"M20.4879 15C19.2524 18.4956 15.9187 21 12 21C7.02943 21 3 16.9706 3 12C3 7.02943 7.02943 3 12 3C15.7292 3 18.9286 5.26806 20.2941 8.5"[31m
                [33mstroke[31m=[32m"currentColor"[31m
                [33mstroke-linecap[31m=[32m"round"[31m
                [33mstroke-linejoin[31m=[32m"round"[31m
                [33mstroke-width[31m=[32m"1.9"[31m
              [36m/>[31m
              [36m<path[31m
                [33md[31m=[32m"M15 9H18C19.4142 9 20.1213 9 20.5607 8.56066C21 8.12132 21 7.41421 21 6V3"[31m
                [33mstroke[31m=[32m"currentColor"[31m
                [33mstroke-linecap[31m=[32m"round"[31m
                [33mstroke-linejoin[31m=[32m"round"[31m
                [33mstroke-width[31m=[32m"1.9"[31m
              [36m/>[31m
            [36m</svg>[31m
          [36m</button>[31m
          [36m<button[31m
            [33mclass[31m=[32m"bg-silver-bright border-4 border-black p-4 text-black shadow-[6px_6px_0px_0px_rgba(0,0,0,1)] transition-all hover:shadow-none hover:translate-x-1 hover:translate-y-1"[31m
            [33mtitle[31m=[32m"Download Latest Briefing"[31m
          [36m>[31m
            [36m<svg[31m
              [33mclass[31m=[32m"block"[31m
              [33mcolor[31m=[32m"currentColor"[31m
              [33mfill[31m=[32m"none"[31m
              [33mheight[31m=[32m"20"[31m
              [33mstroke[31m=[32m"currentColor"[31m
              [33mstroke-width[31m=[32m"1.9"[31m
              [33mviewBox[31m=[32m"0 0 24 24"[31m
              [33mwidth[31m=[32m"20"[31m
              [33mxmlns[31m=[32m"http://www.w3.org/2000/svg"[31m
            [36m>[31m
              [36m<path[31m
                [33md[31m=[32m"M19 11C19 10.1825 19 9.4306 18.8478 9.06306C18.6955 8.69552 18.4065 8.40649 17.8284 7.82843L13.0919 3.09188C12.593 2.593 12.3436 2.34355 12.0345 2.19575C11.9702 2.165 11.9044 2.13772 11.8372 2.11401C11.5141 2 11.1614 2 10.4558 2C7.21082 2 5.58831 2 4.48933 2.88607C4.26731 3.06508 4.06508 3.26731 3.88607 3.48933C3 4.58831 3 6.21082 3 9.45584V14C3 17.7712 3 19.6569 4.17157 20.8284C5.34315 22 7.22876 22 11 22H19M12 2.5V3C12 5.82843 12 7.24264 12.8787 8.12132C13.7574 9 15.1716 9 18 9H18.5"[31m
                [33mstroke[31m=[32m"currentColor"[31m
                [33mstroke-linecap[31m=[32m"round"[31m
                [33mstroke-linejoin[31m=[32m"round"[31m
                [33mstroke-width[31m=[32m"1.9"[31m
              [36m/>[31m
              [36m<path[31m
                [33md[31m=[32m"M21 14H19C18.4477 14 18 14.4477 18 15V16.5M18 16.5V19M18 16.5H20.5M7 19V17M7 17V14H8.5C9.32843 14 10 14.6716 10 15.5C10 16.3284 9.32843 17 8.5 17H7ZM12.5 14H13.7857C14.7325 14 15.5 14.7462 15.5 15.6667V17.3333C15.5 18.2538 14.7325 19 13.7857 19H12.5V14Z"[31m
                [33mstroke[31m=[32m"currentColor"[31m
                [33mstroke-linecap[31m=[32m"round"[31m
                [33mstroke-linejoin[31m=[32m"round"[31m
                [33mstroke-width[31m=[32m"1.9"[31m
              [36m/>[31m
            [36m</svg>[31m
          [36m</button>[31m
        [36m</div>[31m
      [36m</header>[31m
      [36m<section[31m
        [33mclass[31m=[32m"grid grid-cols-2 md:grid-cols-4 gap-6"[31m
      [36m>[31m
        [36m<div[31m
          [33mclass[31m=[32m"bg-rag-blue border-4 border-black p-8 shadow-[8px_8px_0px_0px_rgba(0,0,0,1)] flex flex-col justify-between h-40 group hover:-translate-y-1 transition-transform"[31m
        [36m>[31m
          [36m<div[31m
            [33mclass[31m=[32m"flex justify-between items-start"[31m
          [36m>[31m
            [36m<span[31m
              [33mclass[31m=[32m"text-[10px] font-black text-black uppercase tracking-[0.2em] italic"[31m
            [36m>[31m
              [0mArchived_Briefings[0m
            [36m</span>[31m
            [36m<svg[31m
              [33mclass[31m=[32m"text-black/20 group-hover:text-black transition-colors"[31m
              [33mcolor[31m=[32m"currentColor"[31m
              [33mfill[31m=[32m"none"[31m
              [33mheight[31m=[32m"20"[31m
              [33mstroke[31m=[32m"currentColor"[31m
              [33mstroke-width[31m=[32m"1.9"[31m
              [33mviewBox[31m=[32m"0 0 24 24"[31m
              [33mwidth[31m=[32m"20...[39m
[31m   [31m├ù[31m Reports ΓÇö export buttons on a ready report[2m > [22mclicking PDF opens the correct backend URL[33m 1037[2mms[22m[31m[39m
[31m     ΓåÆ Unable to find role="button" and name `/^pdf$/i`

Ignored nodes: comments, script, style
[36m<body>[31m
  [36m<div>[31m
    [36m<div[31m
      [33mclass[31m=[32m"min-h-screen bg-charcoal-dark text-silver p-6 md:p-12 space-y-12"[31m
    [36m>[31m
      [36m<header[31m
        [33mclass[31m=[32m"relative flex flex-col md:flex-row justify-between items-start md:items-end gap-8 pb-12 border-b-4 border-silver-bright/10 font-black"[31m
      [36m>[31m
        [36m<div[31m
          [33mclass[31m=[32m"space-y-4"[31m
        [36m>[31m
          [36m<div[31m
            [33mclass[31m=[32m"bg-rag-amber text-black px-4 py-1 text-xs uppercase tracking-widest inline-block shadow-[4px_4px_0px_0px_rgba(0,0,0,1)] font-black"[31m
          [36m>[31m
            [0mArchive_Matrix v8.2[0m
          [36m</div>[31m
          [36m<h1[31m
            [33mclass[31m=[32m"text-6xl md:text-8xl text-silver-bright uppercase tracking-tighter leading-none italic font-black"[31m
          [36m>[31m
            [0mAnalytics[0m
            [0m [0m
            [36m<span[31m
              [33mclass[31m=[32m"text-transparent stroke-white"[31m
              [33mstyle[31m=[32m"-webkit-text-stroke: 2px var(--accent-silver-bright);"[31m
            [36m>[31m
              [0mArchive[0m
            [36m</span>[31m
          [36m</h1>[31m
          [36m<p[31m
            [33mclass[31m=[32m"text-sm font-mono text-silver/40 uppercase tracking-widest italic leading-relaxed"[31m
          [36m>[31m
            [0mHISTORICAL_BRIEFINGS // ENCRYPTED_DOSSIERS // AUDIT_FEED[0m
          [36m</p>[31m
        [36m</div>[31m
        [36m<div[31m
          [33mclass[31m=[32m"flex items-center gap-6"[31m
        [36m>[31m
          [36m<button[31m
            [33mclass[31m=[32m"bg-charcoal border-4 border-black p-4 text-silver-bright shadow-[6px_6px_0px_0px_rgba(0,0,0,1)] hover:shadow-none hover:translate-x-1 hover:translate-y-1 transition-all"[31m
            [33mtitle[31m=[32m"Refresh Archive"[31m
          [36m>[31m
            [36m<svg[31m
              [33mclass[31m=[32m"block"[31m
              [33mcolor[31m=[32m"currentColor"[31m
              [33mfill[31m=[32m"none"[31m
              [33mheight[31m=[32m"20"[31m
              [33mstroke[31m=[32m"currentColor"[31m
              [33mstroke-width[31m=[32m"1.9"[31m
              [33mviewBox[31m=[32m"0 0 24 24"[31m
              [33mwidth[31m=[32m"20"[31m
              [33mxmlns[31m=[32m"http://www.w3.org/2000/svg"[31m
            [36m>[31m
              [36m<path[31m
                [33md[31m=[32m"M20.4879 15C19.2524 18.4956 15.9187 21 12 21C7.02943 21 3 16.9706 3 12C3 7.02943 7.02943 3 12 3C15.7292 3 18.9286 5.26806 20.2941 8.5"[31m
                [33mstroke[31m=[32m"currentColor"[31m
                [33mstroke-linecap[31m=[32m"round"[31m
                [33mstroke-linejoin[31m=[32m"round"[31m
                [33mstroke-width[31m=[32m"1.9"[31m
              [36m/>[31m
              [36m<path[31m
                [33md[31m=[32m"M15 9H18C19.4142 9 20.1213 9 20.5607 8.56066C21 8.12132 21 7.41421 21 6V3"[31m
                [33mstroke[31m=[32m"currentColor"[31m
                [33mstroke-linecap[31m=[32m"round"[31m
                [33mstroke-linejoin[31m=[32m"round"[31m
                [33mstroke-width[31m=[32m"1.9"[31m
              [36m/>[31m
            [36m</svg>[31m
          [36m</button>[31m
          [36m<button[31m
            [33mclass[31m=[32m"bg-silver-bright border-4 border-black p-4 text-black shadow-[6px_6px_0px_0px_rgba(0,0,0,1)] transition-all hover:shadow-none hover:translate-x-1 hover:translate-y-1"[31m
            [33mtitle[31m=[32m"Download Latest Briefing"[31m
          [36m>[31m
            [36m<svg[31m
              [33mclass[31m=[32m"block"[31m
              [33mcolor[31m=[32m"currentColor"[31m
              [33mfill[31m=[32m"none"[31m
              [33mheight[31m=[32m"20"[31m
              [33mstroke[31m=[32m"currentColor"[31m
              [33mstroke-width[31m=[32m"1.9"[31m
              [33mviewBox[31m=[32m"0 0 24 24"[31m
              [33mwidth[31m=[32m"20"[31m
              [33mxmlns[31m=[32m"http://www.w3.org/2000/svg"[31m
            [36m>[31m
              [36m<path[31m
                [33md[31m=[32m"M19 11C19 10.1825 19 9.4306 18.8478 9.06306C18.6955 8.69552 18.4065 8.40649 17.8284 7.82843L13.0919 3.09188C12.593 2.593 12.3436 2.34355 12.0345 2.19575C11.9702 2.165 11.9044 2.13772 11.8372 2.11401C11.5141 2 11.1614 2 10.4558 2C7.21082 2 5.58831 2 4.48933 2.88607C4.26731 3.06508 4.06508 3.26731 3.88607 3.48933C3 4.58831 3 6.21082 3 9.45584V14C3 17.7712 3 19.6569 4.17157 20.8284C5.34315 22 7.22876 22 11 22H19M12 2.5V3C12 5.82843 12 7.24264 12.8787 8.12132C13.7574 9 15.1716 9 18 9H18.5"[31m
                [33mstroke[31m=[32m"currentColor"[31m
                [33mstroke-linecap[31m=[32m"round"[31m
                [33mstroke-linejoin[31m=[32m"round"[31m
                [33mstroke-width[31m=[32m"1.9"[31m
              [36m/>[31m
              [36m<path[31m
                [33md[31m=[32m"M21 14H19C18.4477 14 18 14.4477 18 15V16.5M18 16.5V19M18 16.5H20.5M7 19V17M7 17V14H8.5C9.32843 14 10 14.6716 10 15.5C10 16.3284 9.32843 17 8.5 17H7ZM12.5 14H13.7857C14.7325 14 15.5 14.7462 15.5 15.6667V17.3333C15.5 18.2538 14.7325 19 13.7857 19H12.5V14Z"[31m
                [33mstroke[31m=[32m"currentColor"[31m
                [33mstroke-linecap[31m=[32m"round"[31m
                [33mstroke-linejoin[31m=[32m"round"[31m
                [33mstroke-width[31m=[32m"1.9"[31m
              [36m/>[31m
            [36m</svg>[31m
          [36m</button>[31m
        [36m</div>[31m
      [36m</header>[31m
      [36m<section[31m
        [33mclass[31m=[32m"grid grid-cols-2 md:grid-cols-4 gap-6"[31m
      [36m>[31m
        [36m<div[31m
          [33mclass[31m=[32m"bg-rag-blue border-4 border-black p-8 shadow-[8px_8px_0px_0px_rgba(0,0,0,1)] flex flex-col justify-between h-40 group hover:-translate-y-1 transition-transform"[31m
        [36m>[31m
          [36m<div[31m
            [33mclass[31m=[32m"flex justify-between items-start"[31m
          [36m>[31m
            [36m<span[31m
              [33mclass[31m=[32m"text-[10px] font-black text-black uppercase tracking-[0.2em] italic"[31m
            [36m>[31m
              [0mArchived_Briefings[0m
            [36m</span>[31m
            [36m<svg[31m
              [33mclass[31m=[32m"text-black/20 group-hover:text-black transition-colors"[31m
              [33mcolor[31m=[32m"currentColor"[31m
              [33mfill[31m=[32m"none"[31m
              [33mheight[31m=[32m"20"[31m
              [33mstroke[31m=[32m"currentColor"[31m
              [33mstroke-width[31m=[32m"1.9"[31m
              [33mviewBox[31m=[32m"0 0 24 24"[31m
              [33mwidth[31m=[32m"20...

Ignored nodes: comments, script, style
[36m<body>[31m
  [36m<div>[31m
    [36m<div[31m
      [33mclass[31m=[32m"min-h-screen bg-charcoal-dark text-silver p-6 md:p-12 space-y-12"[31m
    [36m>[31m
      [36m<header[31m
        [33mclass[31m=[32m"relative flex flex-col md:flex-row justify-between items-start md:items-end gap-8 pb-12 border-b-4 border-silver-bright/10 font-black"[31m
      [36m>[31m
        [36m<div[31m
          [33mclass[31m=[32m"space-y-4"[31m
        [36m>[31m
          [36m<div[31m
            [33mclass[31m=[32m"bg-rag-amber text-black px-4 py-1 text-xs uppercase tracking-widest inline-block shadow-[4px_4px_0px_0px_rgba(0,0,0,1)] font-black"[31m
          [36m>[31m
            [0mArchive_Matrix v8.2[0m
          [36m</div>[31m
          [36m<h1[31m
            [33mclass[31m=[32m"text-6xl md:text-8xl text-silver-bright uppercase tracking-tighter leading-none italic font-black"[31m
          [36m>[31m
            [0mAnalytics[0m
            [0m [0m
            [36m<span[31m
              [33mclass[31m=[32m"text-transparent stroke-white"[31m
              [33mstyle[31m=[32m"-webkit-text-stroke: 2px var(--accent-silver-bright);"[31m
            [36m>[31m
              [0mArchive[0m
            [36m</span>[31m
          [36m</h1>[31m
          [36m<p[31m
            [33mclass[31m=[32m"text-sm font-mono text-silver/40 uppercase tracking-widest italic leading-relaxed"[31m
          [36m>[31m
            [0mHISTORICAL_BRIEFINGS // ENCRYPTED_DOSSIERS // AUDIT_FEED[0m
          [36m</p>[31m
        [36m</div>[31m
        [36m<div[31m
          [33mclass[31m=[32m"flex items-center gap-6"[31m
        [36m>[31m
          [36m<button[31m
            [33mclass[31m=[32m"bg-charcoal border-4 border-black p-4 text-silver-bright shadow-[6px_6px_0px_0px_rgba(0,0,0,1)] hover:shadow-none hover:translate-x-1 hover:translate-y-1 transition-all"[31m
            [33mtitle[31m=[32m"Refresh Archive"[31m
          [36m>[31m
            [36m<svg[31m
              [33mclass[31m=[32m"block"[31m
              [33mcolor[31m=[32m"currentColor"[31m
              [33mfill[31m=[32m"none"[31m
              [33mheight[31m=[32m"20"[31m
              [33mstroke[31m=[32m"currentColor"[31m
              [33mstroke-width[31m=[32m"1.9"[31m
              [33mviewBox[31m=[32m"0 0 24 24"[31m
              [33mwidth[31m=[32m"20"[31m
              [33mxmlns[31m=[32m"http://www.w3.org/2000/svg"[31m
            [36m>[31m
              [36m<path[31m
                [33md[31m=[32m"M20.4879 15C19.2524 18.4956 15.9187 21 12 21C7.02943 21 3 16.9706 3 12C3 7.02943 7.02943 3 12 3C15.7292 3 18.9286 5.26806 20.2941 8.5"[31m
                [33mstroke[31m=[32m"currentColor"[31m
                [33mstroke-linecap[31m=[32m"round"[31m
                [33mstroke-linejoin[31m=[32m"round"[31m
                [33mstroke-width[31m=[32m"1.9"[31m
              [36m/>[31m
              [36m<path[31m
                [33md[31m=[32m"M15 9H18C19.4142 9 20.1213 9 20.5607 8.56066C21 8.12132 21 7.41421 21 6V3"[31m
                [33mstroke[31m=[32m"currentColor"[31m
                [33mstroke-linecap[31m=[32m"round"[31m
                [33mstroke-linejoin[31m=[32m"round"[31m
                [33mstroke-width[31m=[32m"1.9"[31m
              [36m/>[31m
            [36m</svg>[31m
          [36m</button>[31m
          [36m<button[31m
            [33mclass[31m=[32m"bg-silver-bright border-4 border-black p-4 text-black shadow-[6px_6px_0px_0px_rgba(0,0,0,1)] transition-all hover:shadow-none hover:translate-x-1 hover:translate-y-1"[31m
            [33mtitle[31m=[32m"Download Latest Briefing"[31m
          [36m>[31m
            [36m<svg[31m
              [33mclass[31m=[32m"block"[31m
              [33mcolor[31m=[32m"currentColor"[31m
              [33mfill[31m=[32m"none"[31m
              [33mheight[31m=[32m"20"[31m
              [33mstroke[31m=[32m"currentColor"[31m
              [33mstroke-width[31m=[32m"1.9"[31m
              [33mviewBox[31m=[32m"0 0 24 24"[31m
              [33mwidth[31m=[32m"20"[31m
              [33mxmlns[31m=[32m"http://www.w3.org/2000/svg"[31m
            [36m>[31m
              [36m<path[31m
                [33md[31m=[32m"M19 11C19 10.1825 19 9.4306 18.8478 9.06306C18.6955 8.69552 18.4065 8.40649 17.8284 7.82843L13.0919 3.09188C12.593 2.593 12.3436 2.34355 12.0345 2.19575C11.9702 2.165 11.9044 2.13772 11.8372 2.11401C11.5141 2 11.1614 2 10.4558 2C7.21082 2 5.58831 2 4.48933 2.88607C4.26731 3.06508 4.06508 3.26731 3.88607 3.48933C3 4.58831 3 6.21082 3 9.45584V14C3 17.7712 3 19.6569 4.17157 20.8284C5.34315 22 7.22876 22 11 22H19M12 2.5V3C12 5.82843 12 7.24264 12.8787 8.12132C13.7574 9 15.1716 9 18 9H18.5"[31m
                [33mstroke[31m=[32m"currentColor"[31m
                [33mstroke-linecap[31m=[32m"round"[31m
                [33mstroke-linejoin[31m=[32m"round"[31m
                [33mstroke-width[31m=[32m"1.9"[31m
              [36m/>[31m
              [36m<path[31m
                [33md[31m=[32m"M21 14H19C18.4477 14 18 14.4477 18 15V16.5M18 16.5V19M18 16.5H20.5M7 19V17M7 17V14H8.5C9.32843 14 10 14.6716 10 15.5C10 16.3284 9.32843 17 8.5 17H7ZM12.5 14H13.7857C14.7325 14 15.5 14.7462 15.5 15.6667V17.3333C15.5 18.2538 14.7325 19 13.7857 19H12.5V14Z"[31m
                [33mstroke[31m=[32m"currentColor"[31m
                [33mstroke-linecap[31m=[32m"round"[31m
                [33mstroke-linejoin[31m=[32m"round"[31m
                [33mstroke-width[31m=[32m"1.9"[31m
              [36m/>[31m
            [36m</svg>[31m
          [36m</button>[31m
        [36m</div>[31m
      [36m</header>[31m
      [36m<section[31m
        [33mclass[31m=[32m"grid grid-cols-2 md:grid-cols-4 gap-6"[31m
      [36m>[31m
        [36m<div[31m
          [33mclass[31m=[32m"bg-rag-blue border-4 border-black p-8 shadow-[8px_8px_0px_0px_rgba(0,0,0,1)] flex flex-col justify-between h-40 group hover:-translate-y-1 transition-transform"[31m
        [36m>[31m
          [36m<div[31m
            [33mclass[31m=[32m"flex justify-between items-start"[31m
          [36m>[31m
            [36m<span[31m
              [33mclass[31m=[32m"text-[10px] font-black text-black uppercase tracking-[0.2em] italic"[31m
            [36m>[31m
              [0mArchived_Briefings[0m
            [36m</span>[31m
            [36m<svg[31m
              [33mclass[31m=[32m"text-black/20 group-hover:text-black transition-colors"[31m
              [33mcolor[31m=[32m"currentColor"[31m
              [33mfill[31m=[32m"none"[31m
              [33mheight[31m=[32m"20"[31m
              [33mstroke[31m=[32m"currentColor"[31m
              [33mstroke-width[31m=[32m"1.9"[31m
              [33mviewBox[31m=[32m"0 0 24 24"[31m
              [33mwidth[31m=[32m"20...[39m
[31m   [31m├ù[31m Reports ΓÇö export buttons on a ready report[2m > [22mclicking HTML opens the correct backend URL[33m 1045[2mms[22m[31m[39m
[31m     ΓåÆ Unable to find role="button" and name `/^html$/i`

Ignored nodes: comments, script, style
[36m<body>[31m
  [36m<div>[31m
    [36m<div[31m
      [33mclass[31m=[32m"min-h-screen bg-charcoal-dark text-silver p-6 md:p-12 space-y-12"[31m
    [36m>[31m
      [36m<header[31m
        [33mclass[31m=[32m"relative flex flex-col md:flex-row justify-between items-start md:items-end gap-8 pb-12 border-b-4 border-silver-bright/10 font-black"[31m
      [36m>[31m
        [36m<div[31m
          [33mclass[31m=[32m"space-y-4"[31m
        [36m>[31m
          [36m<div[31m
            [33mclass[31m=[32m"bg-rag-amber text-black px-4 py-1 text-xs uppercase tracking-widest inline-block shadow-[4px_4px_0px_0px_rgba(0,0,0,1)] font-black"[31m
          [36m>[31m
            [0mArchive_Matrix v8.2[0m
          [36m</div>[31m
          [36m<h1[31m
            [33mclass[31m=[32m"text-6xl md:text-8xl text-silver-bright uppercase tracking-tighter leading-none italic font-black"[31m
          [36m>[31m
            [0mAnalytics[0m
            [0m [0m
            [36m<span[31m
              [33mclass[31m=[32m"text-transparent stroke-white"[31m
              [33mstyle[31m=[32m"-webkit-text-stroke: 2px var(--accent-silver-bright);"[31m
            [36m>[31m
              [0mArchive[0m
            [36m</span>[31m
          [36m</h1>[31m
          [36m<p[31m
            [33mclass[31m=[32m"text-sm font-mono text-silver/40 uppercase tracking-widest italic leading-relaxed"[31m
          [36m>[31m
            [0mHISTORICAL_BRIEFINGS // ENCRYPTED_DOSSIERS // AUDIT_FEED[0m
          [36m</p>[31m
        [36m</div>[31m
        [36m<div[31m
          [33mclass[31m=[32m"flex items-center gap-6"[31m
        [36m>[31m
          [36m<button[31m
            [33mclass[31m=[32m"bg-charcoal border-4 border-black p-4 text-silver-bright shadow-[6px_6px_0px_0px_rgba(0,0,0,1)] hover:shadow-none hover:translate-x-1 hover:translate-y-1 transition-all"[31m
            [33mtitle[31m=[32m"Refresh Archive"[31m
          [36m>[31m
            [36m<svg[31m
              [33mclass[31m=[32m"block"[31m
              [33mcolor[31m=[32m"currentColor"[31m
              [33mfill[31m=[32m"none"[31m
              [33mheight[31m=[32m"20"[31m
              [33mstroke[31m=[32m"currentColor"[31m
              [33mstroke-width[31m=[32m"1.9"[31m
              [33mviewBox[31m=[32m"0 0 24 24"[31m
              [33mwidth[31m=[32m"20"[31m
              [33mxmlns[31m=[32m"http://www.w3.org/2000/svg"[31m
            [36m>[31m
              [36m<path[31m
                [33md[31m=[32m"M20.4879 15C19.2524 18.4956 15.9187 21 12 21C7.02943 21 3 16.9706 3 12C3 7.02943 7.02943 3 12 3C15.7292 3 18.9286 5.26806 20.2941 8.5"[31m
                [33mstroke[31m=[32m"currentColor"[31m
                [33mstroke-linecap[31m=[32m"round"[31m
                [33mstroke-linejoin[31m=[32m"round"[31m
                [33mstroke-width[31m=[32m"1.9"[31m
              [36m/>[31m
              [36m<path[31m
                [33md[31m=[32m"M15 9H18C19.4142 9 20.1213 9 20.5607 8.56066C21 8.12132 21 7.41421 21 6V3"[31m
                [33mstroke[31m=[32m"currentColor"[31m
                [33mstroke-linecap[31m=[32m"round"[31m
                [33mstroke-linejoin[31m=[32m"round"[31m
                [33mstroke-width[31m=[32m"1.9"[31m
              [36m/>[31m
            [36m</svg>[31m
          [36m</button>[31m
          [36m<button[31m
            [33mclass[31m=[32m"bg-silver-bright border-4 border-black p-4 text-black shadow-[6px_6px_0px_0px_rgba(0,0,0,1)] transition-all hover:shadow-none hover:translate-x-1 hover:translate-y-1"[31m
            [33mtitle[31m=[32m"Download Latest Briefing"[31m
          [36m>[31m
            [36m<svg[31m
              [33mclass[31m=[32m"block"[31m
              [33mcolor[31m=[32m"currentColor"[31m
              [33mfill[31m=[32m"none"[31m
              [33mheight[31m=[32m"20"[31m
              [33mstroke[31m=[32m"currentColor"[31m
              [33mstroke-width[31m=[32m"1.9"[31m
              [33mviewBox[31m=[32m"0 0 24 24"[31m
              [33mwidth[31m=[32m"20"[31m
              [33mxmlns[31m=[32m"http://www.w3.org/2000/svg"[31m
            [36m>[31m
              [36m<path[31m
                [33md[31m=[32m"M19 11C19 10.1825 19 9.4306 18.8478 9.06306C18.6955 8.69552 18.4065 8.40649 17.8284 7.82843L13.0919 3.09188C12.593 2.593 12.3436 2.34355 12.0345 2.19575C11.9702 2.165 11.9044 2.13772 11.8372 2.11401C11.5141 2 11.1614 2 10.4558 2C7.21082 2 5.58831 2 4.48933 2.88607C4.26731 3.06508 4.06508 3.26731 3.88607 3.48933C3 4.58831 3 6.21082 3 9.45584V14C3 17.7712 3 19.6569 4.17157 20.8284C5.34315 22 7.22876 22 11 22H19M12 2.5V3C12 5.82843 12 7.24264 12.8787 8.12132C13.7574 9 15.1716 9 18 9H18.5"[31m
                [33mstroke[31m=[32m"currentColor"[31m
                [33mstroke-linecap[31m=[32m"round"[31m
                [33mstroke-linejoin[31m=[32m"round"[31m
                [33mstroke-width[31m=[32m"1.9"[31m
              [36m/>[31m
              [36m<path[31m
                [33md[31m=[32m"M21 14H19C18.4477 14 18 14.4477 18 15V16.5M18 16.5V19M18 16.5H20.5M7 19V17M7 17V14H8.5C9.32843 14 10 14.6716 10 15.5C10 16.3284 9.32843 17 8.5 17H7ZM12.5 14H13.7857C14.7325 14 15.5 14.7462 15.5 15.6667V17.3333C15.5 18.2538 14.7325 19 13.7857 19H12.5V14Z"[31m
                [33mstroke[31m=[32m"currentColor"[31m
                [33mstroke-linecap[31m=[32m"round"[31m
                [33mstroke-linejoin[31m=[32m"round"[31m
                [33mstroke-width[31m=[32m"1.9"[31m
              [36m/>[31m
            [36m</svg>[31m
          [36m</button>[31m
        [36m</div>[31m
      [36m</header>[31m
      [36m<section[31m
        [33mclass[31m=[32m"grid grid-cols-2 md:grid-cols-4 gap-6"[31m
      [36m>[31m
        [36m<div[31m
          [33mclass[31m=[32m"bg-rag-blue border-4 border-black p-8 shadow-[8px_8px_0px_0px_rgba(0,0,0,1)] flex flex-col justify-between h-40 group hover:-translate-y-1 transition-transform"[31m
        [36m>[31m
          [36m<div[31m
            [33mclass[31m=[32m"flex justify-between items-start"[31m
          [36m>[31m
            [36m<span[31m
              [33mclass[31m=[32m"text-[10px] font-black text-black uppercase tracking-[0.2em] italic"[31m
            [36m>[31m
              [0mArchived_Briefings[0m
            [36m</span>[31m
            [36m<svg[31m
              [33mclass[31m=[32m"text-black/20 group-hover:text-black transition-colors"[31m
              [33mcolor[31m=[32m"currentColor"[31m
              [33mfill[31m=[32m"none"[31m
              [33mheight[31m=[32m"20"[31m
              [33mstroke[31m=[32m"currentColor"[31m
              [33mstroke-width[31m=[32m"1.9"[31m
              [33mviewBox[31m=[32m"0 0 24 24"[31m
              [33mwidth[31m=[32m"20...

Ignored nodes: comments, script, style
[36m<body>[31m
  [36m<div>[31m
    [36m<div[31m
      [33mclass[31m=[32m"min-h-screen bg-charcoal-dark text-silver p-6 md:p-12 space-y-12"[31m
    [36m>[31m
      [36m<header[31m
        [33mclass[31m=[32m"relative flex flex-col md:flex-row justify-between items-start md:items-end gap-8 pb-12 border-b-4 border-silver-bright/10 font-black"[31m
      [36m>[31m
        [36m<div[31m
          [33mclass[31m=[32m"space-y-4"[31m
        [36m>[31m
          [36m<div[31m
            [33mclass[31m=[32m"bg-rag-amber text-black px-4 py-1 text-xs uppercase tracking-widest inline-block shadow-[4px_4px_0px_0px_rgba(0,0,0,1)] font-black"[31m
          [36m>[31m
            [0mArchive_Matrix v8.2[0m
          [36m</div>[31m
          [36m<h1[31m
            [33mclass[31m=[32m"text-6xl md:text-8xl text-silver-bright uppercase tracking-tighter leading-none italic font-black"[31m
          [36m>[31m
            [0mAnalytics[0m
            [0m [0m
            [36m<span[31m
              [33mclass[31m=[32m"text-transparent stroke-white"[31m
              [33mstyle[31m=[32m"-webkit-text-stroke: 2px var(--accent-silver-bright);"[31m
            [36m>[31m
              [0mArchive[0m
            [36m</span>[31m
          [36m</h1>[31m
          [36m<p[31m
            [33mclass[31m=[32m"text-sm font-mono text-silver/40 uppercase tracking-widest italic leading-relaxed"[31m
          [36m>[31m
            [0mHISTORICAL_BRIEFINGS // ENCRYPTED_DOSSIERS // AUDIT_FEED[0m
          [36m</p>[31m
        [36m</div>[31m
        [36m<div[31m
          [33mclass[31m=[32m"flex items-center gap-6"[31m
        [36m>[31m
          [36m<button[31m
            [33mclass[31m=[32m"bg-charcoal border-4 border-black p-4 text-silver-bright shadow-[6px_6px_0px_0px_rgba(0,0,0,1)] hover:shadow-none hover:translate-x-1 hover:translate-y-1 transition-all"[31m
            [33mtitle[31m=[32m"Refresh Archive"[31m
          [36m>[31m
            [36m<svg[31m
              [33mclass[31m=[32m"block"[31m
              [33mcolor[31m=[32m"currentColor"[31m
              [33mfill[31m=[32m"none"[31m
              [33mheight[31m=[32m"20"[31m
              [33mstroke[31m=[32m"currentColor"[31m
              [33mstroke-width[31m=[32m"1.9"[31m
              [33mviewBox[31m=[32m"0 0 24 24"[31m
              [33mwidth[31m=[32m"20"[31m
              [33mxmlns[31m=[32m"http://www.w3.org/2000/svg"[31m
            [36m>[31m
              [36m<path[31m
                [33md[31m=[32m"M20.4879 15C19.2524 18.4956 15.9187 21 12 21C7.02943 21 3 16.9706 3 12C3 7.02943 7.02943 3 12 3C15.7292 3 18.9286 5.26806 20.2941 8.5"[31m
                [33mstroke[31m=[32m"currentColor"[31m
                [33mstroke-linecap[31m=[32m"round"[31m
                [33mstroke-linejoin[31m=[32m"round"[31m
                [33mstroke-width[31m=[32m"1.9"[31m
              [36m/>[31m
              [36m<path[31m
                [33md[31m=[32m"M15 9H18C19.4142 9 20.1213 9 20.5607 8.56066C21 8.12132 21 7.41421 21 6V3"[31m
                [33mstroke[31m=[32m"currentColor"[31m
                [33mstroke-linecap[31m=[32m"round"[31m
                [33mstroke-linejoin[31m=[32m"round"[31m
                [33mstroke-width[31m=[32m"1.9"[31m
              [36m/>[31m
            [36m</svg>[31m
          [36m</button>[31m
          [36m<button[31m
            [33mclass[31m=[32m"bg-silver-bright border-4 border-black p-4 text-black shadow-[6px_6px_0px_0px_rgba(0,0,0,1)] transition-all hover:shadow-none hover:translate-x-1 hover:translate-y-1"[31m
            [33mtitle[31m=[32m"Download Latest Briefing"[31m
          [36m>[31m
            [36m<svg[31m
              [33mclass[31m=[32m"block"[31m
              [33mcolor[31m=[32m"currentColor"[31m
              [33mfill[31m=[32m"none"[31m
              [33mheight[31m=[32m"20"[31m
              [33mstroke[31m=[32m"currentColor"[31m
              [33mstroke-width[31m=[32m"1.9"[31m
              [33mviewBox[31m=[32m"0 0 24 24"[31m
              [33mwidth[31m=[32m"20"[31m
              [33mxmlns[31m=[32m"http://www.w3.org/2000/svg"[31m
            [36m>[31m
              [36m<path[31m
                [33md[31m=[32m"M19 11C19 10.1825 19 9.4306 18.8478 9.06306C18.6955 8.69552 18.4065 8.40649 17.8284 7.82843L13.0919 3.09188C12.593 2.593 12.3436 2.34355 12.0345 2.19575C11.9702 2.165 11.9044 2.13772 11.8372 2.11401C11.5141 2 11.1614 2 10.4558 2C7.21082 2 5.58831 2 4.48933 2.88607C4.26731 3.06508 4.06508 3.26731 3.88607 3.48933C3 4.58831 3 6.21082 3 9.45584V14C3 17.7712 3 19.6569 4.17157 20.8284C5.34315 22 7.22876 22 11 22H19M12 2.5V3C12 5.82843 12 7.24264 12.8787 8.12132C13.7574 9 15.1716 9 18 9H18.5"[31m
                [33mstroke[31m=[32m"currentColor"[31m
                [33mstroke-linecap[31m=[32m"round"[31m
                [33mstroke-linejoin[31m=[32m"round"[31m
                [33mstroke-width[31m=[32m"1.9"[31m
              [36m/>[31m
              [36m<path[31m
                [33md[31m=[32m"M21 14H19C18.4477 14 18 14.4477 18 15V16.5M18 16.5V19M18 16.5H20.5M7 19V17M7 17V14H8.5C9.32843 14 10 14.6716 10 15.5C10 16.3284 9.32843 17 8.5 17H7ZM12.5 14H13.7857C14.7325 14 15.5 14.7462 15.5 15.6667V17.3333C15.5 18.2538 14.7325 19 13.7857 19H12.5V14Z"[31m
                [33mstroke[31m=[32m"currentColor"[31m
                [33mstroke-linecap[31m=[32m"round"[31m
                [33mstroke-linejoin[31m=[32m"round"[31m
                [33mstroke-width[31m=[32m"1.9"[31m
              [36m/>[31m
            [36m</svg>[31m
          [36m</button>[31m
        [36m</div>[31m
      [36m</header>[31m
      [36m<section[31m
        [33mclass[31m=[32m"grid grid-cols-2 md:grid-cols-4 gap-6"[31m
      [36m>[31m
        [36m<div[31m
          [33mclass[31m=[32m"bg-rag-blue border-4 border-black p-8 shadow-[8px_8px_0px_0px_rgba(0,0,0,1)] flex flex-col justify-between h-40 group hover:-translate-y-1 transition-transform"[31m
        [36m>[31m
          [36m<div[31m
            [33mclass[31m=[32m"flex justify-between items-start"[31m
          [36m>[31m
            [36m<span[31m
              [33mclass[31m=[32m"text-[10px] font-black text-black uppercase tracking-[0.2em] italic"[31m
            [36m>[31m
              [0mArchived_Briefings[0m
            [36m</span>[31m
            [36m<svg[31m
              [33mclass[31m=[32m"text-black/20 group-hover:text-black transition-colors"[31m
              [33mcolor[31m=[32m"currentColor"[31m
              [33mfill[31m=[32m"none"[31m
              [33mheight[31m=[32m"20"[31m
              [33mstroke[31m=[32m"currentColor"[31m
              [33mstroke-width[31m=[32m"1.9"[31m
              [33mviewBox[31m=[32m"0 0 24 24"[31m
              [33mwidth[31m=[32m"20...[39m
[31m   [31m├ù[31m Reports ΓÇö export buttons on a ready report[2m > [22mclicking CSV opens the correct backend URL[33m 1035[2mms[22m[31m[39m
[31m     ΓåÆ Unable to find role="button" and name `/^csv$/i`

Ignored nodes: comments, script, style
[36m<body>[31m
  [36m<div>[31m
    [36m<div[31m
      [33mclass[31m=[32m"min-h-screen bg-charcoal-dark text-silver p-6 md:p-12 space-y-12"[31m
    [36m>[31m
      [36m<header[31m
        [33mclass[31m=[32m"relative flex flex-col md:flex-row justify-between items-start md:items-end gap-8 pb-12 border-b-4 border-silver-bright/10 font-black"[31m
      [36m>[31m
        [36m<div[31m
          [33mclass[31m=[32m"space-y-4"[31m
        [36m>[31m
          [36m<div[31m
            [33mclass[31m=[32m"bg-rag-amber text-black px-4 py-1 text-xs uppercase tracking-widest inline-block shadow-[4px_4px_0px_0px_rgba(0,0,0,1)] font-black"[31m
          [36m>[31m
            [0mArchive_Matrix v8.2[0m
          [36m</div>[31m
          [36m<h1[31m
            [33mclass[31m=[32m"text-6xl md:text-8xl text-silver-bright uppercase tracking-tighter leading-none italic font-black"[31m
          [36m>[31m
            [0mAnalytics[0m
            [0m [0m
            [36m<span[31m
              [33mclass[31m=[32m"text-transparent stroke-white"[31m
              [33mstyle[31m=[32m"-webkit-text-stroke: 2px var(--accent-silver-bright);"[31m
            [36m>[31m
              [0mArchive[0m
            [36m</span>[31m
          [36m</h1>[31m
          [36m<p[31m
            [33mclass[31m=[32m"text-sm font-mono text-silver/40 uppercase tracking-widest italic leading-relaxed"[31m
          [36m>[31m
            [0mHISTORICAL_BRIEFINGS // ENCRYPTED_DOSSIERS // AUDIT_FEED[0m
          [36m</p>[31m
        [36m</div>[31m
        [36m<div[31m
          [33mclass[31m=[32m"flex items-center gap-6"[31m
        [36m>[31m
          [36m<button[31m
            [33mclass[31m=[32m"bg-charcoal border-4 border-black p-4 text-silver-bright shadow-[6px_6px_0px_0px_rgba(0,0,0,1)] hover:shadow-none hover:translate-x-1 hover:translate-y-1 transition-all"[31m
            [33mtitle[31m=[32m"Refresh Archive"[31m
          [36m>[31m
            [36m<svg[31m
              [33mclass[31m=[32m"block"[31m
              [33mcolor[31m=[32m"currentColor"[31m
              [33mfill[31m=[32m"none"[31m
              [33mheight[31m=[32m"20"[31m
              [33mstroke[31m=[32m"currentColor"[31m
              [33mstroke-width[31m=[32m"1.9"[31m
              [33mviewBox[31m=[32m"0 0 24 24"[31m
              [33mwidth[31m=[32m"20"[31m
              [33mxmlns[31m=[32m"http://www.w3.org/2000/svg"[31m
            [36m>[31m
              [36m<path[31m
                [33md[31m=[32m"M20.4879 15C19.2524 18.4956 15.9187 21 12 21C7.02943 21 3 16.9706 3 12C3 7.02943 7.02943 3 12 3C15.7292 3 18.9286 5.26806 20.2941 8.5"[31m
                [33mstroke[31m=[32m"currentColor"[31m
                [33mstroke-linecap[31m=[32m"round"[31m
                [33mstroke-linejoin[31m=[32m"round"[31m
                [33mstroke-width[31m=[32m"1.9"[31m
              [36m/>[31m
              [36m<path[31m
                [33md[31m=[32m"M15 9H18C19.4142 9 20.1213 9 20.5607 8.56066C21 8.12132 21 7.41421 21 6V3"[31m
                [33mstroke[31m=[32m"currentColor"[31m
                [33mstroke-linecap[31m=[32m"round"[31m
                [33mstroke-linejoin[31m=[32m"round"[31m
                [33mstroke-width[31m=[32m"1.9"[31m
              [36m/>[31m
            [36m</svg>[31m
          [36m</button>[31m
          [36m<button[31m
            [33mclass[31m=[32m"bg-silver-bright border-4 border-black p-4 text-black shadow-[6px_6px_0px_0px_rgba(0,0,0,1)] transition-all hover:shadow-none hover:translate-x-1 hover:translate-y-1"[31m
            [33mtitle[31m=[32m"Download Latest Briefing"[31m
          [36m>[31m
            [36m<svg[31m
              [33mclass[31m=[32m"block"[31m
              [33mcolor[31m=[32m"currentColor"[31m
              [33mfill[31m=[32m"none"[31m
              [33mheight[31m=[32m"20"[31m
              [33mstroke[31m=[32m"currentColor"[31m
              [33mstroke-width[31m=[32m"1.9"[31m
              [33mviewBox[31m=[32m"0 0 24 24"[31m
              [33mwidth[31m=[32m"20"[31m
              [33mxmlns[31m=[32m"http://www.w3.org/2000/svg"[31m
            [36m>[31m
              [36m<path[31m
                [33md[31m=[32m"M19 11C19 10.1825 19 9.4306 18.8478 9.06306C18.6955 8.69552 18.4065 8.40649 17.8284 7.82843L13.0919 3.09188C12.593 2.593 12.3436 2.34355 12.0345 2.19575C11.9702 2.165 11.9044 2.13772 11.8372 2.11401C11.5141 2 11.1614 2 10.4558 2C7.21082 2 5.58831 2 4.48933 2.88607C4.26731 3.06508 4.06508 3.26731 3.88607 3.48933C3 4.58831 3 6.21082 3 9.45584V14C3 17.7712 3 19.6569 4.17157 20.8284C5.34315 22 7.22876 22 11 22H19M12 2.5V3C12 5.82843 12 7.24264 12.8787 8.12132C13.7574 9 15.1716 9 18 9H18.5"[31m
                [33mstroke[31m=[32m"currentColor"[31m
                [33mstroke-linecap[31m=[32m"round"[31m
                [33mstroke-linejoin[31m=[32m"round"[31m
                [33mstroke-width[31m=[32m"1.9"[31m
              [36m/>[31m
              [36m<path[31m
                [33md[31m=[32m"M21 14H19C18.4477 14 18 14.4477 18 15V16.5M18 16.5V19M18 16.5H20.5M7 19V17M7 17V14H8.5C9.32843 14 10 14.6716 10 15.5C10 16.3284 9.32843 17 8.5 17H7ZM12.5 14H13.7857C14.7325 14 15.5 14.7462 15.5 15.6667V17.3333C15.5 18.2538 14.7325 19 13.7857 19H12.5V14Z"[31m
                [33mstroke[31m=[32m"currentColor"[31m
                [33mstroke-linecap[31m=[32m"round"[31m
                [33mstroke-linejoin[31m=[32m"round"[31m
                [33mstroke-width[31m=[32m"1.9"[31m
              [36m/>[31m
            [36m</svg>[31m
          [36m</button>[31m
        [36m</div>[31m
      [36m</header>[31m
      [36m<section[31m
        [33mclass[31m=[32m"grid grid-cols-2 md:grid-cols-4 gap-6"[31m
      [36m>[31m
        [36m<div[31m
          [33mclass[31m=[32m"bg-rag-blue border-4 border-black p-8 shadow-[8px_8px_0px_0px_rgba(0,0,0,1)] flex flex-col justify-between h-40 group hover:-translate-y-1 transition-transform"[31m
        [36m>[31m
          [36m<div[31m
            [33mclass[31m=[32m"flex justify-between items-start"[31m
          [36m>[31m
            [36m<span[31m
              [33mclass[31m=[32m"text-[10px] font-black text-black uppercase tracking-[0.2em] italic"[31m
            [36m>[31m
              [0mArchived_Briefings[0m
            [36m</span>[31m
            [36m<svg[31m
              [33mclass[31m=[32m"text-black/20 group-hover:text-black transition-colors"[31m
              [33mcolor[31m=[32m"currentColor"[31m
              [33mfill[31m=[32m"none"[31m
              [33mheight[31m=[32m"20"[31m
              [33mstroke[31m=[32m"currentColor"[31m
              [33mstroke-width[31m=[32m"1.9"[31m
              [33mviewBox[31m=[32m"0 0 24 24"[31m
              [33mwidth[31m=[32m"20...

Ignored nodes: comments, script, style
[36m<body>[31m
  [36m<div>[31m
    [36m<div[31m
      [33mclass[31m=[32m"min-h-screen bg-charcoal-dark text-silver p-6 md:p-12 space-y-12"[31m
    [36m>[31m
      [36m<header[31m
        [33mclass[31m=[32m"relative flex flex-col md:flex-row justify-between items-start md:items-end gap-8 pb-12 border-b-4 border-silver-bright/10 font-black"[31m
      [36m>[31m
        [36m<div[31m
          [33mclass[31m=[32m"space-y-4"[31m
        [36m>[31m
          [36m<div[31m
            [33mclass[31m=[32m"bg-rag-amber text-black px-4 py-1 text-xs uppercase tracking-widest inline-block shadow-[4px_4px_0px_0px_rgba(0,0,0,1)] font-black"[31m
          [36m>[31m
            [0mArchive_Matrix v8.2[0m
          [36m</div>[31m
          [36m<h1[31m
            [33mclass[31m=[32m"text-6xl md:text-8xl text-silver-bright uppercase tracking-tighter leading-none italic font-black"[31m
          [36m>[31m
            [0mAnalytics[0m
            [0m [0m
            [36m<span[31m
              [33mclass[31m=[32m"text-transparent stroke-white"[31m
              [33mstyle[31m=[32m"-webkit-text-stroke: 2px var(--accent-silver-bright);"[31m
            [36m>[31m
              [0mArchive[0m
            [36m</span>[31m
          [36m</h1>[31m
          [36m<p[31m
            [33mclass[31m=[32m"text-sm font-mono text-silver/40 uppercase tracking-widest italic leading-relaxed"[31m
          [36m>[31m
            [0mHISTORICAL_BRIEFINGS // ENCRYPTED_DOSSIERS // AUDIT_FEED[0m
          [36m</p>[31m
        [36m</div>[31m
        [36m<div[31m
          [33mclass[31m=[32m"flex items-center gap-6"[31m
        [36m>[31m
          [36m<button[31m
            [33mclass[31m=[32m"bg-charcoal border-4 border-black p-4 text-silver-bright shadow-[6px_6px_0px_0px_rgba(0,0,0,1)] hover:shadow-none hover:translate-x-1 hover:translate-y-1 transition-all"[31m
            [33mtitle[31m=[32m"Refresh Archive"[31m
          [36m>[31m
            [36m<svg[31m
              [33mclass[31m=[32m"block"[31m
              [33mcolor[31m=[32m"currentColor"[31m
              [33mfill[31m=[32m"none"[31m
              [33mheight[31m=[32m"20"[31m
              [33mstroke[31m=[32m"currentColor"[31m
              [33mstroke-width[31m=[32m"1.9"[31m
              [33mviewBox[31m=[32m"0 0 24 24"[31m
              [33mwidth[31m=[32m"20"[31m
              [33mxmlns[31m=[32m"http://www.w3.org/2000/svg"[31m
            [36m>[31m
              [36m<path[31m
                [33md[31m=[32m"M20.4879 15C19.2524 18.4956 15.9187 21 12 21C7.02943 21 3 16.9706 3 12C3 7.02943 7.02943 3 12 3C15.7292 3 18.9286 5.26806 20.2941 8.5"[31m
                [33mstroke[31m=[32m"currentColor"[31m
                [33mstroke-linecap[31m=[32m"round"[31m
                [33mstroke-linejoin[31m=[32m"round"[31m
                [33mstroke-width[31m=[32m"1.9"[31m
              [36m/>[31m
              [36m<path[31m
                [33md[31m=[32m"M15 9H18C19.4142 9 20.1213 9 20.5607 8.56066C21 8.12132 21 7.41421 21 6V3"[31m
                [33mstroke[31m=[32m"currentColor"[31m
                [33mstroke-linecap[31m=[32m"round"[31m
                [33mstroke-linejoin[31m=[32m"round"[31m
                [33mstroke-width[31m=[32m"1.9"[31m
              [36m/>[31m
            [36m</svg>[31m
          [36m</button>[31m
          [36m<button[31m
            [33mclass[31m=[32m"bg-silver-bright border-4 border-black p-4 text-black shadow-[6px_6px_0px_0px_rgba(0,0,0,1)] transition-all hover:shadow-none hover:translate-x-1 hover:translate-y-1"[31m
            [33mtitle[31m=[32m"Download Latest Briefing"[31m
          [36m>[31m
            [36m<svg[31m
              [33mclass[31m=[32m"block"[31m
              [33mcolor[31m=[32m"currentColor"[31m
              [33mfill[31m=[32m"none"[31m
              [33mheight[31m=[32m"20"[31m
              [33mstroke[31m=[32m"currentColor"[31m
              [33mstroke-width[31m=[32m"1.9"[31m
              [33mviewBox[31m=[32m"0 0 24 24"[31m
              [33mwidth[31m=[32m"20"[31m
              [33mxmlns[31m=[32m"http://www.w3.org/2000/svg"[31m
            [36m>[31m
              [36m<path[31m
                [33md[31m=[32m"M19 11C19 10.1825 19 9.4306 18.8478 9.06306C18.6955 8.69552 18.4065 8.40649 17.8284 7.82843L13.0919 3.09188C12.593 2.593 12.3436 2.34355 12.0345 2.19575C11.9702 2.165 11.9044 2.13772 11.8372 2.11401C11.5141 2 11.1614 2 10.4558 2C7.21082 2 5.58831 2 4.48933 2.88607C4.26731 3.06508 4.06508 3.26731 3.88607 3.48933C3 4.58831 3 6.21082 3 9.45584V14C3 17.7712 3 19.6569 4.17157 20.8284C5.34315 22 7.22876 22 11 22H19M12 2.5V3C12 5.82843 12 7.24264 12.8787 8.12132C13.7574 9 15.1716 9 18 9H18.5"[31m
                [33mstroke[31m=[32m"currentColor"[31m
                [33mstroke-linecap[31m=[32m"round"[31m
                [33mstroke-linejoin[31m=[32m"round"[31m
                [33mstroke-width[31m=[32m"1.9"[31m
              [36m/>[31m
              [36m<path[31m
                [33md[31m=[32m"M21 14H19C18.4477 14 18 14.4477 18 15V16.5M18 16.5V19M18 16.5H20.5M7 19V17M7 17V14H8.5C9.32843 14 10 14.6716 10 15.5C10 16.3284 9.32843 17 8.5 17H7ZM12.5 14H13.7857C14.7325 14 15.5 14.7462 15.5 15.6667V17.3333C15.5 18.2538 14.7325 19 13.7857 19H12.5V14Z"[31m
                [33mstroke[31m=[32m"currentColor"[31m
                [33mstroke-linecap[31m=[32m"round"[31m
                [33mstroke-linejoin[31m=[32m"round"[31m
                [33mstroke-width[31m=[32m"1.9"[31m
              [36m/>[31m
            [36m</svg>[31m
          [36m</button>[31m
        [36m</div>[31m
      [36m</header>[31m
      [36m<section[31m
        [33mclass[31m=[32m"grid grid-cols-2 md:grid-cols-4 gap-6"[31m
      [36m>[31m
        [36m<div[31m
          [33mclass[31m=[32m"bg-rag-blue border-4 border-black p-8 shadow-[8px_8px_0px_0px_rgba(0,0,0,1)] flex flex-col justify-between h-40 group hover:-translate-y-1 transition-transform"[31m
        [36m>[31m
          [36m<div[31m
            [33mclass[31m=[32m"flex justify-between items-start"[31m
          [36m>[31m
            [36m<span[31m
              [33mclass[31m=[32m"text-[10px] font-black text-black uppercase tracking-[0.2em] italic"[31m
            [36m>[31m
              [0mArchived_Briefings[0m
            [36m</span>[31m
            [36m<svg[31m
              [33mclass[31m=[32m"text-black/20 group-hover:text-black transition-colors"[31m
              [33mcolor[31m=[32m"currentColor"[31m
              [33mfill[31m=[32m"none"[31m
              [33mheight[31m=[32m"20"[31m
              [33mstroke[31m=[32m"currentColor"[31m
              [33mstroke-width[31m=[32m"1.9"[31m
              [33mviewBox[31m=[32m"0 0 24 24"[31m
              [33mwidth[31m=[32m"20...[39m
[31m   [31m├ù[31m Reports ΓÇö export buttons on a ready report[2m > [22mdoes not use the old placeholder latest-report route[33m 1037[2mms[22m[31m[39m
[31m     ΓåÆ Unable to find role="button" and name `/^pdf$/i`

Ignored nodes: comments, script, style
[36m<body>[31m
  [36m<div>[31m
    [36m<div[31m
      [33mclass[31m=[32m"min-h-screen bg-charcoal-dark text-silver p-6 md:p-12 space-y-12"[31m
    [36m>[31m
      [36m<header[31m
        [33mclass[31m=[32m"relative flex flex-col md:flex-row justify-between items-start md:items-end gap-8 pb-12 border-b-4 border-silver-bright/10 font-black"[31m
      [36m>[31m
        [36m<div[31m
          [33mclass[31m=[32m"space-y-4"[31m
        [36m>[31m
          [36m<div[31m
            [33mclass[31m=[32m"bg-rag-amber text-black px-4 py-1 text-xs uppercase tracking-widest inline-block shadow-[4px_4px_0px_0px_rgba(0,0,0,1)] font-black"[31m
          [36m>[31m
            [0mArchive_Matrix v8.2[0m
          [36m</div>[31m
          [36m<h1[31m
            [33mclass[31m=[32m"text-6xl md:text-8xl text-silver-bright uppercase tracking-tighter leading-none italic font-black"[31m
          [36m>[31m
            [0mAnalytics[0m
            [0m [0m
            [36m<span[31m
              [33mclass[31m=[32m"text-transparent stroke-white"[31m
              [33mstyle[31m=[32m"-webkit-text-stroke: 2px var(--accent-silver-bright);"[31m
            [36m>[31m
              [0mArchive[0m
            [36m</span>[31m
          [36m</h1>[31m
          [36m<p[31m
            [33mclass[31m=[32m"text-sm font-mono text-silver/40 uppercase tracking-widest italic leading-relaxed"[31m
          [36m>[31m
            [0mHISTORICAL_BRIEFINGS // ENCRYPTED_DOSSIERS // AUDIT_FEED[0m
          [36m</p>[31m
        [36m</div>[31m
        [36m<div[31m
          [33mclass[31m=[32m"flex items-center gap-6"[31m
        [36m>[31m
          [36m<button[31m
            [33mclass[31m=[32m"bg-charcoal border-4 border-black p-4 text-silver-bright shadow-[6px_6px_0px_0px_rgba(0,0,0,1)] hover:shadow-none hover:translate-x-1 hover:translate-y-1 transition-all"[31m
            [33mtitle[31m=[32m"Refresh Archive"[31m
          [36m>[31m
            [36m<svg[31m
              [33mclass[31m=[32m"block"[31m
              [33mcolor[31m=[32m"currentColor"[31m
              [33mfill[31m=[32m"none"[31m
              [33mheight[31m=[32m"20"[31m
              [33mstroke[31m=[32m"currentColor"[31m
              [33mstroke-width[31m=[32m"1.9"[31m
              [33mviewBox[31m=[32m"0 0 24 24"[31m
              [33mwidth[31m=[32m"20"[31m
              [33mxmlns[31m=[32m"http://www.w3.org/2000/svg"[31m
            [36m>[31m
              [36m<path[31m
                [33md[31m=[32m"M20.4879 15C19.2524 18.4956 15.9187 21 12 21C7.02943 21 3 16.9706 3 12C3 7.02943 7.02943 3 12 3C15.7292 3 18.9286 5.26806 20.2941 8.5"[31m
                [33mstroke[31m=[32m"currentColor"[31m
                [33mstroke-linecap[31m=[32m"round"[31m
                [33mstroke-linejoin[31m=[32m"round"[31m
                [33mstroke-width[31m=[32m"1.9"[31m
              [36m/>[31m
              [36m<path[31m
                [33md[31m=[32m"M15 9H18C19.4142 9 20.1213 9 20.5607 8.56066C21 8.12132 21 7.41421 21 6V3"[31m
                [33mstroke[31m=[32m"currentColor"[31m
                [33mstroke-linecap[31m=[32m"round"[31m
                [33mstroke-linejoin[31m=[32m"round"[31m
                [33mstroke-width[31m=[32m"1.9"[31m
              [36m/>[31m
            [36m</svg>[31m
          [36m</button>[31m
          [36m<button[31m
            [33mclass[31m=[32m"bg-silver-bright border-4 border-black p-4 text-black shadow-[6px_6px_0px_0px_rgba(0,0,0,1)] transition-all hover:shadow-none hover:translate-x-1 hover:translate-y-1"[31m
            [33mtitle[31m=[32m"Download Latest Briefing"[31m
          [36m>[31m
            [36m<svg[31m
              [33mclass[31m=[32m"block"[31m
              [33mcolor[31m=[32m"currentColor"[31m
              [33mfill[31m=[32m"none"[31m
              [33mheight[31m=[32m"20"[31m
              [33mstroke[31m=[32m"currentColor"[31m
              [33mstroke-width[31m=[32m"1.9"[31m
              [33mviewBox[31m=[32m"0 0 24 24"[31m
              [33mwidth[31m=[32m"20"[31m
              [33mxmlns[31m=[32m"http://www.w3.org/2000/svg"[31m
            [36m>[31m
              [36m<path[31m
                [33md[31m=[32m"M19 11C19 10.1825 19 9.4306 18.8478 9.06306C18.6955 8.69552 18.4065 8.40649 17.8284 7.82843L13.0919 3.09188C12.593 2.593 12.3436 2.34355 12.0345 2.19575C11.9702 2.165 11.9044 2.13772 11.8372 2.11401C11.5141 2 11.1614 2 10.4558 2C7.21082 2 5.58831 2 4.48933 2.88607C4.26731 3.06508 4.06508 3.26731 3.88607 3.48933C3 4.58831 3 6.21082 3 9.45584V14C3 17.7712 3 19.6569 4.17157 20.8284C5.34315 22 7.22876 22 11 22H19M12 2.5V3C12 5.82843 12 7.24264 12.8787 8.12132C13.7574 9 15.1716 9 18 9H18.5"[31m
                [33mstroke[31m=[32m"currentColor"[31m
                [33mstroke-linecap[31m=[32m"round"[31m
                [33mstroke-linejoin[31m=[32m"round"[31m
                [33mstroke-width[31m=[32m"1.9"[31m
              [36m/>[31m
              [36m<path[31m
                [33md[31m=[32m"M21 14H19C18.4477 14 18 14.4477 18 15V16.5M18 16.5V19M18 16.5H20.5M7 19V17M7 17V14H8.5C9.32843 14 10 14.6716 10 15.5C10 16.3284 9.32843 17 8.5 17H7ZM12.5 14H13.7857C14.7325 14 15.5 14.7462 15.5 15.6667V17.3333C15.5 18.2538 14.7325 19 13.7857 19H12.5V14Z"[31m
                [33mstroke[31m=[32m"currentColor"[31m
                [33mstroke-linecap[31m=[32m"round"[31m
                [33mstroke-linejoin[31m=[32m"round"[31m
                [33mstroke-width[31m=[32m"1.9"[31m
              [36m/>[31m
            [36m</svg>[31m
          [36m</button>[31m
        [36m</div>[31m
      [36m</header>[31m
      [36m<section[31m
        [33mclass[31m=[32m"grid grid-cols-2 md:grid-cols-4 gap-6"[31m
      [36m>[31m
        [36m<div[31m
          [33mclass[31m=[32m"bg-rag-blue border-4 border-black p-8 shadow-[8px_8px_0px_0px_rgba(0,0,0,1)] flex flex-col justify-between h-40 group hover:-translate-y-1 transition-transform"[31m
        [36m>[31m
          [36m<div[31m
            [33mclass[31m=[32m"flex justify-between items-start"[31m
          [36m>[31m
            [36m<span[31m
              [33mclass[31m=[32m"text-[10px] font-black text-black uppercase tracking-[0.2em] italic"[31m
            [36m>[31m
              [0mArchived_Briefings[0m
            [36m</span>[31m
            [36m<svg[31m
              [33mclass[31m=[32m"text-black/20 group-hover:text-black transition-colors"[31m
              [33mcolor[31m=[32m"currentColor"[31m
              [33mfill[31m=[32m"none"[31m
              [33mheight[31m=[32m"20"[31m
              [33mstroke[31m=[32m"currentColor"[31m
              [33mstroke-width[31m=[32m"1.9"[31m
              [33mviewBox[31m=[32m"0 0 24 24"[31m
              [33mwidth[31m=[32m"20...

Ignored nodes: comments, script, style
[36m<body>[31m
  [36m<div>[31m
    [36m<div[31m
      [33mclass[31m=[32m"min-h-screen bg-charcoal-dark text-silver p-6 md:p-12 space-y-12"[31m
    [36m>[31m
      [36m<header[31m
        [33mclass[31m=[32m"relative flex flex-col md:flex-row justify-between items-start md:items-end gap-8 pb-12 border-b-4 border-silver-bright/10 font-black"[31m
      [36m>[31m
        [36m<div[31m
          [33mclass[31m=[32m"space-y-4"[31m
        [36m>[31m
          [36m<div[31m
            [33mclass[31m=[32m"bg-rag-amber text-black px-4 py-1 text-xs uppercase tracking-widest inline-block shadow-[4px_4px_0px_0px_rgba(0,0,0,1)] font-black"[31m
          [36m>[31m
            [0mArchive_Matrix v8.2[0m
          [36m</div>[31m
          [36m<h1[31m
            [33mclass[31m=[32m"text-6xl md:text-8xl text-silver-bright uppercase tracking-tighter leading-none italic font-black"[31m
          [36m>[31m
            [0mAnalytics[0m
            [0m [0m
            [36m<span[31m
              [33mclass[31m=[32m"text-transparent stroke-white"[31m
              [33mstyle[31m=[32m"-webkit-text-stroke: 2px var(--accent-silver-bright);"[31m
            [36m>[31m
              [0mArchive[0m
            [36m</span>[31m
          [36m</h1>[31m
          [36m<p[31m
            [33mclass[31m=[32m"text-sm font-mono text-silver/40 uppercase tracking-widest italic leading-relaxed"[31m
          [36m>[31m
            [0mHISTORICAL_BRIEFINGS // ENCRYPTED_DOSSIERS // AUDIT_FEED[0m
          [36m</p>[31m
        [36m</div>[31m
        [36m<div[31m
          [33mclass[31m=[32m"flex items-center gap-6"[31m
        [36m>[31m
          [36m<button[31m
            [33mclass[31m=[32m"bg-charcoal border-4 border-black p-4 text-silver-bright shadow-[6px_6px_0px_0px_rgba(0,0,0,1)] hover:shadow-none hover:translate-x-1 hover:translate-y-1 transition-all"[31m
            [33mtitle[31m=[32m"Refresh Archive"[31m
          [36m>[31m
            [36m<svg[31m
              [33mclass[31m=[32m"block"[31m
              [33mcolor[31m=[32m"currentColor"[31m
              [33mfill[31m=[32m"none"[31m
              [33mheight[31m=[32m"20"[31m
              [33mstroke[31m=[32m"currentColor"[31m
              [33mstroke-width[31m=[32m"1.9"[31m
              [33mviewBox[31m=[32m"0 0 24 24"[31m
              [33mwidth[31m=[32m"20"[31m
              [33mxmlns[31m=[32m"http://www.w3.org/2000/svg"[31m
            [36m>[31m
              [36m<path[31m
                [33md[31m=[32m"M20.4879 15C19.2524 18.4956 15.9187 21 12 21C7.02943 21 3 16.9706 3 12C3 7.02943 7.02943 3 12 3C15.7292 3 18.9286 5.26806 20.2941 8.5"[31m
                [33mstroke[31m=[32m"currentColor"[31m
                [33mstroke-linecap[31m=[32m"round"[31m
                [33mstroke-linejoin[31m=[32m"round"[31m
                [33mstroke-width[31m=[32m"1.9"[31m
              [36m/>[31m
              [36m<path[31m
                [33md[31m=[32m"M15 9H18C19.4142 9 20.1213 9 20.5607 8.56066C21 8.12132 21 7.41421 21 6V3"[31m
                [33mstroke[31m=[32m"currentColor"[31m
                [33mstroke-linecap[31m=[32m"round"[31m
                [33mstroke-linejoin[31m=[32m"round"[31m
                [33mstroke-width[31m=[32m"1.9"[31m
              [36m/>[31m
            [36m</svg>[31m
          [36m</button>[31m
          [36m<button[31m
            [33mclass[31m=[32m"bg-silver-bright border-4 border-black p-4 text-black shadow-[6px_6px_0px_0px_rgba(0,0,0,1)] transition-all hover:shadow-none hover:translate-x-1 hover:translate-y-1"[31m
            [33mtitle[31m=[32m"Download Latest Briefing"[31m
          [36m>[31m
            [36m<svg[31m
              [33mclass[31m=[32m"block"[31m
              [33mcolor[31m=[32m"currentColor"[31m
              [33mfill[31m=[32m"none"[31m
              [33mheight[31m=[32m"20"[31m
              [33mstroke[31m=[32m"currentColor"[31m
              [33mstroke-width[31m=[32m"1.9"[31m
              [33mviewBox[31m=[32m"0 0 24 24"[31m
              [33mwidth[31m=[32m"20"[31m
              [33mxmlns[31m=[32m"http://www.w3.org/2000/svg"[31m
            [36m>[31m
              [36m<path[31m
                [33md[31m=[32m"M19 11C19 10.1825 19 9.4306 18.8478 9.06306C18.6955 8.69552 18.4065 8.40649 17.8284 7.82843L13.0919 3.09188C12.593 2.593 12.3436 2.34355 12.0345 2.19575C11.9702 2.165 11.9044 2.13772 11.8372 2.11401C11.5141 2 11.1614 2 10.4558 2C7.21082 2 5.58831 2 4.48933 2.88607C4.26731 3.06508 4.06508 3.26731 3.88607 3.48933C3 4.58831 3 6.21082 3 9.45584V14C3 17.7712 3 19.6569 4.17157 20.8284C5.34315 22 7.22876 22 11 22H19M12 2.5V3C12 5.82843 12 7.24264 12.8787 8.12132C13.7574 9 15.1716 9 18 9H18.5"[31m
                [33mstroke[31m=[32m"currentColor"[31m
                [33mstroke-linecap[31m=[32m"round"[31m
                [33mstroke-linejoin[31m=[32m"round"[31m
                [33mstroke-width[31m=[32m"1.9"[31m
              [36m/>[31m
              [36m<path[31m
                [33md[31m=[32m"M21 14H19C18.4477 14 18 14.4477 18 15V16.5M18 16.5V19M18 16.5H20.5M7 19V17M7 17V14H8.5C9.32843 14 10 14.6716 10 15.5C10 16.3284 9.32843 17 8.5 17H7ZM12.5 14H13.7857C14.7325 14 15.5 14.7462 15.5 15.6667V17.3333C15.5 18.2538 14.7325 19 13.7857 19H12.5V14Z"[31m
                [33mstroke[31m=[32m"currentColor"[31m
                [33mstroke-linecap[31m=[32m"round"[31m
                [33mstroke-linejoin[31m=[32m"round"[31m
                [33mstroke-width[31m=[32m"1.9"[31m
              [36m/>[31m
            [36m</svg>[31m
          [36m</button>[31m
        [36m</div>[31m
      [36m</header>[31m
      [36m<section[31m
        [33mclass[31m=[32m"grid grid-cols-2 md:grid-cols-4 gap-6"[31m
      [36m>[31m
        [36m<div[31m
          [33mclass[31m=[32m"bg-rag-blue border-4 border-black p-8 shadow-[8px_8px_0px_0px_rgba(0,0,0,1)] flex flex-col justify-between h-40 group hover:-translate-y-1 transition-transform"[31m
        [36m>[31m
          [36m<div[31m
            [33mclass[31m=[32m"flex justify-between items-start"[31m
          [36m>[31m
            [36m<span[31m
              [33mclass[31m=[32m"text-[10px] font-black text-black uppercase tracking-[0.2em] italic"[31m
            [36m>[31m
              [0mArchived_Briefings[0m
            [36m</span>[31m
            [36m<svg[31m
              [33mclass[31m=[32m"text-black/20 group-hover:text-black transition-colors"[31m
              [33mcolor[31m=[32m"currentColor"[31m
              [33mfill[31m=[32m"none"[31m
              [33mheight[31m=[32m"20"[31m
              [33mstroke[31m=[32m"currentColor"[31m
              [33mstroke-width[31m=[32m"1.9"[31m
              [33mviewBox[31m=[32m"0 0 24 24"[31m
              [33mwidth[31m=[32m"20...[39m
[31m   [31m├ù[31m Reports ΓÇö export buttons on a failed report[2m > [22mexport buttons are enabled for a failed report since backend supports it[33m 1037[2mms[22m[31m[39m
[31m     ΓåÆ Unable to find role="button" and name `/^pdf$/i`

Ignored nodes: comments, script, style
[36m<body>[31m
  [36m<div>[31m
    [36m<div[31m
      [33mclass[31m=[32m"min-h-screen bg-charcoal-dark text-silver p-6 md:p-12 space-y-12"[31m
    [36m>[31m
      [36m<header[31m
        [33mclass[31m=[32m"relative flex flex-col md:flex-row justify-between items-start md:items-end gap-8 pb-12 border-b-4 border-silver-bright/10 font-black"[31m
      [36m>[31m
        [36m<div[31m
          [33mclass[31m=[32m"space-y-4"[31m
        [36m>[31m
          [36m<div[31m
            [33mclass[31m=[32m"bg-rag-amber text-black px-4 py-1 text-xs uppercase tracking-widest inline-block shadow-[4px_4px_0px_0px_rgba(0,0,0,1)] font-black"[31m
          [36m>[31m
            [0mArchive_Matrix v8.2[0m
          [36m</div>[31m
          [36m<h1[31m
            [33mclass[31m=[32m"text-6xl md:text-8xl text-silver-bright uppercase tracking-tighter leading-none italic font-black"[31m
          [36m>[31m
            [0mAnalytics[0m
            [0m [0m
            [36m<span[31m
              [33mclass[31m=[32m"text-transparent stroke-white"[31m
              [33mstyle[31m=[32m"-webkit-text-stroke: 2px var(--accent-silver-bright);"[31m
            [36m>[31m
              [0mArchive[0m
            [36m</span>[31m
          [36m</h1>[31m
          [36m<p[31m
            [33mclass[31m=[32m"text-sm font-mono text-silver/40 uppercase tracking-widest italic leading-relaxed"[31m
          [36m>[31m
            [0mHISTORICAL_BRIEFINGS // ENCRYPTED_DOSSIERS // AUDIT_FEED[0m
          [36m</p>[31m
        [36m</div>[31m
        [36m<div[31m
          [33mclass[31m=[32m"flex items-center gap-6"[31m
        [36m>[31m
          [36m<button[31m
            [33mclass[31m=[32m"bg-charcoal border-4 border-black p-4 text-silver-bright shadow-[6px_6px_0px_0px_rgba(0,0,0,1)] hover:shadow-none hover:translate-x-1 hover:translate-y-1 transition-all"[31m
            [33mtitle[31m=[32m"Refresh Archive"[31m
          [36m>[31m
            [36m<svg[31m
              [33mclass[31m=[32m"block"[31m
              [33mcolor[31m=[32m"currentColor"[31m
              [33mfill[31m=[32m"none"[31m
              [33mheight[31m=[32m"20"[31m
              [33mstroke[31m=[32m"currentColor"[31m
              [33mstroke-width[31m=[32m"1.9"[31m
              [33mviewBox[31m=[32m"0 0 24 24"[31m
              [33mwidth[31m=[32m"20"[31m
              [33mxmlns[31m=[32m"http://www.w3.org/2000/svg"[31m
            [36m>[31m
              [36m<path[31m
                [33md[31m=[32m"M20.4879 15C19.2524 18.4956 15.9187 21 12 21C7.02943 21 3 16.9706 3 12C3 7.02943 7.02943 3 12 3C15.7292 3 18.9286 5.26806 20.2941 8.5"[31m
                [33mstroke[31m=[32m"currentColor"[31m
                [33mstroke-linecap[31m=[32m"round"[31m
                [33mstroke-linejoin[31m=[32m"round"[31m
                [33mstroke-width[31m=[32m"1.9"[31m
              [36m/>[31m
              [36m<path[31m
                [33md[31m=[32m"M15 9H18C19.4142 9 20.1213 9 20.5607 8.56066C21 8.12132 21 7.41421 21 6V3"[31m
                [33mstroke[31m=[32m"currentColor"[31m
                [33mstroke-linecap[31m=[32m"round"[31m
                [33mstroke-linejoin[31m=[32m"round"[31m
                [33mstroke-width[31m=[32m"1.9"[31m
              [36m/>[31m
            [36m</svg>[31m
          [36m</button>[31m
          [36m<button[31m
            [33mclass[31m=[32m"bg-silver-bright border-4 border-black p-4 text-black shadow-[6px_6px_0px_0px_rgba(0,0,0,1)] transition-all opacity-50 cursor-not-allowed"[31m
            [33mdisabled[31m=[32m""[31m
            [33mtitle[31m=[32m"No ready report available"[31m
          [36m>[31m
            [36m<svg[31m
              [33mclass[31m=[32m"block"[31m
              [33mcolor[31m=[32m"currentColor"[31m
              [33mfill[31m=[32m"none"[31m
              [33mheight[31m=[32m"20"[31m
              [33mstroke[31m=[32m"currentColor"[31m
              [33mstroke-width[31m=[32m"1.9"[31m
              [33mviewBox[31m=[32m"0 0 24 24"[31m
              [33mwidth[31m=[32m"20"[31m
              [33mxmlns[31m=[32m"http://www.w3.org/2000/svg"[31m
            [36m>[31m
              [36m<path[31m
                [33md[31m=[32m"M19 11C19 10.1825 19 9.4306 18.8478 9.06306C18.6955 8.69552 18.4065 8.40649 17.8284 7.82843L13.0919 3.09188C12.593 2.593 12.3436 2.34355 12.0345 2.19575C11.9702 2.165 11.9044 2.13772 11.8372 2.11401C11.5141 2 11.1614 2 10.4558 2C7.21082 2 5.58831 2 4.48933 2.88607C4.26731 3.06508 4.06508 3.26731 3.88607 3.48933C3 4.58831 3 6.21082 3 9.45584V14C3 17.7712 3 19.6569 4.17157 20.8284C5.34315 22 7.22876 22 11 22H19M12 2.5V3C12 5.82843 12 7.24264 12.8787 8.12132C13.7574 9 15.1716 9 18 9H18.5"[31m
                [33mstroke[31m=[32m"currentColor"[31m
                [33mstroke-linecap[31m=[32m"round"[31m
                [33mstroke-linejoin[31m=[32m"round"[31m
                [33mstroke-width[31m=[32m"1.9"[31m
              [36m/>[31m
              [36m<path[31m
                [33md[31m=[32m"M21 14H19C18.4477 14 18 14.4477 18 15V16.5M18 16.5V19M18 16.5H20.5M7 19V17M7 17V14H8.5C9.32843 14 10 14.6716 10 15.5C10 16.3284 9.32843 17 8.5 17H7ZM12.5 14H13.7857C14.7325 14 15.5 14.7462 15.5 15.6667V17.3333C15.5 18.2538 14.7325 19 13.7857 19H12.5V14Z"[31m
                [33mstroke[31m=[32m"currentColor"[31m
                [33mstroke-linecap[31m=[32m"round"[31m
                [33mstroke-linejoin[31m=[32m"round"[31m
                [33mstroke-width[31m=[32m"1.9"[31m
              [36m/>[31m
            [36m</svg>[31m
          [36m</button>[31m
        [36m</div>[31m
      [36m</header>[31m
      [36m<section[31m
        [33mclass[31m=[32m"grid grid-cols-2 md:grid-cols-4 gap-6"[31m
      [36m>[31m
        [36m<div[31m
          [33mclass[31m=[32m"bg-rag-blue border-4 border-black p-8 shadow-[8px_8px_0px_0px_rgba(0,0,0,1)] flex flex-col justify-between h-40 group hover:-translate-y-1 transition-transform"[31m
        [36m>[31m
          [36m<div[31m
            [33mclass[31m=[32m"flex justify-between items-start"[31m
          [36m>[31m
            [36m<span[31m
              [33mclass[31m=[32m"text-[10px] font-black text-black uppercase tracking-[0.2em] italic"[31m
            [36m>[31m
              [0mArchived_Briefings[0m
            [36m</span>[31m
            [36m<svg[31m
              [33mclass[31m=[32m"text-black/20 group-hover:text-black transition-colors"[31m
              [33mcolor[31m=[32m"currentColor"[31m
              [33mfill[31m=[32m"none"[31m
              [33mheight[31m=[32m"20"[31m
              [33mstroke[31m=[32m"currentColor"[31m
              [33mstroke-width[31m=[32m"1.9"[31m
              [33mviewBox[31m=[32m"0 0 24 24"[31m
              [33mwi...

Ignored nodes: comments, script, style
[36m<body>[31m
  [36m<div>[31m
    [36m<div[31m
      [33mclass[31m=[32m"min-h-screen bg-charcoal-dark text-silver p-6 md:p-12 space-y-12"[31m
    [36m>[31m
      [36m<header[31m
        [33mclass[31m=[32m"relative flex flex-col md:flex-row justify-between items-start md:items-end gap-8 pb-12 border-b-4 border-silver-bright/10 font-black"[31m
      [36m>[31m
        [36m<div[31m
          [33mclass[31m=[32m"space-y-4"[31m
        [36m>[31m
          [36m<div[31m
            [33mclass[31m=[32m"bg-rag-amber text-black px-4 py-1 text-xs uppercase tracking-widest inline-block shadow-[4px_4px_0px_0px_rgba(0,0,0,1)] font-black"[31m
          [36m>[31m
            [0mArchive_Matrix v8.2[0m
          [36m</div>[31m
          [36m<h1[31m
            [33mclass[31m=[32m"text-6xl md:text-8xl text-silver-bright uppercase tracking-tighter leading-none italic font-black"[31m
          [36m>[31m
            [0mAnalytics[0m
            [0m [0m
            [36m<span[31m
              [33mclass[31m=[32m"text-transparent stroke-white"[31m
              [33mstyle[31m=[32m"-webkit-text-stroke: 2px var(--accent-silver-bright);"[31m
            [36m>[31m
              [0mArchive[0m
            [36m</span>[31m
          [36m</h1>[31m
          [36m<p[31m
            [33mclass[31m=[32m"text-sm font-mono text-silver/40 uppercase tracking-widest italic leading-relaxed"[31m
          [36m>[31m
            [0mHISTORICAL_BRIEFINGS // ENCRYPTED_DOSSIERS // AUDIT_FEED[0m
          [36m</p>[31m
        [36m</div>[31m
        [36m<div[31m
          [33mclass[31m=[32m"flex items-center gap-6"[31m
        [36m>[31m
          [36m<button[31m
            [33mclass[31m=[32m"bg-charcoal border-4 border-black p-4 text-silver-bright shadow-[6px_6px_0px_0px_rgba(0,0,0,1)] hover:shadow-none hover:translate-x-1 hover:translate-y-1 transition-all"[31m
            [33mtitle[31m=[32m"Refresh Archive"[31m
          [36m>[31m
            [36m<svg[31m
              [33mclass[31m=[32m"block"[31m
              [33mcolor[31m=[32m"currentColor"[31m
              [33mfill[31m=[32m"none"[31m
              [33mheight[31m=[32m"20"[31m
              [33mstroke[31m=[32m"currentColor"[31m
              [33mstroke-width[31m=[32m"1.9"[31m
              [33mviewBox[31m=[32m"0 0 24 24"[31m
              [33mwidth[31m=[32m"20"[31m
              [33mxmlns[31m=[32m"http://www.w3.org/2000/svg"[31m
            [36m>[31m
              [36m<path[31m
                [33md[31m=[32m"M20.4879 15C19.2524 18.4956 15.9187 21 12 21C7.02943 21 3 16.9706 3 12C3 7.02943 7.02943 3 12 3C15.7292 3 18.9286 5.26806 20.2941 8.5"[31m
                [33mstroke[31m=[32m"currentColor"[31m
                [33mstroke-linecap[31m=[32m"round"[31m
                [33mstroke-linejoin[31m=[32m"round"[31m
                [33mstroke-width[31m=[32m"1.9"[31m
              [36m/>[31m
              [36m<path[31m
                [33md[31m=[32m"M15 9H18C19.4142 9 20.1213 9 20.5607 8.56066C21 8.12132 21 7.41421 21 6V3"[31m
                [33mstroke[31m=[32m"currentColor"[31m
                [33mstroke-linecap[31m=[32m"round"[31m
                [33mstroke-linejoin[31m=[32m"round"[31m
                [33mstroke-width[31m=[32m"1.9"[31m
              [36m/>[31m
            [36m</svg>[31m
          [36m</button>[31m
          [36m<button[31m
            [33mclass[31m=[32m"bg-silver-bright border-4 border-black p-4 text-black shadow-[6px_6px_0px_0px_rgba(0,0,0,1)] transition-all opacity-50 cursor-not-allowed"[31m
            [33mdisabled[31m=[32m""[31m
            [33mtitle[31m=[32m"No ready report available"[31m
          [36m>[31m
            [36m<svg[31m
              [33mclass[31m=[32m"block"[31m
              [33mcolor[31m=[32m"currentColor"[31m
              [33mfill[31m=[32m"none"[31m
              [33mheight[31m=[32m"20"[31m
              [33mstroke[31m=[32m"currentColor"[31m
              [33mstroke-width[31m=[32m"1.9"[31m
              [33mviewBox[31m=[32m"0 0 24 24"[31m
              [33mwidth[31m=[32m"20"[31m
              [33mxmlns[31m=[32m"http://www.w3.org/2000/svg"[31m
            [36m>[31m
              [36m<path[31m
                [33md[31m=[32m"M19 11C19 10.1825 19 9.4306 18.8478 9.06306C18.6955 8.69552 18.4065 8.40649 17.8284 7.82843L13.0919 3.09188C12.593 2.593 12.3436 2.34355 12.0345 2.19575C11.9702 2.165 11.9044 2.13772 11.8372 2.11401C11.5141 2 11.1614 2 10.4558 2C7.21082 2 5.58831 2 4.48933 2.88607C4.26731 3.06508 4.06508 3.26731 3.88607 3.48933C3 4.58831 3 6.21082 3 9.45584V14C3 17.7712 3 19.6569 4.17157 20.8284C5.34315 22 7.22876 22 11 22H19M12 2.5V3C12 5.82843 12 7.24264 12.8787 8.12132C13.7574 9 15.1716 9 18 9H18.5"[31m
                [33mstroke[31m=[32m"currentColor"[31m
                [33mstroke-linecap[31m=[32m"round"[31m
                [33mstroke-linejoin[31m=[32m"round"[31m
                [33mstroke-width[31m=[32m"1.9"[31m
              [36m/>[31m
              [36m<path[31m
                [33md[31m=[32m"M21 14H19C18.4477 14 18 14.4477 18 15V16.5M18 16.5V19M18 16.5H20.5M7 19V17M7 17V14H8.5C9.32843 14 10 14.6716 10 15.5C10 16.3284 9.32843 17 8.5 17H7ZM12.5 14H13.7857C14.7325 14 15.5 14.7462 15.5 15.6667V17.3333C15.5 18.2538 14.7325 19 13.7857 19H12.5V14Z"[31m
                [33mstroke[31m=[32m"currentColor"[31m
                [33mstroke-linecap[31m=[32m"round"[31m
                [33mstroke-linejoin[31m=[32m"round"[31m
                [33mstroke-width[31m=[32m"1.9"[31m
              [36m/>[31m
            [36m</svg>[31m
          [36m</button>[31m
        [36m</div>[31m
      [36m</header>[31m
      [36m<section[31m
        [33mclass[31m=[32m"grid grid-cols-2 md:grid-cols-4 gap-6"[31m
      [36m>[31m
        [36m<div[31m
          [33mclass[31m=[32m"bg-rag-blue border-4 border-black p-8 shadow-[8px_8px_0px_0px_rgba(0,0,0,1)] flex flex-col justify-between h-40 group hover:-translate-y-1 transition-transform"[31m
        [36m>[31m
          [36m<div[31m
            [33mclass[31m=[32m"flex justify-between items-start"[31m
          [36m>[31m
            [36m<span[31m
              [33mclass[31m=[32m"text-[10px] font-black text-black uppercase tracking-[0.2em] italic"[31m
            [36m>[31m
              [0mArchived_Briefings[0m
            [36m</span>[31m
            [36m<svg[31m
              [33mclass[31m=[32m"text-black/20 group-hover:text-black transition-colors"[31m
              [33mcolor[31m=[32m"currentColor"[31m
              [33mfill[31m=[32m"none"[31m
              [33mheight[31m=[32m"20"[31m
              [33mstroke[31m=[32m"currentColor"[31m
              [33mstroke-width[31m=[32m"1.9"[31m
              [33mviewBox[31m=[32m"0 0 24 24"[31m
              [33mwi...[39m
[31m   [31m├ù[31m Reports ΓÇö type filter[2m > [22mshows all reports when All filter is selected[33m 1025[2mms[22m[31m[39m
[31m     ΓåÆ Unable to find an element with the text: Security Scan ΓÇö example.com. This could be because the text is broken up by multiple elements. In this case, you can provide a function for your text matcher to make your matcher more flexible.

Ignored nodes: comments, script, style
[36m<body>[31m
  [36m<div>[31m
    [36m<div[31m
      [33mclass[31m=[32m"min-h-screen bg-charcoal-dark text-silver p-6 md:p-12 space-y-12"[31m
    [36m>[31m
      [36m<header[31m
        [33mclass[31m=[32m"relative flex flex-col md:flex-row justify-between items-start md:items-end gap-8 pb-12 border-b-4 border-silver-bright/10 font-black"[31m
      [36m>[31m
        [36m<div[31m
          [33mclass[31m=[32m"space-y-4"[31m
        [36m>[31m
          [36m<div[31m
            [33mclass[31m=[32m"bg-rag-amber text-black px-4 py-1 text-xs uppercase tracking-widest inline-block shadow-[4px_4px_0px_0px_rgba(0,0,0,1)] font-black"[31m
          [36m>[31m
            [0mArchive_Matrix v8.2[0m
          [36m</div>[31m
          [36m<h1[31m
            [33mclass[31m=[32m"text-6xl md:text-8xl text-silver-bright uppercase tracking-tighter leading-none italic font-black"[31m
          [36m>[31m
            [0mAnalytics[0m
            [0m [0m
            [36m<span[31m
              [33mclass[31m=[32m"text-transparent stroke-white"[31m
              [33mstyle[31m=[32m"-webkit-text-stroke: 2px var(--accent-silver-bright);"[31m
            [36m>[31m
              [0mArchive[0m
            [36m</span>[31m
          [36m</h1>[31m
          [36m<p[31m
            [33mclass[31m=[32m"text-sm font-mono text-silver/40 uppercase tracking-widest italic leading-relaxed"[31m
          [36m>[31m
            [0mHISTORICAL_BRIEFINGS // ENCRYPTED_DOSSIERS // AUDIT_FEED[0m
          [36m</p>[31m
        [36m</div>[31m
        [36m<div[31m
          [33mclass[31m=[32m"flex items-center gap-6"[31m
        [36m>[31m
          [36m<button[31m
            [33mclass[31m=[32m"bg-charcoal border-4 border-black p-4 text-silver-bright shadow-[6px_6px_0px_0px_rgba(0,0,0,1)] hover:shadow-none hover:translate-x-1 hover:translate-y-1 transition-all"[31m
            [33mtitle[31m=[32m"Refresh Archive"[31m
          [36m>[31m
            [36m<svg[31m
              [33mclass[31m=[32m"block"[31m
              [33mcolor[31m=[32m"currentColor"[31m
              [33mfill[31m=[32m"none"[31m
              [33mheight[31m=[32m"20"[31m
              [33mstroke[31m=[32m"currentColor"[31m
              [33mstroke-width[31m=[32m"1.9"[31m
              [33mviewBox[31m=[32m"0 0 24 24"[31m
              [33mwidth[31m=[32m"20"[31m
              [33mxmlns[31m=[32m"http://www.w3.org/2000/svg"[31m
            [36m>[31m
              [36m<path[31m
                [33md[31m=[32m"M20.4879 15C19.2524 18.4956 15.9187 21 12 21C7.02943 21 3 16.9706 3 12C3 7.02943 7.02943 3 12 3C15.7292 3 18.9286 5.26806 20.2941 8.5"[31m
                [33mstroke[31m=[32m"currentColor"[31m
                [33mstroke-linecap[31m=[32m"round"[31m
                [33mstroke-linejoin[31m=[32m"round"[31m
                [33mstroke-width[31m=[32m"1.9"[31m
              [36m/>[31m
              [36m<path[31m
                [33md[31m=[32m"M15 9H18C19.4142 9 20.1213 9 20.5607 8.56066C21 8.12132 21 7.41421 21 6V3"[31m
                [33mstroke[31m=[32m"currentColor"[31m
                [33mstroke-linecap[31m=[32m"round"[31m
                [33mstroke-linejoin[31m=[32m"round"[31m
                [33mstroke-width[31m=[32m"1.9"[31m
              [36m/>[31m
            [36m</svg>[31m
          [36m</button>[31m
          [36m<button[31m
            [33mclass[31m=[32m"bg-silver-bright border-4 border-black p-4 text-black shadow-[6px_6px_0px_0px_rgba(0,0,0,1)] transition-all hover:shadow-none hover:translate-x-1 hover:translate-y-1"[31m
            [33mtitle[31m=[32m"Download Latest Briefing"[31m
          [36m>[31m
            [36m<svg[31m
              [33mclass[31m=[32m"block"[31m
              [33mcolor[31m=[32m"currentColor"[31m
              [33mfill[31m=[32m"none"[31m
              [33mheight[31m=[32m"20"[31m
              [33mstroke[31m=[32m"currentColor"[31m
              [33mstroke-width[31m=[32m"1.9"[31m
              [33mviewBox[31m=[32m"0 0 24 24"[31m
              [33mwidth[31m=[32m"20"[31m
              [33mxmlns[31m=[32m"http://www.w3.org/2000/svg"[31m
            [36m>[31m
              [36m<path[31m
                [33md[31m=[32m"M19 11C19 10.1825 19 9.4306 18.8478 9.06306C18.6955 8.69552 18.4065 8.40649 17.8284 7.82843L13.0919 3.09188C12.593 2.593 12.3436 2.34355 12.0345 2.19575C11.9702 2.165 11.9044 2.13772 11.8372 2.11401C11.5141 2 11.1614 2 10.4558 2C7.21082 2 5.58831 2 4.48933 2.88607C4.26731 3.06508 4.06508 3.26731 3.88607 3.48933C3 4.58831 3 6.21082 3 9.45584V14C3 17.7712 3 19.6569 4.17157 20.8284C5.34315 22 7.22876 22 11 22H19M12 2.5V3C12 5.82843 12 7.24264 12.8787 8.12132C13.7574 9 15.1716 9 18 9H18.5"[31m
                [33mstroke[31m=[32m"currentColor"[31m
                [33mstroke-linecap[31m=[32m"round"[31m
                [33mstroke-linejoin[31m=[32m"round"[31m
                [33mstroke-width[31m=[32m"1.9"[31m
              [36m/>[31m
              [36m<path[31m
                [33md[31m=[32m"M21 14H19C18.4477 14 18 14.4477 18 15V16.5M18 16.5V19M18 16.5H20.5M7 19V17M7 17V14H8.5C9.32843 14 10 14.6716 10 15.5C10 16.3284 9.32843 17 8.5 17H7ZM12.5 14H13.7857C14.7325 14 15.5 14.7462 15.5 15.6667V17.3333C15.5 18.2538 14.7325 19 13.7857 19H12.5V14Z"[31m
                [33mstroke[31m=[32m"currentColor"[31m
                [33mstroke-linecap[31m=[32m"round"[31m
                [33mstroke-linejoin[31m=[32m"round"[31m
                [33mstroke-width[31m=[32m"1.9"[31m
              [36m/>[31m
            [36m</svg>[31m
          [36m</button>[31m
        [36m</div>[31m
      [36m</header>[31m
      [36m<section[31m
        [33mclass[31m=[32m"grid grid-cols-2 md:grid-cols-4 gap-6"[31m
      [36m>[31m
        [36m<div[31m
          [33mclass[31m=[32m"bg-rag-blue border-4 border-black p-8 shadow-[8px_8px_0px_0px_rgba(0,0,0,1)] flex flex-col justify-between h-40 group hover:-translate-y-1 transition-transform"[31m
        [36m>[31m
          [36m<div[31m
            [33mclass[31m=[32m"flex justify-between items-start"[31m
          [36m>[31m
            [36m<span[31m
              [33mclass[31m=[32m"text-[10px] font-black text-black uppercase tracking-[0.2em] italic"[31m
            [36m>[31m
              [0mArchived_Briefings[0m
            [36m</span>[31m
            [36m<svg[31m
              [33mclass[31m=[32m"text-black/20 group-hover:text-black transition-colors"[31m
              [33mcolor[31m=[32m"currentColor"[31m
              [33mfill[31m=[32m"none"[31m
              [33mheight[31m=[32m"20"[31m
              [33mstroke[31m=[32m"currentColor"[31m
              [33mstroke-width[31m=[32m"1.9"[31m
              [33mviewBox[31m=[32m"0 0 24 24"[31m
              [33mwidth[31m=[32m"20...

Ignored nodes: comments, script, style
[36m<body>[31m
  [36m<div>[31m
    [36m<div[31m
      [33mclass[31m=[32m"min-h-screen bg-charcoal-dark text-silver p-6 md:p-12 space-y-12"[31m
    [36m>[31m
      [36m<header[31m
        [33mclass[31m=[32m"relative flex flex-col md:flex-row justify-between items-start md:items-end gap-8 pb-12 border-b-4 border-silver-bright/10 font-black"[31m
      [36m>[31m
        [36m<div[31m
          [33mclass[31m=[32m"space-y-4"[31m
        [36m>[31m
          [36m<div[31m
            [33mclass[31m=[32m"bg-rag-amber text-black px-4 py-1 text-xs uppercase tracking-widest inline-block shadow-[4px_4px_0px_0px_rgba(0,0,0,1)] font-black"[31m
          [36m>[31m
            [0mArchive_Matrix v8.2[0m
          [36m</div>[31m
          [36m<h1[31m
            [33mclass[31m=[32m"text-6xl md:text-8xl text-silver-bright uppercase tracking-tighter leading-none italic font-black"[31m
          [36m>[31m
            [0mAnalytics[0m
            [0m [0m
            [36m<span[31m
              [33mclass[31m=[32m"text-transparent stroke-white"[31m
              [33mstyle[31m=[32m"-webkit-text-stroke: 2px var(--accent-silver-bright);"[31m
            [36m>[31m
              [0mArchive[0m
            [36m</span>[31m
          [36m</h1>[31m
          [36m<p[31m
            [33mclass[31m=[32m"text-sm font-mono text-silver/40 uppercase tracking-widest italic leading-relaxed"[31m
          [36m>[31m
            [0mHISTORICAL_BRIEFINGS // ENCRYPTED_DOSSIERS // AUDIT_FEED[0m
          [36m</p>[31m
        [36m</div>[31m
        [36m<div[31m
          [33mclass[31m=[32m"flex items-center gap-6"[31m
        [36m>[31m
          [36m<button[31m
            [33mclass[31m=[32m"bg-charcoal border-4 border-black p-4 text-silver-bright shadow-[6px_6px_0px_0px_rgba(0,0,0,1)] hover:shadow-none hover:translate-x-1 hover:translate-y-1 transition-all"[31m
            [33mtitle[31m=[32m"Refresh Archive"[31m
          [36m>[31m
            [36m<svg[31m
              [33mclass[31m=[32m"block"[31m
              [33mcolor[31m=[32m"currentColor"[31m
              [33mfill[31m=[32m"none"[31m
              [33mheight[31m=[32m"20"[31m
              [33mstroke[31m=[32m"currentColor"[31m
              [33mstroke-width[31m=[32m"1.9"[31m
              [33mviewBox[31m=[32m"0 0 24 24"[31m
              [33mwidth[31m=[32m"20"[31m
              [33mxmlns[31m=[32m"http://www.w3.org/2000/svg"[31m
            [36m>[31m
              [36m<path[31m
                [33md[31m=[32m"M20.4879 15C19.2524 18.4956 15.9187 21 12 21C7.02943 21 3 16.9706 3 12C3 7.02943 7.02943 3 12 3C15.7292 3 18.9286 5.26806 20.2941 8.5"[31m
                [33mstroke[31m=[32m"currentColor"[31m
                [33mstroke-linecap[31m=[32m"round"[31m
                [33mstroke-linejoin[31m=[32m"round"[31m
                [33mstroke-width[31m=[32m"1.9"[31m
              [36m/>[31m
              [36m<path[31m
                [33md[31m=[32m"M15 9H18C19.4142 9 20.1213 9 20.5607 8.56066C21 8.12132 21 7.41421 21 6V3"[31m
                [33mstroke[31m=[32m"currentColor"[31m
                [33mstroke-linecap[31m=[32m"round"[31m
                [33mstroke-linejoin[31m=[32m"round"[31m
                [33mstroke-width[31m=[32m"1.9"[31m
              [36m/>[31m
            [36m</svg>[31m
          [36m</button>[31m
          [36m<button[31m
            [33mclass[31m=[32m"bg-silver-bright border-4 border-black p-4 text-black shadow-[6px_6px_0px_0px_rgba(0,0,0,1)] transition-all hover:shadow-none hover:translate-x-1 hover:translate-y-1"[31m
            [33mtitle[31m=[32m"Download Latest Briefing"[31m
          [36m>[31m
            [36m<svg[31m
              [33mclass[31m=[32m"block"[31m
              [33mcolor[31m=[32m"currentColor"[31m
              [33mfill[31m=[32m"none"[31m
              [33mheight[31m=[32m"20"[31m
              [33mstroke[31m=[32m"currentColor"[31m
              [33mstroke-width[31m=[32m"1.9"[31m
              [33mviewBox[31m=[32m"0 0 24 24"[31m
              [33mwidth[31m=[32m"20"[31m
              [33mxmlns[31m=[32m"http://www.w3.org/2000/svg"[31m
            [36m>[31m
              [36m<path[31m
                [33md[31m=[32m"M19 11C19 10.1825 19 9.4306 18.8478 9.06306C18.6955 8.69552 18.4065 8.40649 17.8284 7.82843L13.0919 3.09188C12.593 2.593 12.3436 2.34355 12.0345 2.19575C11.9702 2.165 11.9044 2.13772 11.8372 2.11401C11.5141 2 11.1614 2 10.4558 2C7.21082 2 5.58831 2 4.48933 2.88607C4.26731 3.06508 4.06508 3.26731 3.88607 3.48933C3 4.58831 3 6.21082 3 9.45584V14C3 17.7712 3 19.6569 4.17157 20.8284C5.34315 22 7.22876 22 11 22H19M12 2.5V3C12 5.82843 12 7.24264 12.8787 8.12132C13.7574 9 15.1716 9 18 9H18.5"[31m
                [33mstroke[31m=[32m"currentColor"[31m
                [33mstroke-linecap[31m=[32m"round"[31m
                [33mstroke-linejoin[31m=[32m"round"[31m
                [33mstroke-width[31m=[32m"1.9"[31m
              [36m/>[31m
              [36m<path[31m
                [33md[31m=[32m"M21 14H19C18.4477 14 18 14.4477 18 15V16.5M18 16.5V19M18 16.5H20.5M7 19V17M7 17V14H8.5C9.32843 14 10 14.6716 10 15.5C10 16.3284 9.32843 17 8.5 17H7ZM12.5 14H13.7857C14.7325 14 15.5 14.7462 15.5 15.6667V17.3333C15.5 18.2538 14.7325 19 13.7857 19H12.5V14Z"[31m
                [33mstroke[31m=[32m"currentColor"[31m
                [33mstroke-linecap[31m=[32m"round"[31m
                [33mstroke-linejoin[31m=[32m"round"[31m
                [33mstroke-width[31m=[32m"1.9"[31m
              [36m/>[31m
            [36m</svg>[31m
          [36m</button>[31m
        [36m</div>[31m
      [36m</header>[31m
      [36m<section[31m
        [33mclass[31m=[32m"grid grid-cols-2 md:grid-cols-4 gap-6"[31m
      [36m>[31m
        [36m<div[31m
          [33mclass[31m=[32m"bg-rag-blue border-4 border-black p-8 shadow-[8px_8px_0px_0px_rgba(0,0,0,1)] flex flex-col justify-between h-40 group hover:-translate-y-1 transition-transform"[31m
        [36m>[31m
          [36m<div[31m
            [33mclass[31m=[32m"flex justify-between items-start"[31m
          [36m>[31m
            [36m<span[31m
              [33mclass[31m=[32m"text-[10px] font-black text-black uppercase tracking-[0.2em] italic"[31m
            [36m>[31m
              [0mArchived_Briefings[0m
            [36m</span>[31m
            [36m<svg[31m
              [33mclass[31m=[32m"text-black/20 group-hover:text-black transition-colors"[31m
              [33mcolor[31m=[32m"currentColor"[31m
              [33mfill[31m=[32m"none"[31m
              [33mheight[31m=[32m"20"[31m
              [33mstroke[31m=[32m"currentColor"[31m
              [33mstroke-width[31m=[32m"1.9"[31m
              [33mviewBox[31m=[32m"0 0 24 24"[31m
              [33mwidth[31m=[32m"20...[39m
[31m   [31m├ù[31m Reports ΓÇö type filter[2m > [22mshows only matching reports when a type filter is selected[33m 1025[2mms[22m[31m[39m
[31m     ΓåÆ Unable to find an element with the text: /Security Scan ΓÇö example.com/i. This could be because the text is broken up by multiple elements. In this case, you can provide a function for your text matcher to make your matcher more flexible.

Ignored nodes: comments, script, style
[36m<body>[31m
  [36m<div>[31m
    [36m<div[31m
      [33mclass[31m=[32m"min-h-screen bg-charcoal-dark text-silver p-6 md:p-12 space-y-12"[31m
    [36m>[31m
      [36m<header[31m
        [33mclass[31m=[32m"relative flex flex-col md:flex-row justify-between items-start md:items-end gap-8 pb-12 border-b-4 border-silver-bright/10 font-black"[31m
      [36m>[31m
        [36m<div[31m
          [33mclass[31m=[32m"space-y-4"[31m
        [36m>[31m
          [36m<div[31m
            [33mclass[31m=[32m"bg-rag-amber text-black px-4 py-1 text-xs uppercase tracking-widest inline-block shadow-[4px_4px_0px_0px_rgba(0,0,0,1)] font-black"[31m
          [36m>[31m
            [0mArchive_Matrix v8.2[0m
          [36m</div>[31m
          [36m<h1[31m
            [33mclass[31m=[32m"text-6xl md:text-8xl text-silver-bright uppercase tracking-tighter leading-none italic font-black"[31m
          [36m>[31m
            [0mAnalytics[0m
            [0m [0m
            [36m<span[31m
              [33mclass[31m=[32m"text-transparent stroke-white"[31m
              [33mstyle[31m=[32m"-webkit-text-stroke: 2px var(--accent-silver-bright);"[31m
            [36m>[31m
              [0mArchive[0m
            [36m</span>[31m
          [36m</h1>[31m
          [36m<p[31m
            [33mclass[31m=[32m"text-sm font-mono text-silver/40 uppercase tracking-widest italic leading-relaxed"[31m
          [36m>[31m
            [0mHISTORICAL_BRIEFINGS // ENCRYPTED_DOSSIERS // AUDIT_FEED[0m
          [36m</p>[31m
        [36m</div>[31m
        [36m<div[31m
          [33mclass[31m=[32m"flex items-center gap-6"[31m
        [36m>[31m
          [36m<button[31m
            [33mclass[31m=[32m"bg-charcoal border-4 border-black p-4 text-silver-bright shadow-[6px_6px_0px_0px_rgba(0,0,0,1)] hover:shadow-none hover:translate-x-1 hover:translate-y-1 transition-all"[31m
            [33mtitle[31m=[32m"Refresh Archive"[31m
          [36m>[31m
            [36m<svg[31m
              [33mclass[31m=[32m"block"[31m
              [33mcolor[31m=[32m"currentColor"[31m
              [33mfill[31m=[32m"none"[31m
              [33mheight[31m=[32m"20"[31m
              [33mstroke[31m=[32m"currentColor"[31m
              [33mstroke-width[31m=[32m"1.9"[31m
              [33mviewBox[31m=[32m"0 0 24 24"[31m
              [33mwidth[31m=[32m"20"[31m
              [33mxmlns[31m=[32m"http://www.w3.org/2000/svg"[31m
            [36m>[31m
              [36m<path[31m
                [33md[31m=[32m"M20.4879 15C19.2524 18.4956 15.9187 21 12 21C7.02943 21 3 16.9706 3 12C3 7.02943 7.02943 3 12 3C15.7292 3 18.9286 5.26806 20.2941 8.5"[31m
                [33mstroke[31m=[32m"currentColor"[31m
                [33mstroke-linecap[31m=[32m"round"[31m
                [33mstroke-linejoin[31m=[32m"round"[31m
                [33mstroke-width[31m=[32m"1.9"[31m
              [36m/>[31m
              [36m<path[31m
                [33md[31m=[32m"M15 9H18C19.4142 9 20.1213 9 20.5607 8.56066C21 8.12132 21 7.41421 21 6V3"[31m
                [33mstroke[31m=[32m"currentColor"[31m
                [33mstroke-linecap[31m=[32m"round"[31m
                [33mstroke-linejoin[31m=[32m"round"[31m
                [33mstroke-width[31m=[32m"1.9"[31m
              [36m/>[31m
            [36m</svg>[31m
          [36m</button>[31m
          [36m<button[31m
            [33mclass[31m=[32m"bg-silver-bright border-4 border-black p-4 text-black shadow-[6px_6px_0px_0px_rgba(0,0,0,1)] transition-all hover:shadow-none hover:translate-x-1 hover:translate-y-1"[31m
            [33mtitle[31m=[32m"Download Latest Briefing"[31m
          [36m>[31m
            [36m<svg[31m
              [33mclass[31m=[32m"block"[31m
              [33mcolor[31m=[32m"currentColor"[31m
              [33mfill[31m=[32m"none"[31m
              [33mheight[31m=[32m"20"[31m
              [33mstroke[31m=[32m"currentColor"[31m
              [33mstroke-width[31m=[32m"1.9"[31m
              [33mviewBox[31m=[32m"0 0 24 24"[31m
              [33mwidth[31m=[32m"20"[31m
              [33mxmlns[31m=[32m"http://www.w3.org/2000/svg"[31m
            [36m>[31m
              [36m<path[31m
                [33md[31m=[32m"M19 11C19 10.1825 19 9.4306 18.8478 9.06306C18.6955 8.69552 18.4065 8.40649 17.8284 7.82843L13.0919 3.09188C12.593 2.593 12.3436 2.34355 12.0345 2.19575C11.9702 2.165 11.9044 2.13772 11.8372 2.11401C11.5141 2 11.1614 2 10.4558 2C7.21082 2 5.58831 2 4.48933 2.88607C4.26731 3.06508 4.06508 3.26731 3.88607 3.48933C3 4.58831 3 6.21082 3 9.45584V14C3 17.7712 3 19.6569 4.17157 20.8284C5.34315 22 7.22876 22 11 22H19M12 2.5V3C12 5.82843 12 7.24264 12.8787 8.12132C13.7574 9 15.1716 9 18 9H18.5"[31m
                [33mstroke[31m=[32m"currentColor"[31m
                [33mstroke-linecap[31m=[32m"round"[31m
                [33mstroke-linejoin[31m=[32m"round"[31m
                [33mstroke-width[31m=[32m"1.9"[31m
              [36m/>[31m
              [36m<path[31m
                [33md[31m=[32m"M21 14H19C18.4477 14 18 14.4477 18 15V16.5M18 16.5V19M18 16.5H20.5M7 19V17M7 17V14H8.5C9.32843 14 10 14.6716 10 15.5C10 16.3284 9.32843 17 8.5 17H7ZM12.5 14H13.7857C14.7325 14 15.5 14.7462 15.5 15.6667V17.3333C15.5 18.2538 14.7325 19 13.7857 19H12.5V14Z"[31m
                [33mstroke[31m=[32m"currentColor"[31m
                [33mstroke-linecap[31m=[32m"round"[31m
                [33mstroke-linejoin[31m=[32m"round"[31m
                [33mstroke-width[31m=[32m"1.9"[31m
              [36m/>[31m
            [36m</svg>[31m
          [36m</button>[31m
        [36m</div>[31m
      [36m</header>[31m
      [36m<section[31m
        [33mclass[31m=[32m"grid grid-cols-2 md:grid-cols-4 gap-6"[31m
      [36m>[31m
        [36m<div[31m
          [33mclass[31m=[32m"bg-rag-blue border-4 border-black p-8 shadow-[8px_8px_0px_0px_rgba(0,0,0,1)] flex flex-col justify-between h-40 group hover:-translate-y-1 transition-transform"[31m
        [36m>[31m
          [36m<div[31m
            [33mclass[31m=[32m"flex justify-between items-start"[31m
          [36m>[31m
            [36m<span[31m
              [33mclass[31m=[32m"text-[10px] font-black text-black uppercase tracking-[0.2em] italic"[31m
            [36m>[31m
              [0mArchived_Briefings[0m
            [36m</span>[31m
            [36m<svg[31m
              [33mclass[31m=[32m"text-black/20 group-hover:text-black transition-colors"[31m
              [33mcolor[31m=[32m"currentColor"[31m
              [33mfill[31m=[32m"none"[31m
              [33mheight[31m=[32m"20"[31m
              [33mstroke[31m=[32m"currentColor"[31m
              [33mstroke-width[31m=[32m"1.9"[31m
              [33mviewBox[31m=[32m"0 0 24 24"[31m
              [33mwidth[31m=[32m"20...

Ignored nodes: comments, script, style
[36m<body>[31m
  [36m<div>[31m
    [36m<div[31m
      [33mclass[31m=[32m"min-h-screen bg-charcoal-dark text-silver p-6 md:p-12 space-y-12"[31m
    [36m>[31m
      [36m<header[31m
        [33mclass[31m=[32m"relative flex flex-col md:flex-row justify-between items-start md:items-end gap-8 pb-12 border-b-4 border-silver-bright/10 font-black"[31m
      [36m>[31m
        [36m<div[31m
          [33mclass[31m=[32m"space-y-4"[31m
        [36m>[31m
          [36m<div[31m
            [33mclass[31m=[32m"bg-rag-amber text-black px-4 py-1 text-xs uppercase tracking-widest inline-block shadow-[4px_4px_0px_0px_rgba(0,0,0,1)] font-black"[31m
          [36m>[31m
            [0mArchive_Matrix v8.2[0m
          [36m</div>[31m
          [36m<h1[31m
            [33mclass[31m=[32m"text-6xl md:text-8xl text-silver-bright uppercase tracking-tighter leading-none italic font-black"[31m
          [36m>[31m
            [0mAnalytics[0m
            [0m [0m
            [36m<span[31m
              [33mclass[31m=[32m"text-transparent stroke-white"[31m
              [33mstyle[31m=[32m"-webkit-text-stroke: 2px var(--accent-silver-bright);"[31m
            [36m>[31m
              [0mArchive[0m
            [36m</span>[31m
          [36m</h1>[31m
          [36m<p[31m
            [33mclass[31m=[32m"text-sm font-mono text-silver/40 uppercase tracking-widest italic leading-relaxed"[31m
          [36m>[31m
            [0mHISTORICAL_BRIEFINGS // ENCRYPTED_DOSSIERS // AUDIT_FEED[0m
          [36m</p>[31m
        [36m</div>[31m
        [36m<div[31m
          [33mclass[31m=[32m"flex items-center gap-6"[31m
        [36m>[31m
          [36m<button[31m
            [33mclass[31m=[32m"bg-charcoal border-4 border-black p-4 text-silver-bright shadow-[6px_6px_0px_0px_rgba(0,0,0,1)] hover:shadow-none hover:translate-x-1 hover:translate-y-1 transition-all"[31m
            [33mtitle[31m=[32m"Refresh Archive"[31m
          [36m>[31m
            [36m<svg[31m
              [33mclass[31m=[32m"block"[31m
              [33mcolor[31m=[32m"currentColor"[31m
              [33mfill[31m=[32m"none"[31m
              [33mheight[31m=[32m"20"[31m
              [33mstroke[31m=[32m"currentColor"[31m
              [33mstroke-width[31m=[32m"1.9"[31m
              [33mviewBox[31m=[32m"0 0 24 24"[31m
              [33mwidth[31m=[32m"20"[31m
              [33mxmlns[31m=[32m"http://www.w3.org/2000/svg"[31m
            [36m>[31m
              [36m<path[31m
                [33md[31m=[32m"M20.4879 15C19.2524 18.4956 15.9187 21 12 21C7.02943 21 3 16.9706 3 12C3 7.02943 7.02943 3 12 3C15.7292 3 18.9286 5.26806 20.2941 8.5"[31m
                [33mstroke[31m=[32m"currentColor"[31m
                [33mstroke-linecap[31m=[32m"round"[31m
                [33mstroke-linejoin[31m=[32m"round"[31m
                [33mstroke-width[31m=[32m"1.9"[31m
              [36m/>[31m
              [36m<path[31m
                [33md[31m=[32m"M15 9H18C19.4142 9 20.1213 9 20.5607 8.56066C21 8.12132 21 7.41421 21 6V3"[31m
                [33mstroke[31m=[32m"currentColor"[31m
                [33mstroke-linecap[31m=[32m"round"[31m
                [33mstroke-linejoin[31m=[32m"round"[31m
                [33mstroke-width[31m=[32m"1.9"[31m
              [36m/>[31m
            [36m</svg>[31m
          [36m</button>[31m
          [36m<button[31m
            [33mclass[31m=[32m"bg-silver-bright border-4 border-black p-4 text-black shadow-[6px_6px_0px_0px_rgba(0,0,0,1)] transition-all hover:shadow-none hover:translate-x-1 hover:translate-y-1"[31m
            [33mtitle[31m=[32m"Download Latest Briefing"[31m
          [36m>[31m
            [36m<svg[31m
              [33mclass[31m=[32m"block"[31m
              [33mcolor[31m=[32m"currentColor"[31m
              [33mfill[31m=[32m"none"[31m
              [33mheight[31m=[32m"20"[31m
              [33mstroke[31m=[32m"currentColor"[31m
              [33mstroke-width[31m=[32m"1.9"[31m
              [33mviewBox[31m=[32m"0 0 24 24"[31m
              [33mwidth[31m=[32m"20"[31m
              [33mxmlns[31m=[32m"http://www.w3.org/2000/svg"[31m
            [36m>[31m
              [36m<path[31m
                [33md[31m=[32m"M19 11C19 10.1825 19 9.4306 18.8478 9.06306C18.6955 8.69552 18.4065 8.40649 17.8284 7.82843L13.0919 3.09188C12.593 2.593 12.3436 2.34355 12.0345 2.19575C11.9702 2.165 11.9044 2.13772 11.8372 2.11401C11.5141 2 11.1614 2 10.4558 2C7.21082 2 5.58831 2 4.48933 2.88607C4.26731 3.06508 4.06508 3.26731 3.88607 3.48933C3 4.58831 3 6.21082 3 9.45584V14C3 17.7712 3 19.6569 4.17157 20.8284C5.34315 22 7.22876 22 11 22H19M12 2.5V3C12 5.82843 12 7.24264 12.8787 8.12132C13.7574 9 15.1716 9 18 9H18.5"[31m
                [33mstroke[31m=[32m"currentColor"[31m
                [33mstroke-linecap[31m=[32m"round"[31m
                [33mstroke-linejoin[31m=[32m"round"[31m
                [33mstroke-width[31m=[32m"1.9"[31m
              [36m/>[31m
              [36m<path[31m
                [33md[31m=[32m"M21 14H19C18.4477 14 18 14.4477 18 15V16.5M18 16.5V19M18 16.5H20.5M7 19V17M7 17V14H8.5C9.32843 14 10 14.6716 10 15.5C10 16.3284 9.32843 17 8.5 17H7ZM12.5 14H13.7857C14.7325 14 15.5 14.7462 15.5 15.6667V17.3333C15.5 18.2538 14.7325 19 13.7857 19H12.5V14Z"[31m
                [33mstroke[31m=[32m"currentColor"[31m
                [33mstroke-linecap[31m=[32m"round"[31m
                [33mstroke-linejoin[31m=[32m"round"[31m
                [33mstroke-width[31m=[32m"1.9"[31m
              [36m/>[31m
            [36m</svg>[31m
          [36m</button>[31m
        [36m</div>[31m
      [36m</header>[31m
      [36m<section[31m
        [33mclass[31m=[32m"grid grid-cols-2 md:grid-cols-4 gap-6"[31m
      [36m>[31m
        [36m<div[31m
          [33mclass[31m=[32m"bg-rag-blue border-4 border-black p-8 shadow-[8px_8px_0px_0px_rgba(0,0,0,1)] flex flex-col justify-between h-40 group hover:-translate-y-1 transition-transform"[31m
        [36m>[31m
          [36m<div[31m
            [33mclass[31m=[32m"flex justify-between items-start"[31m
          [36m>[31m
            [36m<span[31m
              [33mclass[31m=[32m"text-[10px] font-black text-black uppercase tracking-[0.2em] italic"[31m
            [36m>[31m
              [0mArchived_Briefings[0m
            [36m</span>[31m
            [36m<svg[31m
              [33mclass[31m=[32m"text-black/20 group-hover:text-black transition-colors"[31m
              [33mcolor[31m=[32m"currentColor"[31m
              [33mfill[31m=[32m"none"[31m
              [33mheight[31m=[32m"20"[31m
              [33mstroke[31m=[32m"currentColor"[31m
              [33mstroke-width[31m=[32m"1.9"[31m
              [33mviewBox[31m=[32m"0 0 24 24"[31m
              [33mwidth[31m=[32m"20...[39m
[31m   [31m├ù[31m Reports ΓÇö status filter[2m > [22mshows only ready reports when status filter is Ready[33m 1036[2mms[22m[31m[39m
[31m     ΓåÆ Unable to find an element with the text: /Security Scan ΓÇö example.com/i. This could be because the text is broken up by multiple elements. In this case, you can provide a function for your text matcher to make your matcher more flexible.

Ignored nodes: comments, script, style
[36m<body>[31m
  [36m<div>[31m
    [36m<div[31m
      [33mclass[31m=[32m"min-h-screen bg-charcoal-dark text-silver p-6 md:p-12 space-y-12"[31m
    [36m>[31m
      [36m<header[31m
        [33mclass[31m=[32m"relative flex flex-col md:flex-row justify-between items-start md:items-end gap-8 pb-12 border-b-4 border-silver-bright/10 font-black"[31m
      [36m>[31m
        [36m<div[31m
          [33mclass[31m=[32m"space-y-4"[31m
        [36m>[31m
          [36m<div[31m
            [33mclass[31m=[32m"bg-rag-amber text-black px-4 py-1 text-xs uppercase tracking-widest inline-block shadow-[4px_4px_0px_0px_rgba(0,0,0,1)] font-black"[31m
          [36m>[31m
            [0mArchive_Matrix v8.2[0m
          [36m</div>[31m
          [36m<h1[31m
            [33mclass[31m=[32m"text-6xl md:text-8xl text-silver-bright uppercase tracking-tighter leading-none italic font-black"[31m
          [36m>[31m
            [0mAnalytics[0m
            [0m [0m
            [36m<span[31m
              [33mclass[31m=[32m"text-transparent stroke-white"[31m
              [33mstyle[31m=[32m"-webkit-text-stroke: 2px var(--accent-silver-bright);"[31m
            [36m>[31m
              [0mArchive[0m
            [36m</span>[31m
          [36m</h1>[31m
          [36m<p[31m
            [33mclass[31m=[32m"text-sm font-mono text-silver/40 uppercase tracking-widest italic leading-relaxed"[31m
          [36m>[31m
            [0mHISTORICAL_BRIEFINGS // ENCRYPTED_DOSSIERS // AUDIT_FEED[0m
          [36m</p>[31m
        [36m</div>[31m
        [36m<div[31m
          [33mclass[31m=[32m"flex items-center gap-6"[31m
        [36m>[31m
          [36m<button[31m
            [33mclass[31m=[32m"bg-charcoal border-4 border-black p-4 text-silver-bright shadow-[6px_6px_0px_0px_rgba(0,0,0,1)] hover:shadow-none hover:translate-x-1 hover:translate-y-1 transition-all"[31m
            [33mtitle[31m=[32m"Refresh Archive"[31m
          [36m>[31m
            [36m<svg[31m
              [33mclass[31m=[32m"block"[31m
              [33mcolor[31m=[32m"currentColor"[31m
              [33mfill[31m=[32m"none"[31m
              [33mheight[31m=[32m"20"[31m
              [33mstroke[31m=[32m"currentColor"[31m
              [33mstroke-width[31m=[32m"1.9"[31m
              [33mviewBox[31m=[32m"0 0 24 24"[31m
              [33mwidth[31m=[32m"20"[31m
              [33mxmlns[31m=[32m"http://www.w3.org/2000/svg"[31m
            [36m>[31m
              [36m<path[31m
                [33md[31m=[32m"M20.4879 15C19.2524 18.4956 15.9187 21 12 21C7.02943 21 3 16.9706 3 12C3 7.02943 7.02943 3 12 3C15.7292 3 18.9286 5.26806 20.2941 8.5"[31m
                [33mstroke[31m=[32m"currentColor"[31m
                [33mstroke-linecap[31m=[32m"round"[31m
                [33mstroke-linejoin[31m=[32m"round"[31m
                [33mstroke-width[31m=[32m"1.9"[31m
              [36m/>[31m
              [36m<path[31m
                [33md[31m=[32m"M15 9H18C19.4142 9 20.1213 9 20.5607 8.56066C21 8.12132 21 7.41421 21 6V3"[31m
                [33mstroke[31m=[32m"currentColor"[31m
                [33mstroke-linecap[31m=[32m"round"[31m
                [33mstroke-linejoin[31m=[32m"round"[31m
                [33mstroke-width[31m=[32m"1.9"[31m
              [36m/>[31m
            [36m</svg>[31m
          [36m</button>[31m
          [36m<button[31m
            [33mclass[31m=[32m"bg-silver-bright border-4 border-black p-4 text-black shadow-[6px_6px_0px_0px_rgba(0,0,0,1)] transition-all hover:shadow-none hover:translate-x-1 hover:translate-y-1"[31m
            [33mtitle[31m=[32m"Download Latest Briefing"[31m
          [36m>[31m
            [36m<svg[31m
              [33mclass[31m=[32m"block"[31m
              [33mcolor[31m=[32m"currentColor"[31m
              [33mfill[31m=[32m"none"[31m
              [33mheight[31m=[32m"20"[31m
              [33mstroke[31m=[32m"currentColor"[31m
              [33mstroke-width[31m=[32m"1.9"[31m
              [33mviewBox[31m=[32m"0 0 24 24"[31m
              [33mwidth[31m=[32m"20"[31m
              [33mxmlns[31m=[32m"http://www.w3.org/2000/svg"[31m
            [36m>[31m
              [36m<path[31m
                [33md[31m=[32m"M19 11C19 10.1825 19 9.4306 18.8478 9.06306C18.6955 8.69552 18.4065 8.40649 17.8284 7.82843L13.0919 3.09188C12.593 2.593 12.3436 2.34355 12.0345 2.19575C11.9702 2.165 11.9044 2.13772 11.8372 2.11401C11.5141 2 11.1614 2 10.4558 2C7.21082 2 5.58831 2 4.48933 2.88607C4.26731 3.06508 4.06508 3.26731 3.88607 3.48933C3 4.58831 3 6.21082 3 9.45584V14C3 17.7712 3 19.6569 4.17157 20.8284C5.34315 22 7.22876 22 11 22H19M12 2.5V3C12 5.82843 12 7.24264 12.8787 8.12132C13.7574 9 15.1716 9 18 9H18.5"[31m
                [33mstroke[31m=[32m"currentColor"[31m
                [33mstroke-linecap[31m=[32m"round"[31m
                [33mstroke-linejoin[31m=[32m"round"[31m
                [33mstroke-width[31m=[32m"1.9"[31m
              [36m/>[31m
              [36m<path[31m
                [33md[31m=[32m"M21 14H19C18.4477 14 18 14.4477 18 15V16.5M18 16.5V19M18 16.5H20.5M7 19V17M7 17V14H8.5C9.32843 14 10 14.6716 10 15.5C10 16.3284 9.32843 17 8.5 17H7ZM12.5 14H13.7857C14.7325 14 15.5 14.7462 15.5 15.6667V17.3333C15.5 18.2538 14.7325 19 13.7857 19H12.5V14Z"[31m
                [33mstroke[31m=[32m"currentColor"[31m
                [33mstroke-linecap[31m=[32m"round"[31m
                [33mstroke-linejoin[31m=[32m"round"[31m
                [33mstroke-width[31m=[32m"1.9"[31m
              [36m/>[31m
            [36m</svg>[31m
          [36m</button>[31m
        [36m</div>[31m
      [36m</header>[31m
      [36m<section[31m
        [33mclass[31m=[32m"grid grid-cols-2 md:grid-cols-4 gap-6"[31m
      [36m>[31m
        [36m<div[31m
          [33mclass[31m=[32m"bg-rag-blue border-4 border-black p-8 shadow-[8px_8px_0px_0px_rgba(0,0,0,1)] flex flex-col justify-between h-40 group hover:-translate-y-1 transition-transform"[31m
        [36m>[31m
          [36m<div[31m
            [33mclass[31m=[32m"flex justify-between items-start"[31m
          [36m>[31m
            [36m<span[31m
              [33mclass[31m=[32m"text-[10px] font-black text-black uppercase tracking-[0.2em] italic"[31m
            [36m>[31m
              [0mArchived_Briefings[0m
            [36m</span>[31m
            [36m<svg[31m
              [33mclass[31m=[32m"text-black/20 group-hover:text-black transition-colors"[31m
              [33mcolor[31m=[32m"currentColor"[31m
              [33mfill[31m=[32m"none"[31m
              [33mheight[31m=[32m"20"[31m
              [33mstroke[31m=[32m"currentColor"[31m
              [33mstroke-width[31m=[32m"1.9"[31m
              [33mviewBox[31m=[32m"0 0 24 24"[31m
              [33mwidth[31m=[32m"20...

Ignored nodes: comments, script, style
[36m<body>[31m
  [36m<div>[31m
    [36m<div[31m
      [33mclass[31m=[32m"min-h-screen bg-charcoal-dark text-silver p-6 md:p-12 space-y-12"[31m
    [36m>[31m
      [36m<header[31m
        [33mclass[31m=[32m"relative flex flex-col md:flex-row justify-between items-start md:items-end gap-8 pb-12 border-b-4 border-silver-bright/10 font-black"[31m
      [36m>[31m
        [36m<div[31m
          [33mclass[31m=[32m"space-y-4"[31m
        [36m>[31m
          [36m<div[31m
            [33mclass[31m=[32m"bg-rag-amber text-black px-4 py-1 text-xs uppercase tracking-widest inline-block shadow-[4px_4px_0px_0px_rgba(0,0,0,1)] font-black"[31m
          [36m>[31m
            [0mArchive_Matrix v8.2[0m
          [36m</div>[31m
          [36m<h1[31m
            [33mclass[31m=[32m"text-6xl md:text-8xl text-silver-bright uppercase tracking-tighter leading-none italic font-black"[31m
          [36m>[31m
            [0mAnalytics[0m
            [0m [0m
            [36m<span[31m
              [33mclass[31m=[32m"text-transparent stroke-white"[31m
              [33mstyle[31m=[32m"-webkit-text-stroke: 2px var(--accent-silver-bright);"[31m
            [36m>[31m
              [0mArchive[0m
            [36m</span>[31m
          [36m</h1>[31m
          [36m<p[31m
            [33mclass[31m=[32m"text-sm font-mono text-silver/40 uppercase tracking-widest italic leading-relaxed"[31m
          [36m>[31m
            [0mHISTORICAL_BRIEFINGS // ENCRYPTED_DOSSIERS // AUDIT_FEED[0m
          [36m</p>[31m
        [36m</div>[31m
        [36m<div[31m
          [33mclass[31m=[32m"flex items-center gap-6"[31m
        [36m>[31m
          [36m<button[31m
            [33mclass[31m=[32m"bg-charcoal border-4 border-black p-4 text-silver-bright shadow-[6px_6px_0px_0px_rgba(0,0,0,1)] hover:shadow-none hover:translate-x-1 hover:translate-y-1 transition-all"[31m
            [33mtitle[31m=[32m"Refresh Archive"[31m
          [36m>[31m
            [36m<svg[31m
              [33mclass[31m=[32m"block"[31m
              [33mcolor[31m=[32m"currentColor"[31m
              [33mfill[31m=[32m"none"[31m
              [33mheight[31m=[32m"20"[31m
              [33mstroke[31m=[32m"currentColor"[31m
              [33mstroke-width[31m=[32m"1.9"[31m
              [33mviewBox[31m=[32m"0 0 24 24"[31m
              [33mwidth[31m=[32m"20"[31m
              [33mxmlns[31m=[32m"http://www.w3.org/2000/svg"[31m
            [36m>[31m
              [36m<path[31m
                [33md[31m=[32m"M20.4879 15C19.2524 18.4956 15.9187 21 12 21C7.02943 21 3 16.9706 3 12C3 7.02943 7.02943 3 12 3C15.7292 3 18.9286 5.26806 20.2941 8.5"[31m
                [33mstroke[31m=[32m"currentColor"[31m
                [33mstroke-linecap[31m=[32m"round"[31m
                [33mstroke-linejoin[31m=[32m"round"[31m
                [33mstroke-width[31m=[32m"1.9"[31m
              [36m/>[31m
              [36m<path[31m
                [33md[31m=[32m"M15 9H18C19.4142 9 20.1213 9 20.5607 8.56066C21 8.12132 21 7.41421 21 6V3"[31m
                [33mstroke[31m=[32m"currentColor"[31m
                [33mstroke-linecap[31m=[32m"round"[31m
                [33mstroke-linejoin[31m=[32m"round"[31m
                [33mstroke-width[31m=[32m"1.9"[31m
              [36m/>[31m
            [36m</svg>[31m
          [36m</button>[31m
          [36m<button[31m
            [33mclass[31m=[32m"bg-silver-bright border-4 border-black p-4 text-black shadow-[6px_6px_0px_0px_rgba(0,0,0,1)] transition-all hover:shadow-none hover:translate-x-1 hover:translate-y-1"[31m
            [33mtitle[31m=[32m"Download Latest Briefing"[31m
          [36m>[31m
            [36m<svg[31m
              [33mclass[31m=[32m"block"[31m
              [33mcolor[31m=[32m"currentColor"[31m
              [33mfill[31m=[32m"none"[31m
              [33mheight[31m=[32m"20"[31m
              [33mstroke[31m=[32m"currentColor"[31m
              [33mstroke-width[31m=[32m"1.9"[31m
              [33mviewBox[31m=[32m"0 0 24 24"[31m
              [33mwidth[31m=[32m"20"[31m
              [33mxmlns[31m=[32m"http://www.w3.org/2000/svg"[31m
            [36m>[31m
              [36m<path[31m
                [33md[31m=[32m"M19 11C19 10.1825 19 9.4306 18.8478 9.06306C18.6955 8.69552 18.4065 8.40649 17.8284 7.82843L13.0919 3.09188C12.593 2.593 12.3436 2.34355 12.0345 2.19575C11.9702 2.165 11.9044 2.13772 11.8372 2.11401C11.5141 2 11.1614 2 10.4558 2C7.21082 2 5.58831 2 4.48933 2.88607C4.26731 3.06508 4.06508 3.26731 3.88607 3.48933C3 4.58831 3 6.21082 3 9.45584V14C3 17.7712 3 19.6569 4.17157 20.8284C5.34315 22 7.22876 22 11 22H19M12 2.5V3C12 5.82843 12 7.24264 12.8787 8.12132C13.7574 9 15.1716 9 18 9H18.5"[31m
                [33mstroke[31m=[32m"currentColor"[31m
                [33mstroke-linecap[31m=[32m"round"[31m
                [33mstroke-linejoin[31m=[32m"round"[31m
                [33mstroke-width[31m=[32m"1.9"[31m
              [36m/>[31m
              [36m<path[31m
                [33md[31m=[32m"M21 14H19C18.4477 14 18 14.4477 18 15V16.5M18 16.5V19M18 16.5H20.5M7 19V17M7 17V14H8.5C9.32843 14 10 14.6716 10 15.5C10 16.3284 9.32843 17 8.5 17H7ZM12.5 14H13.7857C14.7325 14 15.5 14.7462 15.5 15.6667V17.3333C15.5 18.2538 14.7325 19 13.7857 19H12.5V14Z"[31m
                [33mstroke[31m=[32m"currentColor"[31m
                [33mstroke-linecap[31m=[32m"round"[31m
                [33mstroke-linejoin[31m=[32m"round"[31m
                [33mstroke-width[31m=[32m"1.9"[31m
              [36m/>[31m
            [36m</svg>[31m
          [36m</button>[31m
        [36m</div>[31m
      [36m</header>[31m
      [36m<section[31m
        [33mclass[31m=[32m"grid grid-cols-2 md:grid-cols-4 gap-6"[31m
      [36m>[31m
        [36m<div[31m
          [33mclass[31m=[32m"bg-rag-blue border-4 border-black p-8 shadow-[8px_8px_0px_0px_rgba(0,0,0,1)] flex flex-col justify-between h-40 group hover:-translate-y-1 transition-transform"[31m
        [36m>[31m
          [36m<div[31m
            [33mclass[31m=[32m"flex justify-between items-start"[31m
          [36m>[31m
            [36m<span[31m
              [33mclass[31m=[32m"text-[10px] font-black text-black uppercase tracking-[0.2em] italic"[31m
            [36m>[31m
              [0mArchived_Briefings[0m
            [36m</span>[31m
            [36m<svg[31m
              [33mclass[31m=[32m"text-black/20 group-hover:text-black transition-colors"[31m
              [33mcolor[31m=[32m"currentColor"[31m
              [33mfill[31m=[32m"none"[31m
              [33mheight[31m=[32m"20"[31m
              [33mstroke[31m=[32m"currentColor"[31m
              [33mstroke-width[31m=[32m"1.9"[31m
              [33mviewBox[31m=[32m"0 0 24 24"[31m
              [33mwidth[31m=[32m"20...[39m
[31m   [31m├ù[31m Reports ΓÇö status filter[2m > [22mshows only failed reports when status filter is Failed[33m 1022[2mms[22m[31m[39m
[31m     ΓåÆ Unable to find an element with the text: /Security Scan ΓÇö example.com/i. This could be because the text is broken up by multiple elements. In this case, you can provide a function for your text matcher to make your matcher more flexible.

Ignored nodes: comments, script, style
[36m<body>[31m
  [36m<div>[31m
    [36m<div[31m
      [33mclass[31m=[32m"min-h-screen bg-charcoal-dark text-silver p-6 md:p-12 space-y-12"[31m
    [36m>[31m
      [36m<header[31m
        [33mclass[31m=[32m"relative flex flex-col md:flex-row justify-between items-start md:items-end gap-8 pb-12 border-b-4 border-silver-bright/10 font-black"[31m
      [36m>[31m
        [36m<div[31m
          [33mclass[31m=[32m"space-y-4"[31m
        [36m>[31m
          [36m<div[31m
            [33mclass[31m=[32m"bg-rag-amber text-black px-4 py-1 text-xs uppercase tracking-widest inline-block shadow-[4px_4px_0px_0px_rgba(0,0,0,1)] font-black"[31m
          [36m>[31m
            [0mArchive_Matrix v8.2[0m
          [36m</div>[31m
          [36m<h1[31m
            [33mclass[31m=[32m"text-6xl md:text-8xl text-silver-bright uppercase tracking-tighter leading-none italic font-black"[31m
          [36m>[31m
            [0mAnalytics[0m
            [0m [0m
            [36m<span[31m
              [33mclass[31m=[32m"text-transparent stroke-white"[31m
              [33mstyle[31m=[32m"-webkit-text-stroke: 2px var(--accent-silver-bright);"[31m
            [36m>[31m
              [0mArchive[0m
            [36m</span>[31m
          [36m</h1>[31m
          [36m<p[31m
            [33mclass[31m=[32m"text-sm font-mono text-silver/40 uppercase tracking-widest italic leading-relaxed"[31m
          [36m>[31m
            [0mHISTORICAL_BRIEFINGS // ENCRYPTED_DOSSIERS // AUDIT_FEED[0m
          [36m</p>[31m
        [36m</div>[31m
        [36m<div[31m
          [33mclass[31m=[32m"flex items-center gap-6"[31m
        [36m>[31m
          [36m<button[31m
            [33mclass[31m=[32m"bg-charcoal border-4 border-black p-4 text-silver-bright shadow-[6px_6px_0px_0px_rgba(0,0,0,1)] hover:shadow-none hover:translate-x-1 hover:translate-y-1 transition-all"[31m
            [33mtitle[31m=[32m"Refresh Archive"[31m
          [36m>[31m
            [36m<svg[31m
              [33mclass[31m=[32m"block"[31m
              [33mcolor[31m=[32m"currentColor"[31m
              [33mfill[31m=[32m"none"[31m
              [33mheight[31m=[32m"20"[31m
              [33mstroke[31m=[32m"currentColor"[31m
              [33mstroke-width[31m=[32m"1.9"[31m
              [33mviewBox[31m=[32m"0 0 24 24"[31m
              [33mwidth[31m=[32m"20"[31m
              [33mxmlns[31m=[32m"http://www.w3.org/2000/svg"[31m
            [36m>[31m
              [36m<path[31m
                [33md[31m=[32m"M20.4879 15C19.2524 18.4956 15.9187 21 12 21C7.02943 21 3 16.9706 3 12C3 7.02943 7.02943 3 12 3C15.7292 3 18.9286 5.26806 20.2941 8.5"[31m
                [33mstroke[31m=[32m"currentColor"[31m
                [33mstroke-linecap[31m=[32m"round"[31m
                [33mstroke-linejoin[31m=[32m"round"[31m
                [33mstroke-width[31m=[32m"1.9"[31m
              [36m/>[31m
              [36m<path[31m
                [33md[31m=[32m"M15 9H18C19.4142 9 20.1213 9 20.5607 8.56066C21 8.12132 21 7.41421 21 6V3"[31m
                [33mstroke[31m=[32m"currentColor"[31m
                [33mstroke-linecap[31m=[32m"round"[31m
                [33mstroke-linejoin[31m=[32m"round"[31m
                [33mstroke-width[31m=[32m"1.9"[31m
              [36m/>[31m
            [36m</svg>[31m
          [36m</button>[31m
          [36m<button[31m
            [33mclass[31m=[32m"bg-silver-bright border-4 border-black p-4 text-black shadow-[6px_6px_0px_0px_rgba(0,0,0,1)] transition-all hover:shadow-none hover:translate-x-1 hover:translate-y-1"[31m
            [33mtitle[31m=[32m"Download Latest Briefing"[31m
          [36m>[31m
            [36m<svg[31m
              [33mclass[31m=[32m"block"[31m
              [33mcolor[31m=[32m"currentColor"[31m
              [33mfill[31m=[32m"none"[31m
              [33mheight[31m=[32m"20"[31m
              [33mstroke[31m=[32m"currentColor"[31m
              [33mstroke-width[31m=[32m"1.9"[31m
              [33mviewBox[31m=[32m"0 0 24 24"[31m
              [33mwidth[31m=[32m"20"[31m
              [33mxmlns[31m=[32m"http://www.w3.org/2000/svg"[31m
            [36m>[31m
              [36m<path[31m
                [33md[31m=[32m"M19 11C19 10.1825 19 9.4306 18.8478 9.06306C18.6955 8.69552 18.4065 8.40649 17.8284 7.82843L13.0919 3.09188C12.593 2.593 12.3436 2.34355 12.0345 2.19575C11.9702 2.165 11.9044 2.13772 11.8372 2.11401C11.5141 2 11.1614 2 10.4558 2C7.21082 2 5.58831 2 4.48933 2.88607C4.26731 3.06508 4.06508 3.26731 3.88607 3.48933C3 4.58831 3 6.21082 3 9.45584V14C3 17.7712 3 19.6569 4.17157 20.8284C5.34315 22 7.22876 22 11 22H19M12 2.5V3C12 5.82843 12 7.24264 12.8787 8.12132C13.7574 9 15.1716 9 18 9H18.5"[31m
                [33mstroke[31m=[32m"currentColor"[31m
                [33mstroke-linecap[31m=[32m"round"[31m
                [33mstroke-linejoin[31m=[32m"round"[31m
                [33mstroke-width[31m=[32m"1.9"[31m
              [36m/>[31m
              [36m<path[31m
                [33md[31m=[32m"M21 14H19C18.4477 14 18 14.4477 18 15V16.5M18 16.5V19M18 16.5H20.5M7 19V17M7 17V14H8.5C9.32843 14 10 14.6716 10 15.5C10 16.3284 9.32843 17 8.5 17H7ZM12.5 14H13.7857C14.7325 14 15.5 14.7462 15.5 15.6667V17.3333C15.5 18.2538 14.7325 19 13.7857 19H12.5V14Z"[31m
                [33mstroke[31m=[32m"currentColor"[31m
                [33mstroke-linecap[31m=[32m"round"[31m
                [33mstroke-linejoin[31m=[32m"round"[31m
                [33mstroke-width[31m=[32m"1.9"[31m
              [36m/>[31m
            [36m</svg>[31m
          [36m</button>[31m
        [36m</div>[31m
      [36m</header>[31m
      [36m<section[31m
        [33mclass[31m=[32m"grid grid-cols-2 md:grid-cols-4 gap-6"[31m
      [36m>[31m
        [36m<div[31m
          [33mclass[31m=[32m"bg-rag-blue border-4 border-black p-8 shadow-[8px_8px_0px_0px_rgba(0,0,0,1)] flex flex-col justify-between h-40 group hover:-translate-y-1 transition-transform"[31m
        [36m>[31m
          [36m<div[31m
            [33mclass[31m=[32m"flex justify-between items-start"[31m
          [36m>[31m
            [36m<span[31m
              [33mclass[31m=[32m"text-[10px] font-black text-black uppercase tracking-[0.2em] italic"[31m
            [36m>[31m
              [0mArchived_Briefings[0m
            [36m</span>[31m
            [36m<svg[31m
              [33mclass[31m=[32m"text-black/20 group-hover:text-black transition-colors"[31m
              [33mcolor[31m=[32m"currentColor"[31m
              [33mfill[31m=[32m"none"[31m
              [33mheight[31m=[32m"20"[31m
              [33mstroke[31m=[32m"currentColor"[31m
              [33mstroke-width[31m=[32m"1.9"[31m
              [33mviewBox[31m=[32m"0 0 24 24"[31m
              [33mwidth[31m=[32m"20...

Ignored nodes: comments, script, style
[36m<body>[31m
  [36m<div>[31m
    [36m<div[31m
      [33mclass[31m=[32m"min-h-screen bg-charcoal-dark text-silver p-6 md:p-12 space-y-12"[31m
    [36m>[31m
      [36m<header[31m
        [33mclass[31m=[32m"relative flex flex-col md:flex-row justify-between items-start md:items-end gap-8 pb-12 border-b-4 border-silver-bright/10 font-black"[31m
      [36m>[31m
        [36m<div[31m
          [33mclass[31m=[32m"space-y-4"[31m
        [36m>[31m
          [36m<div[31m
            [33mclass[31m=[32m"bg-rag-amber text-black px-4 py-1 text-xs uppercase tracking-widest inline-block shadow-[4px_4px_0px_0px_rgba(0,0,0,1)] font-black"[31m
          [36m>[31m
            [0mArchive_Matrix v8.2[0m
          [36m</div>[31m
          [36m<h1[31m
            [33mclass[31m=[32m"text-6xl md:text-8xl text-silver-bright uppercase tracking-tighter leading-none italic font-black"[31m
          [36m>[31m
            [0mAnalytics[0m
            [0m [0m
            [36m<span[31m
              [33mclass[31m=[32m"text-transparent stroke-white"[31m
              [33mstyle[31m=[32m"-webkit-text-stroke: 2px var(--accent-silver-bright);"[31m
            [36m>[31m
              [0mArchive[0m
            [36m</span>[31m
          [36m</h1>[31m
          [36m<p[31m
            [33mclass[31m=[32m"text-sm font-mono text-silver/40 uppercase tracking-widest italic leading-relaxed"[31m
          [36m>[31m
            [0mHISTORICAL_BRIEFINGS // ENCRYPTED_DOSSIERS // AUDIT_FEED[0m
          [36m</p>[31m
        [36m</div>[31m
        [36m<div[31m
          [33mclass[31m=[32m"flex items-center gap-6"[31m
        [36m>[31m
          [36m<button[31m
            [33mclass[31m=[32m"bg-charcoal border-4 border-black p-4 text-silver-bright shadow-[6px_6px_0px_0px_rgba(0,0,0,1)] hover:shadow-none hover:translate-x-1 hover:translate-y-1 transition-all"[31m
            [33mtitle[31m=[32m"Refresh Archive"[31m
          [36m>[31m
            [36m<svg[31m
              [33mclass[31m=[32m"block"[31m
              [33mcolor[31m=[32m"currentColor"[31m
              [33mfill[31m=[32m"none"[31m
              [33mheight[31m=[32m"20"[31m
              [33mstroke[31m=[32m"currentColor"[31m
              [33mstroke-width[31m=[32m"1.9"[31m
              [33mviewBox[31m=[32m"0 0 24 24"[31m
              [33mwidth[31m=[32m"20"[31m
              [33mxmlns[31m=[32m"http://www.w3.org/2000/svg"[31m
            [36m>[31m
              [36m<path[31m
                [33md[31m=[32m"M20.4879 15C19.2524 18.4956 15.9187 21 12 21C7.02943 21 3 16.9706 3 12C3 7.02943 7.02943 3 12 3C15.7292 3 18.9286 5.26806 20.2941 8.5"[31m
                [33mstroke[31m=[32m"currentColor"[31m
                [33mstroke-linecap[31m=[32m"round"[31m
                [33mstroke-linejoin[31m=[32m"round"[31m
                [33mstroke-width[31m=[32m"1.9"[31m
              [36m/>[31m
              [36m<path[31m
                [33md[31m=[32m"M15 9H18C19.4142 9 20.1213 9 20.5607 8.56066C21 8.12132 21 7.41421 21 6V3"[31m
                [33mstroke[31m=[32m"currentColor"[31m
                [33mstroke-linecap[31m=[32m"round"[31m
                [33mstroke-linejoin[31m=[32m"round"[31m
                [33mstroke-width[31m=[32m"1.9"[31m
              [36m/>[31m
            [36m</svg>[31m
          [36m</button>[31m
          [36m<button[31m
            [33mclass[31m=[32m"bg-silver-bright border-4 border-black p-4 text-black shadow-[6px_6px_0px_0px_rgba(0,0,0,1)] transition-all hover:shadow-none hover:translate-x-1 hover:translate-y-1"[31m
            [33mtitle[31m=[32m"Download Latest Briefing"[31m
          [36m>[31m
            [36m<svg[31m
              [33mclass[31m=[32m"block"[31m
              [33mcolor[31m=[32m"currentColor"[31m
              [33mfill[31m=[32m"none"[31m
              [33mheight[31m=[32m"20"[31m
              [33mstroke[31m=[32m"currentColor"[31m
              [33mstroke-width[31m=[32m"1.9"[31m
              [33mviewBox[31m=[32m"0 0 24 24"[31m
              [33mwidth[31m=[32m"20"[31m
              [33mxmlns[31m=[32m"http://www.w3.org/2000/svg"[31m
            [36m>[31m
              [36m<path[31m
                [33md[31m=[32m"M19 11C19 10.1825 19 9.4306 18.8478 9.06306C18.6955 8.69552 18.4065 8.40649 17.8284 7.82843L13.0919 3.09188C12.593 2.593 12.3436 2.34355 12.0345 2.19575C11.9702 2.165 11.9044 2.13772 11.8372 2.11401C11.5141 2 11.1614 2 10.4558 2C7.21082 2 5.58831 2 4.48933 2.88607C4.26731 3.06508 4.06508 3.26731 3.88607 3.48933C3 4.58831 3 6.21082 3 9.45584V14C3 17.7712 3 19.6569 4.17157 20.8284C5.34315 22 7.22876 22 11 22H19M12 2.5V3C12 5.82843 12 7.24264 12.8787 8.12132C13.7574 9 15.1716 9 18 9H18.5"[31m
                [33mstroke[31m=[32m"currentColor"[31m
                [33mstroke-linecap[31m=[32m"round"[31m
                [33mstroke-linejoin[31m=[32m"round"[31m
                [33mstroke-width[31m=[32m"1.9"[31m
              [36m/>[31m
              [36m<path[31m
                [33md[31m=[32m"M21 14H19C18.4477 14 18 14.4477 18 15V16.5M18 16.5V19M18 16.5H20.5M7 19V17M7 17V14H8.5C9.32843 14 10 14.6716 10 15.5C10 16.3284 9.32843 17 8.5 17H7ZM12.5 14H13.7857C14.7325 14 15.5 14.7462 15.5 15.6667V17.3333C15.5 18.2538 14.7325 19 13.7857 19H12.5V14Z"[31m
                [33mstroke[31m=[32m"currentColor"[31m
                [33mstroke-linecap[31m=[32m"round"[31m
                [33mstroke-linejoin[31m=[32m"round"[31m
                [33mstroke-width[31m=[32m"1.9"[31m
              [36m/>[31m
            [36m</svg>[31m
          [36m</button>[31m
        [36m</div>[31m
      [36m</header>[31m
      [36m<section[31m
        [33mclass[31m=[32m"grid grid-cols-2 md:grid-cols-4 gap-6"[31m
      [36m>[31m
        [36m<div[31m
          [33mclass[31m=[32m"bg-rag-blue border-4 border-black p-8 shadow-[8px_8px_0px_0px_rgba(0,0,0,1)] flex flex-col justify-between h-40 group hover:-translate-y-1 transition-transform"[31m
        [36m>[31m
          [36m<div[31m
            [33mclass[31m=[32m"flex justify-between items-start"[31m
          [36m>[31m
            [36m<span[31m
              [33mclass[31m=[32m"text-[10px] font-black text-black uppercase tracking-[0.2em] italic"[31m
            [36m>[31m
              [0mArchived_Briefings[0m
            [36m</span>[31m
            [36m<svg[31m
              [33mclass[31m=[32m"text-black/20 group-hover:text-black transition-colors"[31m
              [33mcolor[31m=[32m"currentColor"[31m
              [33mfill[31m=[32m"none"[31m
              [33mheight[31m=[32m"20"[31m
              [33mstroke[31m=[32m"currentColor"[31m
              [33mstroke-width[31m=[32m"1.9"[31m
              [33mviewBox[31m=[32m"0 0 24 24"[31m
              [33mwidth[31m=[32m"20...[39m
[31m   [31m├ù[31m Reports ΓÇö status filter[2m > [22mshows only generating reports when status filter is Generating[33m 1027[2mms[22m[31m[39m
[31m     ΓåÆ Unable to find an element with the text: /Security Scan ΓÇö example.com/i. This could be because the text is broken up by multiple elements. In this case, you can provide a function for your text matcher to make your matcher more flexible.

Ignored nodes: comments, script, style
[36m<body>[31m
  [36m<div>[31m
    [36m<div[31m
      [33mclass[31m=[32m"min-h-screen bg-charcoal-dark text-silver p-6 md:p-12 space-y-12"[31m
    [36m>[31m
      [36m<header[31m
        [33mclass[31m=[32m"relative flex flex-col md:flex-row justify-between items-start md:items-end gap-8 pb-12 border-b-4 border-silver-bright/10 font-black"[31m
      [36m>[31m
        [36m<div[31m
          [33mclass[31m=[32m"space-y-4"[31m
        [36m>[31m
          [36m<div[31m
            [33mclass[31m=[32m"bg-rag-amber text-black px-4 py-1 text-xs uppercase tracking-widest inline-block shadow-[4px_4px_0px_0px_rgba(0,0,0,1)] font-black"[31m
          [36m>[31m
            [0mArchive_Matrix v8.2[0m
          [36m</div>[31m
          [36m<h1[31m
            [33mclass[31m=[32m"text-6xl md:text-8xl text-silver-bright uppercase tracking-tighter leading-none italic font-black"[31m
          [36m>[31m
            [0mAnalytics[0m
            [0m [0m
            [36m<span[31m
              [33mclass[31m=[32m"text-transparent stroke-white"[31m
              [33mstyle[31m=[32m"-webkit-text-stroke: 2px var(--accent-silver-bright);"[31m
            [36m>[31m
              [0mArchive[0m
            [36m</span>[31m
          [36m</h1>[31m
          [36m<p[31m
            [33mclass[31m=[32m"text-sm font-mono text-silver/40 uppercase tracking-widest italic leading-relaxed"[31m
          [36m>[31m
            [0mHISTORICAL_BRIEFINGS // ENCRYPTED_DOSSIERS // AUDIT_FEED[0m
          [36m</p>[31m
        [36m</div>[31m
        [36m<div[31m
          [33mclass[31m=[32m"flex items-center gap-6"[31m
        [36m>[31m
          [36m<button[31m
            [33mclass[31m=[32m"bg-charcoal border-4 border-black p-4 text-silver-bright shadow-[6px_6px_0px_0px_rgba(0,0,0,1)] hover:shadow-none hover:translate-x-1 hover:translate-y-1 transition-all"[31m
            [33mtitle[31m=[32m"Refresh Archive"[31m
          [36m>[31m
            [36m<svg[31m
              [33mclass[31m=[32m"block"[31m
              [33mcolor[31m=[32m"currentColor"[31m
              [33mfill[31m=[32m"none"[31m
              [33mheight[31m=[32m"20"[31m
              [33mstroke[31m=[32m"currentColor"[31m
              [33mstroke-width[31m=[32m"1.9"[31m
              [33mviewBox[31m=[32m"0 0 24 24"[31m
              [33mwidth[31m=[32m"20"[31m
              [33mxmlns[31m=[32m"http://www.w3.org/2000/svg"[31m
            [36m>[31m
              [36m<path[31m
                [33md[31m=[32m"M20.4879 15C19.2524 18.4956 15.9187 21 12 21C7.02943 21 3 16.9706 3 12C3 7.02943 7.02943 3 12 3C15.7292 3 18.9286 5.26806 20.2941 8.5"[31m
                [33mstroke[31m=[32m"currentColor"[31m
                [33mstroke-linecap[31m=[32m"round"[31m
                [33mstroke-linejoin[31m=[32m"round"[31m
                [33mstroke-width[31m=[32m"1.9"[31m
              [36m/>[31m
              [36m<path[31m
                [33md[31m=[32m"M15 9H18C19.4142 9 20.1213 9 20.5607 8.56066C21 8.12132 21 7.41421 21 6V3"[31m
                [33mstroke[31m=[32m"currentColor"[31m
                [33mstroke-linecap[31m=[32m"round"[31m
                [33mstroke-linejoin[31m=[32m"round"[31m
                [33mstroke-width[31m=[32m"1.9"[31m
              [36m/>[31m
            [36m</svg>[31m
          [36m</button>[31m
          [36m<button[31m
            [33mclass[31m=[32m"bg-silver-bright border-4 border-black p-4 text-black shadow-[6px_6px_0px_0px_rgba(0,0,0,1)] transition-all hover:shadow-none hover:translate-x-1 hover:translate-y-1"[31m
            [33mtitle[31m=[32m"Download Latest Briefing"[31m
          [36m>[31m
            [36m<svg[31m
              [33mclass[31m=[32m"block"[31m
              [33mcolor[31m=[32m"currentColor"[31m
              [33mfill[31m=[32m"none"[31m
              [33mheight[31m=[32m"20"[31m
              [33mstroke[31m=[32m"currentColor"[31m
              [33mstroke-width[31m=[32m"1.9"[31m
              [33mviewBox[31m=[32m"0 0 24 24"[31m
              [33mwidth[31m=[32m"20"[31m
              [33mxmlns[31m=[32m"http://www.w3.org/2000/svg"[31m
            [36m>[31m
              [36m<path[31m
                [33md[31m=[32m"M19 11C19 10.1825 19 9.4306 18.8478 9.06306C18.6955 8.69552 18.4065 8.40649 17.8284 7.82843L13.0919 3.09188C12.593 2.593 12.3436 2.34355 12.0345 2.19575C11.9702 2.165 11.9044 2.13772 11.8372 2.11401C11.5141 2 11.1614 2 10.4558 2C7.21082 2 5.58831 2 4.48933 2.88607C4.26731 3.06508 4.06508 3.26731 3.88607 3.48933C3 4.58831 3 6.21082 3 9.45584V14C3 17.7712 3 19.6569 4.17157 20.8284C5.34315 22 7.22876 22 11 22H19M12 2.5V3C12 5.82843 12 7.24264 12.8787 8.12132C13.7574 9 15.1716 9 18 9H18.5"[31m
                [33mstroke[31m=[32m"currentColor"[31m
                [33mstroke-linecap[31m=[32m"round"[31m
                [33mstroke-linejoin[31m=[32m"round"[31m
                [33mstroke-width[31m=[32m"1.9"[31m
              [36m/>[31m
              [36m<path[31m
                [33md[31m=[32m"M21 14H19C18.4477 14 18 14.4477 18 15V16.5M18 16.5V19M18 16.5H20.5M7 19V17M7 17V14H8.5C9.32843 14 10 14.6716 10 15.5C10 16.3284 9.32843 17 8.5 17H7ZM12.5 14H13.7857C14.7325 14 15.5 14.7462 15.5 15.6667V17.3333C15.5 18.2538 14.7325 19 13.7857 19H12.5V14Z"[31m
                [33mstroke[31m=[32m"currentColor"[31m
                [33mstroke-linecap[31m=[32m"round"[31m
                [33mstroke-linejoin[31m=[32m"round"[31m
                [33mstroke-width[31m=[32m"1.9"[31m
              [36m/>[31m
            [36m</svg>[31m
          [36m</button>[31m
        [36m</div>[31m
      [36m</header>[31m
      [36m<section[31m
        [33mclass[31m=[32m"grid grid-cols-2 md:grid-cols-4 gap-6"[31m
      [36m>[31m
        [36m<div[31m
          [33mclass[31m=[32m"bg-rag-blue border-4 border-black p-8 shadow-[8px_8px_0px_0px_rgba(0,0,0,1)] flex flex-col justify-between h-40 group hover:-translate-y-1 transition-transform"[31m
        [36m>[31m
          [36m<div[31m
            [33mclass[31m=[32m"flex justify-between items-start"[31m
          [36m>[31m
            [36m<span[31m
              [33mclass[31m=[32m"text-[10px] font-black text-black uppercase tracking-[0.2em] italic"[31m
            [36m>[31m
              [0mArchived_Briefings[0m
            [36m</span>[31m
            [36m<svg[31m
              [33mclass[31m=[32m"text-black/20 group-hover:text-black transition-colors"[31m
              [33mcolor[31m=[32m"currentColor"[31m
              [33mfill[31m=[32m"none"[31m
              [33mheight[31m=[32m"20"[31m
              [33mstroke[31m=[32m"currentColor"[31m
              [33mstroke-width[31m=[32m"1.9"[31m
              [33mviewBox[31m=[32m"0 0 24 24"[31m
              [33mwidth[31m=[32m"20...

Ignored nodes: comments, script, style
[36m<body>[31m
  [36m<div>[31m
    [36m<div[31m
      [33mclass[31m=[32m"min-h-screen bg-charcoal-dark text-silver p-6 md:p-12 space-y-12"[31m
    [36m>[31m
      [36m<header[31m
        [33mclass[31m=[32m"relative flex flex-col md:flex-row justify-between items-start md:items-end gap-8 pb-12 border-b-4 border-silver-bright/10 font-black"[31m
      [36m>[31m
        [36m<div[31m
          [33mclass[31m=[32m"space-y-4"[31m
        [36m>[31m
          [36m<div[31m
            [33mclass[31m=[32m"bg-rag-amber text-black px-4 py-1 text-xs uppercase tracking-widest inline-block shadow-[4px_4px_0px_0px_rgba(0,0,0,1)] font-black"[31m
          [36m>[31m
            [0mArchive_Matrix v8.2[0m
          [36m</div>[31m
          [36m<h1[31m
            [33mclass[31m=[32m"text-6xl md:text-8xl text-silver-bright uppercase tracking-tighter leading-none italic font-black"[31m
          [36m>[31m
            [0mAnalytics[0m
            [0m [0m
            [36m<span[31m
              [33mclass[31m=[32m"text-transparent stroke-white"[31m
              [33mstyle[31m=[32m"-webkit-text-stroke: 2px var(--accent-silver-bright);"[31m
            [36m>[31m
              [0mArchive[0m
            [36m</span>[31m
          [36m</h1>[31m
          [36m<p[31m
            [33mclass[31m=[32m"text-sm font-mono text-silver/40 uppercase tracking-widest italic leading-relaxed"[31m
          [36m>[31m
            [0mHISTORICAL_BRIEFINGS // ENCRYPTED_DOSSIERS // AUDIT_FEED[0m
          [36m</p>[31m
        [36m</div>[31m
        [36m<div[31m
          [33mclass[31m=[32m"flex items-center gap-6"[31m
        [36m>[31m
          [36m<button[31m
            [33mclass[31m=[32m"bg-charcoal border-4 border-black p-4 text-silver-bright shadow-[6px_6px_0px_0px_rgba(0,0,0,1)] hover:shadow-none hover:translate-x-1 hover:translate-y-1 transition-all"[31m
            [33mtitle[31m=[32m"Refresh Archive"[31m
          [36m>[31m
            [36m<svg[31m
              [33mclass[31m=[32m"block"[31m
              [33mcolor[31m=[32m"currentColor"[31m
              [33mfill[31m=[32m"none"[31m
              [33mheight[31m=[32m"20"[31m
              [33mstroke[31m=[32m"currentColor"[31m
              [33mstroke-width[31m=[32m"1.9"[31m
              [33mviewBox[31m=[32m"0 0 24 24"[31m
              [33mwidth[31m=[32m"20"[31m
              [33mxmlns[31m=[32m"http://www.w3.org/2000/svg"[31m
            [36m>[31m
              [36m<path[31m
                [33md[31m=[32m"M20.4879 15C19.2524 18.4956 15.9187 21 12 21C7.02943 21 3 16.9706 3 12C3 7.02943 7.02943 3 12 3C15.7292 3 18.9286 5.26806 20.2941 8.5"[31m
                [33mstroke[31m=[32m"currentColor"[31m
                [33mstroke-linecap[31m=[32m"round"[31m
                [33mstroke-linejoin[31m=[32m"round"[31m
                [33mstroke-width[31m=[32m"1.9"[31m
              [36m/>[31m
              [36m<path[31m
                [33md[31m=[32m"M15 9H18C19.4142 9 20.1213 9 20.5607 8.56066C21 8.12132 21 7.41421 21 6V3"[31m
                [33mstroke[31m=[32m"currentColor"[31m
                [33mstroke-linecap[31m=[32m"round"[31m
                [33mstroke-linejoin[31m=[32m"round"[31m
                [33mstroke-width[31m=[32m"1.9"[31m
              [36m/>[31m
            [36m</svg>[31m
          [36m</button>[31m
          [36m<button[31m
            [33mclass[31m=[32m"bg-silver-bright border-4 border-black p-4 text-black shadow-[6px_6px_0px_0px_rgba(0,0,0,1)] transition-all hover:shadow-none hover:translate-x-1 hover:translate-y-1"[31m
            [33mtitle[31m=[32m"Download Latest Briefing"[31m
          [36m>[31m
            [36m<svg[31m
              [33mclass[31m=[32m"block"[31m
              [33mcolor[31m=[32m"currentColor"[31m
              [33mfill[31m=[32m"none"[31m
              [33mheight[31m=[32m"20"[31m
              [33mstroke[31m=[32m"currentColor"[31m
              [33mstroke-width[31m=[32m"1.9"[31m
              [33mviewBox[31m=[32m"0 0 24 24"[31m
              [33mwidth[31m=[32m"20"[31m
              [33mxmlns[31m=[32m"http://www.w3.org/2000/svg"[31m
            [36m>[31m
              [36m<path[31m
                [33md[31m=[32m"M19 11C19 10.1825 19 9.4306 18.8478 9.06306C18.6955 8.69552 18.4065 8.40649 17.8284 7.82843L13.0919 3.09188C12.593 2.593 12.3436 2.34355 12.0345 2.19575C11.9702 2.165 11.9044 2.13772 11.8372 2.11401C11.5141 2 11.1614 2 10.4558 2C7.21082 2 5.58831 2 4.48933 2.88607C4.26731 3.06508 4.06508 3.26731 3.88607 3.48933C3 4.58831 3 6.21082 3 9.45584V14C3 17.7712 3 19.6569 4.17157 20.8284C5.34315 22 7.22876 22 11 22H19M12 2.5V3C12 5.82843 12 7.24264 12.8787 8.12132C13.7574 9 15.1716 9 18 9H18.5"[31m
                [33mstroke[31m=[32m"currentColor"[31m
                [33mstroke-linecap[31m=[32m"round"[31m
                [33mstroke-linejoin[31m=[32m"round"[31m
                [33mstroke-width[31m=[32m"1.9"[31m
              [36m/>[31m
              [36m<path[31m
                [33md[31m=[32m"M21 14H19C18.4477 14 18 14.4477 18 15V16.5M18 16.5V19M18 16.5H20.5M7 19V17M7 17V14H8.5C9.32843 14 10 14.6716 10 15.5C10 16.3284 9.32843 17 8.5 17H7ZM12.5 14H13.7857C14.7325 14 15.5 14.7462 15.5 15.6667V17.3333C15.5 18.2538 14.7325 19 13.7857 19H12.5V14Z"[31m
                [33mstroke[31m=[32m"currentColor"[31m
                [33mstroke-linecap[31m=[32m"round"[31m
                [33mstroke-linejoin[31m=[32m"round"[31m
                [33mstroke-width[31m=[32m"1.9"[31m
              [36m/>[31m
            [36m</svg>[31m
          [36m</button>[31m
        [36m</div>[31m
      [36m</header>[31m
      [36m<section[31m
        [33mclass[31m=[32m"grid grid-cols-2 md:grid-cols-4 gap-6"[31m
      [36m>[31m
        [36m<div[31m
          [33mclass[31m=[32m"bg-rag-blue border-4 border-black p-8 shadow-[8px_8px_0px_0px_rgba(0,0,0,1)] flex flex-col justify-between h-40 group hover:-translate-y-1 transition-transform"[31m
        [36m>[31m
          [36m<div[31m
            [33mclass[31m=[32m"flex justify-between items-start"[31m
          [36m>[31m
            [36m<span[31m
              [33mclass[31m=[32m"text-[10px] font-black text-black uppercase tracking-[0.2em] italic"[31m
            [36m>[31m
              [0mArchived_Briefings[0m
            [36m</span>[31m
            [36m<svg[31m
              [33mclass[31m=[32m"text-black/20 group-hover:text-black transition-colors"[31m
              [33mcolor[31m=[32m"currentColor"[31m
              [33mfill[31m=[32m"none"[31m
              [33mheight[31m=[32m"20"[31m
              [33mstroke[31m=[32m"currentColor"[31m
              [33mstroke-width[31m=[32m"1.9"[31m
              [33mviewBox[31m=[32m"0 0 24 24"[31m
              [33mwidth[31m=[32m"20...[39m
[31m   [31m├ù[31m Reports ΓÇö combined filters[2m > [22mtype + status filter works correctly[33m 1018[2mms[22m[31m[39m
[31m     ΓåÆ Unable to find an element with the text: /Security Scan ΓÇö example.com/i. This could be because the text is broken up by multiple elements. In this case, you can provide a function for your text matcher to make your matcher more flexible.

Ignored nodes: comments, script, style
[36m<body>[31m
  [36m<div>[31m
    [36m<div[31m
      [33mclass[31m=[32m"min-h-screen bg-charcoal-dark text-silver p-6 md:p-12 space-y-12"[31m
    [36m>[31m
      [36m<header[31m
        [33mclass[31m=[32m"relative flex flex-col md:flex-row justify-between items-start md:items-end gap-8 pb-12 border-b-4 border-silver-bright/10 font-black"[31m
      [36m>[31m
        [36m<div[31m
          [33mclass[31m=[32m"space-y-4"[31m
        [36m>[31m
          [36m<div[31m
            [33mclass[31m=[32m"bg-rag-amber text-black px-4 py-1 text-xs uppercase tracking-widest inline-block shadow-[4px_4px_0px_0px_rgba(0,0,0,1)] font-black"[31m
          [36m>[31m
            [0mArchive_Matrix v8.2[0m
          [36m</div>[31m
          [36m<h1[31m
            [33mclass[31m=[32m"text-6xl md:text-8xl text-silver-bright uppercase tracking-tighter leading-none italic font-black"[31m
          [36m>[31m
            [0mAnalytics[0m
            [0m [0m
            [36m<span[31m
              [33mclass[31m=[32m"text-transparent stroke-white"[31m
              [33mstyle[31m=[32m"-webkit-text-stroke: 2px var(--accent-silver-bright);"[31m
            [36m>[31m
              [0mArchive[0m
            [36m</span>[31m
          [36m</h1>[31m
          [36m<p[31m
            [33mclass[31m=[32m"text-sm font-mono text-silver/40 uppercase tracking-widest italic leading-relaxed"[31m
          [36m>[31m
            [0mHISTORICAL_BRIEFINGS // ENCRYPTED_DOSSIERS // AUDIT_FEED[0m
          [36m</p>[31m
        [36m</div>[31m
        [36m<div[31m
          [33mclass[31m=[32m"flex items-center gap-6"[31m
        [36m>[31m
          [36m<button[31m
            [33mclass[31m=[32m"bg-charcoal border-4 border-black p-4 text-silver-bright shadow-[6px_6px_0px_0px_rgba(0,0,0,1)] hover:shadow-none hover:translate-x-1 hover:translate-y-1 transition-all"[31m
            [33mtitle[31m=[32m"Refresh Archive"[31m
          [36m>[31m
            [36m<svg[31m
              [33mclass[31m=[32m"block"[31m
              [33mcolor[31m=[32m"currentColor"[31m
              [33mfill[31m=[32m"none"[31m
              [33mheight[31m=[32m"20"[31m
              [33mstroke[31m=[32m"currentColor"[31m
              [33mstroke-width[31m=[32m"1.9"[31m
              [33mviewBox[31m=[32m"0 0 24 24"[31m
              [33mwidth[31m=[32m"20"[31m
              [33mxmlns[31m=[32m"http://www.w3.org/2000/svg"[31m
            [36m>[31m
              [36m<path[31m
                [33md[31m=[32m"M20.4879 15C19.2524 18.4956 15.9187 21 12 21C7.02943 21 3 16.9706 3 12C3 7.02943 7.02943 3 12 3C15.7292 3 18.9286 5.26806 20.2941 8.5"[31m
                [33mstroke[31m=[32m"currentColor"[31m
                [33mstroke-linecap[31m=[32m"round"[31m
                [33mstroke-linejoin[31m=[32m"round"[31m
                [33mstroke-width[31m=[32m"1.9"[31m
              [36m/>[31m
              [36m<path[31m
                [33md[31m=[32m"M15 9H18C19.4142 9 20.1213 9 20.5607 8.56066C21 8.12132 21 7.41421 21 6V3"[31m
                [33mstroke[31m=[32m"currentColor"[31m
                [33mstroke-linecap[31m=[32m"round"[31m
                [33mstroke-linejoin[31m=[32m"round"[31m
                [33mstroke-width[31m=[32m"1.9"[31m
              [36m/>[31m
            [36m</svg>[31m
          [36m</button>[31m
          [36m<button[31m
            [33mclass[31m=[32m"bg-silver-bright border-4 border-black p-4 text-black shadow-[6px_6px_0px_0px_rgba(0,0,0,1)] transition-all hover:shadow-none hover:translate-x-1 hover:translate-y-1"[31m
            [33mtitle[31m=[32m"Download Latest Briefing"[31m
          [36m>[31m
            [36m<svg[31m
              [33mclass[31m=[32m"block"[31m
              [33mcolor[31m=[32m"currentColor"[31m
              [33mfill[31m=[32m"none"[31m
              [33mheight[31m=[32m"20"[31m
              [33mstroke[31m=[32m"currentColor"[31m
              [33mstroke-width[31m=[32m"1.9"[31m
              [33mviewBox[31m=[32m"0 0 24 24"[31m
              [33mwidth[31m=[32m"20"[31m
              [33mxmlns[31m=[32m"http://www.w3.org/2000/svg"[31m
            [36m>[31m
              [36m<path[31m
                [33md[31m=[32m"M19 11C19 10.1825 19 9.4306 18.8478 9.06306C18.6955 8.69552 18.4065 8.40649 17.8284 7.82843L13.0919 3.09188C12.593 2.593 12.3436 2.34355 12.0345 2.19575C11.9702 2.165 11.9044 2.13772 11.8372 2.11401C11.5141 2 11.1614 2 10.4558 2C7.21082 2 5.58831 2 4.48933 2.88607C4.26731 3.06508 4.06508 3.26731 3.88607 3.48933C3 4.58831 3 6.21082 3 9.45584V14C3 17.7712 3 19.6569 4.17157 20.8284C5.34315 22 7.22876 22 11 22H19M12 2.5V3C12 5.82843 12 7.24264 12.8787 8.12132C13.7574 9 15.1716 9 18 9H18.5"[31m
                [33mstroke[31m=[32m"currentColor"[31m
                [33mstroke-linecap[31m=[32m"round"[31m
                [33mstroke-linejoin[31m=[32m"round"[31m
                [33mstroke-width[31m=[32m"1.9"[31m
              [36m/>[31m
              [36m<path[31m
                [33md[31m=[32m"M21 14H19C18.4477 14 18 14.4477 18 15V16.5M18 16.5V19M18 16.5H20.5M7 19V17M7 17V14H8.5C9.32843 14 10 14.6716 10 15.5C10 16.3284 9.32843 17 8.5 17H7ZM12.5 14H13.7857C14.7325 14 15.5 14.7462 15.5 15.6667V17.3333C15.5 18.2538 14.7325 19 13.7857 19H12.5V14Z"[31m
                [33mstroke[31m=[32m"currentColor"[31m
                [33mstroke-linecap[31m=[32m"round"[31m
                [33mstroke-linejoin[31m=[32m"round"[31m
                [33mstroke-width[31m=[32m"1.9"[31m
              [36m/>[31m
            [36m</svg>[31m
          [36m</button>[31m
        [36m</div>[31m
      [36m</header>[31m
      [36m<section[31m
        [33mclass[31m=[32m"grid grid-cols-2 md:grid-cols-4 gap-6"[31m
      [36m>[31m
        [36m<div[31m
          [33mclass[31m=[32m"bg-rag-blue border-4 border-black p-8 shadow-[8px_8px_0px_0px_rgba(0,0,0,1)] flex flex-col justify-between h-40 group hover:-translate-y-1 transition-transform"[31m
        [36m>[31m
          [36m<div[31m
            [33mclass[31m=[32m"flex justify-between items-start"[31m
          [36m>[31m
            [36m<span[31m
              [33mclass[31m=[32m"text-[10px] font-black text-black uppercase tracking-[0.2em] italic"[31m
            [36m>[31m
              [0mArchived_Briefings[0m
            [36m</span>[31m
            [36m<svg[31m
              [33mclass[31m=[32m"text-black/20 group-hover:text-black transition-colors"[31m
              [33mcolor[31m=[32m"currentColor"[31m
              [33mfill[31m=[32m"none"[31m
              [33mheight[31m=[32m"20"[31m
              [33mstroke[31m=[32m"currentColor"[31m
              [33mstroke-width[31m=[32m"1.9"[31m
              [33mviewBox[31m=[32m"0 0 24 24"[31m
              [33mwidth[31m=[32m"20...

Ignored nodes: comments, script, style
[36m<body>[31m
  [36m<div>[31m
    [36m<div[31m
      [33mclass[31m=[32m"min-h-screen bg-charcoal-dark text-silver p-6 md:p-12 space-y-12"[31m
    [36m>[31m
      [36m<header[31m
        [33mclass[31m=[32m"relative flex flex-col md:flex-row justify-between items-start md:items-end gap-8 pb-12 border-b-4 border-silver-bright/10 font-black"[31m
      [36m>[31m
        [36m<div[31m
          [33mclass[31m=[32m"space-y-4"[31m
        [36m>[31m
          [36m<div[31m
            [33mclass[31m=[32m"bg-rag-amber text-black px-4 py-1 text-xs uppercase tracking-widest inline-block shadow-[4px_4px_0px_0px_rgba(0,0,0,1)] font-black"[31m
          [36m>[31m
            [0mArchive_Matrix v8.2[0m
          [36m</div>[31m
          [36m<h1[31m
            [33mclass[31m=[32m"text-6xl md:text-8xl text-silver-bright uppercase tracking-tighter leading-none italic font-black"[31m
          [36m>[31m
            [0mAnalytics[0m
            [0m [0m
            [36m<span[31m
              [33mclass[31m=[32m"text-transparent stroke-white"[31m
              [33mstyle[31m=[32m"-webkit-text-stroke: 2px var(--accent-silver-bright);"[31m
            [36m>[31m
              [0mArchive[0m
            [36m</span>[31m
          [36m</h1>[31m
          [36m<p[31m
            [33mclass[31m=[32m"text-sm font-mono text-silver/40 uppercase tracking-widest italic leading-relaxed"[31m
          [36m>[31m
            [0mHISTORICAL_BRIEFINGS // ENCRYPTED_DOSSIERS // AUDIT_FEED[0m
          [36m</p>[31m
        [36m</div>[31m
        [36m<div[31m
          [33mclass[31m=[32m"flex items-center gap-6"[31m
        [36m>[31m
          [36m<button[31m
            [33mclass[31m=[32m"bg-charcoal border-4 border-black p-4 text-silver-bright shadow-[6px_6px_0px_0px_rgba(0,0,0,1)] hover:shadow-none hover:translate-x-1 hover:translate-y-1 transition-all"[31m
            [33mtitle[31m=[32m"Refresh Archive"[31m
          [36m>[31m
            [36m<svg[31m
              [33mclass[31m=[32m"block"[31m
              [33mcolor[31m=[32m"currentColor"[31m
              [33mfill[31m=[32m"none"[31m
              [33mheight[31m=[32m"20"[31m
              [33mstroke[31m=[32m"currentColor"[31m
              [33mstroke-width[31m=[32m"1.9"[31m
              [33mviewBox[31m=[32m"0 0 24 24"[31m
              [33mwidth[31m=[32m"20"[31m
              [33mxmlns[31m=[32m"http://www.w3.org/2000/svg"[31m
            [36m>[31m
              [36m<path[31m
                [33md[31m=[32m"M20.4879 15C19.2524 18.4956 15.9187 21 12 21C7.02943 21 3 16.9706 3 12C3 7.02943 7.02943 3 12 3C15.7292 3 18.9286 5.26806 20.2941 8.5"[31m
                [33mstroke[31m=[32m"currentColor"[31m
                [33mstroke-linecap[31m=[32m"round"[31m
                [33mstroke-linejoin[31m=[32m"round"[31m
                [33mstroke-width[31m=[32m"1.9"[31m
              [36m/>[31m
              [36m<path[31m
                [33md[31m=[32m"M15 9H18C19.4142 9 20.1213 9 20.5607 8.56066C21 8.12132 21 7.41421 21 6V3"[31m
                [33mstroke[31m=[32m"currentColor"[31m
                [33mstroke-linecap[31m=[32m"round"[31m
                [33mstroke-linejoin[31m=[32m"round"[31m
                [33mstroke-width[31m=[32m"1.9"[31m
              [36m/>[31m
            [36m</svg>[31m
          [36m</button>[31m
          [36m<button[31m
            [33mclass[31m=[32m"bg-silver-bright border-4 border-black p-4 text-black shadow-[6px_6px_0px_0px_rgba(0,0,0,1)] transition-all hover:shadow-none hover:translate-x-1 hover:translate-y-1"[31m
            [33mtitle[31m=[32m"Download Latest Briefing"[31m
          [36m>[31m
            [36m<svg[31m
              [33mclass[31m=[32m"block"[31m
              [33mcolor[31m=[32m"currentColor"[31m
              [33mfill[31m=[32m"none"[31m
              [33mheight[31m=[32m"20"[31m
              [33mstroke[31m=[32m"currentColor"[31m
              [33mstroke-width[31m=[32m"1.9"[31m
              [33mviewBox[31m=[32m"0 0 24 24"[31m
              [33mwidth[31m=[32m"20"[31m
              [33mxmlns[31m=[32m"http://www.w3.org/2000/svg"[31m
            [36m>[31m
              [36m<path[31m
                [33md[31m=[32m"M19 11C19 10.1825 19 9.4306 18.8478 9.06306C18.6955 8.69552 18.4065 8.40649 17.8284 7.82843L13.0919 3.09188C12.593 2.593 12.3436 2.34355 12.0345 2.19575C11.9702 2.165 11.9044 2.13772 11.8372 2.11401C11.5141 2 11.1614 2 10.4558 2C7.21082 2 5.58831 2 4.48933 2.88607C4.26731 3.06508 4.06508 3.26731 3.88607 3.48933C3 4.58831 3 6.21082 3 9.45584V14C3 17.7712 3 19.6569 4.17157 20.8284C5.34315 22 7.22876 22 11 22H19M12 2.5V3C12 5.82843 12 7.24264 12.8787 8.12132C13.7574 9 15.1716 9 18 9H18.5"[31m
                [33mstroke[31m=[32m"currentColor"[31m
                [33mstroke-linecap[31m=[32m"round"[31m
                [33mstroke-linejoin[31m=[32m"round"[31m
                [33mstroke-width[31m=[32m"1.9"[31m
              [36m/>[31m
              [36m<path[31m
                [33md[31m=[32m"M21 14H19C18.4477 14 18 14.4477 18 15V16.5M18 16.5V19M18 16.5H20.5M7 19V17M7 17V14H8.5C9.32843 14 10 14.6716 10 15.5C10 16.3284 9.32843 17 8.5 17H7ZM12.5 14H13.7857C14.7325 14 15.5 14.7462 15.5 15.6667V17.3333C15.5 18.2538 14.7325 19 13.7857 19H12.5V14Z"[31m
                [33mstroke[31m=[32m"currentColor"[31m
                [33mstroke-linecap[31m=[32m"round"[31m
                [33mstroke-linejoin[31m=[32m"round"[31m
                [33mstroke-width[31m=[32m"1.9"[31m
              [36m/>[31m
            [36m</svg>[31m
          [36m</button>[31m
        [36m</div>[31m
      [36m</header>[31m
      [36m<section[31m
        [33mclass[31m=[32m"grid grid-cols-2 md:grid-cols-4 gap-6"[31m
      [36m>[31m
        [36m<div[31m
          [33mclass[31m=[32m"bg-rag-blue border-4 border-black p-8 shadow-[8px_8px_0px_0px_rgba(0,0,0,1)] flex flex-col justify-between h-40 group hover:-translate-y-1 transition-transform"[31m
        [36m>[31m
          [36m<div[31m
            [33mclass[31m=[32m"flex justify-between items-start"[31m
          [36m>[31m
            [36m<span[31m
              [33mclass[31m=[32m"text-[10px] font-black text-black uppercase tracking-[0.2em] italic"[31m
            [36m>[31m
              [0mArchived_Briefings[0m
            [36m</span>[31m
            [36m<svg[31m
              [33mclass[31m=[32m"text-black/20 group-hover:text-black transition-colors"[31m
              [33mcolor[31m=[32m"currentColor"[31m
              [33mfill[31m=[32m"none"[31m
              [33mheight[31m=[32m"20"[31m
              [33mstroke[31m=[32m"currentColor"[31m
              [33mstroke-width[31m=[32m"1.9"[31m
              [33mviewBox[31m=[32m"0 0 24 24"[31m
              [33mwidth[31m=[32m"20...[39m
[31m   [31m├ù[31m Reports ΓÇö combined filters[2m > [22mshows empty state when combined status + date filters match nothing[33m 1023[2mms[22m[31m[39m
[31m     ΓåÆ Unable to find an element with the text: /Security Scan ΓÇö example.com/i. This could be because the text is broken up by multiple elements. In this case, you can provide a function for your text matcher to make your matcher more flexible.

Ignored nodes: comments, script, style
[36m<body>[31m
  [36m<div>[31m
    [36m<div[31m
      [33mclass[31m=[32m"min-h-screen bg-charcoal-dark text-silver p-6 md:p-12 space-y-12"[31m
    [36m>[31m
      [36m<header[31m
        [33mclass[31m=[32m"relative flex flex-col md:flex-row justify-between items-start md:items-end gap-8 pb-12 border-b-4 border-silver-bright/10 font-black"[31m
      [36m>[31m
        [36m<div[31m
          [33mclass[31m=[32m"space-y-4"[31m
        [36m>[31m
          [36m<div[31m
            [33mclass[31m=[32m"bg-rag-amber text-black px-4 py-1 text-xs uppercase tracking-widest inline-block shadow-[4px_4px_0px_0px_rgba(0,0,0,1)] font-black"[31m
          [36m>[31m
            [0mArchive_Matrix v8.2[0m
          [36m</div>[31m
          [36m<h1[31m
            [33mclass[31m=[32m"text-6xl md:text-8xl text-silver-bright uppercase tracking-tighter leading-none italic font-black"[31m
          [36m>[31m
            [0mAnalytics[0m
            [0m [0m
            [36m<span[31m
              [33mclass[31m=[32m"text-transparent stroke-white"[31m
              [33mstyle[31m=[32m"-webkit-text-stroke: 2px var(--accent-silver-bright);"[31m
            [36m>[31m
              [0mArchive[0m
            [36m</span>[31m
          [36m</h1>[31m
          [36m<p[31m
            [33mclass[31m=[32m"text-sm font-mono text-silver/40 uppercase tracking-widest italic leading-relaxed"[31m
          [36m>[31m
            [0mHISTORICAL_BRIEFINGS // ENCRYPTED_DOSSIERS // AUDIT_FEED[0m
          [36m</p>[31m
        [36m</div>[31m
        [36m<div[31m
          [33mclass[31m=[32m"flex items-center gap-6"[31m
        [36m>[31m
          [36m<button[31m
            [33mclass[31m=[32m"bg-charcoal border-4 border-black p-4 text-silver-bright shadow-[6px_6px_0px_0px_rgba(0,0,0,1)] hover:shadow-none hover:translate-x-1 hover:translate-y-1 transition-all"[31m
            [33mtitle[31m=[32m"Refresh Archive"[31m
          [36m>[31m
            [36m<svg[31m
              [33mclass[31m=[32m"block"[31m
              [33mcolor[31m=[32m"currentColor"[31m
              [33mfill[31m=[32m"none"[31m
              [33mheight[31m=[32m"20"[31m
              [33mstroke[31m=[32m"currentColor"[31m
              [33mstroke-width[31m=[32m"1.9"[31m
              [33mviewBox[31m=[32m"0 0 24 24"[31m
              [33mwidth[31m=[32m"20"[31m
              [33mxmlns[31m=[32m"http://www.w3.org/2000/svg"[31m
            [36m>[31m
              [36m<path[31m
                [33md[31m=[32m"M20.4879 15C19.2524 18.4956 15.9187 21 12 21C7.02943 21 3 16.9706 3 12C3 7.02943 7.02943 3 12 3C15.7292 3 18.9286 5.26806 20.2941 8.5"[31m
                [33mstroke[31m=[32m"currentColor"[31m
                [33mstroke-linecap[31m=[32m"round"[31m
                [33mstroke-linejoin[31m=[32m"round"[31m
                [33mstroke-width[31m=[32m"1.9"[31m
              [36m/>[31m
              [36m<path[31m
                [33md[31m=[32m"M15 9H18C19.4142 9 20.1213 9 20.5607 8.56066C21 8.12132 21 7.41421 21 6V3"[31m
                [33mstroke[31m=[32m"currentColor"[31m
                [33mstroke-linecap[31m=[32m"round"[31m
                [33mstroke-linejoin[31m=[32m"round"[31m
                [33mstroke-width[31m=[32m"1.9"[31m
              [36m/>[31m
            [36m</svg>[31m
          [36m</button>[31m
          [36m<button[31m
            [33mclass[31m=[32m"bg-silver-bright border-4 border-black p-4 text-black shadow-[6px_6px_0px_0px_rgba(0,0,0,1)] transition-all hover:shadow-none hover:translate-x-1 hover:translate-y-1"[31m
            [33mtitle[31m=[32m"Download Latest Briefing"[31m
          [36m>[31m
            [36m<svg[31m
              [33mclass[31m=[32m"block"[31m
              [33mcolor[31m=[32m"currentColor"[31m
              [33mfill[31m=[32m"none"[31m
              [33mheight[31m=[32m"20"[31m
              [33mstroke[31m=[32m"currentColor"[31m
              [33mstroke-width[31m=[32m"1.9"[31m
              [33mviewBox[31m=[32m"0 0 24 24"[31m
              [33mwidth[31m=[32m"20"[31m
              [33mxmlns[31m=[32m"http://www.w3.org/2000/svg"[31m
            [36m>[31m
              [36m<path[31m
                [33md[31m=[32m"M19 11C19 10.1825 19 9.4306 18.8478 9.06306C18.6955 8.69552 18.4065 8.40649 17.8284 7.82843L13.0919 3.09188C12.593 2.593 12.3436 2.34355 12.0345 2.19575C11.9702 2.165 11.9044 2.13772 11.8372 2.11401C11.5141 2 11.1614 2 10.4558 2C7.21082 2 5.58831 2 4.48933 2.88607C4.26731 3.06508 4.06508 3.26731 3.88607 3.48933C3 4.58831 3 6.21082 3 9.45584V14C3 17.7712 3 19.6569 4.17157 20.8284C5.34315 22 7.22876 22 11 22H19M12 2.5V3C12 5.82843 12 7.24264 12.8787 8.12132C13.7574 9 15.1716 9 18 9H18.5"[31m
                [33mstroke[31m=[32m"currentColor"[31m
                [33mstroke-linecap[31m=[32m"round"[31m
                [33mstroke-linejoin[31m=[32m"round"[31m
                [33mstroke-width[31m=[32m"1.9"[31m
              [36m/>[31m
              [36m<path[31m
                [33md[31m=[32m"M21 14H19C18.4477 14 18 14.4477 18 15V16.5M18 16.5V19M18 16.5H20.5M7 19V17M7 17V14H8.5C9.32843 14 10 14.6716 10 15.5C10 16.3284 9.32843 17 8.5 17H7ZM12.5 14H13.7857C14.7325 14 15.5 14.7462 15.5 15.6667V17.3333C15.5 18.2538 14.7325 19 13.7857 19H12.5V14Z"[31m
                [33mstroke[31m=[32m"currentColor"[31m
                [33mstroke-linecap[31m=[32m"round"[31m
                [33mstroke-linejoin[31m=[32m"round"[31m
                [33mstroke-width[31m=[32m"1.9"[31m
              [36m/>[31m
            [36m</svg>[31m
          [36m</button>[31m
        [36m</div>[31m
      [36m</header>[31m
      [36m<section[31m
        [33mclass[31m=[32m"grid grid-cols-2 md:grid-cols-4 gap-6"[31m
      [36m>[31m
        [36m<div[31m
          [33mclass[31m=[32m"bg-rag-blue border-4 border-black p-8 shadow-[8px_8px_0px_0px_rgba(0,0,0,1)] flex flex-col justify-between h-40 group hover:-translate-y-1 transition-transform"[31m
        [36m>[31m
          [36m<div[31m
            [33mclass[31m=[32m"flex justify-between items-start"[31m
          [36m>[31m
            [36m<span[31m
              [33mclass[31m=[32m"text-[10px] font-black text-black uppercase tracking-[0.2em] italic"[31m
            [36m>[31m
              [0mArchived_Briefings[0m
            [36m</span>[31m
            [36m<svg[31m
              [33mclass[31m=[32m"text-black/20 group-hover:text-black transition-colors"[31m
              [33mcolor[31m=[32m"currentColor"[31m
              [33mfill[31m=[32m"none"[31m
              [33mheight[31m=[32m"20"[31m
              [33mstroke[31m=[32m"currentColor"[31m
              [33mstroke-width[31m=[32m"1.9"[31m
              [33mviewBox[31m=[32m"0 0 24 24"[31m
              [33mwidth[31m=[32m"20...

Ignored nodes: comments, script, style
[36m<body>[31m
  [36m<div>[31m
    [36m<div[31m
      [33mclass[31m=[32m"min-h-screen bg-charcoal-dark text-silver p-6 md:p-12 space-y-12"[31m
    [36m>[31m
      [36m<header[31m
        [33mclass[31m=[32m"relative flex flex-col md:flex-row justify-between items-start md:items-end gap-8 pb-12 border-b-4 border-silver-bright/10 font-black"[31m
      [36m>[31m
        [36m<div[31m
          [33mclass[31m=[32m"space-y-4"[31m
        [36m>[31m
          [36m<div[31m
            [33mclass[31m=[32m"bg-rag-amber text-black px-4 py-1 text-xs uppercase tracking-widest inline-block shadow-[4px_4px_0px_0px_rgba(0,0,0,1)] font-black"[31m
          [36m>[31m
            [0mArchive_Matrix v8.2[0m
          [36m</div>[31m
          [36m<h1[31m
            [33mclass[31m=[32m"text-6xl md:text-8xl text-silver-bright uppercase tracking-tighter leading-none italic font-black"[31m
          [36m>[31m
            [0mAnalytics[0m
            [0m [0m
            [36m<span[31m
              [33mclass[31m=[32m"text-transparent stroke-white"[31m
              [33mstyle[31m=[32m"-webkit-text-stroke: 2px var(--accent-silver-bright);"[31m
            [36m>[31m
              [0mArchive[0m
            [36m</span>[31m
          [36m</h1>[31m
          [36m<p[31m
            [33mclass[31m=[32m"text-sm font-mono text-silver/40 uppercase tracking-widest italic leading-relaxed"[31m
          [36m>[31m
            [0mHISTORICAL_BRIEFINGS // ENCRYPTED_DOSSIERS // AUDIT_FEED[0m
          [36m</p>[31m
        [36m</div>[31m
        [36m<div[31m
          [33mclass[31m=[32m"flex items-center gap-6"[31m
        [36m>[31m
          [36m<button[31m
            [33mclass[31m=[32m"bg-charcoal border-4 border-black p-4 text-silver-bright shadow-[6px_6px_0px_0px_rgba(0,0,0,1)] hover:shadow-none hover:translate-x-1 hover:translate-y-1 transition-all"[31m
            [33mtitle[31m=[32m"Refresh Archive"[31m
          [36m>[31m
            [36m<svg[31m
              [33mclass[31m=[32m"block"[31m
              [33mcolor[31m=[32m"currentColor"[31m
              [33mfill[31m=[32m"none"[31m
              [33mheight[31m=[32m"20"[31m
              [33mstroke[31m=[32m"currentColor"[31m
              [33mstroke-width[31m=[32m"1.9"[31m
              [33mviewBox[31m=[32m"0 0 24 24"[31m
              [33mwidth[31m=[32m"20"[31m
              [33mxmlns[31m=[32m"http://www.w3.org/2000/svg"[31m
            [36m>[31m
              [36m<path[31m
                [33md[31m=[32m"M20.4879 15C19.2524 18.4956 15.9187 21 12 21C7.02943 21 3 16.9706 3 12C3 7.02943 7.02943 3 12 3C15.7292 3 18.9286 5.26806 20.2941 8.5"[31m
                [33mstroke[31m=[32m"currentColor"[31m
                [33mstroke-linecap[31m=[32m"round"[31m
                [33mstroke-linejoin[31m=[32m"round"[31m
                [33mstroke-width[31m=[32m"1.9"[31m
              [36m/>[31m
              [36m<path[31m
                [33md[31m=[32m"M15 9H18C19.4142 9 20.1213 9 20.5607 8.56066C21 8.12132 21 7.41421 21 6V3"[31m
                [33mstroke[31m=[32m"currentColor"[31m
                [33mstroke-linecap[31m=[32m"round"[31m
                [33mstroke-linejoin[31m=[32m"round"[31m
                [33mstroke-width[31m=[32m"1.9"[31m
              [36m/>[31m
            [36m</svg>[31m
          [36m</button>[31m
          [36m<button[31m
            [33mclass[31m=[32m"bg-silver-bright border-4 border-black p-4 text-black shadow-[6px_6px_0px_0px_rgba(0,0,0,1)] transition-all hover:shadow-none hover:translate-x-1 hover:translate-y-1"[31m
            [33mtitle[31m=[32m"Download Latest Briefing"[31m
          [36m>[31m
            [36m<svg[31m
              [33mclass[31m=[32m"block"[31m
              [33mcolor[31m=[32m"currentColor"[31m
              [33mfill[31m=[32m"none"[31m
              [33mheight[31m=[32m"20"[31m
              [33mstroke[31m=[32m"currentColor"[31m
              [33mstroke-width[31m=[32m"1.9"[31m
              [33mviewBox[31m=[32m"0 0 24 24"[31m
              [33mwidth[31m=[32m"20"[31m
              [33mxmlns[31m=[32m"http://www.w3.org/2000/svg"[31m
            [36m>[31m
              [36m<path[31m
                [33md[31m=[32m"M19 11C19 10.1825 19 9.4306 18.8478 9.06306C18.6955 8.69552 18.4065 8.40649 17.8284 7.82843L13.0919 3.09188C12.593 2.593 12.3436 2.34355 12.0345 2.19575C11.9702 2.165 11.9044 2.13772 11.8372 2.11401C11.5141 2 11.1614 2 10.4558 2C7.21082 2 5.58831 2 4.48933 2.88607C4.26731 3.06508 4.06508 3.26731 3.88607 3.48933C3 4.58831 3 6.21082 3 9.45584V14C3 17.7712 3 19.6569 4.17157 20.8284C5.34315 22 7.22876 22 11 22H19M12 2.5V3C12 5.82843 12 7.24264 12.8787 8.12132C13.7574 9 15.1716 9 18 9H18.5"[31m
                [33mstroke[31m=[32m"currentColor"[31m
                [33mstroke-linecap[31m=[32m"round"[31m
                [33mstroke-linejoin[31m=[32m"round"[31m
                [33mstroke-width[31m=[32m"1.9"[31m
              [36m/>[31m
              [36m<path[31m
                [33md[31m=[32m"M21 14H19C18.4477 14 18 14.4477 18 15V16.5M18 16.5V19M18 16.5H20.5M7 19V17M7 17V14H8.5C9.32843 14 10 14.6716 10 15.5C10 16.3284 9.32843 17 8.5 17H7ZM12.5 14H13.7857C14.7325 14 15.5 14.7462 15.5 15.6667V17.3333C15.5 18.2538 14.7325 19 13.7857 19H12.5V14Z"[31m
                [33mstroke[31m=[32m"currentColor"[31m
                [33mstroke-linecap[31m=[32m"round"[31m
                [33mstroke-linejoin[31m=[32m"round"[31m
                [33mstroke-width[31m=[32m"1.9"[31m
              [36m/>[31m
            [36m</svg>[31m
          [36m</button>[31m
        [36m</div>[31m
      [36m</header>[31m
      [36m<section[31m
        [33mclass[31m=[32m"grid grid-cols-2 md:grid-cols-4 gap-6"[31m
      [36m>[31m
        [36m<div[31m
          [33mclass[31m=[32m"bg-rag-blue border-4 border-black p-8 shadow-[8px_8px_0px_0px_rgba(0,0,0,1)] flex flex-col justify-between h-40 group hover:-translate-y-1 transition-transform"[31m
        [36m>[31m
          [36m<div[31m
            [33mclass[31m=[32m"flex justify-between items-start"[31m
          [36m>[31m
            [36m<span[31m
              [33mclass[31m=[32m"text-[10px] font-black text-black uppercase tracking-[0.2em] italic"[31m
            [36m>[31m
              [0mArchived_Briefings[0m
            [36m</span>[31m
            [36m<svg[31m
              [33mclass[31m=[32m"text-black/20 group-hover:text-black transition-colors"[31m
              [33mcolor[31m=[32m"currentColor"[31m
              [33mfill[31m=[32m"none"[31m
              [33mheight[31m=[32m"20"[31m
              [33mstroke[31m=[32m"currentColor"[31m
              [33mstroke-width[31m=[32m"1.9"[31m
              [33mviewBox[31m=[32m"0 0 24 24"[31m
              [33mwidth[31m=[32m"20...[39m
 [32mΓ£ô[39m testing/unit/utils/validation.test.ts [2m([22m[2m44 tests[22m[2m)[22m[90m 16[2mms[22m[39m
 [32mΓ£ô[39m testing/unit/pages/ToolConfigDynamic.test.tsx [2m([22m[2m4 tests[22m[2m)[22m[33m 1467[2mms[22m[39m
   [33m[2mΓ£ô[22m[39m ToolConfig dynamic schema flow[2m > [22mrenders dynamic fields and submits startTask with consent [33m768[2mms[22m[39m
   [33m[2mΓ£ô[22m[39m ToolConfig dynamic schema flow[2m > [22mvalidates dynamic fields in real-time and disables scan button [33m617[2mms[22m[39m
 [32mΓ£ô[39m testing/unit/pages/Workflows.test.tsx [2m([22m[2m15 tests[22m[2m)[22m[33m 1298[2mms[22m[39m
 [32mΓ£ô[39m testing/unit/pages/ScannerQuickAccess.test.tsx [2m([22m[2m2 tests[22m[2m)[22m[33m 911[2mms[22m[39m
   [33m[2mΓ£ô[22m[39m Scanner quick access[2m > [22mkeeps rendering without the removed quick access section [33m317[2mms[22m[39m
   [33m[2mΓ£ô[22m[39m Scanner quick access[2m > [22mupdates recent tools when launching a tool [33m591[2mms[22m[39m
 [31mΓ¥»[39m testing/unit/pages/Reports.preferredFormat.test.tsx [2m([22m[2m5 tests[22m[2m | [22m[31m5 failed[39m[2m)[22m[33m 1500[2mms[22m[39m
[31m   [31m├ù[31m Reports ΓÇö preferred export format[2m > [22msaves preferred format to localStorage when export button is clicked[33m 626[2mms[22m[31m[39m
[31m     ΓåÆ expected null to be 'pdf' // Object.is equality[39m
[31m   [31m├ù[31m Reports ΓÇö preferred export format[2m > [22mupdates preferred format when a different format is clicked[90m 286[2mms[22m[31m[39m
[31m     ΓåÆ expected null to be 'csv' // Object.is equality[39m
[31m   [31m├ù[31m Reports ΓÇö preferred export format[2m > [22mhighlights the preferred format button on load[90m 148[2mms[22m[31m[39m
[31m     ΓåÆ expected 'bg-charcoal-dark border-4 border-blacΓÇª' to contain 'bg-rag-amber'[39m
[31m   [31m├ù[31m Reports ΓÇö preferred export format[2m > [22mpreferred format button appears first[90m 143[2mms[22m[31m[39m
[31m     ΓåÆ expected 'pdf' to be 'csv' // Object.is equality[39m
[31m   [31m├ù[31m Reports ΓÇö preferred export format[2m > [22mpreference survives a remount (simulates page reload)[90m 294[2mms[22m[31m[39m
[31m     ΓåÆ expected 'bg-charcoal-dark border-4 border-blacΓÇª' to contain 'bg-rag-amber'[39m
 [32mΓ£ô[39m testing/unit/utils/date.test.ts [2m([22m[2m15 tests[22m[2m)[22m[90m 17[2mms[22m[39m
 [32mΓ£ô[39m testing/unit/pages/ScannerCatalog.test.tsx [2m([22m[2m1 test[22m[2m)[22m[33m 1053[2mms[22m[39m
   [33m[2mΓ£ô[22m[39m Scanner catalog integration[2m > [22mrenders backend categories and mixed catalog warnings [33m1051[2mms[22m[39m
 [32mΓ£ô[39m testing/unit/pages/ToolConfigRouting.test.tsx [2m([22m[2m2 tests[22m[2m)[22m[33m 367[2mms[22m[39m
   [33m[2mΓ£ô[22m[39m ToolConfig route consistency[2m > [22muses /scans for the back button destination [33m305[2mms[22m[39m
 [32mΓ£ô[39m testing/unit/pages/ScannerEmptyState.test.tsx [2m([22m[2m1 test[22m[2m)[22m[33m 1584[2mms[22m[39m
   [33m[2mΓ£ô[22m[39m Scanner empty-state UX[2m > [22mshows search-zero and category-zero guidance [33m1582[2mms[22m[39m
 [32mΓ£ô[39m testing/unit/AppRoutes.test.tsx [2m([22m[2m3 tests[22m[2m)[22m[33m 763[2mms[22m[39m
   [33m[2mΓ£ô[22m[39m App route fallback[2m > [22mrenders the loaded dashboard summary [33m435[2mms[22m[39m
 [32mΓ£ô[39m testing/unit/pages/ScannerRetry.test.tsx [2m([22m[2m1 test[22m[2m)[22m[33m 862[2mms[22m[39m
   [33m[2mΓ£ô[22m[39m Scanner retry on plugin load failure[2m > [22mshows retry action and recovers after retry succeeds [33m859[2mms[22m[39m
 [32mΓ£ô[39m testing/unit/pages/ScannerExpertMode.test.tsx [2m([22m[2m1 test[22m[2m)[22m[33m 1089[2mms[22m[39m
   [33m[2mΓ£ô[22m[39m Scanner tool visibility[2m > [22mshows expert tools by default with no expert mode toggle [33m1086[2mms[22m[39m
 [32mΓ£ô[39m testing/unit/utils/preferences.test.ts [2m([22m[2m6 tests[22m[2m)[22m[90m 9[2mms[22m[39m
 [32mΓ£ô[39m testing/unit/pages/ReportsPreference.test.tsx [2m([22m[2m1 test[22m[2m)[22m[33m 415[2mms[22m[39m
   [33m[2mΓ£ô[22m[39m Reports page preference integration[2m > [22mpersists selected report type filter [33m413[2mms[22m[39m
 [32mΓ£ô[39m testing/unit/components/ToastContext.test.tsx [2m([22m[2m2 tests[22m[2m)[22m[33m 625[2mms[22m[39m
   [33m[2mΓ£ô[22m[39m Toast accessibility[2m > [22mannounces non-critical notifications as status messages and provides a labelled dismiss control [33m560[2mms[22m[39m
 [32mΓ£ô[39m testing/unit/pages/SettingsTheme.test.tsx [2m([22m[2m1 test[22m[2m)[22m[33m 728[2mms[22m[39m
   [33m[2mΓ£ô[22m[39m Settings theme wiring[2m > [22mapplies selected theme globally and persists it [33m726[2mms[22m[39m

[2m Test Files [22m [1m[31m3 failed[39m[22m[2m | [22m[1m[32m15 passed[39m[22m[90m (18)[39m
[2m      Tests [22m [1m[31m37 failed[39m[22m[2m | [22m[1m[32m122 passed[39m[22m[90m (159)[39m
[2m   Start at [22m 23:05:06
[2m   Duration [22m 98.31s[2m (transform 953ms, setup 3.20s, collect 24.86s, tests 30.93s, environment 32.02s, prepare 3.38s)[22m

