============================= test session starts =============================
platform win32 -- Python 3.13.2, pytest-9.0.3, pluggy-1.6.0 -- C:\Users\VIDYANKSHINI\AppData\Local\Programs\Python\Python313\python.exe
cachedir: .pytest_cache
hypothesis profile 'default'
rootdir: C:\Users\VIDYANKSHINI\Desktop\project\SecuScan
configfile: pyproject.toml
plugins: anyio-4.13.0, hypothesis-6.152.9, asyncio-1.3.0, cov-7.1.0
asyncio: mode=Mode.STRICT, debug=False, asyncio_default_fixture_loop_scope=None, asyncio_default_test_loop_scope=function
collecting ... collected 1 item

testing/backend/integration/test_phase2_plugins.py::test_subdomain_discovery FAILED [100%]

================================== FAILURES ===================================
__________________________ test_subdomain_discovery ___________________________

test_client = <starlette.testclient.TestClient object at 0x000001E74C02C440>

    def test_subdomain_discovery(test_client):
        mock_out = "admin.example.com\ndev.example.com\napi.example.com"
>       result = run_plugin_test(test_client, "subdomain_discovery", {"target": "example.com"}, mock_out)
                 ^^^^^^^^^^^^^^^^^^^^^^^^^^^^^^^^^^^^^^^^^^^^^^^^^^^^^^^^^^^^^^^^^^^^^^^^^^^^^^^^^^^^^^^^

testing\backend\integration\test_phase2_plugins.py:91: 
_ _ _ _ _ _ _ _ _ _ _ _ _ _ _ _ _ _ _ _ _ _ _ _ _ _ _ _ _ _ _ _ _ _ _ _ _ _ _ _
testing\backend\integration\test_phase2_plugins.py:56: in run_plugin_test
    result_response = test_client.get(f"/api/v1/task/{task_id}/result")
                      ^^^^^^^^^^^^^^^^^^^^^^^^^^^^^^^^^^^^^^^^^^^^^^^^^
..\..\..\AppData\Local\Programs\Python\Python313\Lib\site-packages\starlette\testclient.py:473: in get
    return super().get(
..\..\..\AppData\Local\Programs\Python\Python313\Lib\site-packages\httpx\_client.py:1053: in get
    return self.request(
..\..\..\AppData\Local\Programs\Python\Python313\Lib\site-packages\starlette\testclient.py:445: in request
    return super().request(
..\..\..\AppData\Local\Programs\Python\Python313\Lib\site-packages\httpx\_client.py:825: in request
    return self.send(request, auth=auth, follow_redirects=follow_redirects)
           ^^^^^^^^^^^^^^^^^^^^^^^^^^^^^^^^^^^^^^^^^^^^^^^^^^^^^^^^^^^^^^^^
..\..\..\AppData\Local\Programs\Python\Python313\Lib\site-packages\httpx\_client.py:914: in send
    response = self._send_handling_auth(
..\..\..\AppData\Local\Programs\Python\Python313\Lib\site-packages\httpx\_client.py:942: in _send_handling_auth
    response = self._send_handling_redirects(
..\..\..\AppData\Local\Programs\Python\Python313\Lib\site-packages\httpx\_client.py:979: in _send_handling_redirects
    response = self._send_single_request(request)
               ^^^^^^^^^^^^^^^^^^^^^^^^^^^^^^^^^^
..\..\..\AppData\Local\Programs\Python\Python313\Lib\site-packages\httpx\_client.py:1014: in _send_single_request
    response = transport.handle_request(request)
               ^^^^^^^^^^^^^^^^^^^^^^^^^^^^^^^^^
..\..\..\AppData\Local\Programs\Python\Python313\Lib\site-packages\starlette\testclient.py:348: in handle_request
    raise exc
..\..\..\AppData\Local\Programs\Python\Python313\Lib\site-packages\starlette\testclient.py:345: in handle_request
    portal.call(self.app, scope, receive, send)
..\..\..\AppData\Local\Programs\Python\Python313\Lib\site-packages\anyio\from_thread.py:334: in call
    return cast(T_Retval, self.start_task_soon(func, *args).result())
                          ^^^^^^^^^^^^^^^^^^^^^^^^^^^^^^^^^^^^^^^^^^
..\..\..\AppData\Local\Programs\Python\Python313\Lib\concurrent\futures\_base.py:456: in result
    return self.__get_result()
           ^^^^^^^^^^^^^^^^^^^
..\..\..\AppData\Local\Programs\Python\Python313\Lib\concurrent\futures\_base.py:401: in __get_result
    raise self._exception
..\..\..\AppData\Local\Programs\Python\Python313\Lib\site-packages\anyio\from_thread.py:259: in _call_func
    retval = await retval_or_awaitable
             ^^^^^^^^^^^^^^^^^^^^^^^^^
..\..\..\AppData\Local\Programs\Python\Python313\Lib\site-packages\fastapi\applications.py:1159: in __call__
    await super().__call__(scope, receive, send)
..\..\..\AppData\Local\Programs\Python\Python313\Lib\site-packages\starlette\applications.py:107: in __call__
    await self.middleware_stack(scope, receive, send)
..\..\..\AppData\Local\Programs\Python\Python313\Lib\site-packages\starlette\middleware\errors.py:186: in __call__
    raise exc
..\..\..\AppData\Local\Programs\Python\Python313\Lib\site-packages\starlette\middleware\errors.py:164: in __call__
    await self.app(scope, receive, _send)
..\..\..\AppData\Local\Programs\Python\Python313\Lib\site-packages\starlette\middleware\cors.py:87: in __call__
    await self.app(scope, receive, send)
..\..\..\AppData\Local\Programs\Python\Python313\Lib\site-packages\starlette\middleware\exceptions.py:63: in __call__
    await wrap_app_handling_exceptions(self.app, conn)(scope, receive, send)
..\..\..\AppData\Local\Programs\Python\Python313\Lib\site-packages\starlette\_exception_handler.py:53: in wrapped_app
    raise exc
..\..\..\AppData\Local\Programs\Python\Python313\Lib\site-packages\starlette\_exception_handler.py:42: in wrapped_app
    await app(scope, receive, sender)
..\..\..\AppData\Local\Programs\Python\Python313\Lib\site-packages\fastapi\middleware\asyncexitstack.py:18: in __call__
    await self.app(scope, receive, send)
..\..\..\AppData\Local\Programs\Python\Python313\Lib\site-packages\starlette\routing.py:716: in __call__
    await self.middleware_stack(scope, receive, send)
..\..\..\AppData\Local\Programs\Python\Python313\Lib\site-packages\starlette\routing.py:736: in app
    await route.handle(scope, receive, send)
..\..\..\AppData\Local\Programs\Python\Python313\Lib\site-packages\starlette\routing.py:290: in handle
    await self.app(scope, receive, send)
..\..\..\AppData\Local\Programs\Python\Python313\Lib\site-packages\fastapi\routing.py:134: in app
    await wrap_app_handling_exceptions(app, request)(scope, receive, send)
..\..\..\AppData\Local\Programs\Python\Python313\Lib\site-packages\starlette\_exception_handler.py:53: in wrapped_app
    raise exc
..\..\..\AppData\Local\Programs\Python\Python313\Lib\site-packages\starlette\_exception_handler.py:42: in wrapped_app
    await app(scope, receive, sender)
..\..\..\AppData\Local\Programs\Python\Python313\Lib\site-packages\fastapi\routing.py:120: in app
    response = await f(request)
               ^^^^^^^^^^^^^^^^
..\..\..\AppData\Local\Programs\Python\Python313\Lib\site-packages\fastapi\routing.py:695: in app
    content = await serialize_response(
_ _ _ _ _ _ _ _ _ _ _ _ _ _ _ _ _ _ _ _ _ _ _ _ _ _ _ _ _ _ _ _ _ _ _ _ _ _ _ _

    async def serialize_response(
        *,
        field: ModelField | None = None,
        response_content: Any,
        include: IncEx | None = None,
        exclude: IncEx | None = None,
        by_alias: bool = True,
        exclude_unset: bool = False,
        exclude_defaults: bool = False,
        exclude_none: bool = False,
        is_coroutine: bool = True,
        endpoint_ctx: EndpointContext | None = None,
        dump_json: bool = False,
    ) -> Any:
        if field:
            if is_coroutine:
                value, errors = field.validate(response_content, {}, loc=("response",))
            else:
                value, errors = await run_in_threadpool(
                    field.validate, response_content, {}, loc=("response",)
                )
            if errors:
                ctx = endpoint_ctx or EndpointContext()
>               raise ResponseValidationError(
                    errors=errors,
                    body=response_content,
                    endpoint_ctx=ctx,
                )
E               fastapi.exceptions.ResponseValidationError: 3 validation errors:
E                 {'type': 'missing', 'loc': ('response', 'findings', 0, 'target'), 'msg': 'Field required', 'input': {'title': 'Subdomain Discovered: admin.example.com', 'category': 'Subdomain', 'severity': 'info', 'description': 'Discovered subdomain: admin.example.com', 'remediation': 'Verify if this subdomain is intended to be public and secure.', 'metadata': {'subdomain': 'admin.example.com'}}}
E                 {'type': 'missing', 'loc': ('response', 'findings', 1, 'target'), 'msg': 'Field required', 'input': {'title': 'Subdomain Discovered: dev.example.com', 'category': 'Subdomain', 'severity': 'info', 'description': 'Discovered subdomain: dev.example.com', 'remediation': 'Verify if this subdomain is intended to be public and secure.', 'metadata': {'subdomain': 'dev.example.com'}}}
E                 {'type': 'missing', 'loc': ('response', 'findings', 2, 'target'), 'msg': 'Field required', 'input': {'title': 'Subdomain Discovered: api.example.com', 'category': 'Subdomain', 'severity': 'info', 'description': 'Discovered subdomain: api.example.com', 'remediation': 'Verify if this subdomain is intended to be public and secure.', 'metadata': {'subdomain': 'api.example.com'}}}
E               
E                 File "C:\Users\VIDYANKSHINI\Desktop\project\SecuScan\backend\secuscan\routes.py", line 538, in get_task_result
E                   GET /api/v1/task/{task_id}/result

..\..\..\AppData\Local\Programs\Python\Python313\Lib\site-packages\fastapi\routing.py:300: ResponseValidationError
---------------------------- Captured stdout setup ----------------------------
2026-05-26 17:44:27,613 - backend.secuscan.plugins - WARNING - Binary not found in PATH: amass\n2026-05-26 17:44:27,614 - backend.secuscan.plugins - INFO - \u2713 Loaded plugin: Amass v1.0.0\n2026-05-26 17:44:27,620 - backend.secuscan.plugins - WARNING - Binary not found in PATH: nuclei\n2026-05-26 17:44:27,621 - backend.secuscan.plugins - INFO - \u2713 Loaded plugin: API Scanner v1.0.0\n2026-05-26 17:44:27,623 - backend.secuscan.plugins - INFO - \u2713 Loaded plugin: Cloud Scanner v1.0.0\n2026-05-26 17:44:27,626 - backend.secuscan.plugins - WARNING - Binary not found in PATH: uncover\n2026-05-26 17:44:27,626 - backend.secuscan.plugins - INFO - \u2713 Loaded plugin: S3 / Blob Auditor v1.0.0\n2026-05-26 17:44:27,630 - backend.secuscan.plugins - WARNING - Binary not found in PATH: bandit\n2026-05-26 17:44:27,630 - backend.secuscan.plugins - INFO - \u2713 Loaded plugin: Code Analyzer (Bandit) v1.0.0\n2026-05-26 17:44:27,633 - backend.secuscan.plugins - WARNING - Binary not found in PATH: trivy\n2026-05-26 17:44:27,633 - backend.secuscan.plugins - INFO - \u2713 Loaded plugin: Container Scan (Trivy) v1.0.0\n2026-05-26 17:44:27,636 - backend.secuscan.plugins - WARNING - Binary not found in PATH: katana\n2026-05-26 17:44:27,636 - backend.secuscan.plugins - INFO - \u2713 Loaded plugin: Crawler v1.0.0\n2026-05-26 17:44:27,639 - backend.secuscan.plugins - WARNING - Binary not found in PATH: ffuf\n2026-05-26 17:44:27,639 - backend.secuscan.plugins - INFO - \u2713 Loaded plugin: Directory Discovery v1.0.0\n2026-05-26 17:44:27,642 - backend.secuscan.plugins - WARNING - Binary not found in PATH: dnsx\n2026-05-26 17:44:27,642 - backend.secuscan.plugins - INFO - \u2713 Loaded plugin: dnsx v1.0.0\n2026-05-26 17:44:27,645 - backend.secuscan.plugins - WARNING - Binary not found in PATH: dnsrecon\n2026-05-26 17:44:27,645 - backend.secuscan.plugins - INFO - \u2713 Loaded plugin: DNS Reconnaissance v1.0.0\n2026-05-26 17:44:27,648 - backend.secuscan.plugins - WARNING - Binary not found in PATH: amass\n2026-05-26 17:44:27,648 - backend.secuscan.plugins - INFO - \u2713 Loaded plugin: Domain Finder v1.0.0\n2026-05-26 17:44:27,651 - backend.secuscan.plugins - WARNING - Binary not found in PATH: droopescan\n2026-05-26 17:44:27,651 - backend.secuscan.plugins - INFO - \u2713 Loaded plugin: Drupal Security Scan v1.0.0\n2026-05-26 17:44:27,654 - backend.secuscan.plugins - INFO - \u2713 Loaded plugin: Payload Fuzzer v1.0.0\n2026-05-26 17:44:27,656 - backend.secuscan.plugins - INFO - \u2713 Loaded plugin: Google Hacking v1.0.0\n2026-05-26 17:44:27,659 - backend.secuscan.plugins - WARNING - Binary not found in PATH: hashcat\n2026-05-26 17:44:27,659 - backend.secuscan.plugins - INFO - \u2713 Loaded plugin: Password Recovery Audit v1.0.0\n2026-05-26 17:44:27,662 - backend.secuscan.plugins - INFO - \u2713 Loaded plugin: httpx v1.0.0\n2026-05-26 17:44:27,663 - backend.secuscan.plugins - INFO - \u2713 Loaded plugin: HTTP Inspector v1.0.0\n2026-05-26 17:44:27,666 - backend.secuscan.plugins - INFO - \u2713 Loaded plugin: HTTP Request Logger v1.0.0\n2026-05-26 17:44:27,668 - backend.secuscan.plugins - INFO - \u2713 Loaded plugin: IaC Scanner (Checkov) v1.0.0\n2026-05-26 17:44:27,670 - backend.secuscan.plugins - INFO - \u2713 Loaded plugin: ICMP Ping v1.0.0\n2026-05-26 17:44:27,673 - backend.secuscan.plugins - WARNING - Binary not found in PATH: joomscan\n2026-05-26 17:44:27,673 - backend.secuscan.plugins - INFO - \u2713 Loaded plugin: Joomla Security Scan v1.0.0\n2026-05-26 17:44:27,676 - backend.secuscan.plugins - WARNING - Binary not found in PATH: katana\n2026-05-26 17:44:27,676 - backend.secuscan.plugins - INFO - \u2713 Loaded plugin: Katana v1.0.0\n2026-05-26 17:44:27,679 - backend.secuscan.plugins - INFO - \u2713 Loaded plugin: K8s Scanner v1.0.0\n2026-05-26 17:44:27,681 - backend.secuscan.plugins - WARNING - Binary not found in PATH: msfconsole\n2026-05-26 17:44:27,682 - backend.secuscan.plugins - INFO - \u2713 Loaded plugin: Exploitation Connector v1.0.0\n2026-05-26 17:44:27,685 - backend.secuscan.plugins - WARNING - Binary not found in PATH: nmap\n2026-05-26 17:44:27,685 - backend.secuscan.plugins - INFO - \u2713 Loaded plugin: Network Scanner v1.0.0\n2026-05-26 17:44:27,688 - backend.secuscan.plugins - WARNING - Binary not found in PATH: nikto\n2026-05-26 17:44:27,688 - backend.secuscan.plugins - INFO - \u2713 Loaded plugin: Nikto v1.1.0\n2026-05-26 17:44:27,692 - backend.secuscan.plugins - WARNING - Binary not found in PATH: nmap\n2026-05-26 17:44:27,692 - backend.secuscan.plugins - INFO - \u2713 Loaded plugin: Network Scanning v1.0.0\n2026-05-26 17:44:27,695 - backend.secuscan.plugins - WARNING - Binary not found in PATH: nuclei\n2026-05-26 17:44:27,695 - backend.secuscan.plugins - INFO - \u2713 Loaded plugin: Template Vulnerability Scan v1.0.0\n2026-05-26 17:44:27,698 - backend.secuscan.plugins - INFO - \u2713 Loaded plugin: Password Auditor v1.0.0\n2026-05-26 17:44:27,701 - backend.secuscan.plugins - WARNING - Binary not found in PATH: theHarvester\n2026-05-26 17:44:27,701 - backend.secuscan.plugins - INFO - \u2713 Loaded plugin: People Hunter v1.0.0\n2026-05-26 17:44:27,704 - backend.secuscan.plugins - WARNING - Binary not found in PATH: nmap\n2026-05-26 17:44:27,704 - backend.secuscan.plugins - INFO - \u2713 Loaded plugin: Port Scanner v1.0.0\n2026-05-26 17:44:27,707 - backend.secuscan.plugins - INFO - \u2713 Loaded plugin: Advanced Network Recon v1.0.0\n2026-05-26 17:44:27,709 - backend.secuscan.plugins - WARNING - Binary not found in PATH: gitleaks\n2026-05-26 17:44:27,710 - backend.secuscan.plugins - INFO - \u2713 Loaded plugin: Secret Scanner v1.0.0\n2026-05-26 17:44:27,712 - backend.secuscan.plugins - WARNING - Binary not found in PATH: nuclei\n2026-05-26 17:44:27,713 - backend.secuscan.plugins - INFO - \u2713 Loaded plugin: Sharepoint Scanner v1.0.0\n2026-05-26 17:44:27,715 - backend.secuscan.plugins - WARNING - Binary not found in PATH: katana\n2026-05-26 17:44:27,716 - backend.secuscan.plugins - INFO - \u2713 Loaded plugin: Sitemap Generator v1.0.0\n2026-05-26 17:44:27,718 - backend.secuscan.plugins - INFO - \u2713 Loaded plugin: Sniper: Auto-Exploiter v1.0.0\n2026-05-26 17:44:27,721 - backend.secuscan.plugins - WARNING - Binary not found in PATH: katana\n2026-05-26 17:44:27,721 - backend.secuscan.plugins - INFO - \u2713 Loaded plugin: Spider v1.0.0\n2026-05-26 17:44:27,724 - backend.secuscan.plugins - WARNING - Binary not found in PATH: ghauri\n2026-05-26 17:44:27,724 - backend.secuscan.plugins - INFO - \u2713 Loaded plugin: SQL Injection Feasibility v1.0.0\n2026-05-26 17:44:27,727 - backend.secuscan.plugins - WARNING - Binary not found in PATH: sqlmap\n2026-05-26 17:44:27,727 - backend.secuscan.plugins - INFO - \u2713 Loaded plugin: SQLi Exploiter v1.0.0\n2026-05-26 17:44:27,730 - backend.secuscan.plugins - WARNING - Binary not found in PATH: sqlmap\n2026-05-26 17:44:27,730 - backend.secuscan.plugins - INFO - \u2713 Loaded plugin: SQL Injection Testing v1.0.0\n2026-05-26 17:44:27,732 - backend.secuscan.plugins - INFO - \u2713 Loaded plugin: SSH Runner v1.0.0\n2026-05-26 17:44:27,735 - backend.secuscan.plugins - WARNING - Binary not found in PATH: subfinder\n2026-05-26 17:44:27,735 - backend.secuscan.plugins - INFO - \u2713 Loaded plugin: Subdomain Finder v1.0.0\n2026-05-26 17:44:27,738 - backend.secuscan.plugins - WARNING - Binary not found in PATH: subfinder\n2026-05-26 17:44:27,739 - backend.secuscan.plugins - INFO - \u2713 Loaded plugin: Subdomain Scanner v1.0.0\n2026-05-26 17:44:27,741 - backend.secuscan.plugins - WARNING - Binary not found in PATH: subfinder\n2026-05-26 17:44:27,742 - backend.secuscan.plugins - INFO - \u2713 Loaded plugin: Subdomain Takeover v1.0.0\n2026-05-26 17:44:27,744 - backend.secuscan.plugins - WARNING - Binary not found in PATH: subfinder\n2026-05-26 17:44:27,745 - backend.secuscan.plugins - INFO - \u2713 Loaded plugin: Subfinder v1.0.0\n2026-05-26 17:44:27,747 - backend.secuscan.plugins - WARNING - Binary not found in PATH: theHarvester\n2026-05-26 17:44:27,748 - backend.secuscan.plugins - INFO - \u2713 Loaded plugin: theHarvester v1.0.0\n2026-05-26 17:44:27,750 - backend.secuscan.plugins - WARNING - Binary not found in PATH: openssl\n2026-05-26 17:44:27,751 - backend.secuscan.plugins - INFO - \u2713 Loaded plugin: TLS Security Analysis v1.0.0\n2026-05-26 17:44:27,754 - backend.secuscan.plugins - WARNING - Binary not found in PATH: uncover\n2026-05-26 17:44:27,754 - backend.secuscan.plugins - INFO - \u2713 Loaded plugin: Uncover v1.0.0\n2026-05-26 17:44:27,757 - backend.secuscan.plugins - WARNING - Binary not found in PATH: ffuf\n2026-05-26 17:44:27,757 - backend.secuscan.plugins - INFO - \u2713 Loaded plugin: URL Fuzzer v1.0.0\n2026-05-26 17:44:27,760 - backend.secuscan.plugins - WARNING - Binary not found in PATH: urlfinder\n2026-05-26 17:44:27,760 - backend.secuscan.plugins - INFO - \u2713 Loaded plugin: urlfinder v1.0.0\n2026-05-26 17:44:27,763 - backend.secuscan.plugins - WARNING - Binary not found in PATH: ffuf\n2026-05-26 17:44:27,763 - backend.secuscan.plugins - INFO - \u2713 Loaded plugin: Virtual Hosts Finder v1.0.0\n2026-05-26 17:44:27,766 - backend.secuscan.plugins - WARNING - Binary not found in PATH: volatility3\n2026-05-26 17:44:27,767 - backend.secuscan.plugins - INFO - \u2713 Loaded plugin: Volatility v1.0.0\n2026-05-26 17:44:27,769 - backend.secuscan.plugins - WARNING - Binary not found in PATH: wafw00f\n2026-05-26 17:44:27,770 - backend.secuscan.plugins - INFO - \u2713 Loaded plugin: WAF Detector v1.0.0\n2026-05-26 17:44:27,771 - backend.secuscan.plugins - ERROR - Failed to load plugin from C:\\Users\\VIDYANKSHINI\\Desktop\\project\\SecuScan\\plugins\\waf_detector: 'charmap' codec can't decode byte 0x8f in position 429: character maps to <undefined>\n2026-05-26 17:44:27,772 - backend.secuscan.plugins - INFO - \u2713 Loaded plugin: Website Recon v1.0.0\n2026-05-26 17:44:27,775 - backend.secuscan.plugins - INFO - \u2713 Loaded plugin: Domain Registration Lookup v1.0.0\n2026-05-26 17:44:27,778 - backend.secuscan.plugins - WARNING - Binary not found in PATH: wpscan\n2026-05-26 17:44:27,778 - backend.secuscan.plugins - INFO - \u2713 Loaded plugin: WordPress Security Scan v1.0.0\n2026-05-26 17:44:27,781 - backend.secuscan.plugins - INFO - \u2713 Loaded plugin: XSS Exploiter v1.0.0\n2026-05-26 17:44:27,784 - backend.secuscan.plugins - WARNING - Binary not found in PATH: yara\n2026-05-26 17:44:27,784 - backend.secuscan.plugins - INFO - \u2713 Loaded plugin: Binary Signature Scan v1.0.0\n2026-05-26 17:44:27,787 - backend.secuscan.plugins - INFO - \u2713 Loaded plugin: DAST Web Proxy (ZAP) v1.0.0\n2026-05-26 17:44:27,788 - backend.secuscan.plugins - INFO - Loaded 59 plugins\n2026-05-26 17:44:27,790 - backend.secuscan.main - INFO - \U0001f680 Starting SecuScan backend...\n2026-05-26 17:44:27,794 - backend.secuscan.main - INFO - \u2713 Directories initialized\n2026-05-26 17:44:27,800 - backend.secuscan.main - INFO - \u2713 SQLite connected\n2026-05-26 17:44:27,801 - backend.secuscan.main - INFO - \u2713 In-memory cache initialized\n2026-05-26 17:44:27,804 - backend.secuscan.plugins - WARNING - Binary not found in PATH: amass\n2026-05-26 17:44:27,804 - backend.secuscan.plugins - INFO - \u2713 Loaded plugin: Amass v1.0.0\n2026-05-26 17:44:27,807 - backend.secuscan.plugins - WARNING - Binary not found in PATH: nuclei\n2026-05-26 17:44:27,807 - backend.secuscan.plugins - INFO - \u2713 Loaded plugin: API Scanner v1.0.0\n2026-05-26 17:44:27,809 - backend.secuscan.plugins - INFO - \u2713 Loaded plugin: Cloud Scanner v1.0.0\n2026-05-26 17:44:27,812 - backend.secuscan.plugins - WARNING - Binary not found in PATH: uncover\n2026-05-26 17:44:27,812 - backend.secuscan.plugins - INFO - \u2713 Loaded plugin: S3 / Blob Auditor v1.0.0\n2026-05-26 17:44:27,815 - backend.secuscan.plugins - WARNING - Binary not found in PATH: bandit\n2026-05-26 17:44:27,815 - backend.secuscan.plugins - INFO - \u2713 Loaded plugin: Code Analyzer (Bandit) v1.0.0\n2026-05-26 17:44:27,818 - backend.secuscan.plugins - WARNING - Binary not found in PATH: trivy\n2026-05-26 17:44:27,818 - backend.secuscan.plugins - INFO - \u2713 Loaded plugin: Container Scan (Trivy) v1.0.0\n2026-05-26 17:44:27,820 - backend.secuscan.plugins - WARNING - Binary not found in PATH: katana\n2026-05-26 17:44:27,821 - backend.secuscan.plugins - INFO - \u2713 Loaded plugin: Crawler v1.0.0\n2026-05-26 17:44:27,823 - backend.secuscan.plugins - WARNING - Binary not found in PATH: ffuf\n2026-05-26 17:44:27,824 - backend.secuscan.plugins - INFO - \u2713 Loaded plugin: Directory Discovery v1.0.0\n2026-05-26 17:44:27,826 - backend.secuscan.plugins - WARNING - Binary not found in PATH: dnsx\n2026-05-26 17:44:27,827 - backend.secuscan.plugins - INFO - \u2713 Loaded plugin: dnsx v1.0.0\n2026-05-26 17:44:27,829 - backend.secuscan.plugins - WARNING - Binary not found in PATH: dnsrecon\n2026-05-26 17:44:27,830 - backend.secuscan.plugins - INFO - \u2713 Loaded plugin: DNS Reconnaissance v1.0.0\n2026-05-26 17:44:27,832 - backend.secuscan.plugins - WARNING - Binary not found in PATH: amass\n2026-05-26 17:44:27,832 - backend.secuscan.plugins - INFO - \u2713 Loaded plugin: Domain Finder v1.0.0\n2026-05-26 17:44:27,835 - backend.secuscan.plugins - WARNING - Binary not found in PATH: droopescan\n2026-05-26 17:44:27,835 - backend.secuscan.plugins - INFO - \u2713 Loaded plugin: Drupal Security Scan v1.0.0\n2026-05-26 17:44:27,838 - backend.secuscan.plugins - INFO - \u2713 Loaded plugin: Payload Fuzzer v1.0.0\n2026-05-26 17:44:27,840 - backend.secuscan.plugins - INFO - \u2713 Loaded plugin: Google Hacking v1.0.0\n2026-05-26 17:44:27,843 - backend.secuscan.plugins - WARNING - Binary not found in PATH: hashcat\n2026-05-26 17:44:27,843 - backend.secuscan.plugins - INFO - \u2713 Loaded plugin: Password Recovery Audit v1.0.0\n2026-05-26 17:44:27,845 - backend.secuscan.plugins - INFO - \u2713 Loaded plugin: httpx v1.0.0\n2026-05-26 17:44:27,846 - backend.secuscan.plugins - INFO - \u2713 Loaded plugin: HTTP Inspector v1.0.0\n2026-05-26 17:44:27,849 - backend.secuscan.plugins - INFO - \u2713 Loaded plugin: HTTP Request Logger v1.0.0\n2026-05-26 17:44:27,851 - backend.secuscan.plugins - INFO - \u2713 Loaded plugin: IaC Scanner (Checkov) v1.0.0\n2026-05-26 17:44:27,853 - backend.secuscan.plugins - INFO - \u2713 Loaded plugin: ICMP Ping v1.0.0\n2026-05-26 17:44:27,856 - backend.secuscan.plugins - WARNING - Binary not found in PATH: joomscan\n2026-05-26 17:44:27,856 - backend.secuscan.plugins - INFO - \u2713 Loaded plugin: Joomla Security Scan v1.0.0\n2026-05-26 17:44:27,858 - backend.secuscan.plugins - WARNING - Binary not found in PATH: katana\n2026-05-26 17:44:27,859 - backend.secuscan.plugins - INFO - \u2713 Loaded plugin: Katana v1.0.0\n2026-05-26 17:44:27,861 - backend.secuscan.plugins - INFO - \u2713 Loaded plugin: K8s Scanner v1.0.0\n2026-05-26 17:44:27,864 - backend.secuscan.plugins - WARNING - Binary not found in PATH: msfconsole\n2026-05-26 17:44:27,864 - backend.secuscan.plugins - INFO - \u2713 Loaded plugin: Exploitation Connector v1.0.0\n2026-05-26 17:44:27,867 - backend.secuscan.plugins - WARNING - Binary not found in PATH: nmap\n2026-05-26 17:44:27,867 - backend.secuscan.plugins - INFO - \u2713 Loaded plugin: Network Scanner v1.0.0\n2026-05-26 17:44:27,870 - backend.secuscan.plugins - WARNING - Binary not found in PATH: nikto\n2026-05-26 17:44:27,870 - backend.secuscan.plugins - INFO - \u2713 Loaded plugin: Nikto v1.1.0\n2026-05-26 17:44:27,873 - backend.secuscan.plugins - WARNING - Binary not found in PATH: nmap\n2026-05-26 17:44:27,873 - backend.secuscan.plugins - INFO - \u2713 Loaded plugin: Network Scanning v1.0.0\n2026-05-26 17:44:27,876 - backend.secuscan.plugins - WARNING - Binary not found in PATH: nuclei\n2026-05-26 17:44:27,876 - backend.secuscan.plugins - INFO - \u2713 Loaded plugin: Template Vulnerability Scan v1.0.0\n2026-05-26 17:44:27,879 - backend.secuscan.plugins - INFO - \u2713 Loaded plugin: Password Auditor v1.0.0\n2026-05-26 17:44:27,881 - backend.secuscan.plugins - WARNING - Binary not found in PATH: theHarvester\n2026-05-26 17:44:27,881 - backend.secuscan.plugins - INFO - \u2713 Loaded plugin: People Hunter v1.0.0\n2026-05-26 17:44:27,884 - backend.secuscan.plugins - WARNING - Binary not found in PATH: nmap\n2026-05-26 17:44:27,884 - backend.secuscan.plugins - INFO - \u2713 Loaded plugin: Port Scanner v1.0.0\n2026-05-26 17:44:27,887 - backend.secuscan.plugins - INFO - \u2713 Loaded plugin: Advanced Network Recon v1.0.0\n2026-05-26 17:44:27,890 - backend.secuscan.plugins - WARNING - Binary not found in PATH: gitleaks\n2026-05-26 17:44:27,890 - backend.secuscan.plugins - INFO - \u2713 Loaded plugin: Secret Scanner v1.0.0\n2026-05-26 17:44:27,892 - backend.secuscan.plugins - WARNING - Binary not found in PATH: nuclei\n2026-05-26 17:44:27,893 - backend.secuscan.plugins - INFO - \u2713 Loaded plugin: Sharepoint Scanner v1.0.0\n2026-05-26 17:44:27,895 - backend.secuscan.plugins - WARNING - Binary not found in PATH: katana\n2026-05-26 17:44:27,896 - backend.secuscan.plugins - INFO - \u2713 Loaded plugin: Sitemap Generator v1.0.0\n2026-05-26 17:44:27,898 - backend.secuscan.plugins - INFO - \u2713 Loaded plugin: Sniper: Auto-Exploiter v1.0.0\n2026-05-26 17:44:27,900 - backend.secuscan.plugins - WARNING - Binary not found in PATH: katana\n2026-05-26 17:44:27,901 - backend.secuscan.plugins - INFO - \u2713 Loaded plugin: Spider v1.0.0\n2026-05-26 17:44:27,903 - backend.secuscan.plugins - WARNING - Binary not found in PATH: ghauri\n2026-05-26 17:44:27,904 - backend.secuscan.plugins - INFO - \u2713 Loaded plugin: SQL Injection Feasibility v1.0.0\n2026-05-26 17:44:27,906 - backend.secuscan.plugins - WARNING - Binary not found in PATH: sqlmap\n2026-05-26 17:44:27,907 - backend.secuscan.plugins - INFO - \u2713 Loaded plugin: SQLi Exploiter v1.0.0\n2026-05-26 17:44:27,909 - backend.secuscan.plugins - WARNING - Binary not found in PATH: sqlmap\n2026-05-26 17:44:27,909 - backend.secuscan.plugins - INFO - \u2713 Loaded plugin: SQL Injection Testing v1.0.0\n2026-05-26 17:44:27,911 - backend.secuscan.plugins - INFO - \u2713 Loaded plugin: SSH Runner v1.0.0\n2026-05-26 17:44:27,914 - backend.secuscan.plugins - WARNING - Binary not found in PATH: subfinder\n2026-05-26 17:44:27,914 - backend.secuscan.plugins - INFO - \u2713 Loaded plugin: Subdomain Finder v1.0.0\n2026-05-26 17:44:27,917 - backend.secuscan.plugins - WARNING - Binary not found in PATH: subfinder\n2026-05-26 17:44:27,917 - backend.secuscan.plugins - INFO - \u2713 Loaded plugin: Subdomain Scanner v1.0.0\n2026-05-26 17:44:27,920 - backend.secuscan.plugins - WARNING - Binary not found in PATH: subfinder\n2026-05-26 17:44:27,920 - backend.secuscan.plugins - INFO - \u2713 Loaded plugin: Subdomain Takeover v1.0.0\n2026-05-26 17:44:27,922 - backend.secuscan.plugins - WARNING - Binary not found in PATH: subfinder\n2026-05-26 17:44:27,923 - backend.secuscan.plugins - INFO - \u2713 Loaded plugin: Subfinder v1.0.0\n2026-05-26 17:44:27,925 - backend.secuscan.plugins - WARNING - Binary not found in PATH: theHarvester\n2026-05-26 17:44:27,926 - backend.secuscan.plugins - INFO - \u2713 Loaded plugin: theHarvester v1.0.0\n2026-05-26 17:44:27,928 - backend.secuscan.plugins - WARNING - Binary not found in PATH: openssl\n2026-05-26 17:44:27,929 - backend.secuscan.plugins - INFO - \u2713 Loaded plugin: TLS Security Analysis v1.0.0\n2026-05-26 17:44:27,931 - backend.secuscan.plugins - WARNING - Binary not found in PATH: uncover\n2026-05-26 17:44:27,932 - backend.secuscan.plugins - INFO - \u2713 Loaded plugin: Uncover v1.0.0\n2026-05-26 17:44:27,934 - backend.secuscan.plugins - WARNING - Binary not found in PATH: ffuf\n2026-05-26 17:44:27,934 - backend.secuscan.plugins - INFO - \u2713 Loaded plugin: URL Fuzzer v1.0.0\n2026-05-26 17:44:27,937 - backend.secuscan.plugins - WARNING - Binary not found in PATH: urlfinder\n2026-05-26 17:44:27,937 - backend.secuscan.plugins - INFO - \u2713 Loaded plugin: urlfinder v1.0.0\n2026-05-26 17:44:27,940 - backend.secuscan.plugins - WARNING - Binary not found in PATH: ffuf\n2026-05-26 17:44:27,940 - backend.secuscan.plugins - INFO - \u2713 Loaded plugin: Virtual Hosts Finder v1.0.0\n2026-05-26 17:44:27,943 - backend.secuscan.plugins - WARNING - Binary not found in PATH: volatility3\n2026-05-26 17:44:27,943 - backend.secuscan.plugins - INFO - \u2713 Loaded plugin: Volatility v1.0.0\n2026-05-26 17:44:27,946 - backend.secuscan.plugins - WARNING - Binary not found in PATH: wafw00f\n2026-05-26 17:44:27,946 - backend.secuscan.plugins - INFO - \u2713 Loaded plugin: WAF Detector v1.0.0\n2026-05-26 17:44:27,947 - backend.secuscan.plugins - ERROR - Failed to load plugin from C:\\Users\\VIDYANKSHINI\\Desktop\\project\\SecuScan\\plugins\\waf_detector: 'charmap' codec can't decode byte 0x8f in position 429: character maps to <undefined>\n2026-05-26 17:44:27,948 - backend.secuscan.plugins - INFO - \u2713 Loaded plugin: Website Recon v1.0.0\n2026-05-26 17:44:27,951 - backend.secuscan.plugins - INFO - \u2713 Loaded plugin: Domain Registration Lookup v1.0.0\n2026-05-26 17:44:27,953 - backend.secuscan.plugins - WARNING - Binary not found in PATH: wpscan\n2026-05-26 17:44:27,954 - backend.secuscan.plugins - INFO - \u2713 Loaded plugin: WordPress Security Scan v1.0.0\n2026-05-26 17:44:27,956 - backend.secuscan.plugins - INFO - \u2713 Loaded plugin: XSS Exploiter v1.0.0\n2026-05-26 17:44:27,959 - backend.secuscan.plugins - WARNING - Binary not found in PATH: yara\n2026-05-26 17:44:27,959 - backend.secuscan.plugins - INFO - \u2713 Loaded plugin: Binary Signature Scan v1.0.0\n2026-05-26 17:44:27,962 - backend.secuscan.plugins - INFO - \u2713 Loaded plugin: DAST Web Proxy (ZAP) v1.0.0\n2026-05-26 17:44:27,962 - backend.secuscan.plugins - INFO - Loaded 59 plugins\n2026-05-26 17:44:27,962 - backend.secuscan.main - INFO - \u2713 Plugins loaded\n2026-05-26 17:44:27,963 - backend.secuscan.workflows - INFO - Workflow scheduler started\n2026-05-26 17:44:27,963 - backend.secuscan.main - INFO - \u2713 Workflow scheduler started\n2026-05-26 17:44:27,964 - backend.secuscan.main - INFO - \u2713 Ready to serve on 127.0.0.1:8000
---------------------------- Captured stderr setup ----------------------------
--- Logging error ---\nTraceback (most recent call last):\n  File "C:\\Users\\VIDYANKSHINI\\AppData\\Local\\Programs\\Python\\Python313\\Lib\\logging\\__init__.py", line 1153, in emit\n    stream.write(msg + self.terminator)\n    ~~~~~~~~~~~~^^^^^^^^^^^^^^^^^^^^^^^\n  File "C:\\Users\\VIDYANKSHINI\\AppData\\Local\\Programs\\Python\\Python313\\Lib\\encodings\\cp1252.py", line 19, in encode\n    return codecs.charmap_encode(input,self.errors,encoding_table)[0]\n           ~~~~~~~~~~~~~~~~~~~~~^^^^^^^^^^^^^^^^^^^^^^^^^^^^^^^^^^\nUnicodeEncodeError: 'charmap' codec can't encode character '\\u2713' in position 60: character maps to <undefined>\nCall stack:\n  File "<frozen runpy>", line 198, in _run_module_as_main\n  File "<frozen runpy>", line 88, in _run_code\n  File "C:\\Users\\VIDYANKSHINI\\AppData\\Local\\Programs\\Python\\Python313\\Scripts\\pytest.exe\\__main__.py", line 7, in <module>\n    sys.exit(console_main())\n  File "C:\\Users\\VIDYANKSHINI\\AppData\\Local\\Programs\\Python\\Python313\\Lib\\site-packages\\_pytest\\config\\__init__.py", line 223, in console_main\n    code = main()\n  File "C:\\Users\\VIDYANKSHINI\\AppData\\Local\\Programs\\Python\\Python313\\Lib\\site-packages\\_pytest\\config\\__init__.py", line 199, in main\n    ret: ExitCode | int = config.hook.pytest_cmdline_main(config=config)\n  File "C:\\Users\\VIDYANKSHINI\\AppData\\Local\\Programs\\Python\\Python313\\Lib\\site-packages\\pluggy\\_hooks.py", line 512, in __call__\n    return self._hookexec(self.name, self._hookimpls.copy(), kwargs, firstresult)\n  File "C:\\Users\\VIDYANKSHINI\\AppData\\Local\\Programs\\Python\\Python313\\Lib\\site-packages\\pluggy\\_manager.py", line 120, in _hookexec\n    return self._inner_hookexec(hook_name, methods, kwargs, firstresult)\n  File "C:\\Users\\VIDYANKSHINI\\AppData\\Local\\Programs\\Python\\Python313\\Lib\\site-packages\\pluggy\\_callers.py", line 121, in _multicall\n    res = hook_impl.function(*args)\n  File "C:\\Users\\VIDYANKSHINI\\AppData\\Local\\Programs\\Python\\Python313\\Lib\\site-packages\\_pytest\\main.py", line 365, in pytest_cmdline_main\n    return wrap_session(config, _main)\n  File "C:\\Users\\VIDYANKSHINI\\AppData\\Local\\Programs\\Python\\Python313\\Lib\\site-packages\\_pytest\\main.py", line 318, in wrap_session\n    session.exitstatus = doit(config, session) or 0\n  File "C:\\Users\\VIDYANKSHINI\\AppData\\Local\\Programs\\Python\\Python313\\Lib\\site-packages\\_pytest\\main.py", line 372, in _main\n    config.hook.pytest_runtestloop(session=session)\n  File "C:\\Users\\VIDYANKSHINI\\AppData\\Local\\Programs\\Python\\Python313\\Lib\\site-packages\\pluggy\\_hooks.py", line 512, in __call__\n    return self._hookexec(self.name, self._hookimpls.copy(), kwargs, firstresult)\n  File "C:\\Users\\VIDYANKSHINI\\AppData\\Local\\Programs\\Python\\Python313\\Lib\\site-packages\\pluggy\\_manager.py", line 120, in _hookexec\n    return self._inner_hookexec(hook_name, methods, kwargs, firstresult)\n  File "C:\\Users\\VIDYANKSHINI\\AppData\\Local\\Programs\\Python\\Python313\\Lib\\site-packages\\pluggy\\_callers.py", line 121, in _multicall\n    res = hook_impl.function(*args)\n  File "C:\\Users\\VIDYANKSHINI\\AppData\\Local\\Programs\\Python\\Python313\\Lib\\site-packages\\_pytest\\main.py", line 396, in pytest_runtestloop\n    item.config.hook.pytest_runtest_protocol(item=item, nextitem=nextitem)\n  File "C:\\Users\\VIDYANKSHINI\\AppData\\Local\\Programs\\Python\\Python313\\Lib\\site-packages\\pluggy\\_hooks.py", line 512, in __call__\n    return self._hookexec(self.name, self._hookimpls.copy(), kwargs, firstresult)\n  File "C:\\Users\\VIDYANKSHINI\\AppData\\Local\\Programs\\Python\\Python313\\Lib\\site-packages\\pluggy\\_manager.py", line 120, in _hookexec\n    return self._inner_hookexec(hook_name, methods, kwargs, firstresult)\n  File "C:\\Users\\VIDYANKSHINI\\AppData\\Local\\Programs\\Python\\Python313\\Lib\\site-packages\\pluggy\\_callers.py", line 121, in _multicall\n    res = hook_impl.function(*args)\n  File "C:\\Users\\VIDYANKSHINI\\AppData\\Local\\Programs\\Python\\Python313\\Lib\\site-packages\\_pytest\\runner.py", line 118, in pytest_runtest_protocol\n    runtestprotocol(item, nextitem=nextitem)\n  File "C:\\Users\\VIDYANKSHINI\\AppData\\Local\\Programs\\Python\\Python313\\Lib\\site-packages\\_pytest\\runner.py", line 131, in runtestprotocol\n    rep = call_and_report(item, "setup", log)\n  File "C:\\Users\\VIDYANKSHINI\\AppData\\Local\\Programs\\Python\\Python313\\Lib\\site-packages\\_pytest\\runner.py", line 244, in call_and_report\n    call = CallInfo.from_call(\n  File "C:\\Users\\VIDYANKSHINI\\AppData\\Local\\Programs\\Python\\Python313\\Lib\\site-packages\\_pytest\\runner.py", line 353, in from_call\n    result: TResult | None = func()\n  File "C:\\Users\\VIDYANKSHINI\\AppData\\Local\\Programs\\Python\\Python313\\Lib\\site-packages\\_pytest\\runner.py", line 245, in <lambda>\n    lambda: runtest_hook(item=item, **kwds),\n  File "C:\\Users\\VIDYANKSHINI\\AppData\\Local\\Programs\\Python\\Python313\\Lib\\site-packages\\pluggy\\_hooks.py", line 512, in __call__\n    return self._hookexec(self.name, self._hookimpls.copy(), kwargs, firstresult)\n  File "C:\\Users\\VIDYANKSHINI\\AppData\\Local\\Programs\\Python\\Python313\\Lib\\site-packages\\pluggy\\_manager.py", line 120, in _hookexec\n    return self._inner_hookexec(hook_name, methods, kwargs, firstresult)\n  File "C:\\Users\\VIDYANKSHINI\\AppData\\Local\\Programs\\Python\\Python313\\Lib\\site-packages\\pluggy\\_callers.py", line 121, in _multicall\n    res = hook_impl.function(*args)\n  File "C:\\Users\\VIDYANKSHINI\\AppData\\Local\\Programs\\Python\\Python313\\Lib\\site-packages\\_pytest\\runner.py", line 165, in pytest_runtest_setup\n    item.session._setupstate.setup(item)\n  File "C:\\Users\\VIDYANKSHINI\\AppData\\Local\\Programs\\Python\\Python313\\Lib\\site-packages\\_pytest\\runner.py", line 523, in setup\n    col.setup()\n  File "C:\\Users\\VIDYANKSHINI\\AppData\\Local\\Programs\\Python\\Python313\\Lib\\site-packages\\_pytest\\python.py", line 1723, in setup\n    self._request._fillfixtures()\n  File "C:\\Users\\VIDYANKSHINI\\AppData\\Local\\Programs\\Python\\Python313\\Lib\\site-packages\\_pytest\\fixtures.py", line 707, in _fillfixtures\n    item.funcargs[argname] = self.getfixturevalue(argname)\n  File "C:\\Users\\VIDYANKSHINI\\AppData\\Local\\Programs\\Python\\Python313\\Lib\\site-packages\\_pytest\\fixtures.py", line 539, in getfixturevalue\n    fixturedef = self._get_active_fixturedef(argname)\n  File "C:\\Users\\VIDYANKSHINI\\AppData\\Local\\Programs\\Python\\Python313\\Lib\\site-packages\\_pytest\\fixtures.py", line 627, in _get_active_fixturedef\n    fixturedef.execute(request=subrequest)\n  File "C:\\Users\\VIDYANKSHINI\\AppData\\Local\\Programs\\Python\\Python313\\Lib\\site-packages\\_pytest\\fixtures.py", line 1110, in execute\n    result: FixtureValue = ihook.pytest_fixture_setup(\n  File "C:\\Users\\VIDYANKSHINI\\AppData\\Local\\Programs\\Python\\Python313\\Lib\\site-packages\\pluggy\\_hooks.py", line 512, in __call__\n    return self._hookexec(self.name, self._hookimpls.copy(), kwargs, firstresult)\n  File "C:\\Users\\VIDYANKSHINI\\AppData\\Local\\Programs\\Python\\Python313\\Lib\\site-packages\\pluggy\\_manager.py", line 120, in _hookexec\n    return self._inner_hookexec(hook_name, methods, kwargs, firstresult)\n  File "C:\\Users\\VIDYANKSHINI\\AppData\\Local\\Programs\\Python\\Python313\\Lib\\site-packages\\pluggy\\_callers.py", line 121, in _multicall\n    res = hook_impl.function(*args)\n  File "C:\\Users\\VIDYANKSHINI\\AppData\\Local\\Programs\\Python\\Python313\\Lib\\site-packages\\_pytest\\fixtures.py", line 1202, in pytest_fixture_setup\n    result = call_fixture_func(fixturefunc, request, kwargs)\n  File "C:\\Users\\VIDYANKSHINI\\AppData\\Local\\Programs\\Python\\Python313\\Lib\\site-packages\\_pytest\\fixtures.py", line 908, in call_fixture_func\n    fixture_result = next(generator)\n  File "C:\\Users\\VIDYANKSHINI\\Desktop\\project\\SecuScan\\testing\\backend\\conftest.py", line 57, in test_client\n    asyncio.run(setup())\n  File "C:\\Users\\VIDYANKSHINI\\AppData\\Local\\Programs\\Python\\Python313\\Lib\\asyncio\\runners.py", line 195, in run\n    return runner.run(main)\n  File "C:\\Users\\VIDYANKSHINI\\AppData\\Local\\Programs\\Python\\Python313\\Lib\\asyncio\\runners.py", line 118, in run\n    return self._loop.run_until_complete(task)\n  File "C:\\Users\\VIDYANKSHINI\\AppData\\Local\\Programs\\Python\\Python313\\Lib\\asyncio\\base_events.py", line 712, in run_until_complete\n    self.run_forever()\n  File "C:\\Users\\VIDYANKSHINI\\AppData\\Local\\Programs\\Python\\Python313\\Lib\\asyncio\\base_events.py", line 683, in run_forever\n    self._run_once()\n  File "C:\\Users\\VIDYANKSHINI\\AppData\\Local\\Programs\\Python\\Python313\\Lib\\asyncio\\base_events.py", line 2040, in _run_once\n    handle._run()\n  File "C:\\Users\\VIDYANKSHINI\\AppData\\Local\\Programs\\Python\\Python313\\Lib\\asyncio\\events.py", line 89, in _run\n    self._context.run(self._callback, *self._args)\n  File "C:\\Users\\VIDYANKSHINI\\Desktop\\project\\SecuScan\\testing\\backend\\conftest.py", line 55, in setup\n    await init_plugins(settings.plugins_dir)\n  File "C:\\Users\\VIDYANKSHINI\\Desktop\\project\\SecuScan\\backend\\secuscan\\plugins.py", line 382, in init_plugins\n    await plugin_manager.load_plugins()\n  File "C:\\Users\\VIDYANKSHINI\\Desktop\\project\\SecuScan\\backend\\secuscan\\plugins.py", line 59, in load_plugins\n    logger.info(f"\u2713 Loaded plugin: {plugin_meta.name} v{plugin_meta.version}")\nMessage: '\u2713 Loaded plugin: Amass v1.0.0'\nArguments: ()\n--- Logging error ---\nTraceback (most recent call last):\n  File "C:\\Users\\VIDYANKSHINI\\AppData\\Local\\Programs\\Python\\Python313\\Lib\\logging\\__init__.py", line 1153, in emit\n    stream.write(msg + self.terminator)\n    ~~~~~~~~~~~~^^^^^^^^^^^^^^^^^^^^^^^\n  File "C:\\Users\\VIDYANKSHINI\\AppData\\Local\\Programs\\Python\\Python313\\Lib\\encodings\\cp1252.py", line 19, in encode\n    return codecs.charmap_encode(input,self.errors,encoding_table)[0]\n           ~~~~~~~~~~~~~~~~~~~~~^^^^^^^^^^^^^^^^^^^^^^^^^^^^^^^^^^\nUnicodeEncodeError: 'charmap' codec can't encode character '\\u2713' in position 60: character maps to <undefined>\nCall stack:\n  File "<frozen runpy>", line 198, in _run_module_as_main\n  File "<frozen runpy>", line 88, in _run_code\n  File "C:\\Users\\VIDYANKSHINI\\AppData\\Local\\Programs\\Python\\Python313\\Scripts\\pytest.exe\\__main__.py", line 7, in <module>\n    sys.exit(console_main())\n  File "C:\\Users\\VIDYANKSHINI\\AppData\\Local\\Programs\\Python\\Python313\\Lib\\site-packages\\_pytest\\config\\__init__.py", line 223, in console_main\n    code = main()\n  File "C:\\Users\\VIDYANKSHINI\\AppData\\Local\\Programs\\Python\\Python313\\Lib\\site-packages\\_pytest\\config\\__init__.py", line 199, in main\n    ret: ExitCode | int = config.hook.pytest_cmdline_main(config=config)\n  File "C:\\Users\\VIDYANKSHINI\\AppData\\Local\\Programs\\Python\\Python313\\Lib\\site-packages\\pluggy\\_hooks.py", line 512, in __call__\n    return self._hookexec(self.name, self._hookimpls.copy(), kwargs, firstresult)\n  File "C:\\Users\\VIDYANKSHINI\\AppData\\Local\\Programs\\Python\\Python313\\Lib\\site-packages\\pluggy\\_manager.py", line 120, in _hookexec\n    return self._inner_hookexec(hook_name, methods, kwargs, firstresult)\n  File "C:\\Users\\VIDYANKSHINI\\AppData\\Local\\Programs\\Python\\Python313\\Lib\\site-packages\\pluggy\\_callers.py", line 121, in _multicall\n    res = hook_impl.function(*args)\n  File "C:\\Users\\VIDYANKSHINI\\AppData\\Local\\Programs\\Python\\Python313\\Lib\\site-packages\\_pytest\\main.py", line 365, in pytest_cmdline_main\n    return wrap_session(config, _main)\n  File "C:\\Users\\VIDYANKSHINI\\AppData\\Local\\Programs\\Python\\Python313\\Lib\\site-packages\\_pytest\\main.py", line 318, in wrap_session\n    session.exitstatus = doit(config, session) or 0\n  File "C:\\Users\\VIDYANKSHINI\\AppData\\Local\\Programs\\Python\\Python313\\Lib\\site-packages\\_pytest\\main.py", line 372, in _main\n    config.hook.pytest_runtestloop(session=session)\n  File "C:\\Users\\VIDYANKSHINI\\AppData\\Local\\Programs\\Python\\Python313\\Lib\\site-packages\\pluggy\\_hooks.py", line 512, in __call__\n    return self._hookexec(self.name, self._hookimpls.copy(), kwargs, firstresult)\n  File "C:\\Users\\VIDYANKSHINI\\AppData\\Local\\Programs\\Python\\Python313\\Lib\\site-packages\\pluggy\\_manager.py", line 120, in _hookexec\n    return self._inner_hookexec(hook_name, methods, kwargs, firstresult)\n  File "C:\\Users\\VIDYANKSHINI\\AppData\\Local\\Programs\\Python\\Python313\\Lib\\site-packages\\pluggy\\_callers.py", line 121, in _multicall\n    res = hook_impl.function(*args)\n  File "C:\\Users\\VIDYANKSHINI\\AppData\\Local\\Programs\\Python\\Python313\\Lib\\site-packages\\_pytest\\main.py", line 396, in pytest_runtestloop\n    item.config.hook.pytest_runtest_protocol(item=item, nextitem=nextitem)\n  File "C:\\Users\\VIDYANKSHINI\\AppData\\Local\\Programs\\Python\\Python313\\Lib\\site-packages\\pluggy\\_hooks.py", line 512, in __call__\n    return self._hookexec(self.name, self._hookimpls.copy(), kwargs, firstresult)\n  File "C:\\Users\\VIDYANKSHINI\\AppData\\Local\\Programs\\Python\\Python313\\Lib\\site-packages\\pluggy\\_manager.py", line 120, in _hookexec\n    return self._inner_hookexec(hook_name, methods, kwargs, firstresult)\n  File "C:\\Users\\VIDYANKSHINI\\AppData\\Local\\Programs\\Python\\Python313\\Lib\\site-packages\\pluggy\\_callers.py", line 121, in _multicall\n    res = hook_impl.function(*args)\n  File "C:\\Users\\VIDYANKSHINI\\AppData\\Local\\Programs\\Python\\Python313\\Lib\\site-packages\\_pytest\\runner.py", line 118, in pytest_runtest_protocol\n    runtestprotocol(item, nextitem=nextitem)\n  File "C:\\Users\\VIDYANKSHINI\\AppData\\Local\\Programs\\Python\\Python313\\Lib\\site-packages\\_pytest\\runner.py", line 131, in runtestprotocol\n    rep = call_and_report(item, "setup", log)\n  File "C:\\Users\\VIDYANKSHINI\\AppData\\Local\\Programs\\Python\\Python313\\Lib\\site-packages\\_pytest\\runner.py", line 244, in call_and_report\n    call = CallInfo.from_call(\n  File "C:\\Users\\VIDYANKSHINI\\AppData\\Local\\Programs\\Python\\Python313\\Lib\\site-packages\\_pytest\\runner.py", line 353, in from_call\n    result: TResult | None = func()\n  File "C:\\Users\\VIDYANKSHINI\\AppData\\Local\\Programs\\Python\\Python313\\Lib\\site-packages\\_pytest\\runner.py", line 245, in <lambda>\n    lambda: runtest_hook(item=item, **kwds),\n  File "C:\\Users\\VIDYANKSHINI\\AppData\\Local\\Programs\\Python\\Python313\\Lib\\site-packages\\pluggy\\_hooks.py", line 512, in __call__\n    return self._hookexec(self.name, self._hookimpls.copy(), kwargs, firstresult)\n  File "C:\\Users\\VIDYANKSHINI\\AppData\\Local\\Programs\\Python\\Python313\\Lib\\site-packages\\pluggy\\_manager.py", line 120, in _hookexec\n    return self._inner_hookexec(hook_name, methods, kwargs, firstresult)\n  File "C:\\Users\\VIDYANKSHINI\\AppData\\Local\\Programs\\Python\\Python313\\Lib\\site-packages\\pluggy\\_callers.py", line 121, in _multicall\n    res = hook_impl.function(*args)\n  File "C:\\Users\\VIDYANKSHINI\\AppData\\Local\\Programs\\Python\\Python313\\Lib\\site-packages\\_pytest\\runner.py", line 165, in pytest_runtest_setup\n    item.session._setupstate.setup(item)\n  File "C:\\Users\\VIDYANKSHINI\\AppData\\Local\\Programs\\Python\\Python313\\Lib\\site-packages\\_pytest\\runner.py", line 523, in setup\n    col.setup()\n  File "C:\\Users\\VIDYANKSHINI\\AppData\\Local\\Programs\\Python\\Python313\\Lib\\site-packages\\_pytest\\python.py", line 1723, in setup\n    self._request._fillfixtures()\n  File "C:\\Users\\VIDYANKSHINI\\AppData\\Local\\Programs\\Python\\Python313\\Lib\\site-packages\\_pytest\\fixtures.py", line 707, in _fillfixtures\n    item.funcargs[argname] = self.getfixturevalue(argname)\n  File "C:\\Users\\VIDYANKSHINI\\AppData\\Local\\Programs\\Python\\Python313\\Lib\\site-packages\\_pytest\\fixtures.py", line 539, in getfixturevalue\n    fixturedef = self._get_active_fixturedef(argname)\n  File "C:\\Users\\VIDYANKSHINI\\AppData\\Local\\Programs\\Python\\Python313\\Lib\\site-packages\\_pytest\\fixtures.py", line 627, in _get_active_fixturedef\n    fixturedef.execute(request=subrequest)\n  File "C:\\Users\\VIDYANKSHINI\\AppData\\Local\\Programs\\Python\\Python313\\Lib\\site-packages\\_pytest\\fixtures.py", line 1110, in execute\n    result: FixtureValue = ihook.pytest_fixture_setup(\n  File "C:\\Users\\VIDYANKSHINI\\AppData\\Local\\Programs\\Python\\Python313\\Lib\\site-packages\\pluggy\\_hooks.py", line 512, in __call__\n    return self._hookexec(self.name, self._hookimpls.copy(), kwargs, firstresult)\n  File "C:\\Users\\VIDYANKSHINI\\AppData\\Local\\Programs\\Python\\Python313\\Lib\\site-packages\\pluggy\\_manager.py", line 120, in _hookexec\n    return self._inner_hookexec(hook_name, methods, kwargs, firstresult)\n  File "C:\\Users\\VIDYANKSHINI\\AppData\\Local\\Programs\\Python\\Python313\\Lib\\site-packages\\pluggy\\_callers.py", line 121, in _multicall\n    res = hook_impl.function(*args)\n  File "C:\\Users\\VIDYANKSHINI\\AppData\\Local\\Programs\\Python\\Python313\\Lib\\site-packages\\_pytest\\fixtures.py", line 1202, in pytest_fixture_setup\n    result = call_fixture_func(fixturefunc, request, kwargs)\n  File "C:\\Users\\VIDYANKSHINI\\AppData\\Local\\Programs\\Python\\Python313\\Lib\\site-packages\\_pytest\\fixtures.py", line 908, in call_fixture_func\n    fixture_result = next(generator)\n  File "C:\\Users\\VIDYANKSHINI\\Desktop\\project\\SecuScan\\testing\\backend\\conftest.py", line 57, in test_client\n    asyncio.run(setup())\n  File "C:\\Users\\VIDYANKSHINI\\AppData\\Local\\Programs\\Python\\Python313\\Lib\\asyncio\\runners.py", line 195, in run\n    return runner.run(main)\n  File "C:\\Users\\VIDYANKSHINI\\AppData\\Local\\Programs\\Python\\Python313\\Lib\\asyncio\\runners.py", line 118, in run\n    return self._loop.run_until_complete(task)\n  File "C:\\Users\\VIDYANKSHINI\\AppData\\Local\\Programs\\Python\\Python313\\Lib\\asyncio\\base_events.py", line 712, in run_until_complete\n    self.run_forever()\n  File "C:\\Users\\VIDYANKSHINI\\AppData\\Local\\Programs\\Python\\Python313\\Lib\\asyncio\\base_events.py", line 683, in run_forever\n    self._run_once()\n  File "C:\\Users\\VIDYANKSHINI\\AppData\\Local\\Programs\\Python\\Python313\\Lib\\asyncio\\base_events.py", line 2040, in _run_once\n    handle._run()\n  File "C:\\Users\\VIDYANKSHINI\\AppData\\Local\\Programs\\Python\\Python313\\Lib\\asyncio\\events.py", line 89, in _run\n    self._context.run(self._callback, *self._args)\n  File "C:\\Users\\VIDYANKSHINI\\Desktop\\project\\SecuScan\\testing\\backend\\conftest.py", line 55, in setup\n    await init_plugins(settings.plugins_dir)\n  File "C:\\Users\\VIDYANKSHINI\\Desktop\\project\\SecuScan\\backend\\secuscan\\plugins.py", line 382, in init_plugins\n    await plugin_manager.load_plugins()\n  File "C:\\Users\\VIDYANKSHINI\\Desktop\\project\\SecuScan\\backend\\secuscan\\plugins.py", line 59, in load_plugins\n    logger.info(f"\u2713 Loaded plugin: {plugin_meta.name} v{plugin_meta.version}")\nMessage: '\u2713 Loaded plugin: API Scanner v1.0.0'\nArguments: ()\n--- Logging error ---\nTraceback (most recent call last):\n  File "C:\\Users\\VIDYANKSHINI\\AppData\\Local\\Programs\\Python\\Python313\\Lib\\logging\\__init__.py", line 1153, in emit\n    stream.write(msg + self.terminator)\n    ~~~~~~~~~~~~^^^^^^^^^^^^^^^^^^^^^^^\n  File "C:\\Users\\VIDYANKSHINI\\AppData\\Local\\Programs\\Python\\Python313\\Lib\\encodings\\cp1252.py", line 19, in encode\n    return codecs.charmap_encode(input,self.errors,encoding_table)[0]\n           ~~~~~~~~~~~~~~~~~~~~~^^^^^^^^^^^^^^^^^^^^^^^^^^^^^^^^^^\nUnicodeEncodeError: 'charmap' codec can't encode character '\\u2713' in position 60: character maps to <undefined>\nCall stack:\n  File "<frozen runpy>", line 198, in _run_module_as_main\n  File "<frozen runpy>", line 88, in _run_code\n  File "C:\\Users\\VIDYANKSHINI\\AppData\\Local\\Programs\\Python\\Python313\\Scripts\\pytest.exe\\__main__.py", line 7, in <module>\n    sys.exit(console_main())\n  File "C:\\Users\\VIDYANKSHINI\\AppData\\Local\\Programs\\Python\\Python313\\Lib\\site-packages\\_pytest\\config\\__init__.py", line 223, in console_main\n    code = main()\n  File "C:\\Users\\VIDYANKSHINI\\AppData\\Local\\Programs\\Python\\Python313\\Lib\\site-packages\\_pytest\\config\\__init__.py", line 199, in main\n    ret: ExitCode | int = config.hook.pytest_cmdline_main(config=config)\n  File "C:\\Users\\VIDYANKSHINI\\AppData\\Local\\Programs\\Python\\Python313\\Lib\\site-packages\\pluggy\\_hooks.py", line 512, in __call__\n    return self._hookexec(self.name, self._hookimpls.copy(), kwargs, firstresult)\n  File "C:\\Users\\VIDYANKSHINI\\AppData\\Local\\Programs\\Python\\Python313\\Lib\\site-packages\\pluggy\\_manager.py", line 120, in _hookexec\n    return self._inner_hookexec(hook_name, methods, kwargs, firstresult)\n  File "C:\\Users\\VIDYANKSHINI\\AppData\\Local\\Programs\\Python\\Python313\\Lib\\site-packages\\pluggy\\_callers.py", line 121, in _multicall\n    res = hook_impl.function(*args)\n  File "C:\\Users\\VIDYANKSHINI\\AppData\\Local\\Programs\\Python\\Python313\\Lib\\site-packages\\_pytest\\main.py", line 365, in pytest_cmdline_main\n    return wrap_session(config, _main)\n  File "C:\\Users\\VIDYANKSHINI\\AppData\\Local\\Programs\\Python\\Python313\\Lib\\site-packages\\_pytest\\main.py", line 318, in wrap_session\n    session.exitstatus = doit(config, session) or 0\n  File "C:\\Users\\VIDYANKSHINI\\AppData\\Local\\Programs\\Python\\Python313\\Lib\\site-packages\\_pytest\\main.py", line 372, in _main\n    config.hook.pytest_runtestloop(session=session)\n  File "C:\\Users\\VIDYANKSHINI\\AppData\\Local\\Programs\\Python\\Python313\\Lib\\site-packages\\pluggy\\_hooks.py", line 512, in __call__\n    return self._hookexec(self.name, self._hookimpls.copy(), kwargs, firstresult)\n  File "C:\\Users\\VIDYANKSHINI\\AppData\\Local\\Programs\\Python\\Python313\\Lib\\site-packages\\pluggy\\_manager.py", line 120, in _hookexec\n    return self._inner_hookexec(hook_name, methods, kwargs, firstresult)\n  File "C:\\Users\\VIDYANKSHINI\\AppData\\Local\\Programs\\Python\\Python313\\Lib\\site-packages\\pluggy\\_callers.py", line 121, in _multicall\n    res = hook_impl.function(*args)\n  File "C:\\Users\\VIDYANKSHINI\\AppData\\Local\\Programs\\Python\\Python313\\Lib\\site-packages\\_pytest\\main.py", line 396, in pytest_runtestloop\n    item.config.hook.pytest_runtest_protocol(item=item, nextitem=nextitem)\n  File "C:\\Users\\VIDYANKSHINI\\AppData\\Local\\Programs\\Python\\Python313\\Lib\\site-packages\\pluggy\\_hooks.py", line 512, in __call__\n    return self._hookexec(self.name, self._hookimpls.copy(), kwargs, firstresult)\n  File "C:\\Users\\VIDYANKSHINI\\AppData\\Local\\Programs\\Python\\Python313\\Lib\\site-packages\\pluggy\\_manager.py", line 120, in _hookexec\n    return self._inner_hookexec(hook_name, methods, kwargs, firstresult)\n  File "C:\\Users\\VIDYANKSHINI\\AppData\\Local\\Programs\\Python\\Python313\\Lib\\site-packages\\pluggy\\_callers.py", line 121, in _multicall\n    res = hook_impl.function(*args)\n  File "C:\\Users\\VIDYANKSHINI\\AppData\\Local\\Programs\\Python\\Python313\\Lib\\site-packages\\_pytest\\runner.py", line 118, in pytest_runtest_protocol\n    runtestprotocol(item, nextitem=nextitem)\n  File "C:\\Users\\VIDYANKSHINI\\AppData\\Local\\Programs\\Python\\Python313\\Lib\\site-packages\\_pytest\\runner.py", line 131, in runtestprotocol\n    rep = call_and_report(item, "setup", log)\n  File "C:\\Users\\VIDYANKSHINI\\AppData\\Local\\Programs\\Python\\Python313\\Lib\\site-packages\\_pytest\\runner.py", line 244, in call_and_report\n    call = CallInfo.from_call(\n  File "C:\\Users\\VIDYANKSHINI\\AppData\\Local\\Programs\\Python\\Python313\\Lib\\site-packages\\_pytest\\runner.py", line 353, in from_call\n    result: TResult | None = func()\n  File "C:\\Users\\VIDYANKSHINI\\AppData\\Local\\Programs\\Python\\Python313\\Lib\\site-packages\\_pytest\\runner.py", line 245, in <lambda>\n    lambda: runtest_hook(item=item, **kwds),\n  File "C:\\Users\\VIDYANKSHINI\\AppData\\Local\\Programs\\Python\\Python313\\Lib\\site-packages\\pluggy\\_hooks.py", line 512, in __call__\n    return self._hookexec(self.name, self._hookimpls.copy(), kwargs, firstresult)\n  File "C:\\Users\\VIDYANKSHINI\\AppData\\Local\\Programs\\Python\\Python313\\Lib\\site-packages\\pluggy\\_manager.py", line 120, in _hookexec\n    return self._inner_hookexec(hook_name, methods, kwargs, firstresult)\n  File "C:\\Users\\VIDYANKSHINI\\AppData\\Local\\Programs\\Python\\Python313\\Lib\\site-packages\\pluggy\\_callers.py", line 121, in _multicall\n    res = hook_impl.function(*args)\n  File "C:\\Users\\VIDYANKSHINI\\AppData\\Local\\Programs\\Python\\Python313\\Lib\\site-packages\\_pytest\\runner.py", line 165, in pytest_runtest_setup\n    item.session._setupstate.setup(item)\n  File "C:\\Users\\VIDYANKSHINI\\AppData\\Local\\Programs\\Python\\Python313\\Lib\\site-packages\\_pytest\\runner.py", line 523, in setup\n    col.setup()\n  File "C:\\Users\\VIDYANKSHINI\\AppData\\Local\\Programs\\Python\\Python313\\Lib\\site-packages\\_pytest\\python.py", line 1723, in setup\n    self._request._fillfixtures()\n  File "C:\\Users\\VIDYANKSHINI\\AppData\\Local\\Programs\\Python\\Python313\\Lib\\site-packages\\_pytest\\fixtures.py", line 707, in _fillfixtures\n    item.funcargs[argname] = self.getfixturevalue(argname)\n  File "C:\\Users\\VIDYANKSHINI\\AppData\\Local\\Programs\\Python\\Python313\\Lib\\site-packages\\_pytest\\fixtures.py", line 539, in getfixturevalue\n    fixturedef = self._get_active_fixturedef(argname)\n  File "C:\\Users\\VIDYANKSHINI\\AppData\\Local\\Programs\\Python\\Python313\\Lib\\site-packages\\_pytest\\fixtures.py", line 627, in _get_active_fixturedef\n    fixturedef.execute(request=subrequest)\n  File "C:\\Users\\VIDYANKSHINI\\AppData\\Local\\Programs\\Python\\Python313\\Lib\\site-packages\\_pytest\\fixtures.py", line 1110, in execute\n    result: FixtureValue = ihook.pytest_fixture_setup(\n  File "C:\\Users\\VIDYANKSHINI\\AppData\\Local\\Programs\\Python\\Python313\\Lib\\site-packages\\pluggy\\_hooks.py", line 512, in __call__\n    return self._hookexec(self.name, self._hookimpls.copy(), kwargs, firstresult)\n  File "C:\\Users\\VIDYANKSHINI\\AppData\\Local\\Programs\\Python\\Python313\\Lib\\site-packages\\pluggy\\_manager.py", line 120, in _hookexec\n    return self._inner_hookexec(hook_name, methods, kwargs, firstresult)\n  File "C:\\Users\\VIDYANKSHINI\\AppData\\Local\\Programs\\Python\\Python313\\Lib\\site-packages\\pluggy\\_callers.py", line 121, in _multicall\n    res = hook_impl.function(*args)\n  File "C:\\Users\\VIDYANKSHINI\\AppData\\Local\\Programs\\Python\\Python313\\Lib\\site-packages\\_pytest\\fixtures.py", line 1202, in pytest_fixture_setup\n    result = call_fixture_func(fixturefunc, request, kwargs)\n  File "C:\\Users\\VIDYANKSHINI\\AppData\\Local\\Programs\\Python\\Python313\\Lib\\site-packages\\_pytest\\fixtures.py", line 908, in call_fixture_func\n    fixture_result = next(generator)\n  File "C:\\Users\\VIDYANKSHINI\\Desktop\\project\\SecuScan\\testing\\backend\\conftest.py", line 57, in test_client\n    asyncio.run(setup())\n  File "C:\\Users\\VIDYANKSHINI\\AppData\\Local\\Programs\\Python\\Python313\\Lib\\asyncio\\runners.py", line 195, in run\n    return runner.run(main)\n  File "C:\\Users\\VIDYANKSHINI\\AppData\\Local\\Programs\\Python\\Python313\\Lib\\asyncio\\runners.py", line 118, in run\n    return self._loop.run_until_complete(task)\n  File "C:\\Users\\VIDYANKSHINI\\AppData\\Local\\Programs\\Python\\Python313\\Lib\\asyncio\\base_events.py", line 712, in run_until_complete\n    self.run_forever()\n  File "C:\\Users\\VIDYANKSHINI\\AppData\\Local\\Programs\\Python\\Python313\\Lib\\asyncio\\base_events.py", line 683, in run_forever\n    self._run_once()\n  File "C:\\Users\\VIDYANKSHINI\\AppData\\Local\\Programs\\Python\\Python313\\Lib\\asyncio\\base_events.py", line 2040, in _run_once\n    handle._run()\n  File "C:\\Users\\VIDYANKSHINI\\AppData\\Local\\Programs\\Python\\Python313\\Lib\\asyncio\\events.py", line 89, in _run\n    self._context.run(self._callback, *self._args)\n  File "C:\\Users\\VIDYANKSHINI\\Desktop\\project\\SecuScan\\testing\\backend\\conftest.py", line 55, in setup\n    await init_plugins(settings.plugins_dir)\n  File "C:\\Users\\VIDYANKSHINI\\Desktop\\project\\SecuScan\\backend\\secuscan\\plugins.py", line 382, in init_plugins\n    await plugin_manager.load_plugins()\n  File "C:\\Users\\VIDYANKSHINI\\Desktop\\project\\SecuScan\\backend\\secuscan\\plugins.py", line 59, in load_plugins\n    logger.info(f"\u2713 Loaded plugin: {plugin_meta.name} v{plugin_meta.version}")\nMessage: '\u2713 Loaded plugin: Cloud Scanner v1.0.0'\nArguments: ()\n--- Logging error ---\nTraceback (most recent call last):\n  File "C:\\Users\\VIDYANKSHINI\\AppData\\Local\\Programs\\Python\\Python313\\Lib\\logging\\__init__.py", line 1153, in emit\n    stream.write(msg + self.terminator)\n    ~~~~~~~~~~~~^^^^^^^^^^^^^^^^^^^^^^^\n  File "C:\\Users\\VIDYANKSHINI\\AppData\\Local\\Programs\\Python\\Python313\\Lib\\encodings\\cp1252.py", line 19, in encode\n    return codecs.charmap_encode(input,self.errors,encoding_table)[0]\n           ~~~~~~~~~~~~~~~~~~~~~^^^^^^^^^^^^^^^^^^^^^^^^^^^^^^^^^^\nUnicodeEncodeError: 'charmap' codec can't encode character '\\u2713' in position 60: character maps to <undefined>\nCall stack:\n  File "<frozen runpy>", line 198, in _run_module_as_main\n  File "<frozen runpy>", line 88, in _run_code\n  File "C:\\Users\\VIDYANKSHINI\\AppData\\Local\\Programs\\Python\\Python313\\Scripts\\pytest.exe\\__main__.py", line 7, in <module>\n    sys.exit(console_main())\n  File "C:\\Users\\VIDYANKSHINI\\AppData\\Local\\Programs\\Python\\Python313\\Lib\\site-packages\\_pytest\\config\\__init__.py", line 223, in console_main\n    code = main()\n  File "C:\\Users\\VIDYANKSHINI\\AppData\\Local\\Programs\\Python\\Python313\\Lib\\site-packages\\_pytest\\config\\__init__.py", line 199, in main\n    ret: ExitCode | int = config.hook.pytest_cmdline_main(config=config)\n  File "C:\\Users\\VIDYANKSHINI\\AppData\\Local\\Programs\\Python\\Python313\\Lib\\site-packages\\pluggy\\_hooks.py", line 512, in __call__\n    return self._hookexec(self.name, self._hookimpls.copy(), kwargs, firstresult)\n  File "C:\\Users\\VIDYANKSHINI\\AppData\\Local\\Programs\\Python\\Python313\\Lib\\site-packages\\pluggy\\_manager.py", line 120, in _hookexec\n    return self._inner_hookexec(hook_name, methods, kwargs, firstresult)\n  File "C:\\Users\\VIDYANKSHINI\\AppData\\Local\\Programs\\Python\\Python313\\Lib\\site-packages\\pluggy\\_callers.py", line 121, in _multicall\n    res = hook_impl.function(*args)\n  File "C:\\Users\\VIDYANKSHINI\\AppData\\Local\\Programs\\Python\\Python313\\Lib\\site-packages\\_pytest\\main.py", line 365, in pytest_cmdline_main\n    return wrap_session(config, _main)\n  File "C:\\Users\\VIDYANKSHINI\\AppData\\Local\\Programs\\Python\\Python313\\Lib\\site-packages\\_pytest\\main.py", line 318, in wrap_session\n    session.exitstatus = doit(config, session) or 0\n  File "C:\\Users\\VIDYANKSHINI\\AppData\\Local\\Programs\\Python\\Python313\\Lib\\site-packages\\_pytest\\main.py", line 372, in _main\n    config.hook.pytest_runtestloop(session=session)\n  File "C:\\Users\\VIDYANKSHINI\\AppData\\Local\\Programs\\Python\\Python313\\Lib\\site-packages\\pluggy\\_hooks.py", line 512, in __call__\n    return self._hookexec(self.name, self._hookimpls.copy(), kwargs, firstresult)\n  File "C:\\Users\\VIDYANKSHINI\\AppData\\Local\\Programs\\Python\\Python313\\Lib\\site-packages\\pluggy\\_manager.py", line 120, in _hookexec\n    return self._inner_hookexec(hook_name, methods, kwargs, firstresult)\n  File "C:\\Users\\VIDYANKSHINI\\AppData\\Local\\Programs\\Python\\Python313\\Lib\\site-packages\\pluggy\\_callers.py", line 121, in _multicall\n    res = hook_impl.function(*args)\n  File "C:\\Users\\VIDYANKSHINI\\AppData\\Local\\Programs\\Python\\Python313\\Lib\\site-packages\\_pytest\\main.py", line 396, in pytest_runtestloop\n    item.config.hook.pytest_runtest_protocol(item=item, nextitem=nextitem)\n  File "C:\\Users\\VIDYANKSHINI\\AppData\\Local\\Programs\\Python\\Python313\\Lib\\site-packages\\pluggy\\_hooks.py", line 512, in __call__\n    return self._hookexec(self.name, self._hookimpls.copy(), kwargs, firstresult)\n  File "C:\\Users\\VIDYANKSHINI\\AppData\\Local\\Programs\\Python\\Python313\\Lib\\site-packages\\pluggy\\_manager.py", line 120, in _hookexec\n    return self._inner_hookexec(hook_name, methods, kwargs, firstresult)\n  File "C:\\Users\\VIDYANKSHINI\\AppData\\Local\\Programs\\Python\\Python313\\Lib\\site-packages\\pluggy\\_callers.py", line 121, in _multicall\n    res = hook_impl.function(*args)\n  File "C:\\Users\\VIDYANKSHINI\\AppData\\Local\\Programs\\Python\\Python313\\Lib\\site-packages\\_pytest\\runner.py", line 118, in pytest_runtest_protocol\n    runtestprotocol(item, nextitem=nextitem)\n  File "C:\\Users\\VIDYANKSHINI\\AppData\\Local\\Programs\\Python\\Python313\\Lib\\site-packages\\_pytest\\runner.py", line 131, in runtestprotocol\n    rep = call_and_report(item, "setup", log)\n  File "C:\\Users\\VIDYANKSHINI\\AppData\\Local\\Programs\\Python\\Python313\\Lib\\site-packages\\_pytest\\runner.py", line 244, in call_and_report\n    call = CallInfo.from_call(\n  File "C:\\Users\\VIDYANKSHINI\\AppData\\Local\\Programs\\Python\\Python313\\Lib\\site-packages\\_pytest\\runner.py", line 353, in from_call\n    result: TResult | None = func()\n  File "C:\\Users\\VIDYANKSHINI\\AppData\\Local\\Programs\\Python\\Python313\\Lib\\site-packages\\_pytest\\runner.py", line 245, in <lambda>\n    lambda: runtest_hook(item=item, **kwds),\n  File "C:\\Users\\VIDYANKSHINI\\AppData\\Local\\Programs\\Python\\Python313\\Lib\\site-packages\\pluggy\\_hooks.py", line 512, in __call__\n    return self._hookexec(self.name, self._hookimpls.copy(), kwargs, firstresult)\n  File "C:\\Users\\VIDYANKSHINI\\AppData\\Local\\Programs\\Python\\Python313\\Lib\\site-packages\\pluggy\\_manager.py", line 120, in _hookexec\n    return self._inner_hookexec(hook_name, methods, kwargs, firstresult)\n  File "C:\\Users\\VIDYANKSHINI\\AppData\\Local\\Programs\\Python\\Python313\\Lib\\site-packages\\pluggy\\_callers.py", line 121, in _multicall\n    res = hook_impl.function(*args)\n  File "C:\\Users\\VIDYANKSHINI\\AppData\\Local\\Programs\\Python\\Python313\\Lib\\site-packages\\_pytest\\runner.py", line 165, in pytest_runtest_setup\n    item.session._setupstate.setup(item)\n  File "C:\\Users\\VIDYANKSHINI\\AppData\\Local\\Programs\\Python\\Python313\\Lib\\site-packages\\_pytest\\runner.py", line 523, in setup\n    col.setup()\n  File "C:\\Users\\VIDYANKSHINI\\AppData\\Local\\Programs\\Python\\Python313\\Lib\\site-packages\\_pytest\\python.py", line 1723, in setup\n    self._request._fillfixtures()\n  File "C:\\Users\\VIDYANKSHINI\\AppData\\Local\\Programs\\Python\\Python313\\Lib\\site-packages\\_pytest\\fixtures.py", line 707, in _fillfixtures\n    item.funcargs[argname] = self.getfixturevalue(argname)\n  File "C:\\Users\\VIDYANKSHINI\\AppData\\Local\\Programs\\Python\\Python313\\Lib\\site-packages\\_pytest\\fixtures.py", line 539, in getfixturevalue\n    fixturedef = self._get_active_fixturedef(argname)\n  File "C:\\Users\\VIDYANKSHINI\\AppData\\Local\\Programs\\Python\\Python313\\Lib\\site-packages\\_pytest\\fixtures.py", line 627, in _get_active_fixturedef\n    fixturedef.execute(request=subrequest)\n  File "C:\\Users\\VIDYANKSHINI\\AppData\\Local\\Programs\\Python\\Python313\\Lib\\site-packages\\_pytest\\fixtures.py", line 1110, in execute\n    result: FixtureValue = ihook.pytest_fixture_setup(\n  File "C:\\Users\\VIDYANKSHINI\\AppData\\Local\\Programs\\Python\\Python313\\Lib\\site-packages\\pluggy\\_hooks.py", line 512, in __call__\n    return self._hookexec(self.name, self._hookimpls.copy(), kwargs, firstresult)\n  File "C:\\Users\\VIDYANKSHINI\\AppData\\Local\\Programs\\Python\\Python313\\Lib\\site-packages\\pluggy\\_manager.py", line 120, in _hookexec\n    return self._inner_hookexec(hook_name, methods, kwargs, firstresult)\n  File "C:\\Users\\VIDYANKSHINI\\AppData\\Local\\Programs\\Python\\Python313\\Lib\\site-packages\\pluggy\\_callers.py", line 121, in _multicall\n    res = hook_impl.function(*args)\n  File "C:\\Users\\VIDYANKSHINI\\AppData\\Local\\Programs\\Python\\Python313\\Lib\\site-packages\\_pytest\\fixtures.py", line 1202, in pytest_fixture_setup\n    result = call_fixture_func(fixturefunc, request, kwargs)\n  File "C:\\Users\\VIDYANKSHINI\\AppData\\Local\\Programs\\Python\\Python313\\Lib\\site-packages\\_pytest\\fixtures.py", line 908, in call_fixture_func\n    fixture_result = next(generator)\n  File "C:\\Users\\VIDYANKSHINI\\Desktop\\project\\SecuScan\\testing\\backend\\conftest.py", line 57, in test_client\n    asyncio.run(setup())\n  File "C:\\Users\\VIDYANKSHINI\\AppData\\Local\\Programs\\Python\\Python313\\Lib\\asyncio\\runners.py", line 195, in run\n    return runner.run(main)\n  File "C:\\Users\\VIDYANKSHINI\\AppData\\Local\\Programs\\Python\\Python313\\Lib\\asyncio\\runners.py", line 118, in run\n    return self._loop.run_until_complete(task)\n  File "C:\\Users\\VIDYANKSHINI\\AppData\\Local\\Programs\\Python\\Python313\\Lib\\asyncio\\base_events.py", line 712, in run_until_complete\n    self.run_forever()\n  File "C:\\Users\\VIDYANKSHINI\\AppData\\Local\\Programs\\Python\\Python313\\Lib\\asyncio\\base_events.py", line 683, in run_forever\n    self._run_once()\n  File "C:\\Users\\VIDYANKSHINI\\AppData\\Local\\Programs\\Python\\Python313\\Lib\\asyncio\\base_events.py", line 2040, in _run_once\n    handle._run()\n  File "C:\\Users\\VIDYANKSHINI\\AppData\\Local\\Programs\\Python\\Python313\\Lib\\asyncio\\events.py", line 89, in _run\n    self._context.run(self._callback, *self._args)\n  File "C:\\Users\\VIDYANKSHINI\\Desktop\\project\\SecuScan\\testing\\backend\\conftest.py", line 55, in setup\n    await init_plugins(settings.plugins_dir)\n  File "C:\\Users\\VIDYANKSHINI\\Desktop\\project\\SecuScan\\backend\\secuscan\\plugins.py", line 382, in init_plugins\n    await plugin_manager.load_plugins()\n  File "C:\\Users\\VIDYANKSHINI\\Desktop\\project\\SecuScan\\backend\\secuscan\\plugins.py", line 59, in load_plugins\n    logger.info(f"\u2713 Loaded plugin: {plugin_meta.name} v{plugin_meta.version}")\nMessage: '\u2713 Loaded plugin: S3 / Blob Auditor v1.0.0'\nArguments: ()\n--- Logging error ---\nTraceback (most recent call last):\n  File "C:\\Users\\VIDYANKSHINI\\AppData\\Local\\Programs\\Python\\Python313\\Lib\\logging\\__init__.py", line 1153, in emit\n    stream.write(msg + self.terminator)\n    ~~~~~~~~~~~~^^^^^^^^^^^^^^^^^^^^^^^\n  File "C:\\Users\\VIDYANKSHINI\\AppData\\Local\\Programs\\Python\\Python313\\Lib\\encodings\\cp1252.py", line 19, in encode\n    return codecs.charmap_encode(input,self.errors,encoding_table)[0]\n           ~~~~~~~~~~~~~~~~~~~~~^^^^^^^^^^^^^^^^^^^^^^^^^^^^^^^^^^\nUnicodeEncodeError: 'charmap' codec can't encode character '\\u2713' in position 60: character maps to <undefined>\nCall stack:\n  File "<frozen runpy>", line 198, in _run_module_as_main\n  File "<frozen runpy>", line 88, in _run_code\n  File "C:\\Users\\VIDYANKSHINI\\AppData\\Local\\Programs\\Python\\Python313\\Scripts\\pytest.exe\\__main__.py", line 7, in <module>\n    sys.exit(console_main())\n  File "C:\\Users\\VIDYANKSHINI\\AppData\\Local\\Programs\\Python\\Python313\\Lib\\site-packages\\_pytest\\config\\__init__.py", line 223, in console_main\n    code = main()\n  File "C:\\Users\\VIDYANKSHINI\\AppData\\Local\\Programs\\Python\\Python313\\Lib\\site-packages\\_pytest\\config\\__init__.py", line 199, in main\n    ret: ExitCode | int = config.hook.pytest_cmdline_main(config=config)\n  File "C:\\Users\\VIDYANKSHINI\\AppData\\Local\\Programs\\Python\\Python313\\Lib\\site-packages\\pluggy\\_hooks.py", line 512, in __call__\n    return self._hookexec(self.name, self._hookimpls.copy(), kwargs, firstresult)\n  File "C:\\Users\\VIDYANKSHINI\\AppData\\Local\\Programs\\Python\\Python313\\Lib\\site-packages\\pluggy\\_manager.py", line 120, in _hookexec\n    return self._inner_hookexec(hook_name, methods, kwargs, firstresult)\n  File "C:\\Users\\VIDYANKSHINI\\AppData\\Local\\Programs\\Python\\Python313\\Lib\\site-packages\\pluggy\\_callers.py", line 121, in _multicall\n    res = hook_impl.function(*args)\n  File "C:\\Users\\VIDYANKSHINI\\AppData\\Local\\Programs\\Python\\Python313\\Lib\\site-packages\\_pytest\\main.py", line 365, in pytest_cmdline_main\n    return wrap_session(config, _main)\n  File "C:\\Users\\VIDYANKSHINI\\AppData\\Local\\Programs\\Python\\Python313\\Lib\\site-packages\\_pytest\\main.py", line 318, in wrap_session\n    session.exitstatus = doit(config, session) or 0\n  File "C:\\Users\\VIDYANKSHINI\\AppData\\Local\\Programs\\Python\\Python313\\Lib\\site-packages\\_pytest\\main.py", line 372, in _main\n    config.hook.pytest_runtestloop(session=session)\n  File "C:\\Users\\VIDYANKSHINI\\AppData\\Local\\Programs\\Python\\Python313\\Lib\\site-packages\\pluggy\\_hooks.py", line 512, in __call__\n    return self._hookexec(self.name, self._hookimpls.copy(), kwargs, firstresult)\n  File "C:\\Users\\VIDYANKSHINI\\AppData\\Local\\Programs\\Python\\Python313\\Lib\\site-packages\\pluggy\\_manager.py", line 120, in _hookexec\n    return self._inner_hookexec(hook_name, methods, kwargs, firstresult)\n  File "C:\\Users\\VIDYANKSHINI\\AppData\\Local\\Programs\\Python\\Python313\\Lib\\site-packages\\pluggy\\_callers.py", line 121, in _multicall\n    res = hook_impl.function(*args)\n  File "C:\\Users\\VIDYANKSHINI\\AppData\\Local\\Programs\\Python\\Python313\\Lib\\site-packages\\_pytest\\main.py", line 396, in pytest_runtestloop\n    item.config.hook.pytest_runtest_protocol(item=item, nextitem=nextitem)\n  File "C:\\Users\\VIDYANKSHINI\\AppData\\Local\\Programs\\Python\\Python313\\Lib\\site-packages\\pluggy\\_hooks.py", line 512, in __call__\n    return self._hookexec(self.name, self._hookimpls.copy(), kwargs, firstresult)\n  File "C:\\Users\\VIDYANKSHINI\\AppData\\Local\\Programs\\Python\\Python313\\Lib\\site-packages\\pluggy\\_manager.py", line 120, in _hookexec\n    return self._inner_hookexec(hook_name, methods, kwargs, firstresult)\n  File "C:\\Users\\VIDYANKSHINI\\AppData\\Local\\Programs\\Python\\Python313\\Lib\\site-packages\\pluggy\\_callers.py", line 121, in _multicall\n    res = hook_impl.function(*args)\n  File "C:\\Users\\VIDYANKSHINI\\AppData\\Local\\Programs\\Python\\Python313\\Lib\\site-packages\\_pytest\\runner.py", line 118, in pytest_runtest_protocol\n    runtestprotocol(item, nextitem=nextitem)\n  File "C:\\Users\\VIDYANKSHINI\\AppData\\Local\\Programs\\Python\\Python313\\Lib\\site-packages\\_pytest\\runner.py", line 131, in runtestprotocol\n    rep = call_and_report(item, "setup", log)\n  File "C:\\Users\\VIDYANKSHINI\\AppData\\Local\\Programs\\Python\\Python313\\Lib\\site-packages\\_pytest\\runner.py", line 244, in call_and_report\n    call = CallInfo.from_call(\n  File "C:\\Users\\VIDYANKSHINI\\AppData\\Local\\Programs\\Python\\Python313\\Lib\\site-packages\\_pytest\\runner.py", line 353, in from_call\n    result: TResult | None = func()\n  File "C:\\Users\\VIDYANKSHINI\\AppData\\Local\\Programs\\Python\\Python313\\Lib\\site-packages\\_pytest\\runner.py", line 245, in <lambda>\n    lambda: runtest_hook(item=item, **kwds),\n  File "C:\\Users\\VIDYANKSHINI\\AppData\\Local\\Programs\\Python\\Python313\\Lib\\site-packages\\pluggy\\_hooks.py", line 512, in __call__\n    return self._hookexec(self.name, self._hookimpls.copy(), kwargs, firstresult)\n  File "C:\\Users\\VIDYANKSHINI\\AppData\\Local\\Programs\\Python\\Python313\\Lib\\site-packages\\pluggy\\_manager.py", line 120, in _hookexec\n    return self._inner_hookexec(hook_name, methods, kwargs, firstresult)\n  File "C:\\Users\\VIDYANKSHINI\\AppData\\Local\\Programs\\Python\\Python313\\Lib\\site-packages\\pluggy\\_callers.py", line 121, in _multicall\n    res = hook_impl.function(*args)\n  File "C:\\Users\\VIDYANKSHINI\\AppData\\Local\\Programs\\Python\\Python313\\Lib\\site-packages\\_pytest\\runner.py", line 165, in pytest_runtest_setup\n    item.session._setupstate.setup(item)\n  File "C:\\Users\\VIDYANKSHINI\\AppData\\Local\\Programs\\Python\\Python313\\Lib\\site-packages\\_pytest\\runner.py", line 523, in setup\n    col.setup()\n  File "C:\\Users\\VIDYANKSHINI\\AppData\\Local\\Programs\\Python\\Python313\\Lib\\site-packages\\_pytest\\python.py", line 1723, in setup\n    self._request._fillfixtures()\n  File "C:\\Users\\VIDYANKSHINI\\AppData\\Local\\Programs\\Python\\Python313\\Lib\\site-packages\\_pytest\\fixtures.py", line 707, in _fillfixtures\n    item.funcargs[argname] = self.getfixturevalue(argname)\n  File "C:\\Users\\VIDYANKSHINI\\AppData\\Local\\Programs\\Python\\Python313\\Lib\\site-packages\\_pytest\\fixtures.py", line 539, in getfixturevalue\n    fixturedef = self._get_active_fixturedef(argname)\n  File "C:\\Users\\VIDYANKSHINI\\AppData\\Local\\Programs\\Python\\Python313\\Lib\\site-packages\\_pytest\\fixtures.py", line 627, in _get_active_fixturedef\n    fixturedef.execute(request=subrequest)\n  File "C:\\Users\\VIDYANKSHINI\\AppData\\Local\\Programs\\Python\\Python313\\Lib\\site-packages\\_pytest\\fixtures.py", line 1110, in execute\n    result: FixtureValue = ihook.pytest_fixture_setup(\n  File "C:\\Users\\VIDYANKSHINI\\AppData\\Local\\Programs\\Python\\Python313\\Lib\\site-packages\\pluggy\\_hooks.py", line 512, in __call__\n    return self._hookexec(self.name, self._hookimpls.copy(), kwargs, firstresult)\n  File "C:\\Users\\VIDYANKSHINI\\AppData\\Local\\Programs\\Python\\Python313\\Lib\\site-packages\\pluggy\\_manager.py", line 120, in _hookexec\n    return self._inner_hookexec(hook_name, methods, kwargs, firstresult)\n  File "C:\\Users\\VIDYANKSHINI\\AppData\\Local\\Programs\\Python\\Python313\\Lib\\site-packages\\pluggy\\_callers.py", line 121, in _multicall\n    res = hook_impl.function(*args)\n  File "C:\\Users\\VIDYANKSHINI\\AppData\\Local\\Programs\\Python\\Python313\\Lib\\site-packages\\_pytest\\fixtures.py", line 1202, in pytest_fixture_setup\n    result = call_fixture_func(fixturefunc, request, kwargs)\n  File "C:\\Users\\VIDYANKSHINI\\AppData\\Local\\Programs\\Python\\Python313\\Lib\\site-packages\\_pytest\\fixtures.py", line 908, in call_fixture_func\n    fixture_result = next(generator)\n  File "C:\\Users\\VIDYANKSHINI\\Desktop\\project\\SecuScan\\testing\\backend\\conftest.py", line 57, in test_client\n    asyncio.run(setup())\n  File "C:\\Users\\VIDYANKSHINI\\AppData\\Local\\Programs\\Python\\Python313\\Lib\\asyncio\\runners.py", line 195, in run\n    return runner.run(main)\n  File "C:\\Users\\VIDYANKSHINI\\AppData\\Local\\Programs\\Python\\Python313\\Lib\\asyncio\\runners.py", line 118, in run\n    return self._loop.run_until_complete(task)\n  File "C:\\Users\\VIDYANKSHINI\\AppData\\Local\\Programs\\Python\\Python313\\Lib\\asyncio\\base_events.py", line 712, in run_until_complete\n    self.run_forever()\n  File "C:\\Users\\VIDYANKSHINI\\AppData\\Local\\Programs\\Python\\Python313\\Lib\\asyncio\\base_events.py", line 683, in run_forever\n    self._run_once()\n  File "C:\\Users\\VIDYANKSHINI\\AppData\\Local\\Programs\\Python\\Python313\\Lib\\asyncio\\base_events.py", line 2040, in _run_once\n    handle._run()\n  File "C:\\Users\\VIDYANKSHINI\\AppData\\Local\\Programs\\Python\\Python313\\Lib\\asyncio\\events.py", line 89, in _run\n    self._context.run(self._callback, *self._args)\n  File "C:\\Users\\VIDYANKSHINI\\Desktop\\project\\SecuScan\\testing\\backend\\conftest.py", line 55, in setup\n    await init_plugins(settings.plugins_dir)\n  File "C:\\Users\\VIDYANKSHINI\\Desktop\\project\\SecuScan\\backend\\secuscan\\plugins.py", line 382, in init_plugins\n    await plugin_manager.load_plugins()\n  File "C:\\Users\\VIDYANKSHINI\\Desktop\\project\\SecuScan\\backend\\secuscan\\plugins.py", line 59, in load_plugins\n    logger.info(f"\u2713 Loaded plugin: {plugin_meta.name} v{plugin_meta.version}")\nMessage: '\u2713 Loaded plugin: Code Analyzer (Bandit) v1.0.0'\nArguments: ()\n--- Logging error ---\nTraceback (most recent call last):\n  File "C:\\Users\\VIDYANKSHINI\\AppData\\Local\\Programs\\Python\\Python313\\Lib\\logging\\__init__.py", line 1153, in emit\n    stream.write(msg + self.terminator)\n    ~~~~~~~~~~~~^^^^^^^^^^^^^^^^^^^^^^^\n  File "C:\\Users\\VIDYANKSHINI\\AppData\\Local\\Programs\\Python\\Python313\\Lib\\encodings\\cp1252.py", line 19, in encode\n    return codecs.charmap_encode(input,self.errors,encoding_table)[0]\n           ~~~~~~~~~~~~~~~~~~~~~^^^^^^^^^^^^^^^^^^^^^^^^^^^^^^^^^^\nUnicodeEncodeError: 'charmap' codec can't encode character '\\u2713' in position 60: character maps to <undefined>\nCall stack:\n  File "<frozen runpy>", line 198, in _run_module_as_main\n  File "<frozen runpy>", line 88, in _run_code\n  File "C:\\Users\\VIDYANKSHINI\\AppData\\Local\\Programs\\Python\\Python313\\Scripts\\pytest.exe\\__main__.py", line 7, in <module>\n    sys.exit(console_main())\n  File "C:\\Users\\VIDYANKSHINI\\AppData\\Local\\Programs\\Python\\Python313\\Lib\\site-packages\\_pytest\\config\\__init__.py", line 223, in console_main\n    code = main()\n  File "C:\\Users\\VIDYANKSHINI\\AppData\\Local\\Programs\\Python\\Python313\\Lib\\site-packages\\_pytest\\config\\__init__.py", line 199, in main\n    ret: ExitCode | int = config.hook.pytest_cmdline_main(config=config)\n  File "C:\\Users\\VIDYANKSHINI\\AppData\\Local\\Programs\\Python\\Python313\\Lib\\site-packages\\pluggy\\_hooks.py", line 512, in __call__\n    return self._hookexec(self.name, self._hookimpls.copy(), kwargs, firstresult)\n  File "C:\\Users\\VIDYANKSHINI\\AppData\\Local\\Programs\\Python\\Python313\\Lib\\site-packages\\pluggy\\_manager.py", line 120, in _hookexec\n    return self._inner_hookexec(hook_name, methods, kwargs, firstresult)\n  File "C:\\Users\\VIDYANKSHINI\\AppData\\Local\\Programs\\Python\\Python313\\Lib\\site-packages\\pluggy\\_callers.py", line 121, in _multicall\n    res = hook_impl.function(*args)\n  File "C:\\Users\\VIDYANKSHINI\\AppData\\Local\\Programs\\Python\\Python313\\Lib\\site-packages\\_pytest\\main.py", line 365, in pytest_cmdline_main\n    return wrap_session(config, _main)\n  File "C:\\Users\\VIDYANKSHINI\\AppData\\Local\\Programs\\Python\\Python313\\Lib\\site-packages\\_pytest\\main.py", line 318, in wrap_session\n    session.exitstatus = doit(config, session) or 0\n  File "C:\\Users\\VIDYANKSHINI\\AppData\\Local\\Programs\\Python\\Python313\\Lib\\site-packages\\_pytest\\main.py", line 372, in _main\n    config.hook.pytest_runtestloop(session=session)\n  File "C:\\Users\\VIDYANKSHINI\\AppData\\Local\\Programs\\Python\\Python313\\Lib\\site-packages\\pluggy\\_hooks.py", line 512, in __call__\n    return self._hookexec(self.name, self._hookimpls.copy(), kwargs, firstresult)\n  File "C:\\Users\\VIDYANKSHINI\\AppData\\Local\\Programs\\Python\\Python313\\Lib\\site-packages\\pluggy\\_manager.py", line 120, in _hookexec\n    return self._inner_hookexec(hook_name, methods, kwargs, firstresult)\n  File "C:\\Users\\VIDYANKSHINI\\AppData\\Local\\Programs\\Python\\Python313\\Lib\\site-packages\\pluggy\\_callers.py", line 121, in _multicall\n    res = hook_impl.function(*args)\n  File "C:\\Users\\VIDYANKSHINI\\AppData\\Local\\Programs\\Python\\Python313\\Lib\\site-packages\\_pytest\\main.py", line 396, in pytest_runtestloop\n    item.config.hook.pytest_runtest_protocol(item=item, nextitem=nextitem)\n  File "C:\\Users\\VIDYANKSHINI\\AppData\\Local\\Programs\\Python\\Python313\\Lib\\site-packages\\pluggy\\_hooks.py", line 512, in __call__\n    return self._hookexec(self.name, self._hookimpls.copy(), kwargs, firstresult)\n  File "C:\\Users\\VIDYANKSHINI\\AppData\\Local\\Programs\\Python\\Python313\\Lib\\site-packages\\pluggy\\_manager.py", line 120, in _hookexec\n    return self._inner_hookexec(hook_name, methods, kwargs, firstresult)\n  File "C:\\Users\\VIDYANKSHINI\\AppData\\Local\\Programs\\Python\\Python313\\Lib\\site-packages\\pluggy\\_callers.py", line 121, in _multicall\n    res = hook_impl.function(*args)\n  File "C:\\Users\\VIDYANKSHINI\\AppData\\Local\\Programs\\Python\\Python313\\Lib\\site-packages\\_pytest\\runner.py", line 118, in pytest_runtest_protocol\n    runtestprotocol(item, nextitem=nextitem)\n  File "C:\\Users\\VIDYANKSHINI\\AppData\\Local\\Programs\\Python\\Python313\\Lib\\site-packages\\_pytest\\runner.py", line 131, in runtestprotocol\n    rep = call_and_report(item, "setup", log)\n  File "C:\\Users\\VIDYANKSHINI\\AppData\\Local\\Programs\\Python\\Python313\\Lib\\site-packages\\_pytest\\runner.py", line 244, in call_and_report\n    call = CallInfo.from_call(\n  File "C:\\Users\\VIDYANKSHINI\\AppData\\Local\\Programs\\Python\\Python313\\Lib\\site-packages\\_pytest\\runner.py", line 353, in from_call\n    result: TResult | None = func()\n  File "C:\\Users\\VIDYANKSHINI\\AppData\\Local\\Programs\\Python\\Python313\\Lib\\site-packages\\_pytest\\runner.py", line 245, in <lambda>\n    lambda: runtest_hook(item=item, **kwds),\n  File "C:\\Users\\VIDYANKSHINI\\AppData\\Local\\Programs\\Python\\Python313\\Lib\\site-packages\\pluggy\\_hooks.py", line 512, in __call__\n    return self._hookexec(self.name, self._hookimpls.copy(), kwargs, firstresult)\n  File "C:\\Users\\VIDYANKSHINI\\AppData\\Local\\Programs\\Python\\Python313\\Lib\\site-packages\\pluggy\\_manager.py", line 120, in _hookexec\n    return self._inner_hookexec(hook_name, methods, kwargs, firstresult)\n  File "C:\\Users\\VIDYANKSHINI\\AppData\\Local\\Programs\\Python\\Python313\\Lib\\site-packages\\pluggy\\_callers.py", line 121, in _multicall\n    res = hook_impl.function(*args)\n  File "C:\\Users\\VIDYANKSHINI\\AppData\\Local\\Programs\\Python\\Python313\\Lib\\site-packages\\_pytest\\runner.py", line 165, in pytest_runtest_setup\n    item.session._setupstate.setup(item)\n  File "C:\\Users\\VIDYANKSHINI\\AppData\\Local\\Programs\\Python\\Python313\\Lib\\site-packages\\_pytest\\runner.py", line 523, in setup\n    col.setup()\n  File "C:\\Users\\VIDYANKSHINI\\AppData\\Local\\Programs\\Python\\Python313\\Lib\\site-packages\\_pytest\\python.py", line 1723, in setup\n    self._request._fillfixtures()\n  File "C:\\Users\\VIDYANKSHINI\\AppData\\Local\\Programs\\Python\\Python313\\Lib\\site-packages\\_pytest\\fixtures.py", line 707, in _fillfixtures\n    item.funcargs[argname] = self.getfixturevalue(argname)\n  File "C:\\Users\\VIDYANKSHINI\\AppData\\Local\\Programs\\Python\\Python313\\Lib\\site-packages\\_pytest\\fixtures.py", line 539, in getfixturevalue\n    fixturedef = self._get_active_fixturedef(argname)\n  File "C:\\Users\\VIDYANKSHINI\\AppData\\Local\\Programs\\Python\\Python313\\Lib\\site-packages\\_pytest\\fixtures.py", line 627, in _get_active_fixturedef\n    fixturedef.execute(request=subrequest)\n  File "C:\\Users\\VIDYANKSHINI\\AppData\\Local\\Programs\\Python\\Python313\\Lib\\site-packages\\_pytest\\fixtures.py", line 1110, in execute\n    result: FixtureValue = ihook.pytest_fixture_setup(\n  File "C:\\Users\\VIDYANKSHINI\\AppData\\Local\\Programs\\Python\\Python313\\Lib\\site-packages\\pluggy\\_hooks.py", line 512, in __call__\n    return self._hookexec(self.name, self._hookimpls.copy(), kwargs, firstresult)\n  File "C:\\Users\\VIDYANKSHINI\\AppData\\Local\\Programs\\Python\\Python313\\Lib\\site-packages\\pluggy\\_manager.py", line 120, in _hookexec\n    return self._inner_hookexec(hook_name, methods, kwargs, firstresult)\n  File "C:\\Users\\VIDYANKSHINI\\AppData\\Local\\Programs\\Python\\Python313\\Lib\\site-packages\\pluggy\\_callers.py", line 121, in _multicall\n    res = hook_impl.function(*args)\n  File "C:\\Users\\VIDYANKSHINI\\AppData\\Local\\Programs\\Python\\Python313\\Lib\\site-packages\\_pytest\\fixtures.py", line 1202, in pytest_fixture_setup\n    result = call_fixture_func(fixturefunc, request, kwargs)\n  File "C:\\Users\\VIDYANKSHINI\\AppData\\Local\\Programs\\Python\\Python313\\Lib\\site-packages\\_pytest\\fixtures.py", line 908, in call_fixture_func\n    fixture_result = next(generator)\n  File "C:\\Users\\VIDYANKSHINI\\Desktop\\project\\SecuScan\\testing\\backend\\conftest.py", line 57, in test_client\n    asyncio.run(setup())\n  File "C:\\Users\\VIDYANKSHINI\\AppData\\Local\\Programs\\Python\\Python313\\Lib\\asyncio\\runners.py", line 195, in run\n    return runner.run(main)\n  File "C:\\Users\\VIDYANKSHINI\\AppData\\Local\\Programs\\Python\\Python313\\Lib\\asyncio\\runners.py", line 118, in run\n    return self._loop.run_until_complete(task)\n  File "C:\\Users\\VIDYANKSHINI\\AppData\\Local\\Programs\\Python\\Python313\\Lib\\asyncio\\base_events.py", line 712, in run_until_complete\n    self.run_forever()\n  File "C:\\Users\\VIDYANKSHINI\\AppData\\Local\\Programs\\Python\\Python313\\Lib\\asyncio\\base_events.py", line 683, in run_forever\n    self._run_once()\n  File "C:\\Users\\VIDYANKSHINI\\AppData\\Local\\Programs\\Python\\Python313\\Lib\\asyncio\\base_events.py", line 2040, in _run_once\n    handle._run()\n  File "C:\\Users\\VIDYANKSHINI\\AppData\\Local\\Programs\\Python\\Python313\\Lib\\asyncio\\events.py", line 89, in _run\n    self._context.run(self._callback, *self._args)\n  File "C:\\Users\\VIDYANKSHINI\\Desktop\\project\\SecuScan\\testing\\backend\\conftest.py", line 55, in setup\n    await init_plugins(settings.plugins_dir)\n  File "C:\\Users\\VIDYANKSHINI\\Desktop\\project\\SecuScan\\backend\\secuscan\\plugins.py", line 382, in init_plugins\n    await plugin_manager.load_plugins()\n  File "C:\\Users\\VIDYANKSHINI\\Desktop\\project\\SecuScan\\backend\\secuscan\\plugins.py", line 59, in load_plugins\n    logger.info(f"\u2713 Loaded plugin: {plugin_meta.name} v{plugin_meta.version}")\nMessage: '\u2713 Loaded plugin: Container Scan (Trivy) v1.0.0'\nArguments: ()\n--- Logging error ---\nTraceback (most recent call last):\n  File "C:\\Users\\VIDYANKSHINI\\AppData\\Local\\Programs\\Python\\Python313\\Lib\\logging\\__init__.py", line 1153, in emit\n    stream.write(msg + self.terminator)\n    ~~~~~~~~~~~~^^^^^^^^^^^^^^^^^^^^^^^\n  File "C:\\Users\\VIDYANKSHINI\\AppData\\Local\\Programs\\Python\\Python313\\Lib\\encodings\\cp1252.py", line 19, in encode\n    return codecs.charmap_encode(input,self.errors,encoding_table)[0]\n           ~~~~~~~~~~~~~~~~~~~~~^^^^^^^^^^^^^^^^^^^^^^^^^^^^^^^^^^\nUnicodeEncodeError: 'charmap' codec can't encode character '\\u2713' in position 60: character maps to <undefined>\nCall stack:\n  File "<frozen runpy>", line 198, in _run_module_as_main\n  File "<frozen runpy>", line 88, in _run_code\n  File "C:\\Users\\VIDYANKSHINI\\AppData\\Local\\Programs\\Python\\Python313\\Scripts\\pytest.exe\\__main__.py", line 7, in <module>\n    sys.exit(console_main())\n  File "C:\\Users\\VIDYANKSHINI\\AppData\\Local\\Programs\\Python\\Python313\\Lib\\site-packages\\_pytest\\config\\__init__.py", line 223, in console_main\n    code = main()\n  File "C:\\Users\\VIDYANKSHINI\\AppData\\Local\\Programs\\Python\\Python313\\Lib\\site-packages\\_pytest\\config\\__init__.py", line 199, in main\n    ret: ExitCode | int = config.hook.pytest_cmdline_main(config=config)\n  File "C:\\Users\\VIDYANKSHINI\\AppData\\Local\\Programs\\Python\\Python313\\Lib\\site-packages\\pluggy\\_hooks.py", line 512, in __call__\n    return self._hookexec(self.name, self._hookimpls.copy(), kwargs, firstresult)\n  File "C:\\Users\\VIDYANKSHINI\\AppData\\Local\\Programs\\Python\\Python313\\Lib\\site-packages\\pluggy\\_manager.py", line 120, in _hookexec\n    return self._inner_hookexec(hook_name, methods, kwargs, firstresult)\n  File "C:\\Users\\VIDYANKSHINI\\AppData\\Local\\Programs\\Python\\Python313\\Lib\\site-packages\\pluggy\\_callers.py", line 121, in _multicall\n    res = hook_impl.function(*args)\n  File "C:\\Users\\VIDYANKSHINI\\AppData\\Local\\Programs\\Python\\Python313\\Lib\\site-packages\\_pytest\\main.py", line 365, in pytest_cmdline_main\n    return wrap_session(config, _main)\n  File "C:\\Users\\VIDYANKSHINI\\AppData\\Local\\Programs\\Python\\Python313\\Lib\\site-packages\\_pytest\\main.py", line 318, in wrap_session\n    session.exitstatus = doit(config, session) or 0\n  File "C:\\Users\\VIDYANKSHINI\\AppData\\Local\\Programs\\Python\\Python313\\Lib\\site-packages\\_pytest\\main.py", line 372, in _main\n    config.hook.pytest_runtestloop(session=session)\n  File "C:\\Users\\VIDYANKSHINI\\AppData\\Local\\Programs\\Python\\Python313\\Lib\\site-packages\\pluggy\\_hooks.py", line 512, in __call__\n    return self._hookexec(self.name, self._hookimpls.copy(), kwargs, firstresult)\n  File "C:\\Users\\VIDYANKSHINI\\AppData\\Local\\Programs\\Python\\Python313\\Lib\\site-packages\\pluggy\\_manager.py", line 120, in _hookexec\n    return self._inner_hookexec(hook_name, methods, kwargs, firstresult)\n  File "C:\\Users\\VIDYANKSHINI\\AppData\\Local\\Programs\\Python\\Python313\\Lib\\site-packages\\pluggy\\_callers.py", line 121, in _multicall\n    res = hook_impl.function(*args)\n  File "C:\\Users\\VIDYANKSHINI\\AppData\\Local\\Programs\\Python\\Python313\\Lib\\site-packages\\_pytest\\main.py", line 396, in pytest_runtestloop\n    item.config.hook.pytest_runtest_protocol(item=item, nextitem=nextitem)\n  File "C:\\Users\\VIDYANKSHINI\\AppData\\Local\\Programs\\Python\\Python313\\Lib\\site-packages\\pluggy\\_hooks.py", line 512, in __call__\n    return self._hookexec(self.name, self._hookimpls.copy(), kwargs, firstresult)\n  File "C:\\Users\\VIDYANKSHINI\\AppData\\Local\\Programs\\Python\\Python313\\Lib\\site-packages\\pluggy\\_manager.py", line 120, in _hookexec\n    return self._inner_hookexec(hook_name, methods, kwargs, firstresult)\n  File "C:\\Users\\VIDYANKSHINI\\AppData\\Local\\Programs\\Python\\Python313\\Lib\\site-packages\\pluggy\\_callers.py", line 121, in _multicall\n    res = hook_impl.function(*args)\n  File "C:\\Users\\VIDYANKSHINI\\AppData\\Local\\Programs\\Python\\Python313\\Lib\\site-packages\\_pytest\\runner.py", line 118, in pytest_runtest_protocol\n    runtestprotocol(item, nextitem=nextitem)\n  File "C:\\Users\\VIDYANKSHINI\\AppData\\Local\\Programs\\Python\\Python313\\Lib\\site-packages\\_pytest\\runner.py", line 131, in runtestprotocol\n    rep = call_and_report(item, "setup", log)\n  File "C:\\Users\\VIDYANKSHINI\\AppData\\Local\\Programs\\Python\\Python313\\Lib\\site-packages\\_pytest\\runner.py", line 244, in call_and_report\n    call = CallInfo.from_call(\n  File "C:\\Users\\VIDYANKSHINI\\AppData\\Local\\Programs\\Python\\Python313\\Lib\\site-packages\\_pytest\\runner.py", line 353, in from_call\n    result: TResult | None = func()\n  File "C:\\Users\\VIDYANKSHINI\\AppData\\Local\\Programs\\Python\\Python313\\Lib\\site-packages\\_pytest\\runner.py", line 245, in <lambda>\n    lambda: runtest_hook(item=item, **kwds),\n  File "C:\\Users\\VIDYANKSHINI\\AppData\\Local\\Programs\\Python\\Python313\\Lib\\site-packages\\pluggy\\_hooks.py", line 512, in __call__\n    return self._hookexec(self.name, self._hookimpls.copy(), kwargs, firstresult)\n  File "C:\\Users\\VIDYANKSHINI\\AppData\\Local\\Programs\\Python\\Python313\\Lib\\site-packages\\pluggy\\_manager.py", line 120, in _hookexec\n    return self._inner_hookexec(hook_name, methods, kwargs, firstresult)\n  File "C:\\Users\\VIDYANKSHINI\\AppData\\Local\\Programs\\Python\\Python313\\Lib\\site-packages\\pluggy\\_callers.py", line 121, in _multicall\n    res = hook_impl.function(*args)\n  File "C:\\Users\\VIDYANKSHINI\\AppData\\Local\\Programs\\Python\\Python313\\Lib\\site-packages\\_pytest\\runner.py", line 165, in pytest_runtest_setup\n    item.session._setupstate.setup(item)\n  File "C:\\Users\\VIDYANKSHINI\\AppData\\Local\\Programs\\Python\\Python313\\Lib\\site-packages\\_pytest\\runner.py", line 523, in setup\n    col.setup()\n  File "C:\\Users\\VIDYANKSHINI\\AppData\\Local\\Programs\\Python\\Python313\\Lib\\site-packages\\_pytest\\python.py", line 1723, in setup\n    self._request._fillfixtures()\n  File "C:\\Users\\VIDYANKSHINI\\AppData\\Local\\Programs\\Python\\Python313\\Lib\\site-packages\\_pytest\\fixtures.py", line 707, in _fillfixtures\n    item.funcargs[argname] = self.getfixturevalue(argname)\n  File "C:\\Users\\VIDYANKSHINI\\AppData\\Local\\Programs\\Python\\Python313\\Lib\\site-packages\\_pytest\\fixtures.py", line 539, in getfixturevalue\n    fixturedef = self._get_active_fixturedef(argname)\n  File "C:\\Users\\VIDYANKSHINI\\AppData\\Local\\Programs\\Python\\Python313\\Lib\\site-packages\\_pytest\\fixtures.py", line 627, in _get_active_fixturedef\n    fixturedef.execute(request=subrequest)\n  File "C:\\Users\\VIDYANKSHINI\\AppData\\Local\\Programs\\Python\\Python313\\Lib\\site-packages\\_pytest\\fixtures.py", line 1110, in execute\n    result: FixtureValue = ihook.pytest_fixture_setup(\n  File "C:\\Users\\VIDYANKSHINI\\AppData\\Local\\Programs\\Python\\Python313\\Lib\\site-packages\\pluggy\\_hooks.py", line 512, in __call__\n    return self._hookexec(self.name, self._hookimpls.copy(), kwargs, firstresult)\n  File "C:\\Users\\VIDYANKSHINI\\AppData\\Local\\Programs\\Python\\Python313\\Lib\\site-packages\\pluggy\\_manager.py", line 120, in _hookexec\n    return self._inner_hookexec(hook_name, methods, kwargs, firstresult)\n  File "C:\\Users\\VIDYANKSHINI\\AppData\\Local\\Programs\\Python\\Python313\\Lib\\site-packages\\pluggy\\_callers.py", line 121, in _multicall\n    res = hook_impl.function(*args)\n  File "C:\\Users\\VIDYANKSHINI\\AppData\\Local\\Programs\\Python\\Python313\\Lib\\site-packages\\_pytest\\fixtures.py", line 1202, in pytest_fixture_setup\n    result = call_fixture_func(fixturefunc, request, kwargs)\n  File "C:\\Users\\VIDYANKSHINI\\AppData\\Local\\Programs\\Python\\Python313\\Lib\\site-packages\\_pytest\\fixtures.py", line 908, in call_fixture_func\n    fixture_result = next(generator)\n  File "C:\\Users\\VIDYANKSHINI\\Desktop\\project\\SecuScan\\testing\\backend\\conftest.py", line 57, in test_client\n    asyncio.run(setup())\n  File "C:\\Users\\VIDYANKSHINI\\AppData\\Local\\Programs\\Python\\Python313\\Lib\\asyncio\\runners.py", line 195, in run\n    return runner.run(main)\n  File "C:\\Users\\VIDYANKSHINI\\AppData\\Local\\Programs\\Python\\Python313\\Lib\\asyncio\\runners.py", line 118, in run\n    return self._loop.run_until_complete(task)\n  File "C:\\Users\\VIDYANKSHINI\\AppData\\Local\\Programs\\Python\\Python313\\Lib\\asyncio\\base_events.py", line 712, in run_until_complete\n    self.run_forever()\n  File "C:\\Users\\VIDYANKSHINI\\AppData\\Local\\Programs\\Python\\Python313\\Lib\\asyncio\\base_events.py", line 683, in run_forever\n    self._run_once()\n  File "C:\\Users\\VIDYANKSHINI\\AppData\\Local\\Programs\\Python\\Python313\\Lib\\asyncio\\base_events.py", line 2040, in _run_once\n    handle._run()\n  File "C:\\Users\\VIDYANKSHINI\\AppData\\Local\\Programs\\Python\\Python313\\Lib\\asyncio\\events.py", line 89, in _run\n    self._context.run(self._callback, *self._args)\n  File "C:\\Users\\VIDYANKSHINI\\Desktop\\project\\SecuScan\\testing\\backend\\conftest.py", line 55, in setup\n    await init_plugins(settings.plugins_dir)\n  File "C:\\Users\\VIDYANKSHINI\\Desktop\\project\\SecuScan\\backend\\secuscan\\plugins.py", line 382, in init_plugins\n    await plugin_manager.load_plugins()\n  File "C:\\Users\\VIDYANKSHINI\\Desktop\\project\\SecuScan\\backend\\secuscan\\plugins.py", line 59, in load_plugins\n    logger.info(f"\u2713 Loaded plugin: {plugin_meta.name} v{plugin_meta.version}")\nMessage: '\u2713 Loaded plugin: Crawler v1.0.0'\nArguments: ()\n--- Logging error ---\nTraceback (most recent call last):\n  File "C:\\Users\\VIDYANKSHINI\\AppData\\Local\\Programs\\Python\\Python313\\Lib\\logging\\__init__.py", line 1153, in emit\n    stream.write(msg + self.terminator)\n    ~~~~~~~~~~~~^^^^^^^^^^^^^^^^^^^^^^^\n  File "C:\\Users\\VIDYANKSHINI\\AppData\\Local\\Programs\\Python\\Python313\\Lib\\encodings\\cp1252.py", line 19, in encode\n    return codecs.charmap_encode(input,self.errors,encoding_table)[0]\n           ~~~~~~~~~~~~~~~~~~~~~^^^^^^^^^^^^^^^^^^^^^^^^^^^^^^^^^^\nUnicodeEncodeError: 'charmap' codec can't encode character '\\u2713' in position 60: character maps to <undefined>\nCall stack:\n  File "<frozen runpy>", line 198, in _run_module_as_main\n  File "<frozen runpy>", line 88, in _run_code\n  File "C:\\Users\\VIDYANKSHINI\\AppData\\Local\\Programs\\Python\\Python313\\Scripts\\pytest.exe\\__main__.py", line 7, in <module>\n    sys.exit(console_main())\n  File "C:\\Users\\VIDYANKSHINI\\AppData\\Local\\Programs\\Python\\Python313\\Lib\\site-packages\\_pytest\\config\\__init__.py", line 223, in console_main\n    code = main()\n  File "C:\\Users\\VIDYANKSHINI\\AppData\\Local\\Programs\\Python\\Python313\\Lib\\site-packages\\_pytest\\config\\__init__.py", line 199, in main\n    ret: ExitCode | int = config.hook.pytest_cmdline_main(config=config)\n  File "C:\\Users\\VIDYANKSHINI\\AppData\\Local\\Programs\\Python\\Python313\\Lib\\site-packages\\pluggy\\_hooks.py", line 512, in __call__\n    return self._hookexec(self.name, self._hookimpls.copy(), kwargs, firstresult)\n  File "C:\\Users\\VIDYANKSHINI\\AppData\\Local\\Programs\\Python\\Python313\\Lib\\site-packages\\pluggy\\_manager.py", line 120, in _hookexec\n    return self._inner_hookexec(hook_name, methods, kwargs, firstresult)\n  File "C:\\Users\\VIDYANKSHINI\\AppData\\Local\\Programs\\Python\\Python313\\Lib\\site-packages\\pluggy\\_callers.py", line 121, in _multicall\n    res = hook_impl.function(*args)\n  File "C:\\Users\\VIDYANKSHINI\\AppData\\Local\\Programs\\Python\\Python313\\Lib\\site-packages\\_pytest\\main.py", line 365, in pytest_cmdline_main\n    return wrap_session(config, _main)\n  File "C:\\Users\\VIDYANKSHINI\\AppData\\Local\\Programs\\Python\\Python313\\Lib\\site-packages\\_pytest\\main.py", line 318, in wrap_session\n    session.exitstatus = doit(config, session) or 0\n  File "C:\\Users\\VIDYANKSHINI\\AppData\\Local\\Programs\\Python\\Python313\\Lib\\site-packages\\_pytest\\main.py", line 372, in _main\n    config.hook.pytest_runtestloop(session=session)\n  File "C:\\Users\\VIDYANKSHINI\\AppData\\Local\\Programs\\Python\\Python313\\Lib\\site-packages\\pluggy\\_hooks.py", line 512, in __call__\n    return self._hookexec(self.name, self._hookimpls.copy(), kwargs, firstresult)\n  File "C:\\Users\\VIDYANKSHINI\\AppData\\Local\\Programs\\Python\\Python313\\Lib\\site-packages\\pluggy\\_manager.py", line 120, in _hookexec\n    return self._inner_hookexec(hook_name, methods, kwargs, firstresult)\n  File "C:\\Users\\VIDYANKSHINI\\AppData\\Local\\Programs\\Python\\Python313\\Lib\\site-packages\\pluggy\\_callers.py", line 121, in _multicall\n    res = hook_impl.function(*args)\n  File "C:\\Users\\VIDYANKSHINI\\AppData\\Local\\Programs\\Python\\Python313\\Lib\\site-packages\\_pytest\\main.py", line 396, in pytest_runtestloop\n    item.config.hook.pytest_runtest_protocol(item=item, nextitem=nextitem)\n  File "C:\\Users\\VIDYANKSHINI\\AppData\\Local\\Programs\\Python\\Python313\\Lib\\site-packages\\pluggy\\_hooks.py", line 512, in __call__\n    return self._hookexec(self.name, self._hookimpls.copy(), kwargs, firstresult)\n  File "C:\\Users\\VIDYANKSHINI\\AppData\\Local\\Programs\\Python\\Python313\\Lib\\site-packages\\pluggy\\_manager.py", line 120, in _hookexec\n    return self._inner_hookexec(hook_name, methods, kwargs, firstresult)\n  File "C:\\Users\\VIDYANKSHINI\\AppData\\Local\\Programs\\Python\\Python313\\Lib\\site-packages\\pluggy\\_callers.py", line 121, in _multicall\n    res = hook_impl.function(*args)\n  File "C:\\Users\\VIDYANKSHINI\\AppData\\Local\\Programs\\Python\\Python313\\Lib\\site-packages\\_pytest\\runner.py", line 118, in pytest_runtest_protocol\n    runtestprotocol(item, nextitem=nextitem)\n  File "C:\\Users\\VIDYANKSHINI\\AppData\\Local\\Programs\\Python\\Python313\\Lib\\site-packages\\_pytest\\runner.py", line 131, in runtestprotocol\n    rep = call_and_report(item, "setup", log)\n  File "C:\\Users\\VIDYANKSHINI\\AppData\\Local\\Programs\\Python\\Python313\\Lib\\site-packages\\_pytest\\runner.py", line 244, in call_and_report\n    call = CallInfo.from_call(\n  File "C:\\Users\\VIDYANKSHINI\\AppData\\Local\\Programs\\Python\\Python313\\Lib\\site-packages\\_pytest\\runner.py", line 353, in from_call\n    result: TResult | None = func()\n  File "C:\\Users\\VIDYANKSHINI\\AppData\\Local\\Programs\\Python\\Python313\\Lib\\site-packages\\_pytest\\runner.py", line 245, in <lambda>\n    lambda: runtest_hook(item=item, **kwds),\n  File "C:\\Users\\VIDYANKSHINI\\AppData\\Local\\Programs\\Python\\Python313\\Lib\\site-packages\\pluggy\\_hooks.py", line 512, in __call__\n    return self._hookexec(self.name, self._hookimpls.copy(), kwargs, firstresult)\n  File "C:\\Users\\VIDYANKSHINI\\AppData\\Local\\Programs\\Python\\Python313\\Lib\\site-packages\\pluggy\\_manager.py", line 120, in _hookexec\n    return self._inner_hookexec(hook_name, methods, kwargs, firstresult)\n  File "C:\\Users\\VIDYANKSHINI\\AppData\\Local\\Programs\\Python\\Python313\\Lib\\site-packages\\pluggy\\_callers.py", line 121, in _multicall\n    res = hook_impl.function(*args)\n  File "C:\\Users\\VIDYANKSHINI\\AppData\\Local\\Programs\\Python\\Python313\\Lib\\site-packages\\_pytest\\runner.py", line 165, in pytest_runtest_setup\n    item.session._setupstate.setup(item)\n  File "C:\\Users\\VIDYANKSHINI\\AppData\\Local\\Programs\\Python\\Python313\\Lib\\site-packages\\_pytest\\runner.py", line 523, in setup\n    col.setup()\n  File "C:\\Users\\VIDYANKSHINI\\AppData\\Local\\Programs\\Python\\Python313\\Lib\\site-packages\\_pytest\\python.py", line 1723, in setup\n    self._request._fillfixtures()\n  File "C:\\Users\\VIDYANKSHINI\\AppData\\Local\\Programs\\Python\\Python313\\Lib\\site-packages\\_pytest\\fixtures.py", line 707, in _fillfixtures\n    item.funcargs[argname] = self.getfixturevalue(argname)\n  File "C:\\Users\\VIDYANKSHINI\\AppData\\Local\\Programs\\Python\\Python313\\Lib\\site-packages\\_pytest\\fixtures.py", line 539, in getfixturevalue\n    fixturedef = self._get_active_fixturedef(argname)\n  File "C:\\Users\\VIDYANKSHINI\\AppData\\Local\\Programs\\Python\\Python313\\Lib\\site-packages\\_pytest\\fixtures.py", line 627, in _get_active_fixturedef\n    fixturedef.execute(request=subrequest)\n  File "C:\\Users\\VIDYANKSHINI\\AppData\\Local\\Programs\\Python\\Python313\\Lib\\site-packages\\_pytest\\fixtures.py", line 1110, in execute\n    result: FixtureValue = ihook.pytest_fixture_setup(\n  File "C:\\Users\\VIDYANKSHINI\\AppData\\Local\\Programs\\Python\\Python313\\Lib\\site-packages\\pluggy\\_hooks.py", line 512, in __call__\n    return self._hookexec(self.name, self._hookimpls.copy(), kwargs, firstresult)\n  File "C:\\Users\\VIDYANKSHINI\\AppData\\Local\\Programs\\Python\\Python313\\Lib\\site-packages\\pluggy\\_manager.py", line 120, in _hookexec\n    return self._inner_hookexec(hook_name, methods, kwargs, firstresult)\n  File "C:\\Users\\VIDYANKSHINI\\AppData\\Local\\Programs\\Python\\Python313\\Lib\\site-packages\\pluggy\\_callers.py", line 121, in _multicall\n    res = hook_impl.function(*args)\n  File "C:\\Users\\VIDYANKSHINI\\AppData\\Local\\Programs\\Python\\Python313\\Lib\\site-packages\\_pytest\\fixtures.py", line 1202, in pytest_fixture_setup\n    result = call_fixture_func(fixturefunc, request, kwargs)\n  File "C:\\Users\\VIDYANKSHINI\\AppData\\Local\\Programs\\Python\\Python313\\Lib\\site-packages\\_pytest\\fixtures.py", line 908, in call_fixture_func\n    fixture_result = next(generator)\n  File "C:\\Users\\VIDYANKSHINI\\Desktop\\project\\SecuScan\\testing\\backend\\conftest.py", line 57, in test_client\n    asyncio.run(setup())\n  File "C:\\Users\\VIDYANKSHINI\\AppData\\Local\\Programs\\Python\\Python313\\Lib\\asyncio\\runners.py", line 195, in run\n    return runner.run(main)\n  File "C:\\Users\\VIDYANKSHINI\\AppData\\Local\\Programs\\Python\\Python313\\Lib\\asyncio\\runners.py", line 118, in run\n    return self._loop.run_until_complete(task)\n  File "C:\\Users\\VIDYANKSHINI\\AppData\\Local\\Programs\\Python\\Python313\\Lib\\asyncio\\base_events.py", line 712, in run_until_complete\n    self.run_forever()\n  File "C:\\Users\\VIDYANKSHINI\\AppData\\Local\\Programs\\Python\\Python313\\Lib\\asyncio\\base_events.py", line 683, in run_forever\n    self._run_once()\n  File "C:\\Users\\VIDYANKSHINI\\AppData\\Local\\Programs\\Python\\Python313\\Lib\\asyncio\\base_events.py", line 2040, in _run_once\n    handle._run()\n  File "C:\\Users\\VIDYANKSHINI\\AppData\\Local\\Programs\\Python\\Python313\\Lib\\asyncio\\events.py", line 89, in _run\n    self._context.run(self._callback, *self._args)\n  File "C:\\Users\\VIDYANKSHINI\\Desktop\\project\\SecuScan\\testing\\backend\\conftest.py", line 55, in setup\n    await init_plugins(settings.plugins_dir)\n  File "C:\\Users\\VIDYANKSHINI\\Desktop\\project\\SecuScan\\backend\\secuscan\\plugins.py", line 382, in init_plugins\n    await plugin_manager.load_plugins()\n  File "C:\\Users\\VIDYANKSHINI\\Desktop\\project\\SecuScan\\backend\\secuscan\\plugins.py", line 59, in load_plugins\n    logger.info(f"\u2713 Loaded plugin: {plugin_meta.name} v{plugin_meta.version}")\nMessage: '\u2713 Loaded plugin: Directory Discovery v1.0.0'\nArguments: ()\n--- Logging error ---\nTraceback (most recent call last):\n  File "C:\\Users\\VIDYANKSHINI\\AppData\\Local\\Programs\\Python\\Python313\\Lib\\logging\\__init__.py", line 1153, in emit\n    stream.write(msg + self.terminator)\n    ~~~~~~~~~~~~^^^^^^^^^^^^^^^^^^^^^^^\n  File "C:\\Users\\VIDYANKSHINI\\AppData\\Local\\Programs\\Python\\Python313\\Lib\\encodings\\cp1252.py", line 19, in encode\n    return codecs.charmap_encode(input,self.errors,encoding_table)[0]\n           ~~~~~~~~~~~~~~~~~~~~~^^^^^^^^^^^^^^^^^^^^^^^^^^^^^^^^^^\nUnicodeEncodeError: 'charmap' codec can't encode character '\\u2713' in position 60: character maps to <undefined>\nCall stack:\n  File "<frozen runpy>", line 198, in _run_module_as_main\n  File "<frozen runpy>", line 88, in _run_code\n  File "C:\\Users\\VIDYANKSHINI\\AppData\\Local\\Programs\\Python\\Python313\\Scripts\\pytest.exe\\__main__.py", line 7, in <module>\n    sys.exit(console_main())\n  File "C:\\Users\\VIDYANKSHINI\\AppData\\Local\\Programs\\Python\\Python313\\Lib\\site-packages\\_pytest\\config\\__init__.py", line 223, in console_main\n    code = main()\n  File "C:\\Users\\VIDYANKSHINI\\AppData\\Local\\Programs\\Python\\Python313\\Lib\\site-packages\\_pytest\\config\\__init__.py", line 199, in main\n    ret: ExitCode | int = config.hook.pytest_cmdline_main(config=config)\n  File "C:\\Users\\VIDYANKSHINI\\AppData\\Local\\Programs\\Python\\Python313\\Lib\\site-packages\\pluggy\\_hooks.py", line 512, in __call__\n    return self._hookexec(self.name, self._hookimpls.copy(), kwargs, firstresult)\n  File "C:\\Users\\VIDYANKSHINI\\AppData\\Local\\Programs\\Python\\Python313\\Lib\\site-packages\\pluggy\\_manager.py", line 120, in _hookexec\n    return self._inner_hookexec(hook_name, methods, kwargs, firstresult)\n  File "C:\\Users\\VIDYANKSHINI\\AppData\\Local\\Programs\\Python\\Python313\\Lib\\site-packages\\pluggy\\_callers.py", line 121, in _multicall\n    res = hook_impl.function(*args)\n  File "C:\\Users\\VIDYANKSHINI\\AppData\\Local\\Programs\\Python\\Python313\\Lib\\site-packages\\_pytest\\main.py", line 365, in pytest_cmdline_main\n    return wrap_session(config, _main)\n  File "C:\\Users\\VIDYANKSHINI\\AppData\\Local\\Programs\\Python\\Python313\\Lib\\site-packages\\_pytest\\main.py", line 318, in wrap_session\n    session.exitstatus = doit(config, session) or 0\n  File "C:\\Users\\VIDYANKSHINI\\AppData\\Local\\Programs\\Python\\Python313\\Lib\\site-packages\\_pytest\\main.py", line 372, in _main\n    config.hook.pytest_runtestloop(session=session)\n  File "C:\\Users\\VIDYANKSHINI\\AppData\\Local\\Programs\\Python\\Python313\\Lib\\site-packages\\pluggy\\_hooks.py", line 512, in __call__\n    return self._hookexec(self.name, self._hookimpls.copy(), kwargs, firstresult)\n  File "C:\\Users\\VIDYANKSHINI\\AppData\\Local\\Programs\\Python\\Python313\\Lib\\site-packages\\pluggy\\_manager.py", line 120, in _hookexec\n    return self._inner_hookexec(hook_name, methods, kwargs, firstresult)\n  File "C:\\Users\\VIDYANKSHINI\\AppData\\Local\\Programs\\Python\\Python313\\Lib\\site-packages\\pluggy\\_callers.py", line 121, in _multicall\n    res = hook_impl.function(*args)\n  File "C:\\Users\\VIDYANKSHINI\\AppData\\Local\\Programs\\Python\\Python313\\Lib\\site-packages\\_pytest\\main.py", line 396, in pytest_runtestloop\n    item.config.hook.pytest_runtest_protocol(item=item, nextitem=nextitem)\n  File "C:\\Users\\VIDYANKSHINI\\AppData\\Local\\Programs\\Python\\Python313\\Lib\\site-packages\\pluggy\\_hooks.py", line 512, in __call__\n    return self._hookexec(self.name, self._hookimpls.copy(), kwargs, firstresult)\n  File "C:\\Users\\VIDYANKSHINI\\AppData\\Local\\Programs\\Python\\Python313\\Lib\\site-packages\\pluggy\\_manager.py", line 120, in _hookexec\n    return self._inner_hookexec(hook_name, methods, kwargs, firstresult)\n  File "C:\\Users\\VIDYANKSHINI\\AppData\\Local\\Programs\\Python\\Python313\\Lib\\site-packages\\pluggy\\_callers.py", line 121, in _multicall\n    res = hook_impl.function(*args)\n  File "C:\\Users\\VIDYANKSHINI\\AppData\\Local\\Programs\\Python\\Python313\\Lib\\site-packages\\_pytest\\runner.py", line 118, in pytest_runtest_protocol\n    runtestprotocol(item, nextitem=nextitem)\n  File "C:\\Users\\VIDYANKSHINI\\AppData\\Local\\Programs\\Python\\Python313\\Lib\\site-packages\\_pytest\\runner.py", line 131, in runtestprotocol\n    rep = call_and_report(item, "setup", log)\n  File "C:\\Users\\VIDYANKSHINI\\AppData\\Local\\Programs\\Python\\Python313\\Lib\\site-packages\\_pytest\\runner.py", line 244, in call_and_report\n    call = CallInfo.from_call(\n  File "C:\\Users\\VIDYANKSHINI\\AppData\\Local\\Programs\\Python\\Python313\\Lib\\site-packages\\_pytest\\runner.py", line 353, in from_call\n    result: TResult | None = func()\n  File "C:\\Users\\VIDYANKSHINI\\AppData\\Local\\Programs\\Python\\Python313\\Lib\\site-packages\\_pytest\\runner.py", line 245, in <lambda>\n    lambda: runtest_hook(item=item, **kwds),\n  File "C:\\Users\\VIDYANKSHINI\\AppData\\Local\\Programs\\Python\\Python313\\Lib\\site-packages\\pluggy\\_hooks.py", line 512, in __call__\n    return self._hookexec(self.name, self._hookimpls.copy(), kwargs, firstresult)\n  File "C:\\Users\\VIDYANKSHINI\\AppData\\Local\\Programs\\Python\\Python313\\Lib\\site-packages\\pluggy\\_manager.py", line 120, in _hookexec\n    return self._inner_hookexec(hook_name, methods, kwargs, firstresult)\n  File "C:\\Users\\VIDYANKSHINI\\AppData\\Local\\Programs\\Python\\Python313\\Lib\\site-packages\\pluggy\\_callers.py", line 121, in _multicall\n    res = hook_impl.function(*args)\n  File "C:\\Users\\VIDYANKSHINI\\AppData\\Local\\Programs\\Python\\Python313\\Lib\\site-packages\\_pytest\\runner.py", line 165, in pytest_runtest_setup\n    item.session._setupstate.setup(item)\n  File "C:\\Users\\VIDYANKSHINI\\AppData\\Local\\Programs\\Python\\Python313\\Lib\\site-packages\\_pytest\\runner.py", line 523, in setup\n    col.setup()\n  File "C:\\Users\\VIDYANKSHINI\\AppData\\Local\\Programs\\Python\\Python313\\Lib\\site-packages\\_pytest\\python.py", line 1723, in setup\n    self._request._fillfixtures()\n  File "C:\\Users\\VIDYANKSHINI\\AppData\\Local\\Programs\\Python\\Python313\\Lib\\site-packages\\_pytest\\fixtures.py", line 707, in _fillfixtures\n    item.funcargs[argname] = self.getfixturevalue(argname)\n  File "C:\\Users\\VIDYANKSHINI\\AppData\\Local\\Programs\\Python\\Python313\\Lib\\site-packages\\_pytest\\fixtures.py", line 539, in getfixturevalue\n    fixturedef = self._get_active_fixturedef(argname)\n  File "C:\\Users\\VIDYANKSHINI\\AppData\\Local\\Programs\\Python\\Python313\\Lib\\site-packages\\_pytest\\fixtures.py", line 627, in _get_active_fixturedef\n    fixturedef.execute(request=subrequest)\n  File "C:\\Users\\VIDYANKSHINI\\AppData\\Local\\Programs\\Python\\Python313\\Lib\\site-packages\\_pytest\\fixtures.py", line 1110, in execute\n    result: FixtureValue = ihook.pytest_fixture_setup(\n  File "C:\\Users\\VIDYANKSHINI\\AppData\\Local\\Programs\\Python\\Python313\\Lib\\site-packages\\pluggy\\_hooks.py", line 512, in __call__\n    return self._hookexec(self.name, self._hookimpls.copy(), kwargs, firstresult)\n  File "C:\\Users\\VIDYANKSHINI\\AppData\\Local\\Programs\\Python\\Python313\\Lib\\site-packages\\pluggy\\_manager.py", line 120, in _hookexec\n    return self._inner_hookexec(hook_name, methods, kwargs, firstresult)\n  File "C:\\Users\\VIDYANKSHINI\\AppData\\Local\\Programs\\Python\\Python313\\Lib\\site-packages\\pluggy\\_callers.py", line 121, in _multicall\n    res = hook_impl.function(*args)\n  File "C:\\Users\\VIDYANKSHINI\\AppData\\Local\\Programs\\Python\\Python313\\Lib\\site-packages\\_pytest\\fixtures.py", line 1202, in pytest_fixture_setup\n    result = call_fixture_func(fixturefunc, request, kwargs)\n  File "C:\\Users\\VIDYANKSHINI\\AppData\\Local\\Programs\\Python\\Python313\\Lib\\site-packages\\_pytest\\fixtures.py", line 908, in call_fixture_func\n    fixture_result = next(generator)\n  File "C:\\Users\\VIDYANKSHINI\\Desktop\\project\\SecuScan\\testing\\backend\\conftest.py", line 57, in test_client\n    asyncio.run(setup())\n  File "C:\\Users\\VIDYANKSHINI\\AppData\\Local\\Programs\\Python\\Python313\\Lib\\asyncio\\runners.py", line 195, in run\n    return runner.run(main)\n  File "C:\\Users\\VIDYANKSHINI\\AppData\\Local\\Programs\\Python\\Python313\\Lib\\asyncio\\runners.py", line 118, in run\n    return self._loop.run_until_complete(task)\n  File "C:\\Users\\VIDYANKSHINI\\AppData\\Local\\Programs\\Python\\Python313\\Lib\\asyncio\\base_events.py", line 712, in run_until_complete\n    self.run_forever()\n  File "C:\\Users\\VIDYANKSHINI\\AppData\\Local\\Programs\\Python\\Python313\\Lib\\asyncio\\base_events.py", line 683, in run_forever\n    self._run_once()\n  File "C:\\Users\\VIDYANKSHINI\\AppData\\Local\\Programs\\Python\\Python313\\Lib\\asyncio\\base_events.py", line 2040, in _run_once\n    handle._run()\n  File "C:\\Users\\VIDYANKSHINI\\AppData\\Local\\Programs\\Python\\Python313\\Lib\\asyncio\\events.py", line 89, in _run\n    self._context.run(self._callback, *self._args)\n  File "C:\\Users\\VIDYANKSHINI\\Desktop\\project\\SecuScan\\testing\\backend\\conftest.py", line 55, in setup\n    await init_plugins(settings.plugins_dir)\n  File "C:\\Users\\VIDYANKSHINI\\Desktop\\project\\SecuScan\\backend\\secuscan\\plugins.py", line 382, in init_plugins\n    await plugin_manager.load_plugins()\n  File "C:\\Users\\VIDYANKSHINI\\Desktop\\project\\SecuScan\\backend\\secuscan\\plugins.py", line 59, in load_plugins\n    logger.info(f"\u2713 Loaded plugin: {plugin_meta.name} v{plugin_meta.version}")\nMessage: '\u2713 Loaded plugin: dnsx v1.0.0'\nArguments: ()\n--- Logging error ---\nTraceback (most recent call last):\n  File "C:\\Users\\VIDYANKSHINI\\AppData\\Local\\Programs\\Python\\Python313\\Lib\\logging\\__init__.py", line 1153, in emit\n    stream.write(msg + self.terminator)\n    ~~~~~~~~~~~~^^^^^^^^^^^^^^^^^^^^^^^\n  File "C:\\Users\\VIDYANKSHINI\\AppData\\Local\\Programs\\Python\\Python313\\Lib\\encodings\\cp1252.py", line 19, in encode\n    return codecs.charmap_encode(input,self.errors,encoding_table)[0]\n           ~~~~~~~~~~~~~~~~~~~~~^^^^^^^^^^^^^^^^^^^^^^^^^^^^^^^^^^\nUnicodeEncodeError: 'charmap' codec can't encode character '\\u2713' in position 60: character maps to <undefined>\nCall stack:\n  File "<frozen runpy>", line 198, in _run_module_as_main\n  File "<frozen runpy>", line 88, in _run_code\n  File "C:\\Users\\VIDYANKSHINI\\AppData\\Local\\Programs\\Python\\Python313\\Scripts\\pytest.exe\\__main__.py", line 7, in <module>\n    sys.exit(console_main())\n  File "C:\\Users\\VIDYANKSHINI\\AppData\\Local\\Programs\\Python\\Python313\\Lib\\site-packages\\_pytest\\config\\__init__.py", line 223, in console_main\n    code = main()\n  File "C:\\Users\\VIDYANKSHINI\\AppData\\Local\\Programs\\Python\\Python313\\Lib\\site-packages\\_pytest\\config\\__init__.py", line 199, in main\n    ret: ExitCode | int = config.hook.pytest_cmdline_main(config=config)\n  File "C:\\Users\\VIDYANKSHINI\\AppData\\Local\\Programs\\Python\\Python313\\Lib\\site-packages\\pluggy\\_hooks.py", line 512, in __call__\n    return self._hookexec(self.name, self._hookimpls.copy(), kwargs, firstresult)\n  File "C:\\Users\\VIDYANKSHINI\\AppData\\Local\\Programs\\Python\\Python313\\Lib\\site-packages\\pluggy\\_manager.py", line 120, in _hookexec\n    return self._inner_hookexec(hook_name, methods, kwargs, firstresult)\n  File "C:\\Users\\VIDYANKSHINI\\AppData\\Local\\Programs\\Python\\Python313\\Lib\\site-packages\\pluggy\\_callers.py", line 121, in _multicall\n    res = hook_impl.function(*args)\n  File "C:\\Users\\VIDYANKSHINI\\AppData\\Local\\Programs\\Python\\Python313\\Lib\\site-packages\\_pytest\\main.py", line 365, in pytest_cmdline_main\n    return wrap_session(config, _main)\n  File "C:\\Users\\VIDYANKSHINI\\AppData\\Local\\Programs\\Python\\Python313\\Lib\\site-packages\\_pytest\\main.py", line 318, in wrap_session\n    session.exitstatus = doit(config, session) or 0\n  File "C:\\Users\\VIDYANKSHINI\\AppData\\Local\\Programs\\Python\\Python313\\Lib\\site-packages\\_pytest\\main.py", line 372, in _main\n    config.hook.pytest_runtestloop(session=session)\n  File "C:\\Users\\VIDYANKSHINI\\AppData\\Local\\Programs\\Python\\Python313\\Lib\\site-packages\\pluggy\\_hooks.py", line 512, in __call__\n    return self._hookexec(self.name, self._hookimpls.copy(), kwargs, firstresult)\n  File "C:\\Users\\VIDYANKSHINI\\AppData\\Local\\Programs\\Python\\Python313\\Lib\\site-packages\\pluggy\\_manager.py", line 120, in _hookexec\n    return self._inner_hookexec(hook_name, methods, kwargs, firstresult)\n  File "C:\\Users\\VIDYANKSHINI\\AppData\\Local\\Programs\\Python\\Python313\\Lib\\site-packages\\pluggy\\_callers.py", line 121, in _multicall\n    res = hook_impl.function(*args)\n  File "C:\\Users\\VIDYANKSHINI\\AppData\\Local\\Programs\\Python\\Python313\\Lib\\site-packages\\_pytest\\main.py", line 396, in pytest_runtestloop\n    item.config.hook.pytest_runtest_protocol(item=item, nextitem=nextitem)\n  File "C:\\Users\\VIDYANKSHINI\\AppData\\Local\\Programs\\Python\\Python313\\Lib\\site-packages\\pluggy\\_hooks.py", line 512, in __call__\n    return self._hookexec(self.name, self._hookimpls.copy(), kwargs, firstresult)\n  File "C:\\Users\\VIDYANKSHINI\\AppData\\Local\\Programs\\Python\\Python313\\Lib\\site-packages\\pluggy\\_manager.py", line 120, in _hookexec\n    return self._inner_hookexec(hook_name, methods, kwargs, firstresult)\n  File "C:\\Users\\VIDYANKSHINI\\AppData\\Local\\Programs\\Python\\Python313\\Lib\\site-packages\\pluggy\\_callers.py", line 121, in _multicall\n    res = hook_impl.function(*args)\n  File "C:\\Users\\VIDYANKSHINI\\AppData\\Local\\Programs\\Python\\Python313\\Lib\\site-packages\\_pytest\\runner.py", line 118, in pytest_runtest_protocol\n    runtestprotocol(item, nextitem=nextitem)\n  File "C:\\Users\\VIDYANKSHINI\\AppData\\Local\\Programs\\Python\\Python313\\Lib\\site-packages\\_pytest\\runner.py", line 131, in runtestprotocol\n    rep = call_and_report(item, "setup", log)\n  File "C:\\Users\\VIDYANKSHINI\\AppData\\Local\\Programs\\Python\\Python313\\Lib\\site-packages\\_pytest\\runner.py", line 244, in call_and_report\n    call = CallInfo.from_call(\n  File "C:\\Users\\VIDYANKSHINI\\AppData\\Local\\Programs\\Python\\Python313\\Lib\\site-packages\\_pytest\\runner.py", line 353, in from_call\n    result: TResult | None = func()\n  File "C:\\Users\\VIDYANKSHINI\\AppData\\Local\\Programs\\Python\\Python313\\Lib\\site-packages\\_pytest\\runner.py", line 245, in <lambda>\n    lambda: runtest_hook(item=item, **kwds),\n  File "C:\\Users\\VIDYANKSHINI\\AppData\\Local\\Programs\\Python\\Python313\\Lib\\site-packages\\pluggy\\_hooks.py", line 512, in __call__\n    return self._hookexec(self.name, self._hookimpls.copy(), kwargs, firstresult)\n  File "C:\\Users\\VIDYANKSHINI\\AppData\\Local\\Programs\\Python\\Python313\\Lib\\site-packages\\pluggy\\_manager.py", line 120, in _hookexec\n    return self._inner_hookexec(hook_name, methods, kwargs, firstresult)\n  File "C:\\Users\\VIDYANKSHINI\\AppData\\Local\\Programs\\Python\\Python313\\Lib\\site-packages\\pluggy\\_callers.py", line 121, in _multicall\n    res = hook_impl.function(*args)\n  File "C:\\Users\\VIDYANKSHINI\\AppData\\Local\\Programs\\Python\\Python313\\Lib\\site-packages\\_pytest\\runner.py", line 165, in pytest_runtest_setup\n    item.session._setupstate.setup(item)\n  File "C:\\Users\\VIDYANKSHINI\\AppData\\Local\\Programs\\Python\\Python313\\Lib\\site-packages\\_pytest\\runner.py", line 523, in setup\n    col.setup()\n  File "C:\\Users\\VIDYANKSHINI\\AppData\\Local\\Programs\\Python\\Python313\\Lib\\site-packages\\_pytest\\python.py", line 1723, in setup\n    self._request._fillfixtures()\n  File "C:\\Users\\VIDYANKSHINI\\AppData\\Local\\Programs\\Python\\Python313\\Lib\\site-packages\\_pytest\\fixtures.py", line 707, in _fillfixtures\n    item.funcargs[argname] = self.getfixturevalue(argname)\n  File "C:\\Users\\VIDYANKSHINI\\AppData\\Local\\Programs\\Python\\Python313\\Lib\\site-packages\\_pytest\\fixtures.py", line 539, in getfixturevalue\n    fixturedef = self._get_active_fixturedef(argname)\n  File "C:\\Users\\VIDYANKSHINI\\AppData\\Local\\Programs\\Python\\Python313\\Lib\\site-packages\\_pytest\\fixtures.py", line 627, in _get_active_fixturedef\n    fixturedef.execute(request=subrequest)\n  File "C:\\Users\\VIDYANKSHINI\\AppData\\Local\\Programs\\Python\\Python313\\Lib\\site-packages\\_pytest\\fixtures.py", line 1110, in execute\n    result: FixtureValue = ihook.pytest_fixture_setup(\n  File "C:\\Users\\VIDYANKSHINI\\AppData\\Local\\Programs\\Python\\Python313\\Lib\\site-packages\\pluggy\\_hooks.py", line 512, in __call__\n    return self._hookexec(self.name, self._hookimpls.copy(), kwargs, firstresult)\n  File "C:\\Users\\VIDYANKSHINI\\AppData\\Local\\Programs\\Python\\Python313\\Lib\\site-packages\\pluggy\\_manager.py", line 120, in _hookexec\n    return self._inner_hookexec(hook_name, methods, kwargs, firstresult)\n  File "C:\\Users\\VIDYANKSHINI\\AppData\\Local\\Programs\\Python\\Python313\\Lib\\site-packages\\pluggy\\_callers.py", line 121, in _multicall\n    res = hook_impl.function(*args)\n  File "C:\\Users\\VIDYANKSHINI\\AppData\\Local\\Programs\\Python\\Python313\\Lib\\site-packages\\_pytest\\fixtures.py", line 1202, in pytest_fixture_setup\n    result = call_fixture_func(fixturefunc, request, kwargs)\n  File "C:\\Users\\VIDYANKSHINI\\AppData\\Local\\Programs\\Python\\Python313\\Lib\\site-packages\\_pytest\\fixtures.py", line 908, in call_fixture_func\n    fixture_result = next(generator)\n  File "C:\\Users\\VIDYANKSHINI\\Desktop\\project\\SecuScan\\testing\\backend\\conftest.py", line 57, in test_client\n    asyncio.run(setup())\n  File "C:\\Users\\VIDYANKSHINI\\AppData\\Local\\Programs\\Python\\Python313\\Lib\\asyncio\\runners.py", line 195, in run\n    return runner.run(main)\n  File "C:\\Users\\VIDYANKSHINI\\AppData\\Local\\Programs\\Python\\Python313\\Lib\\asyncio\\runners.py", line 118, in run\n    return self._loop.run_until_complete(task)\n  File "C:\\Users\\VIDYANKSHINI\\AppData\\Local\\Programs\\Python\\Python313\\Lib\\asyncio\\base_events.py", line 712, in run_until_complete\n    self.run_forever()\n  File "C:\\Users\\VIDYANKSHINI\\AppData\\Local\\Programs\\Python\\Python313\\Lib\\asyncio\\base_events.py", line 683, in run_forever\n    self._run_once()\n  File "C:\\Users\\VIDYANKSHINI\\AppData\\Local\\Programs\\Python\\Python313\\Lib\\asyncio\\base_events.py", line 2040, in _run_once\n    handle._run()\n  File "C:\\Users\\VIDYANKSHINI\\AppData\\Local\\Programs\\Python\\Python313\\Lib\\asyncio\\events.py", line 89, in _run\n    self._context.run(self._callback, *self._args)\n  File "C:\\Users\\VIDYANKSHINI\\Desktop\\project\\SecuScan\\testing\\backend\\conftest.py", line 55, in setup\n    await init_plugins(settings.plugins_dir)\n  File "C:\\Users\\VIDYANKSHINI\\Desktop\\project\\SecuScan\\backend\\secuscan\\plugins.py", line 382, in init_plugins\n    await plugin_manager.load_plugins()\n  File "C:\\Users\\VIDYANKSHINI\\Desktop\\project\\SecuScan\\backend\\secuscan\\plugins.py", line 59, in load_plugins\n    logger.info(f"\u2713 Loaded plugin: {plugin_meta.name} v{plugin_meta.version}")\nMessage: '\u2713 Loaded plugin: DNS Reconnaissance v1.0.0'\nArguments: ()\n--- Logging error ---\nTraceback (most recent call last):\n  File "C:\\Users\\VIDYANKSHINI\\AppData\\Local\\Programs\\Python\\Python313\\Lib\\logging\\__init__.py", line 1153, in emit\n    stream.write(msg + self.terminator)\n    ~~~~~~~~~~~~^^^^^^^^^^^^^^^^^^^^^^^\n  File "C:\\Users\\VIDYANKSHINI\\AppData\\Local\\Programs\\Python\\Python313\\Lib\\encodings\\cp1252.py", line 19, in encode\n    return codecs.charmap_encode(input,self.errors,encoding_table)[0]\n           ~~~~~~~~~~~~~~~~~~~~~^^^^^^^^^^^^^^^^^^^^^^^^^^^^^^^^^^\nUnicodeEncodeError: 'charmap' codec can't encode character '\\u2713' in position 60: character maps to <undefined>\nCall stack:\n  File "<frozen runpy>", line 198, in _run_module_as_main\n  File "<frozen runpy>", line 88, in _run_code\n  File "C:\\Users\\VIDYANKSHINI\\AppData\\Local\\Programs\\Python\\Python313\\Scripts\\pytest.exe\\__main__.py", line 7, in <module>\n    sys.exit(console_main())\n  File "C:\\Users\\VIDYANKSHINI\\AppData\\Local\\Programs\\Python\\Python313\\Lib\\site-packages\\_pytest\\config\\__init__.py", line 223, in console_main\n    code = main()\n  File "C:\\Users\\VIDYANKSHINI\\AppData\\Local\\Programs\\Python\\Python313\\Lib\\site-packages\\_pytest\\config\\__init__.py", line 199, in main\n    ret: ExitCode | int = config.hook.pytest_cmdline_main(config=config)\n  File "C:\\Users\\VIDYANKSHINI\\AppData\\Local\\Programs\\Python\\Python313\\Lib\\site-packages\\pluggy\\_hooks.py", line 512, in __call__\n    return self._hookexec(self.name, self._hookimpls.copy(), kwargs, firstresult)\n  File "C:\\Users\\VIDYANKSHINI\\AppData\\Local\\Programs\\Python\\Python313\\Lib\\site-packages\\pluggy\\_manager.py", line 120, in _hookexec\n    return self._inner_hookexec(hook_name, methods, kwargs, firstresult)\n  File "C:\\Users\\VIDYANKSHINI\\AppData\\Local\\Programs\\Python\\Python313\\Lib\\site-packages\\pluggy\\_callers.py", line 121, in _multicall\n    res = hook_impl.function(*args)\n  File "C:\\Users\\VIDYANKSHINI\\AppData\\Local\\Programs\\Python\\Python313\\Lib\\site-packages\\_pytest\\main.py", line 365, in pytest_cmdline_main\n    return wrap_session(config, _main)\n  File "C:\\Users\\VIDYANKSHINI\\AppData\\Local\\Programs\\Python\\Python313\\Lib\\site-packages\\_pytest\\main.py", line 318, in wrap_session\n    session.exitstatus = doit(config, session) or 0\n  File "C:\\Users\\VIDYANKSHINI\\AppData\\Local\\Programs\\Python\\Python313\\Lib\\site-packages\\_pytest\\main.py", line 372, in _main\n    config.hook.pytest_runtestloop(session=session)\n  File "C:\\Users\\VIDYANKSHINI\\AppData\\Local\\Programs\\Python\\Python313\\Lib\\site-packages\\pluggy\\_hooks.py", line 512, in __call__\n    return self._hookexec(self.name, self._hookimpls.copy(), kwargs, firstresult)\n  File "C:\\Users\\VIDYANKSHINI\\AppData\\Local\\Programs\\Python\\Python313\\Lib\\site-packages\\pluggy\\_manager.py", line 120, in _hookexec\n    return self._inner_hookexec(hook_name, methods, kwargs, firstresult)\n  File "C:\\Users\\VIDYANKSHINI\\AppData\\Local\\Programs\\Python\\Python313\\Lib\\site-packages\\pluggy\\_callers.py", line 121, in _multicall\n    res = hook_impl.function(*args)\n  File "C:\\Users\\VIDYANKSHINI\\AppData\\Local\\Programs\\Python\\Python313\\Lib\\site-packages\\_pytest\\main.py", line 396, in pytest_runtestloop\n    item.config.hook.pytest_runtest_protocol(item=item, nextitem=nextitem)\n  File "C:\\Users\\VIDYANKSHINI\\AppData\\Local\\Programs\\Python\\Python313\\Lib\\site-packages\\pluggy\\_hooks.py", line 512, in __call__\n    return self._hookexec(self.name, self._hookimpls.copy(), kwargs, firstresult)\n  File "C:\\Users\\VIDYANKSHINI\\AppData\\Local\\Programs\\Python\\Python313\\Lib\\site-packages\\pluggy\\_manager.py", line 120, in _hookexec\n    return self._inner_hookexec(hook_name, methods, kwargs, firstresult)\n  File "C:\\Users\\VIDYANKSHINI\\AppData\\Local\\Programs\\Python\\Python313\\Lib\\site-packages\\pluggy\\_callers.py", line 121, in _multicall\n    res = hook_impl.function(*args)\n  File "C:\\Users\\VIDYANKSHINI\\AppData\\Local\\Programs\\Python\\Python313\\Lib\\site-packages\\_pytest\\runner.py", line 118, in pytest_runtest_protocol\n    runtestprotocol(item, nextitem=nextitem)\n  File "C:\\Users\\VIDYANKSHINI\\AppData\\Local\\Programs\\Python\\Python313\\Lib\\site-packages\\_pytest\\runner.py", line 131, in runtestprotocol\n    rep = call_and_report(item, "setup", log)\n  File "C:\\Users\\VIDYANKSHINI\\AppData\\Local\\Programs\\Python\\Python313\\Lib\\site-packages\\_pytest\\runner.py", line 244, in call_and_report\n    call = CallInfo.from_call(\n  File "C:\\Users\\VIDYANKSHINI\\AppData\\Local\\Programs\\Python\\Python313\\Lib\\site-packages\\_pytest\\runner.py", line 353, in from_call\n    result: TResult | None = func()\n  File "C:\\Users\\VIDYANKSHINI\\AppData\\Local\\Programs\\Python\\Python313\\Lib\\site-packages\\_pytest\\runner.py", line 245, in <lambda>\n    lambda: runtest_hook(item=item, **kwds),\n  File "C:\\Users\\VIDYANKSHINI\\AppData\\Local\\Programs\\Python\\Python313\\Lib\\site-packages\\pluggy\\_hooks.py", line 512, in __call__\n    return self._hookexec(self.name, self._hookimpls.copy(), kwargs, firstresult)\n  File "C:\\Users\\VIDYANKSHINI\\AppData\\Local\\Programs\\Python\\Python313\\Lib\\site-packages\\pluggy\\_manager.py", line 120, in _hookexec\n    return self._inner_hookexec(hook_name, methods, kwargs, firstresult)\n  File "C:\\Users\\VIDYANKSHINI\\AppData\\Local\\Programs\\Python\\Python313\\Lib\\site-packages\\pluggy\\_callers.py", line 121, in _multicall\n    res = hook_impl.function(*args)\n  File "C:\\Users\\VIDYANKSHINI\\AppData\\Local\\Programs\\Python\\Python313\\Lib\\site-packages\\_pytest\\runner.py", line 165, in pytest_runtest_setup\n    item.session._setupstate.setup(item)\n  File "C:\\Users\\VIDYANKSHINI\\AppData\\Local\\Programs\\Python\\Python313\\Lib\\site-packages\\_pytest\\runner.py", line 523, in setup\n    col.setup()\n  File "C:\\Users\\VIDYANKSHINI\\AppData\\Local\\Programs\\Python\\Python313\\Lib\\site-packages\\_pytest\\python.py", line 1723, in setup\n    self._request._fillfixtures()\n  File "C:\\Users\\VIDYANKSHINI\\AppData\\Local\\Programs\\Python\\Python313\\Lib\\site-packages\\_pytest\\fixtures.py", line 707, in _fillfixtures\n    item.funcargs[argname] = self.getfixturevalue(argname)\n  File "C:\\Users\\VIDYANKSHINI\\AppData\\Local\\Programs\\Python\\Python313\\Lib\\site-packages\\_pytest\\fixtures.py", line 539, in getfixturevalue\n    fixturedef = self._get_active_fixturedef(argname)\n  File "C:\\Users\\VIDYANKSHINI\\AppData\\Local\\Programs\\Python\\Python313\\Lib\\site-packages\\_pytest\\fixtures.py", line 627, in _get_active_fixturedef\n    fixturedef.execute(request=subrequest)\n  File "C:\\Users\\VIDYANKSHINI\\AppData\\Local\\Programs\\Python\\Python313\\Lib\\site-packages\\_pytest\\fixtures.py", line 1110, in execute\n    result: FixtureValue = ihook.pytest_fixture_setup(\n  File "C:\\Users\\VIDYANKSHINI\\AppData\\Local\\Programs\\Python\\Python313\\Lib\\site-packages\\pluggy\\_hooks.py", line 512, in __call__\n    return self._hookexec(self.name, self._hookimpls.copy(), kwargs, firstresult)\n  File "C:\\Users\\VIDYANKSHINI\\AppData\\Local\\Programs\\Python\\Python313\\Lib\\site-packages\\pluggy\\_manager.py", line 120, in _hookexec\n    return self._inner_hookexec(hook_name, methods, kwargs, firstresult)\n  File "C:\\Users\\VIDYANKSHINI\\AppData\\Local\\Programs\\Python\\Python313\\Lib\\site-packages\\pluggy\\_callers.py", line 121, in _multicall\n    res = hook_impl.function(*args)\n  File "C:\\Users\\VIDYANKSHINI\\AppData\\Local\\Programs\\Python\\Python313\\Lib\\site-packages\\_pytest\\fixtures.py", line 1202, in pytest_fixture_setup\n    result = call_fixture_func(fixturefunc, request, kwargs)\n  File "C:\\Users\\VIDYANKSHINI\\AppData\\Local\\Programs\\Python\\Python313\\Lib\\site-packages\\_pytest\\fixtures.py", line 908, in call_fixture_func\n    fixture_result = next(generator)\n  File "C:\\Users\\VIDYANKSHINI\\Desktop\\project\\SecuScan\\testing\\backend\\conftest.py", line 57, in test_client\n    asyncio.run(setup())\n  File "C:\\Users\\VIDYANKSHINI\\AppData\\Local\\Programs\\Python\\Python313\\Lib\\asyncio\\runners.py", line 195, in run\n    return runner.run(main)\n  File "C:\\Users\\VIDYANKSHINI\\AppData\\Local\\Programs\\Python\\Python313\\Lib\\asyncio\\runners.py", line 118, in run\n    return self._loop.run_until_complete(task)\n  File "C:\\Users\\VIDYANKSHINI\\AppData\\Local\\Programs\\Python\\Python313\\Lib\\asyncio\\base_events.py", line 712, in run_until_complete\n    self.run_forever()\n  File "C:\\Users\\VIDYANKSHINI\\AppData\\Local\\Programs\\Python\\Python313\\Lib\\asyncio\\base_events.py", line 683, in run_forever\n    self._run_once()\n  File "C:\\Users\\VIDYANKSHINI\\AppData\\Local\\Programs\\Python\\Python313\\Lib\\asyncio\\base_events.py", line 2040, in _run_once\n    handle._run()\n  File "C:\\Users\\VIDYANKSHINI\\AppData\\Local\\Programs\\Python\\Python313\\Lib\\asyncio\\events.py", line 89, in _run\n    self._context.run(self._callback, *self._args)\n  File "C:\\Users\\VIDYANKSHINI\\Desktop\\project\\SecuScan\\testing\\backend\\conftest.py", line 55, in setup\n    await init_plugins(settings.plugins_dir)\n  File "C:\\Users\\VIDYANKSHINI\\Desktop\\project\\SecuScan\\backend\\secuscan\\plugins.py", line 382, in init_plugins\n    await plugin_manager.load_plugins()\n  File "C:\\Users\\VIDYANKSHINI\\Desktop\\project\\SecuScan\\backend\\secuscan\\plugins.py", line 59, in load_plugins\n    logger.info(f"\u2713 Loaded plugin: {plugin_meta.name} v{plugin_meta.version}")\nMessage: '\u2713 Loaded plugin: Domain Finder v1.0.0'\nArguments: ()\n--- Logging error ---\nTraceback (most recent call last):\n  File "C:\\Users\\VIDYANKSHINI\\AppData\\Local\\Programs\\Python\\Python313\\Lib\\logging\\__init__.py", line 1153, in emit\n    stream.write(msg + self.terminator)\n    ~~~~~~~~~~~~^^^^^^^^^^^^^^^^^^^^^^^\n  File "C:\\Users\\VIDYANKSHINI\\AppData\\Local\\Programs\\Python\\Python313\\Lib\\encodings\\cp1252.py", line 19, in encode\n    return codecs.charmap_encode(input,self.errors,encoding_table)[0]\n           ~~~~~~~~~~~~~~~~~~~~~^^^^^^^^^^^^^^^^^^^^^^^^^^^^^^^^^^\nUnicodeEncodeError: 'charmap' codec can't encode character '\\u2713' in position 60: character maps to <undefined>\nCall stack:\n  File "<frozen runpy>", line 198, in _run_module_as_main\n  File "<frozen runpy>", line 88, in _run_code\n  File "C:\\Users\\VIDYANKSHINI\\AppData\\Local\\Programs\\Python\\Python313\\Scripts\\pytest.exe\\__main__.py", line 7, in <module>\n    sys.exit(console_main())\n  File "C:\\Users\\VIDYANKSHINI\\AppData\\Local\\Programs\\Python\\Python313\\Lib\\site-packages\\_pytest\\config\\__init__.py", line 223, in console_main\n    code = main()\n  File "C:\\Users\\VIDYANKSHINI\\AppData\\Local\\Programs\\Python\\Python313\\Lib\\site-packages\\_pytest\\config\\__init__.py", line 199, in main\n    ret: ExitCode | int = config.hook.pytest_cmdline_main(config=config)\n  File "C:\\Users\\VIDYANKSHINI\\AppData\\Local\\Programs\\Python\\Python313\\Lib\\site-packages\\pluggy\\_hooks.py", line 512, in __call__\n    return self._hookexec(self.name, self._hookimpls.copy(), kwargs, firstresult)\n  File "C:\\Users\\VIDYANKSHINI\\AppData\\Local\\Programs\\Python\\Python313\\Lib\\site-packages\\pluggy\\_manager.py", line 120, in _hookexec\n    return self._inner_hookexec(hook_name, methods, kwargs, firstresult)\n  File "C:\\Users\\VIDYANKSHINI\\AppData\\Local\\Programs\\Python\\Python313\\Lib\\site-packages\\pluggy\\_callers.py", line 121, in _multicall\n    res = hook_impl.function(*args)\n  File "C:\\Users\\VIDYANKSHINI\\AppData\\Local\\Programs\\Python\\Python313\\Lib\\site-packages\\_pytest\\main.py", line 365, in pytest_cmdline_main\n    return wrap_session(config, _main)\n  File "C:\\Users\\VIDYANKSHINI\\AppData\\Local\\Programs\\Python\\Python313\\Lib\\site-packages\\_pytest\\main.py", line 318, in wrap_session\n    session.exitstatus = doit(config, session) or 0\n  File "C:\\Users\\VIDYANKSHINI\\AppData\\Local\\Programs\\Python\\Python313\\Lib\\site-packages\\_pytest\\main.py", line 372, in _main\n    config.hook.pytest_runtestloop(session=session)\n  File "C:\\Users\\VIDYANKSHINI\\AppData\\Local\\Programs\\Python\\Python313\\Lib\\site-packages\\pluggy\\_hooks.py", line 512, in __call__\n    return self._hookexec(self.name, self._hookimpls.copy(), kwargs, firstresult)\n  File "C:\\Users\\VIDYANKSHINI\\AppData\\Local\\Programs\\Python\\Python313\\Lib\\site-packages\\pluggy\\_manager.py", line 120, in _hookexec\n    return self._inner_hookexec(hook_name, methods, kwargs, firstresult)\n  File "C:\\Users\\VIDYANKSHINI\\AppData\\Local\\Programs\\Python\\Python313\\Lib\\site-packages\\pluggy\\_callers.py", line 121, in _multicall\n    res = hook_impl.function(*args)\n  File "C:\\Users\\VIDYANKSHINI\\AppData\\Local\\Programs\\Python\\Python313\\Lib\\site-packages\\_pytest\\main.py", line 396, in pytest_runtestloop\n    item.config.hook.pytest_runtest_protocol(item=item, nextitem=nextitem)\n  File "C:\\Users\\VIDYANKSHINI\\AppData\\Local\\Programs\\Python\\Python313\\Lib\\site-packages\\pluggy\\_hooks.py", line 512, in __call__\n    return self._hookexec(self.name, self._hookimpls.copy(), kwargs, firstresult)\n  File "C:\\Users\\VIDYANKSHINI\\AppData\\Local\\Programs\\Python\\Python313\\Lib\\site-packages\\pluggy\\_manager.py", line 120, in _hookexec\n    return self._inner_hookexec(hook_name, methods, kwargs, firstresult)\n  File "C:\\Users\\VIDYANKSHINI\\AppData\\Local\\Programs\\Python\\Python313\\Lib\\site-packages\\pluggy\\_callers.py", line 121, in _multicall\n    res = hook_impl.function(*args)\n  File "C:\\Users\\VIDYANKSHINI\\AppData\\Local\\Programs\\Python\\Python313\\Lib\\site-packages\\_pytest\\runner.py", line 118, in pytest_runtest_protocol\n    runtestprotocol(item, nextitem=nextitem)\n  File "C:\\Users\\VIDYANKSHINI\\AppData\\Local\\Programs\\Python\\Python313\\Lib\\site-packages\\_pytest\\runner.py", line 131, in runtestprotocol\n    rep = call_and_report(item, "setup", log)\n  File "C:\\Users\\VIDYANKSHINI\\AppData\\Local\\Programs\\Python\\Python313\\Lib\\site-packages\\_pytest\\runner.py", line 244, in call_and_report\n    call = CallInfo.from_call(\n  File "C:\\Users\\VIDYANKSHINI\\AppData\\Local\\Programs\\Python\\Python313\\Lib\\site-packages\\_pytest\\runner.py", line 353, in from_call\n    result: TResult | None = func()\n  File "C:\\Users\\VIDYANKSHINI\\AppData\\Local\\Programs\\Python\\Python313\\Lib\\site-packages\\_pytest\\runner.py", line 245, in <lambda>\n    lambda: runtest_hook(item=item, **kwds),\n  File "C:\\Users\\VIDYANKSHINI\\AppData\\Local\\Programs\\Python\\Python313\\Lib\\site-packages\\pluggy\\_hooks.py", line 512, in __call__\n    return self._hookexec(self.name, self._hookimpls.copy(), kwargs, firstresult)\n  File "C:\\Users\\VIDYANKSHINI\\AppData\\Local\\Programs\\Python\\Python313\\Lib\\site-packages\\pluggy\\_manager.py", line 120, in _hookexec\n    return self._inner_hookexec(hook_name, methods, kwargs, firstresult)\n  File "C:\\Users\\VIDYANKSHINI\\AppData\\Local\\Programs\\Python\\Python313\\Lib\\site-packages\\pluggy\\_callers.py", line 121, in _multicall\n    res = hook_impl.function(*args)\n  File "C:\\Users\\VIDYANKSHINI\\AppData\\Local\\Programs\\Python\\Python313\\Lib\\site-packages\\_pytest\\runner.py", line 165, in pytest_runtest_setup\n    item.session._setupstate.setup(item)\n  File "C:\\Users\\VIDYANKSHINI\\AppData\\Local\\Programs\\Python\\Python313\\Lib\\site-packages\\_pytest\\runner.py", line 523, in setup\n    col.setup()\n  File "C:\\Users\\VIDYANKSHINI\\AppData\\Local\\Programs\\Python\\Python313\\Lib\\site-packages\\_pytest\\python.py", line 1723, in setup\n    self._request._fillfixtures()\n  File "C:\\Users\\VIDYANKSHINI\\AppData\\Local\\Programs\\Python\\Python313\\Lib\\site-packages\\_pytest\\fixtures.py", line 707, in _fillfixtures\n    item.funcargs[argname] = self.getfixturevalue(argname)\n  File "C:\\Users\\VIDYANKSHINI\\AppData\\Local\\Programs\\Python\\Python313\\Lib\\site-packages\\_pytest\\fixtures.py", line 539, in getfixturevalue\n    fixturedef = self._get_active_fixturedef(argname)\n  File "C:\\Users\\VIDYANKSHINI\\AppData\\Local\\Programs\\Python\\Python313\\Lib\\site-packages\\_pytest\\fixtures.py", line 627, in _get_active_fixturedef\n    fixturedef.execute(request=subrequest)\n  File "C:\\Users\\VIDYANKSHINI\\AppData\\Local\\Programs\\Python\\Python313\\Lib\\site-packages\\_pytest\\fixtures.py", line 1110, in execute\n    result: FixtureValue = ihook.pytest_fixture_setup(\n  File "C:\\Users\\VIDYANKSHINI\\AppData\\Local\\Programs\\Python\\Python313\\Lib\\site-packages\\pluggy\\_hooks.py", line 512, in __call__\n    return self._hookexec(self.name, self._hookimpls.copy(), kwargs, firstresult)\n  File "C:\\Users\\VIDYANKSHINI\\AppData\\Local\\Programs\\Python\\Python313\\Lib\\site-packages\\pluggy\\_manager.py", line 120, in _hookexec\n    return self._inner_hookexec(hook_name, methods, kwargs, firstresult)\n  File "C:\\Users\\VIDYANKSHINI\\AppData\\Local\\Programs\\Python\\Python313\\Lib\\site-packages\\pluggy\\_callers.py", line 121, in _multicall\n    res = hook_impl.function(*args)\n  File "C:\\Users\\VIDYANKSHINI\\AppData\\Local\\Programs\\Python\\Python313\\Lib\\site-packages\\_pytest\\fixtures.py", line 1202, in pytest_fixture_setup\n    result = call_fixture_func(fixturefunc, request, kwargs)\n  File "C:\\Users\\VIDYANKSHINI\\AppData\\Local\\Programs\\Python\\Python313\\Lib\\site-packages\\_pytest\\fixtures.py", line 908, in call_fixture_func\n    fixture_result = next(generator)\n  File "C:\\Users\\VIDYANKSHINI\\Desktop\\project\\SecuScan\\testing\\backend\\conftest.py", line 57, in test_client\n    asyncio.run(setup())\n  File "C:\\Users\\VIDYANKSHINI\\AppData\\Local\\Programs\\Python\\Python313\\Lib\\asyncio\\runners.py", line 195, in run\n    return runner.run(main)\n  File "C:\\Users\\VIDYANKSHINI\\AppData\\Local\\Programs\\Python\\Python313\\Lib\\asyncio\\runners.py", line 118, in run\n    return self._loop.run_until_complete(task)\n  File "C:\\Users\\VIDYANKSHINI\\AppData\\Local\\Programs\\Python\\Python313\\Lib\\asyncio\\base_events.py", line 712, in run_until_complete\n    self.run_forever()\n  File "C:\\Users\\VIDYANKSHINI\\AppData\\Local\\Programs\\Python\\Python313\\Lib\\asyncio\\base_events.py", line 683, in run_forever\n    self._run_once()\n  File "C:\\Users\\VIDYANKSHINI\\AppData\\Local\\Programs\\Python\\Python313\\Lib\\asyncio\\base_events.py", line 2040, in _run_once\n    handle._run()\n  File "C:\\Users\\VIDYANKSHINI\\AppData\\Local\\Programs\\Python\\Python313\\Lib\\asyncio\\events.py", line 89, in _run\n    self._context.run(self._callback, *self._args)\n  File "C:\\Users\\VIDYANKSHINI\\Desktop\\project\\SecuScan\\testing\\backend\\conftest.py", line 55, in setup\n    await init_plugins(settings.plugins_dir)\n  File "C:\\Users\\VIDYANKSHINI\\Desktop\\project\\SecuScan\\backend\\secuscan\\plugins.py", line 382, in init_plugins\n    await plugin_manager.load_plugins()\n  File "C:\\Users\\VIDYANKSHINI\\Desktop\\project\\SecuScan\\backend\\secuscan\\plugins.py", line 59, in load_plugins\n    logger.info(f"\u2713 Loaded plugin: {plugin_meta.name} v{plugin_meta.version}")\nMessage: '\u2713 Loaded plugin: Drupal Security Scan v1.0.0'\nArguments: ()\n--- Logging error ---\nTraceback (most recent call last):\n  File "C:\\Users\\VIDYANKSHINI\\AppData\\Local\\Programs\\Python\\Python313\\Lib\\logging\\__init__.py", line 1153, in emit\n    stream.write(msg + self.terminator)\n    ~~~~~~~~~~~~^^^^^^^^^^^^^^^^^^^^^^^\n  File "C:\\Users\\VIDYANKSHINI\\AppData\\Local\\Programs\\Python\\Python313\\Lib\\encodings\\cp1252.py", line 19, in encode\n    return codecs.charmap_encode(input,self.errors,encoding_table)[0]\n           ~~~~~~~~~~~~~~~~~~~~~^^^^^^^^^^^^^^^^^^^^^^^^^^^^^^^^^^\nUnicodeEncodeError: 'charmap' codec can't encode character '\\u2713' in position 60: character maps to <undefined>\nCall stack:\n  File "<frozen runpy>", line 198, in _run_module_as_main\n  File "<frozen runpy>", line 88, in _run_code\n  File "C:\\Users\\VIDYANKSHINI\\AppData\\Local\\Programs\\Python\\Python313\\Scripts\\pytest.exe\\__main__.py", line 7, in <module>\n    sys.exit(console_main())\n  File "C:\\Users\\VIDYANKSHINI\\AppData\\Local\\Programs\\Python\\Python313\\Lib\\site-packages\\_pytest\\config\\__init__.py", line 223, in console_main\n    code = main()\n  File "C:\\Users\\VIDYANKSHINI\\AppData\\Local\\Programs\\Python\\Python313\\Lib\\site-packages\\_pytest\\config\\__init__.py", line 199, in main\n    ret: ExitCode | int = config.hook.pytest_cmdline_main(config=config)\n  File "C:\\Users\\VIDYANKSHINI\\AppData\\Local\\Programs\\Python\\Python313\\Lib\\site-packages\\pluggy\\_hooks.py", line 512, in __call__\n    return self._hookexec(self.name, self._hookimpls.copy(), kwargs, firstresult)\n  File "C:\\Users\\VIDYANKSHINI\\AppData\\Local\\Programs\\Python\\Python313\\Lib\\site-packages\\pluggy\\_manager.py", line 120, in _hookexec\n    return self._inner_hookexec(hook_name, methods, kwargs, firstresult)\n  File "C:\\Users\\VIDYANKSHINI\\AppData\\Local\\Programs\\Python\\Python313\\Lib\\site-packages\\pluggy\\_callers.py", line 121, in _multicall\n    res = hook_impl.function(*args)\n  File "C:\\Users\\VIDYANKSHINI\\AppData\\Local\\Programs\\Python\\Python313\\Lib\\site-packages\\_pytest\\main.py", line 365, in pytest_cmdline_main\n    return wrap_session(config, _main)\n  File "C:\\Users\\VIDYANKSHINI\\AppData\\Local\\Programs\\Python\\Python313\\Lib\\site-packages\\_pytest\\main.py", line 318, in wrap_session\n    session.exitstatus = doit(config, session) or 0\n  File "C:\\Users\\VIDYANKSHINI\\AppData\\Local\\Programs\\Python\\Python313\\Lib\\site-packages\\_pytest\\main.py", line 372, in _main\n    config.hook.pytest_runtestloop(session=session)\n  File "C:\\Users\\VIDYANKSHINI\\AppData\\Local\\Programs\\Python\\Python313\\Lib\\site-packages\\pluggy\\_hooks.py", line 512, in __call__\n    return self._hookexec(self.name, self._hookimpls.copy(), kwargs, firstresult)\n  File "C:\\Users\\VIDYANKSHINI\\AppData\\Local\\Programs\\Python\\Python313\\Lib\\site-packages\\pluggy\\_manager.py", line 120, in _hookexec\n    return self._inner_hookexec(hook_name, methods, kwargs, firstresult)\n  File "C:\\Users\\VIDYANKSHINI\\AppData\\Local\\Programs\\Python\\Python313\\Lib\\site-packages\\pluggy\\_callers.py", line 121, in _multicall\n    res = hook_impl.function(*args)\n  File "C:\\Users\\VIDYANKSHINI\\AppData\\Local\\Programs\\Python\\Python313\\Lib\\site-packages\\_pytest\\main.py", line 396, in pytest_runtestloop\n    item.config.hook.pytest_runtest_protocol(item=item, nextitem=nextitem)\n  File "C:\\Users\\VIDYANKSHINI\\AppData\\Local\\Programs\\Python\\Python313\\Lib\\site-packages\\pluggy\\_hooks.py", line 512, in __call__\n    return self._hookexec(self.name, self._hookimpls.copy(), kwargs, firstresult)\n  File "C:\\Users\\VIDYANKSHINI\\AppData\\Local\\Programs\\Python\\Python313\\Lib\\site-packages\\pluggy\\_manager.py", line 120, in _hookexec\n    return self._inner_hookexec(hook_name, methods, kwargs, firstresult)\n  File "C:\\Users\\VIDYANKSHINI\\AppData\\Local\\Programs\\Python\\Python313\\Lib\\site-packages\\pluggy\\_callers.py", line 121, in _multicall\n    res = hook_impl.function(*args)\n  File "C:\\Users\\VIDYANKSHINI\\AppData\\Local\\Programs\\Python\\Python313\\Lib\\site-packages\\_pytest\\runner.py", line 118, in pytest_runtest_protocol\n    runtestprotocol(item, nextitem=nextitem)\n  File "C:\\Users\\VIDYANKSHINI\\AppData\\Local\\Programs\\Python\\Python313\\Lib\\site-packages\\_pytest\\runner.py", line 131, in runtestprotocol\n    rep = call_and_report(item, "setup", log)\n  File "C:\\Users\\VIDYANKSHINI\\AppData\\Local\\Programs\\Python\\Python313\\Lib\\site-packages\\_pytest\\runner.py", line 244, in call_and_report\n    call = CallInfo.from_call(\n  File "C:\\Users\\VIDYANKSHINI\\AppData\\Local\\Programs\\Python\\Python313\\Lib\\site-packages\\_pytest\\runner.py", line 353, in from_call\n    result: TResult | None = func()\n  File "C:\\Users\\VIDYANKSHINI\\AppData\\Local\\Programs\\Python\\Python313\\Lib\\site-packages\\_pytest\\runner.py", line 245, in <lambda>\n    lambda: runtest_hook(item=item, **kwds),\n  File "C:\\Users\\VIDYANKSHINI\\AppData\\Local\\Programs\\Python\\Python313\\Lib\\site-packages\\pluggy\\_hooks.py", line 512, in __call__\n    return self._hookexec(self.name, self._hookimpls.copy(), kwargs, firstresult)\n  File "C:\\Users\\VIDYANKSHINI\\AppData\\Local\\Programs\\Python\\Python313\\Lib\\site-packages\\pluggy\\_manager.py", line 120, in _hookexec\n    return self._inner_hookexec(hook_name, methods, kwargs, firstresult)\n  File "C:\\Users\\VIDYANKSHINI\\AppData\\Local\\Programs\\Python\\Python313\\Lib\\site-packages\\pluggy\\_callers.py", line 121, in _multicall\n    res = hook_impl.function(*args)\n  File "C:\\Users\\VIDYANKSHINI\\AppData\\Local\\Programs\\Python\\Python313\\Lib\\site-packages\\_pytest\\runner.py", line 165, in pytest_runtest_setup\n    item.session._setupstate.setup(item)\n  File "C:\\Users\\VIDYANKSHINI\\AppData\\Local\\Programs\\Python\\Python313\\Lib\\site-packages\\_pytest\\runner.py", line 523, in setup\n    col.setup()\n  File "C:\\Users\\VIDYANKSHINI\\AppData\\Local\\Programs\\Python\\Python313\\Lib\\site-packages\\_pytest\\python.py", line 1723, in setup\n    self._request._fillfixtures()\n  File "C:\\Users\\VIDYANKSHINI\\AppData\\Local\\Programs\\Python\\Python313\\Lib\\site-packages\\_pytest\\fixtures.py", line 707, in _fillfixtures\n    item.funcargs[argname] = self.getfixturevalue(argname)\n  File "C:\\Users\\VIDYANKSHINI\\AppData\\Local\\Programs\\Python\\Python313\\Lib\\site-packages\\_pytest\\fixtures.py", line 539, in getfixturevalue\n    fixturedef = self._get_active_fixturedef(argname)\n  File "C:\\Users\\VIDYANKSHINI\\AppData\\Local\\Programs\\Python\\Python313\\Lib\\site-packages\\_pytest\\fixtures.py", line 627, in _get_active_fixturedef\n    fixturedef.execute(request=subrequest)\n  File "C:\\Users\\VIDYANKSHINI\\AppData\\Local\\Programs\\Python\\Python313\\Lib\\site-packages\\_pytest\\fixtures.py", line 1110, in execute\n    result: FixtureValue = ihook.pytest_fixture_setup(\n  File "C:\\Users\\VIDYANKSHINI\\AppData\\Local\\Programs\\Python\\Python313\\Lib\\site-packages\\pluggy\\_hooks.py", line 512, in __call__\n    return self._hookexec(self.name, self._hookimpls.copy(), kwargs, firstresult)\n  File "C:\\Users\\VIDYANKSHINI\\AppData\\Local\\Programs\\Python\\Python313\\Lib\\site-packages\\pluggy\\_manager.py", line 120, in _hookexec\n    return self._inner_hookexec(hook_name, methods, kwargs, firstresult)\n  File "C:\\Users\\VIDYANKSHINI\\AppData\\Local\\Programs\\Python\\Python313\\Lib\\site-packages\\pluggy\\_callers.py", line 121, in _multicall\n    res = hook_impl.function(*args)\n  File "C:\\Users\\VIDYANKSHINI\\AppData\\Local\\Programs\\Python\\Python313\\Lib\\site-packages\\_pytest\\fixtures.py", line 1202, in pytest_fixture_setup\n    result = call_fixture_func(fixturefunc, request, kwargs)\n  File "C:\\Users\\VIDYANKSHINI\\AppData\\Local\\Programs\\Python\\Python313\\Lib\\site-packages\\_pytest\\fixtures.py", line 908, in call_fixture_func\n    fixture_result = next(generator)\n  File "C:\\Users\\VIDYANKSHINI\\Desktop\\project\\SecuScan\\testing\\backend\\conftest.py", line 57, in test_client\n    asyncio.run(setup())\n  File "C:\\Users\\VIDYANKSHINI\\AppData\\Local\\Programs\\Python\\Python313\\Lib\\asyncio\\runners.py", line 195, in run\n    return runner.run(main)\n  File "C:\\Users\\VIDYANKSHINI\\AppData\\Local\\Programs\\Python\\Python313\\Lib\\asyncio\\runners.py", line 118, in run\n    return self._loop.run_until_complete(task)\n  File "C:\\Users\\VIDYANKSHINI\\AppData\\Local\\Programs\\Python\\Python313\\Lib\\asyncio\\base_events.py", line 712, in run_until_complete\n    self.run_forever()\n  File "C:\\Users\\VIDYANKSHINI\\AppData\\Local\\Programs\\Python\\Python313\\Lib\\asyncio\\base_events.py", line 683, in run_forever\n    self._run_once()\n  File "C:\\Users\\VIDYANKSHINI\\AppData\\Local\\Programs\\Python\\Python313\\Lib\\asyncio\\base_events.py", line 2040, in _run_once\n    handle._run()\n  File "C:\\Users\\VIDYANKSHINI\\AppData\\Local\\Programs\\Python\\Python313\\Lib\\asyncio\\events.py", line 89, in _run\n    self._context.run(self._callback, *self._args)\n  File "C:\\Users\\VIDYANKSHINI\\Desktop\\project\\SecuScan\\testing\\backend\\conftest.py", line 55, in setup\n    await init_plugins(settings.plugins_dir)\n  File "C:\\Users\\VIDYANKSHINI\\Desktop\\project\\SecuScan\\backend\\secuscan\\plugins.py", line 382, in init_plugins\n    await plugin_manager.load_plugins()\n  File "C:\\Users\\VIDYANKSHINI\\Desktop\\project\\SecuScan\\backend\\secuscan\\plugins.py", line 59, in load_plugins\n    logger.info(f"\u2713 Loaded plugin: {plugin_meta.name} v{plugin_meta.version}")\nMessage: '\u2713 Loaded plugin: Payload Fuzzer v1.0.0'\nArguments: ()\n--- Logging error ---\nTraceback (most recent call last):\n  File "C:\\Users\\VIDYANKSHINI\\AppData\\Local\\Programs\\Python\\Python313\\Lib\\logging\\__init__.py", line 1153, in emit\n    stream.write(msg + self.terminator)\n    ~~~~~~~~~~~~^^^^^^^^^^^^^^^^^^^^^^^\n  File "C:\\Users\\VIDYANKSHINI\\AppData\\Local\\Programs\\Python\\Python313\\Lib\\encodings\\cp1252.py", line 19, in encode\n    return codecs.charmap_encode(input,self.errors,encoding_table)[0]\n           ~~~~~~~~~~~~~~~~~~~~~^^^^^^^^^^^^^^^^^^^^^^^^^^^^^^^^^^\nUnicodeEncodeError: 'charmap' codec can't encode character '\\u2713' in position 60: character maps to <undefined>\nCall stack:\n  File "<frozen runpy>", line 198, in _run_module_as_main\n  File "<frozen runpy>", line 88, in _run_code\n  File "C:\\Users\\VIDYANKSHINI\\AppData\\Local\\Programs\\Python\\Python313\\Scripts\\pytest.exe\\__main__.py", line 7, in <module>\n    sys.exit(console_main())\n  File "C:\\Users\\VIDYANKSHINI\\AppData\\Local\\Programs\\Python\\Python313\\Lib\\site-packages\\_pytest\\config\\__init__.py", line 223, in console_main\n    code = main()\n  File "C:\\Users\\VIDYANKSHINI\\AppData\\Local\\Programs\\Python\\Python313\\Lib\\site-packages\\_pytest\\config\\__init__.py", line 199, in main\n    ret: ExitCode | int = config.hook.pytest_cmdline_main(config=config)\n  File "C:\\Users\\VIDYANKSHINI\\AppData\\Local\\Programs\\Python\\Python313\\Lib\\site-packages\\pluggy\\_hooks.py", line 512, in __call__\n    return self._hookexec(self.name, self._hookimpls.copy(), kwargs, firstresult)\n  File "C:\\Users\\VIDYANKSHINI\\AppData\\Local\\Programs\\Python\\Python313\\Lib\\site-packages\\pluggy\\_manager.py", line 120, in _hookexec\n    return self._inner_hookexec(hook_name, methods, kwargs, firstresult)\n  File "C:\\Users\\VIDYANKSHINI\\AppData\\Local\\Programs\\Python\\Python313\\Lib\\site-packages\\pluggy\\_callers.py", line 121, in _multicall\n    res = hook_impl.function(*args)\n  File "C:\\Users\\VIDYANKSHINI\\AppData\\Local\\Programs\\Python\\Python313\\Lib\\site-packages\\_pytest\\main.py", line 365, in pytest_cmdline_main\n    return wrap_session(config, _main)\n  File "C:\\Users\\VIDYANKSHINI\\AppData\\Local\\Programs\\Python\\Python313\\Lib\\site-packages\\_pytest\\main.py", line 318, in wrap_session\n    session.exitstatus = doit(config, session) or 0\n  File "C:\\Users\\VIDYANKSHINI\\AppData\\Local\\Programs\\Python\\Python313\\Lib\\site-packages\\_pytest\\main.py", line 372, in _main\n    config.hook.pytest_runtestloop(session=session)\n  File "C:\\Users\\VIDYANKSHINI\\AppData\\Local\\Programs\\Python\\Python313\\Lib\\site-packages\\pluggy\\_hooks.py", line 512, in __call__\n    return self._hookexec(self.name, self._hookimpls.copy(), kwargs, firstresult)\n  File "C:\\Users\\VIDYANKSHINI\\AppData\\Local\\Programs\\Python\\Python313\\Lib\\site-packages\\pluggy\\_manager.py", line 120, in _hookexec\n    return self._inner_hookexec(hook_name, methods, kwargs, firstresult)\n  File "C:\\Users\\VIDYANKSHINI\\AppData\\Local\\Programs\\Python\\Python313\\Lib\\site-packages\\pluggy\\_callers.py", line 121, in _multicall\n    res = hook_impl.function(*args)\n  File "C:\\Users\\VIDYANKSHINI\\AppData\\Local\\Programs\\Python\\Python313\\Lib\\site-packages\\_pytest\\main.py", line 396, in pytest_runtestloop\n    item.config.hook.pytest_runtest_protocol(item=item, nextitem=nextitem)\n  File "C:\\Users\\VIDYANKSHINI\\AppData\\Local\\Programs\\Python\\Python313\\Lib\\site-packages\\pluggy\\_hooks.py", line 512, in __call__\n    return self._hookexec(self.name, self._hookimpls.copy(), kwargs, firstresult)\n  File "C:\\Users\\VIDYANKSHINI\\AppData\\Local\\Programs\\Python\\Python313\\Lib\\site-packages\\pluggy\\_manager.py", line 120, in _hookexec\n    return self._inner_hookexec(hook_name, methods, kwargs, firstresult)\n  File "C:\\Users\\VIDYANKSHINI\\AppData\\Local\\Programs\\Python\\Python313\\Lib\\site-packages\\pluggy\\_callers.py", line 121, in _multicall\n    res = hook_impl.function(*args)\n  File "C:\\Users\\VIDYANKSHINI\\AppData\\Local\\Programs\\Python\\Python313\\Lib\\site-packages\\_pytest\\runner.py", line 118, in pytest_runtest_protocol\n    runtestprotocol(item, nextitem=nextitem)\n  File "C:\\Users\\VIDYANKSHINI\\AppData\\Local\\Programs\\Python\\Python313\\Lib\\site-packages\\_pytest\\runner.py", line 131, in runtestprotocol\n    rep = call_and_report(item, "setup", log)\n  File "C:\\Users\\VIDYANKSHINI\\AppData\\Local\\Programs\\Python\\Python313\\Lib\\site-packages\\_pytest\\runner.py", line 244, in call_and_report\n    call = CallInfo.from_call(\n  File "C:\\Users\\VIDYANKSHINI\\AppData\\Local\\Programs\\Python\\Python313\\Lib\\site-packages\\_pytest\\runner.py", line 353, in from_call\n    result: TResult | None = func()\n  File "C:\\Users\\VIDYANKSHINI\\AppData\\Local\\Programs\\Python\\Python313\\Lib\\site-packages\\_pytest\\runner.py", line 245, in <lambda>\n    lambda: runtest_hook(item=item, **kwds),\n  File "C:\\Users\\VIDYANKSHINI\\AppData\\Local\\Programs\\Python\\Python313\\Lib\\site-packages\\pluggy\\_hooks.py", line 512, in __call__\n    return self._hookexec(self.name, self._hookimpls.copy(), kwargs, firstresult)\n  File "C:\\Users\\VIDYANKSHINI\\AppData\\Local\\Programs\\Python\\Python313\\Lib\\site-packages\\pluggy\\_manager.py", line 120, in _hookexec\n    return self._inner_hookexec(hook_name, methods, kwargs, firstresult)\n  File "C:\\Users\\VIDYANKSHINI\\AppData\\Local\\Programs\\Python\\Python313\\Lib\\site-packages\\pluggy\\_callers.py", line 121, in _multicall\n    res = hook_impl.function(*args)\n  File "C:\\Users\\VIDYANKSHINI\\AppData\\Local\\Programs\\Python\\Python313\\Lib\\site-packages\\_pytest\\runner.py", line 165, in pytest_runtest_setup\n    item.session._setupstate.setup(item)\n  File "C:\\Users\\VIDYANKSHINI\\AppData\\Local\\Programs\\Python\\Python313\\Lib\\site-packages\\_pytest\\runner.py", line 523, in setup\n    col.setup()\n  File "C:\\Users\\VIDYANKSHINI\\AppData\\Local\\Programs\\Python\\Python313\\Lib\\site-packages\\_pytest\\python.py", line 1723, in setup\n    self._request._fillfixtures()\n  File "C:\\Users\\VIDYANKSHINI\\AppData\\Local\\Programs\\Python\\Python313\\Lib\\site-packages\\_pytest\\fixtures.py", line 707, in _fillfixtures\n    item.funcargs[argname] = self.getfixturevalue(argname)\n  File "C:\\Users\\VIDYANKSHINI\\AppData\\Local\\Programs\\Python\\Python313\\Lib\\site-packages\\_pytest\\fixtures.py", line 539, in getfixturevalue\n    fixturedef = self._get_active_fixturedef(argname)\n  File "C:\\Users\\VIDYANKSHINI\\AppData\\Local\\Programs\\Python\\Python313\\Lib\\site-packages\\_pytest\\fixtures.py", line 627, in _get_active_fixturedef\n    fixturedef.execute(request=subrequest)\n  File "C:\\Users\\VIDYANKSHINI\\AppData\\Local\\Programs\\Python\\Python313\\Lib\\site-packages\\_pytest\\fixtures.py", line 1110, in execute\n    result: FixtureValue = ihook.pytest_fixture_setup(\n  File "C:\\Users\\VIDYANKSHINI\\AppData\\Local\\Programs\\Python\\Python313\\Lib\\site-packages\\pluggy\\_hooks.py", line 512, in __call__\n    return self._hookexec(self.name, self._hookimpls.copy(), kwargs, firstresult)\n  File "C:\\Users\\VIDYANKSHINI\\AppData\\Local\\Programs\\Python\\Python313\\Lib\\site-packages\\pluggy\\_manager.py", line 120, in _hookexec\n    return self._inner_hookexec(hook_name, methods, kwargs, firstresult)\n  File "C:\\Users\\VIDYANKSHINI\\AppData\\Local\\Programs\\Python\\Python313\\Lib\\site-packages\\pluggy\\_callers.py", line 121, in _multicall\n    res = hook_impl.function(*args)\n  File "C:\\Users\\VIDYANKSHINI\\AppData\\Local\\Programs\\Python\\Python313\\Lib\\site-packages\\_pytest\\fixtures.py", line 1202, in pytest_fixture_setup\n    result = call_fixture_func(fixturefunc, request, kwargs)\n  File "C:\\Users\\VIDYANKSHINI\\AppData\\Local\\Programs\\Python\\Python313\\Lib\\site-packages\\_pytest\\fixtures.py", line 908, in call_fixture_func\n    fixture_result = next(generator)\n  File "C:\\Users\\VIDYANKSHINI\\Desktop\\project\\SecuScan\\testing\\backend\\conftest.py", line 57, in test_client\n    asyncio.run(setup())\n  File "C:\\Users\\VIDYANKSHINI\\AppData\\Local\\Programs\\Python\\Python313\\Lib\\asyncio\\runners.py", line 195, in run\n    return runner.run(main)\n  File "C:\\Users\\VIDYANKSHINI\\AppData\\Local\\Programs\\Python\\Python313\\Lib\\asyncio\\runners.py", line 118, in run\n    return self._loop.run_until_complete(task)\n  File "C:\\Users\\VIDYANKSHINI\\AppData\\Local\\Programs\\Python\\Python313\\Lib\\asyncio\\base_events.py", line 712, in run_until_complete\n    self.run_forever()\n  File "C:\\Users\\VIDYANKSHINI\\AppData\\Local\\Programs\\Python\\Python313\\Lib\\asyncio\\base_events.py", line 683, in run_forever\n    self._run_once()\n  File "C:\\Users\\VIDYANKSHINI\\AppData\\Local\\Programs\\Python\\Python313\\Lib\\asyncio\\base_events.py", line 2040, in _run_once\n    handle._run()\n  File "C:\\Users\\VIDYANKSHINI\\AppData\\Local\\Programs\\Python\\Python313\\Lib\\asyncio\\events.py", line 89, in _run\n    self._context.run(self._callback, *self._args)\n  File "C:\\Users\\VIDYANKSHINI\\Desktop\\project\\SecuScan\\testing\\backend\\conftest.py", line 55, in setup\n    await init_plugins(settings.plugins_dir)\n  File "C:\\Users\\VIDYANKSHINI\\Desktop\\project\\SecuScan\\backend\\secuscan\\plugins.py", line 382, in init_plugins\n    await plugin_manager.load_plugins()\n  File "C:\\Users\\VIDYANKSHINI\\Desktop\\project\\SecuScan\\backend\\secuscan\\plugins.py", line 59, in load_plugins\n    logger.info(f"\u2713 Loaded plugin: {plugin_meta.name} v{plugin_meta.version}")\nMessage: '\u2713 Loaded plugin: Google Hacking v1.0.0'\nArguments: ()\n--- Logging error ---\nTraceback (most recent call last):\n  File "C:\\Users\\VIDYANKSHINI\\AppData\\Local\\Programs\\Python\\Python313\\Lib\\logging\\__init__.py", line 1153, in emit\n    stream.write(msg + self.terminator)\n    ~~~~~~~~~~~~^^^^^^^^^^^^^^^^^^^^^^^\n  File "C:\\Users\\VIDYANKSHINI\\AppData\\Local\\Programs\\Python\\Python313\\Lib\\encodings\\cp1252.py", line 19, in encode\n    return codecs.charmap_encode(input,self.errors,encoding_table)[0]\n           ~~~~~~~~~~~~~~~~~~~~~^^^^^^^^^^^^^^^^^^^^^^^^^^^^^^^^^^\nUnicodeEncodeError: 'charmap' codec can't encode character '\\u2713' in position 60: character maps to <undefined>\nCall stack:\n  File "<frozen runpy>", line 198, in _run_module_as_main\n  File "<frozen runpy>", line 88, in _run_code\n  File "C:\\Users\\VIDYANKSHINI\\AppData\\Local\\Programs\\Python\\Python313\\Scripts\\pytest.exe\\__main__.py", line 7, in <module>\n    sys.exit(console_main())\n  File "C:\\Users\\VIDYANKSHINI\\AppData\\Local\\Programs\\Python\\Python313\\Lib\\site-packages\\_pytest\\config\\__init__.py", line 223, in console_main\n    code = main()\n  File "C:\\Users\\VIDYANKSHINI\\AppData\\Local\\Programs\\Python\\Python313\\Lib\\site-packages\\_pytest\\config\\__init__.py", line 199, in main\n    ret: ExitCode | int = config.hook.pytest_cmdline_main(config=config)\n  File "C:\\Users\\VIDYANKSHINI\\AppData\\Local\\Programs\\Python\\Python313\\Lib\\site-packages\\pluggy\\_hooks.py", line 512, in __call__\n    return self._hookexec(self.name, self._hookimpls.copy(), kwargs, firstresult)\n  File "C:\\Users\\VIDYANKSHINI\\AppData\\Local\\Programs\\Python\\Python313\\Lib\\site-packages\\pluggy\\_manager.py", line 120, in _hookexec\n    return self._inner_hookexec(hook_name, methods, kwargs, firstresult)\n  File "C:\\Users\\VIDYANKSHINI\\AppData\\Local\\Programs\\Python\\Python313\\Lib\\site-packages\\pluggy\\_callers.py", line 121, in _multicall\n    res = hook_impl.function(*args)\n  File "C:\\Users\\VIDYANKSHINI\\AppData\\Local\\Programs\\Python\\Python313\\Lib\\site-packages\\_pytest\\main.py", line 365, in pytest_cmdline_main\n    return wrap_session(config, _main)\n  File "C:\\Users\\VIDYANKSHINI\\AppData\\Local\\Programs\\Python\\Python313\\Lib\\site-packages\\_pytest\\main.py", line 318, in wrap_session\n    session.exitstatus = doit(config, session) or 0\n  File "C:\\Users\\VIDYANKSHINI\\AppData\\Local\\Programs\\Python\\Python313\\Lib\\site-packages\\_pytest\\main.py", line 372, in _main\n    config.hook.pytest_runtestloop(session=session)\n  File "C:\\Users\\VIDYANKSHINI\\AppData\\Local\\Programs\\Python\\Python313\\Lib\\site-packages\\pluggy\\_hooks.py", line 512, in __call__\n    return self._hookexec(self.name, self._hookimpls.copy(), kwargs, firstresult)\n  File "C:\\Users\\VIDYANKSHINI\\AppData\\Local\\Programs\\Python\\Python313\\Lib\\site-packages\\pluggy\\_manager.py", line 120, in _hookexec\n    return self._inner_hookexec(hook_name, methods, kwargs, firstresult)\n  File "C:\\Users\\VIDYANKSHINI\\AppData\\Local\\Programs\\Python\\Python313\\Lib\\site-packages\\pluggy\\_callers.py", line 121, in _multicall\n    res = hook_impl.function(*args)\n  File "C:\\Users\\VIDYANKSHINI\\AppData\\Local\\Programs\\Python\\Python313\\Lib\\site-packages\\_pytest\\main.py", line 396, in pytest_runtestloop\n    item.config.hook.pytest_runtest_protocol(item=item, nextitem=nextitem)\n  File "C:\\Users\\VIDYANKSHINI\\AppData\\Local\\Programs\\Python\\Python313\\Lib\\site-packages\\pluggy\\_hooks.py", line 512, in __call__\n    return self._hookexec(self.name, self._hookimpls.copy(), kwargs, firstresult)\n  File "C:\\Users\\VIDYANKSHINI\\AppData\\Local\\Programs\\Python\\Python313\\Lib\\site-packages\\pluggy\\_manager.py", line 120, in _hookexec\n    return self._inner_hookexec(hook_name, methods, kwargs, firstresult)\n  File "C:\\Users\\VIDYANKSHINI\\AppData\\Local\\Programs\\Python\\Python313\\Lib\\site-packages\\pluggy\\_callers.py", line 121, in _multicall\n    res = hook_impl.function(*args)\n  File "C:\\Users\\VIDYANKSHINI\\AppData\\Local\\Programs\\Python\\Python313\\Lib\\site-packages\\_pytest\\runner.py", line 118, in pytest_runtest_protocol\n    runtestprotocol(item, nextitem=nextitem)\n  File "C:\\Users\\VIDYANKSHINI\\AppData\\Local\\Programs\\Python\\Python313\\Lib\\site-packages\\_pytest\\runner.py", line 131, in runtestprotocol\n    rep = call_and_report(item, "setup", log)\n  File "C:\\Users\\VIDYANKSHINI\\AppData\\Local\\Programs\\Python\\Python313\\Lib\\site-packages\\_pytest\\runner.py", line 244, in call_and_report\n    call = CallInfo.from_call(\n  File "C:\\Users\\VIDYANKSHINI\\AppData\\Local\\Programs\\Python\\Python313\\Lib\\site-packages\\_pytest\\runner.py", line 353, in from_call\n    result: TResult | None = func()\n  File "C:\\Users\\VIDYANKSHINI\\AppData\\Local\\Programs\\Python\\Python313\\Lib\\site-packages\\_pytest\\runner.py", line 245, in <lambda>\n    lambda: runtest_hook(item=item, **kwds),\n  File "C:\\Users\\VIDYANKSHINI\\AppData\\Local\\Programs\\Python\\Python313\\Lib\\site-packages\\pluggy\\_hooks.py", line 512, in __call__\n    return self._hookexec(self.name, self._hookimpls.copy(), kwargs, firstresult)\n  File "C:\\Users\\VIDYANKSHINI\\AppData\\Local\\Programs\\Python\\Python313\\Lib\\site-packages\\pluggy\\_manager.py", line 120, in _hookexec\n    return self._inner_hookexec(hook_name, methods, kwargs, firstresult)\n  File "C:\\Users\\VIDYANKSHINI\\AppData\\Local\\Programs\\Python\\Python313\\Lib\\site-packages\\pluggy\\_callers.py", line 121, in _multicall\n    res = hook_impl.function(*args)\n  File "C:\\Users\\VIDYANKSHINI\\AppData\\Local\\Programs\\Python\\Python313\\Lib\\site-packages\\_pytest\\runner.py", line 165, in pytest_runtest_setup\n    item.session._setupstate.setup(item)\n  File "C:\\Users\\VIDYANKSHINI\\AppData\\Local\\Programs\\Python\\Python313\\Lib\\site-packages\\_pytest\\runner.py", line 523, in setup\n    col.setup()\n  File "C:\\Users\\VIDYANKSHINI\\AppData\\Local\\Programs\\Python\\Python313\\Lib\\site-packages\\_pytest\\python.py", line 1723, in setup\n    self._request._fillfixtures()\n  File "C:\\Users\\VIDYANKSHINI\\AppData\\Local\\Programs\\Python\\Python313\\Lib\\site-packages\\_pytest\\fixtures.py", line 707, in _fillfixtures\n    item.funcargs[argname] = self.getfixturevalue(argname)\n  File "C:\\Users\\VIDYANKSHINI\\AppData\\Local\\Programs\\Python\\Python313\\Lib\\site-packages\\_pytest\\fixtures.py", line 539, in getfixturevalue\n    fixturedef = self._get_active_fixturedef(argname)\n  File "C:\\Users\\VIDYANKSHINI\\AppData\\Local\\Programs\\Python\\Python313\\Lib\\site-packages\\_pytest\\fixtures.py", line 627, in _get_active_fixturedef\n    fixturedef.execute(request=subrequest)\n  File "C:\\Users\\VIDYANKSHINI\\AppData\\Local\\Programs\\Python\\Python313\\Lib\\site-packages\\_pytest\\fixtures.py", line 1110, in execute\n    result: FixtureValue = ihook.pytest_fixture_setup(\n  File "C:\\Users\\VIDYANKSHINI\\AppData\\Local\\Programs\\Python\\Python313\\Lib\\site-packages\\pluggy\\_hooks.py", line 512, in __call__\n    return self._hookexec(self.name, self._hookimpls.copy(), kwargs, firstresult)\n  File "C:\\Users\\VIDYANKSHINI\\AppData\\Local\\Programs\\Python\\Python313\\Lib\\site-packages\\pluggy\\_manager.py", line 120, in _hookexec\n    return self._inner_hookexec(hook_name, methods, kwargs, firstresult)\n  File "C:\\Users\\VIDYANKSHINI\\AppData\\Local\\Programs\\Python\\Python313\\Lib\\site-packages\\pluggy\\_callers.py", line 121, in _multicall\n    res = hook_impl.function(*args)\n  File "C:\\Users\\VIDYANKSHINI\\AppData\\Local\\Programs\\Python\\Python313\\Lib\\site-packages\\_pytest\\fixtures.py", line 1202, in pytest_fixture_setup\n    result = call_fixture_func(fixturefunc, request, kwargs)\n  File "C:\\Users\\VIDYANKSHINI\\AppData\\Local\\Programs\\Python\\Python313\\Lib\\site-packages\\_pytest\\fixtures.py", line 908, in call_fixture_func\n    fixture_result = next(generator)\n  File "C:\\Users\\VIDYANKSHINI\\Desktop\\project\\SecuScan\\testing\\backend\\conftest.py", line 57, in test_client\n    asyncio.run(setup())\n  File "C:\\Users\\VIDYANKSHINI\\AppData\\Local\\Programs\\Python\\Python313\\Lib\\asyncio\\runners.py", line 195, in run\n    return runner.run(main)\n  File "C:\\Users\\VIDYANKSHINI\\AppData\\Local\\Programs\\Python\\Python313\\Lib\\asyncio\\runners.py", line 118, in run\n    return self._loop.run_until_complete(task)\n  File "C:\\Users\\VIDYANKSHINI\\AppData\\Local\\Programs\\Python\\Python313\\Lib\\asyncio\\base_events.py", line 712, in run_until_complete\n    self.run_forever()\n  File "C:\\Users\\VIDYANKSHINI\\AppData\\Local\\Programs\\Python\\Python313\\Lib\\asyncio\\base_events.py", line 683, in run_forever\n    self._run_once()\n  File "C:\\Users\\VIDYANKSHINI\\AppData\\Local\\Programs\\Python\\Python313\\Lib\\asyncio\\base_events.py", line 2040, in _run_once\n    handle._run()\n  File "C:\\Users\\VIDYANKSHINI\\AppData\\Local\\Programs\\Python\\Python313\\Lib\\asyncio\\events.py", line 89, in _run\n    self._context.run(self._callback, *self._args)\n  File "C:\\Users\\VIDYANKSHINI\\Desktop\\project\\SecuScan\\testing\\backend\\conftest.py", line 55, in setup\n    await init_plugins(settings.plugins_dir)\n  File "C:\\Users\\VIDYANKSHINI\\Desktop\\project\\SecuScan\\backend\\secuscan\\plugins.py", line 382, in init_plugins\n    await plugin_manager.load_plugins()\n  File "C:\\Users\\VIDYANKSHINI\\Desktop\\project\\SecuScan\\backend\\secuscan\\plugins.py", line 59, in load_plugins\n    logger.info(f"\u2713 Loaded plugin: {plugin_meta.name} v{plugin_meta.version}")\nMessage: '\u2713 Loaded plugin: Password Recovery Audit v1.0.0'\nArguments: ()\n--- Logging error ---\nTraceback (most recent call last):\n  File "C:\\Users\\VIDYANKSHINI\\AppData\\Local\\Programs\\Python\\Python313\\Lib\\logging\\__init__.py", line 1153, in emit\n    stream.write(msg + self.terminator)\n    ~~~~~~~~~~~~^^^^^^^^^^^^^^^^^^^^^^^\n  File "C:\\Users\\VIDYANKSHINI\\AppData\\Local\\Programs\\Python\\Python313\\Lib\\encodings\\cp1252.py", line 19, in encode\n    return codecs.charmap_encode(input,self.errors,encoding_table)[0]\n           ~~~~~~~~~~~~~~~~~~~~~^^^^^^^^^^^^^^^^^^^^^^^^^^^^^^^^^^\nUnicodeEncodeError: 'charmap' codec can't encode character '\\u2713' in position 60: character maps to <undefined>\nCall stack:\n  File "<frozen runpy>", line 198, in _run_module_as_main\n  File "<frozen runpy>", line 88, in _run_code\n  File "C:\\Users\\VIDYANKSHINI\\AppData\\Local\\Programs\\Python\\Python313\\Scripts\\pytest.exe\\__main__.py", line 7, in <module>\n    sys.exit(console_main())\n  File "C:\\Users\\VIDYANKSHINI\\AppData\\Local\\Programs\\Python\\Python313\\Lib\\site-packages\\_pytest\\config\\__init__.py", line 223, in console_main\n    code = main()\n  File "C:\\Users\\VIDYANKSHINI\\AppData\\Local\\Programs\\Python\\Python313\\Lib\\site-packages\\_pytest\\config\\__init__.py", line 199, in main\n    ret: ExitCode | int = config.hook.pytest_cmdline_main(config=config)\n  File "C:\\Users\\VIDYANKSHINI\\AppData\\Local\\Programs\\Python\\Python313\\Lib\\site-packages\\pluggy\\_hooks.py", line 512, in __call__\n    return self._hookexec(self.name, self._hookimpls.copy(), kwargs, firstresult)\n  File "C:\\Users\\VIDYANKSHINI\\AppData\\Local\\Programs\\Python\\Python313\\Lib\\site-packages\\pluggy\\_manager.py", line 120, in _hookexec\n    return self._inner_hookexec(hook_name, methods, kwargs, firstresult)\n  File "C:\\Users\\VIDYANKSHINI\\AppData\\Local\\Programs\\Python\\Python313\\Lib\\site-packages\\pluggy\\_callers.py", line 121, in _multicall\n    res = hook_impl.function(*args)\n  File "C:\\Users\\VIDYANKSHINI\\AppData\\Local\\Programs\\Python\\Python313\\Lib\\site-packages\\_pytest\\main.py", line 365, in pytest_cmdline_main\n    return wrap_session(config, _main)\n  File "C:\\Users\\VIDYANKSHINI\\AppData\\Local\\Programs\\Python\\Python313\\Lib\\site-packages\\_pytest\\main.py", line 318, in wrap_session\n    session.exitstatus = doit(config, session) or 0\n  File "C:\\Users\\VIDYANKSHINI\\AppData\\Local\\Programs\\Python\\Python313\\Lib\\site-packages\\_pytest\\main.py", line 372, in _main\n    config.hook.pytest_runtestloop(session=session)\n  File "C:\\Users\\VIDYANKSHINI\\AppData\\Local\\Programs\\Python\\Python313\\Lib\\site-packages\\pluggy\\_hooks.py", line 512, in __call__\n    return self._hookexec(self.name, self._hookimpls.copy(), kwargs, firstresult)\n  File "C:\\Users\\VIDYANKSHINI\\AppData\\Local\\Programs\\Python\\Python313\\Lib\\site-packages\\pluggy\\_manager.py", line 120, in _hookexec\n    return self._inner_hookexec(hook_name, methods, kwargs, firstresult)\n  File "C:\\Users\\VIDYANKSHINI\\AppData\\Local\\Programs\\Python\\Python313\\Lib\\site-packages\\pluggy\\_callers.py", line 121, in _multicall\n    res = hook_impl.function(*args)\n  File "C:\\Users\\VIDYANKSHINI\\AppData\\Local\\Programs\\Python\\Python313\\Lib\\site-packages\\_pytest\\main.py", line 396, in pytest_runtestloop\n    item.config.hook.pytest_runtest_protocol(item=item, nextitem=nextitem)\n  File "C:\\Users\\VIDYANKSHINI\\AppData\\Local\\Programs\\Python\\Python313\\Lib\\site-packages\\pluggy\\_hooks.py", line 512, in __call__\n    return self._hookexec(self.name, self._hookimpls.copy(), kwargs, firstresult)\n  File "C:\\Users\\VIDYANKSHINI\\AppData\\Local\\Programs\\Python\\Python313\\Lib\\site-packages\\pluggy\\_manager.py", line 120, in _hookexec\n    return self._inner_hookexec(hook_name, methods, kwargs, firstresult)\n  File "C:\\Users\\VIDYANKSHINI\\AppData\\Local\\Programs\\Python\\Python313\\Lib\\site-packages\\pluggy\\_callers.py", line 121, in _multicall\n    res = hook_impl.function(*args)\n  File "C:\\Users\\VIDYANKSHINI\\AppData\\Local\\Programs\\Python\\Python313\\Lib\\site-packages\\_pytest\\runner.py", line 118, in pytest_runtest_protocol\n    runtestprotocol(item, nextitem=nextitem)\n  File "C:\\Users\\VIDYANKSHINI\\AppData\\Local\\Programs\\Python\\Python313\\Lib\\site-packages\\_pytest\\runner.py", line 131, in runtestprotocol\n    rep = call_and_report(item, "setup", log)\n  File "C:\\Users\\VIDYANKSHINI\\AppData\\Local\\Programs\\Python\\Python313\\Lib\\site-packages\\_pytest\\runner.py", line 244, in call_and_report\n    call = CallInfo.from_call(\n  File "C:\\Users\\VIDYANKSHINI\\AppData\\Local\\Programs\\Python\\Python313\\Lib\\site-packages\\_pytest\\runner.py", line 353, in from_call\n    result: TResult | None = func()\n  File "C:\\Users\\VIDYANKSHINI\\AppData\\Local\\Programs\\Python\\Python313\\Lib\\site-packages\\_pytest\\runner.py", line 245, in <lambda>\n    lambda: runtest_hook(item=item, **kwds),\n  File "C:\\Users\\VIDYANKSHINI\\AppData\\Local\\Programs\\Python\\Python313\\Lib\\site-packages\\pluggy\\_hooks.py", line 512, in __call__\n    return self._hookexec(self.name, self._hookimpls.copy(), kwargs, firstresult)\n  File "C:\\Users\\VIDYANKSHINI\\AppData\\Local\\Programs\\Python\\Python313\\Lib\\site-packages\\pluggy\\_manager.py", line 120, in _hookexec\n    return self._inner_hookexec(hook_name, methods, kwargs, firstresult)\n  File "C:\\Users\\VIDYANKSHINI\\AppData\\Local\\Programs\\Python\\Python313\\Lib\\site-packages\\pluggy\\_callers.py", line 121, in _multicall\n    res = hook_impl.function(*args)\n  File "C:\\Users\\VIDYANKSHINI\\AppData\\Local\\Programs\\Python\\Python313\\Lib\\site-packages\\_pytest\\runner.py", line 165, in pytest_runtest_setup\n    item.session._setupstate.setup(item)\n  File "C:\\Users\\VIDYANKSHINI\\AppData\\Local\\Programs\\Python\\Python313\\Lib\\site-packages\\_pytest\\runner.py", line 523, in setup\n    col.setup()\n  File "C:\\Users\\VIDYANKSHINI\\AppData\\Local\\Programs\\Python\\Python313\\Lib\\site-packages\\_pytest\\python.py", line 1723, in setup\n    self._request._fillfixtures()\n  File "C:\\Users\\VIDYANKSHINI\\AppData\\Local\\Programs\\Python\\Python313\\Lib\\site-packages\\_pytest\\fixtures.py", line 707, in _fillfixtures\n    item.funcargs[argname] = self.getfixturevalue(argname)\n  File "C:\\Users\\VIDYANKSHINI\\AppData\\Local\\Programs\\Python\\Python313\\Lib\\site-packages\\_pytest\\fixtures.py", line 539, in getfixturevalue\n    fixturedef = self._get_active_fixturedef(argname)\n  File "C:\\Users\\VIDYANKSHINI\\AppData\\Local\\Programs\\Python\\Python313\\Lib\\site-packages\\_pytest\\fixtures.py", line 627, in _get_active_fixturedef\n    fixturedef.execute(request=subrequest)\n  File "C:\\Users\\VIDYANKSHINI\\AppData\\Local\\Programs\\Python\\Python313\\Lib\\site-packages\\_pytest\\fixtures.py", line 1110, in execute\n    result: FixtureValue = ihook.pytest_fixture_setup(\n  File "C:\\Users\\VIDYANKSHINI\\AppData\\Local\\Programs\\Python\\Python313\\Lib\\site-packages\\pluggy\\_hooks.py", line 512, in __call__\n    return self._hookexec(self.name, self._hookimpls.copy(), kwargs, firstresult)\n  File "C:\\Users\\VIDYANKSHINI\\AppData\\Local\\Programs\\Python\\Python313\\Lib\\site-packages\\pluggy\\_manager.py", line 120, in _hookexec\n    return self._inner_hookexec(hook_name, methods, kwargs, firstresult)\n  File "C:\\Users\\VIDYANKSHINI\\AppData\\Local\\Programs\\Python\\Python313\\Lib\\site-packages\\pluggy\\_callers.py", line 121, in _multicall\n    res = hook_impl.function(*args)\n  File "C:\\Users\\VIDYANKSHINI\\AppData\\Local\\Programs\\Python\\Python313\\Lib\\site-packages\\_pytest\\fixtures.py", line 1202, in pytest_fixture_setup\n    result = call_fixture_func(fixturefunc, request, kwargs)\n  File "C:\\Users\\VIDYANKSHINI\\AppData\\Local\\Programs\\Python\\Python313\\Lib\\site-packages\\_pytest\\fixtures.py", line 908, in call_fixture_func\n    fixture_result = next(generator)\n  File "C:\\Users\\VIDYANKSHINI\\Desktop\\project\\SecuScan\\testing\\backend\\conftest.py", line 57, in test_client\n    asyncio.run(setup())\n  File "C:\\Users\\VIDYANKSHINI\\AppData\\Local\\Programs\\Python\\Python313\\Lib\\asyncio\\runners.py", line 195, in run\n    return runner.run(main)\n  File "C:\\Users\\VIDYANKSHINI\\AppData\\Local\\Programs\\Python\\Python313\\Lib\\asyncio\\runners.py", line 118, in run\n    return self._loop.run_until_complete(task)\n  File "C:\\Users\\VIDYANKSHINI\\AppData\\Local\\Programs\\Python\\Python313\\Lib\\asyncio\\base_events.py", line 712, in run_until_complete\n    self.run_forever()\n  File "C:\\Users\\VIDYANKSHINI\\AppData\\Local\\Programs\\Python\\Python313\\Lib\\asyncio\\base_events.py", line 683, in run_forever\n    self._run_once()\n  File "C:\\Users\\VIDYANKSHINI\\AppData\\Local\\Programs\\Python\\Python313\\Lib\\asyncio\\base_events.py", line 2040, in _run_once\n    handle._run()\n  File "C:\\Users\\VIDYANKSHINI\\AppData\\Local\\Programs\\Python\\Python313\\Lib\\asyncio\\events.py", line 89, in _run\n    self._context.run(self._callback, *self._args)\n  File "C:\\Users\\VIDYANKSHINI\\Desktop\\project\\SecuScan\\testing\\backend\\conftest.py", line 55, in setup\n    await init_plugins(settings.plugins_dir)\n  File "C:\\Users\\VIDYANKSHINI\\Desktop\\project\\SecuScan\\backend\\secuscan\\plugins.py", line 382, in init_plugins\n    await plugin_manager.load_plugins()\n  File "C:\\Users\\VIDYANKSHINI\\Desktop\\project\\SecuScan\\backend\\secuscan\\plugins.py", line 59, in load_plugins\n    logger.info(f"\u2713 Loaded plugin: {plugin_meta.name} v{plugin_meta.version}")\nMessage: '\u2713 Loaded plugin: httpx v1.0.0'\nArguments: ()\n--- Logging error ---\nTraceback (most recent call last):\n  File "C:\\Users\\VIDYANKSHINI\\AppData\\Local\\Programs\\Python\\Python313\\Lib\\logging\\__init__.py", line 1153, in emit\n    stream.write(msg + self.terminator)\n    ~~~~~~~~~~~~^^^^^^^^^^^^^^^^^^^^^^^\n  File "C:\\Users\\VIDYANKSHINI\\AppData\\Local\\Programs\\Python\\Python313\\Lib\\encodings\\cp1252.py", line 19, in encode\n    return codecs.charmap_encode(input,self.errors,encoding_table)[0]\n           ~~~~~~~~~~~~~~~~~~~~~^^^^^^^^^^^^^^^^^^^^^^^^^^^^^^^^^^\nUnicodeEncodeError: 'charmap' codec can't encode character '\\u2713' in position 60: character maps to <undefined>\nCall stack:\n  File "<frozen runpy>", line 198, in _run_module_as_main\n  File "<frozen runpy>", line 88, in _run_code\n  File "C:\\Users\\VIDYANKSHINI\\AppData\\Local\\Programs\\Python\\Python313\\Scripts\\pytest.exe\\__main__.py", line 7, in <module>\n    sys.exit(console_main())\n  File "C:\\Users\\VIDYANKSHINI\\AppData\\Local\\Programs\\Python\\Python313\\Lib\\site-packages\\_pytest\\config\\__init__.py", line 223, in console_main\n    code = main()\n  File "C:\\Users\\VIDYANKSHINI\\AppData\\Local\\Programs\\Python\\Python313\\Lib\\site-packages\\_pytest\\config\\__init__.py", line 199, in main\n    ret: ExitCode | int = config.hook.pytest_cmdline_main(config=config)\n  File "C:\\Users\\VIDYANKSHINI\\AppData\\Local\\Programs\\Python\\Python313\\Lib\\site-packages\\pluggy\\_hooks.py", line 512, in __call__\n    return self._hookexec(self.name, self._hookimpls.copy(), kwargs, firstresult)\n  File "C:\\Users\\VIDYANKSHINI\\AppData\\Local\\Programs\\Python\\Python313\\Lib\\site-packages\\pluggy\\_manager.py", line 120, in _hookexec\n    return self._inner_hookexec(hook_name, methods, kwargs, firstresult)\n  File "C:\\Users\\VIDYANKSHINI\\AppData\\Local\\Programs\\Python\\Python313\\Lib\\site-packages\\pluggy\\_callers.py", line 121, in _multicall\n    res = hook_impl.function(*args)\n  File "C:\\Users\\VIDYANKSHINI\\AppData\\Local\\Programs\\Python\\Python313\\Lib\\site-packages\\_pytest\\main.py", line 365, in pytest_cmdline_main\n    return wrap_session(config, _main)\n  File "C:\\Users\\VIDYANKSHINI\\AppData\\Local\\Programs\\Python\\Python313\\Lib\\site-packages\\_pytest\\main.py", line 318, in wrap_session\n    session.exitstatus = doit(config, session) or 0\n  File "C:\\Users\\VIDYANKSHINI\\AppData\\Local\\Programs\\Python\\Python313\\Lib\\site-packages\\_pytest\\main.py", line 372, in _main\n    config.hook.pytest_runtestloop(session=session)\n  File "C:\\Users\\VIDYANKSHINI\\AppData\\Local\\Programs\\Python\\Python313\\Lib\\site-packages\\pluggy\\_hooks.py", line 512, in __call__\n    return self._hookexec(self.name, self._hookimpls.copy(), kwargs, firstresult)\n  File "C:\\Users\\VIDYANKSHINI\\AppData\\Local\\Programs\\Python\\Python313\\Lib\\site-packages\\pluggy\\_manager.py", line 120, in _hookexec\n    return self._inner_hookexec(hook_name, methods, kwargs, firstresult)\n  File "C:\\Users\\VIDYANKSHINI\\AppData\\Local\\Programs\\Python\\Python313\\Lib\\site-packages\\pluggy\\_callers.py", line 121, in _multicall\n    res = hook_impl.function(*args)\n  File "C:\\Users\\VIDYANKSHINI\\AppData\\Local\\Programs\\Python\\Python313\\Lib\\site-packages\\_pytest\\main.py", line 396, in pytest_runtestloop\n    item.config.hook.pytest_runtest_protocol(item=item, nextitem=nextitem)\n  File "C:\\Users\\VIDYANKSHINI\\AppData\\Local\\Programs\\Python\\Python313\\Lib\\site-packages\\pluggy\\_hooks.py", line 512, in __call__\n    return self._hookexec(self.name, self._hookimpls.copy(), kwargs, firstresult)\n  File "C:\\Users\\VIDYANKSHINI\\AppData\\Local\\Programs\\Python\\Python313\\Lib\\site-packages\\pluggy\\_manager.py", line 120, in _hookexec\n    return self._inner_hookexec(hook_name, methods, kwargs, firstresult)\n  File "C:\\Users\\VIDYANKSHINI\\AppData\\Local\\Programs\\Python\\Python313\\Lib\\site-packages\\pluggy\\_callers.py", line 121, in _multicall\n    res = hook_impl.function(*args)\n  File "C:\\Users\\VIDYANKSHINI\\AppData\\Local\\Programs\\Python\\Python313\\Lib\\site-packages\\_pytest\\runner.py", line 118, in pytest_runtest_protocol\n    runtestprotocol(item, nextitem=nextitem)\n  File "C:\\Users\\VIDYANKSHINI\\AppData\\Local\\Programs\\Python\\Python313\\Lib\\site-packages\\_pytest\\runner.py", line 131, in runtestprotocol\n    rep = call_and_report(item, "setup", log)\n  File "C:\\Users\\VIDYANKSHINI\\AppData\\Local\\Programs\\Python\\Python313\\Lib\\site-packages\\_pytest\\runner.py", line 244, in call_and_report\n    call = CallInfo.from_call(\n  File "C:\\Users\\VIDYANKSHINI\\AppData\\Local\\Programs\\Python\\Python313\\Lib\\site-packages\\_pytest\\runner.py", line 353, in from_call\n    result: TResult | None = func()\n  File "C:\\Users\\VIDYANKSHINI\\AppData\\Local\\Programs\\Python\\Python313\\Lib\\site-packages\\_pytest\\runner.py", line 245, in <lambda>\n    lambda: runtest_hook(item=item, **kwds),\n  File "C:\\Users\\VIDYANKSHINI\\AppData\\Local\\Programs\\Python\\Python313\\Lib\\site-packages\\pluggy\\_hooks.py", line 512, in __call__\n    return self._hookexec(self.name, self._hookimpls.copy(), kwargs, firstresult)\n  File "C:\\Users\\VIDYANKSHINI\\AppData\\Local\\Programs\\Python\\Python313\\Lib\\site-packages\\pluggy\\_manager.py", line 120, in _hookexec\n    return self._inner_hookexec(hook_name, methods, kwargs, firstresult)\n  File "C:\\Users\\VIDYANKSHINI\\AppData\\Local\\Programs\\Python\\Python313\\Lib\\site-packages\\pluggy\\_callers.py", line 121, in _multicall\n    res = hook_impl.function(*args)\n  File "C:\\Users\\VIDYANKSHINI\\AppData\\Local\\Programs\\Python\\Python313\\Lib\\site-packages\\_pytest\\runner.py", line 165, in pytest_runtest_setup\n    item.session._setupstate.setup(item)\n  File "C:\\Users\\VIDYANKSHINI\\AppData\\Local\\Programs\\Python\\Python313\\Lib\\site-packages\\_pytest\\runner.py", line 523, in setup\n    col.setup()\n  File "C:\\Users\\VIDYANKSHINI\\AppData\\Local\\Programs\\Python\\Python313\\Lib\\site-packages\\_pytest\\python.py", line 1723, in setup\n    self._request._fillfixtures()\n  File "C:\\Users\\VIDYANKSHINI\\AppData\\Local\\Programs\\Python\\Python313\\Lib\\site-packages\\_pytest\\fixtures.py", line 707, in _fillfixtures\n    item.funcargs[argname] = self.getfixturevalue(argname)\n  File "C:\\Users\\VIDYANKSHINI\\AppData\\Local\\Programs\\Python\\Python313\\Lib\\site-packages\\_pytest\\fixtures.py", line 539, in getfixturevalue\n    fixturedef = self._get_active_fixturedef(argname)\n  File "C:\\Users\\VIDYANKSHINI\\AppData\\Local\\Programs\\Python\\Python313\\Lib\\site-packages\\_pytest\\fixtures.py", line 627, in _get_active_fixturedef\n    fixturedef.execute(request=subrequest)\n  File "C:\\Users\\VIDYANKSHINI\\AppData\\Local\\Programs\\Python\\Python313\\Lib\\site-packages\\_pytest\\fixtures.py", line 1110, in execute\n    result: FixtureValue = ihook.pytest_fixture_setup(\n  File "C:\\Users\\VIDYANKSHINI\\AppData\\Local\\Programs\\Python\\Python313\\Lib\\site-packages\\pluggy\\_hooks.py", line 512, in __call__\n    return self._hookexec(self.name, self._hookimpls.copy(), kwargs, firstresult)\n  File "C:\\Users\\VIDYANKSHINI\\AppData\\Local\\Programs\\Python\\Python313\\Lib\\site-packages\\pluggy\\_manager.py", line 120, in _hookexec\n    return self._inner_hookexec(hook_name, methods, kwargs, firstresult)\n  File "C:\\Users\\VIDYANKSHINI\\AppData\\Local\\Programs\\Python\\Python313\\Lib\\site-packages\\pluggy\\_callers.py", line 121, in _multicall\n    res = hook_impl.function(*args)\n  File "C:\\Users\\VIDYANKSHINI\\AppData\\Local\\Programs\\Python\\Python313\\Lib\\site-packages\\_pytest\\fixtures.py", line 1202, in pytest_fixture_setup\n    result = call_fixture_func(fixturefunc, request, kwargs)\n  File "C:\\Users\\VIDYANKSHINI\\AppData\\Local\\Programs\\Python\\Python313\\Lib\\site-packages\\_pytest\\fixtures.py", line 908, in call_fixture_func\n    fixture_result = next(generator)\n  File "C:\\Users\\VIDYANKSHINI\\Desktop\\project\\SecuScan\\testing\\backend\\conftest.py", line 57, in test_client\n    asyncio.run(setup())\n  File "C:\\Users\\VIDYANKSHINI\\AppData\\Local\\Programs\\Python\\Python313\\Lib\\asyncio\\runners.py", line 195, in run\n    return runner.run(main)\n  File "C:\\Users\\VIDYANKSHINI\\AppData\\Local\\Programs\\Python\\Python313\\Lib\\asyncio\\runners.py", line 118, in run\n    return self._loop.run_until_complete(task)\n  File "C:\\Users\\VIDYANKSHINI\\AppData\\Local\\Programs\\Python\\Python313\\Lib\\asyncio\\base_events.py", line 712, in run_until_complete\n    self.run_forever()\n  File "C:\\Users\\VIDYANKSHINI\\AppData\\Local\\Programs\\Python\\Python313\\Lib\\asyncio\\base_events.py", line 683, in run_forever\n    self._run_once()\n  File "C:\\Users\\VIDYANKSHINI\\AppData\\Local\\Programs\\Python\\Python313\\Lib\\asyncio\\base_events.py", line 2040, in _run_once\n    handle._run()\n  File "C:\\Users\\VIDYANKSHINI\\AppData\\Local\\Programs\\Python\\Python313\\Lib\\asyncio\\events.py", line 89, in _run\n    self._context.run(self._callback, *self._args)\n  File "C:\\Users\\VIDYANKSHINI\\Desktop\\project\\SecuScan\\testing\\backend\\conftest.py", line 55, in setup\n    await init_plugins(settings.plugins_dir)\n  File "C:\\Users\\VIDYANKSHINI\\Desktop\\project\\SecuScan\\backend\\secuscan\\plugins.py", line 382, in init_plugins\n    await plugin_manager.load_plugins()\n  File "C:\\Users\\VIDYANKSHINI\\Desktop\\project\\SecuScan\\backend\\secuscan\\plugins.py", line 59, in load_plugins\n    logger.info(f"\u2713 Loaded plugin: {plugin_meta.name} v{plugin_meta.version}")\nMessage: '\u2713 Loaded plugin: HTTP Inspector v1.0.0'\nArguments: ()\n--- Logging error ---\nTraceback (most recent call last):\n  File "C:\\Users\\VIDYANKSHINI\\AppData\\Local\\Programs\\Python\\Python313\\Lib\\logging\\__init__.py", line 1153, in emit\n    stream.write(msg + self.terminator)\n    ~~~~~~~~~~~~^^^^^^^^^^^^^^^^^^^^^^^\n  File "C:\\Users\\VIDYANKSHINI\\AppData\\Local\\Programs\\Python\\Python313\\Lib\\encodings\\cp1252.py", line 19, in encode\n    return codecs.charmap_encode(input,self.errors,encoding_table)[0]\n           ~~~~~~~~~~~~~~~~~~~~~^^^^^^^^^^^^^^^^^^^^^^^^^^^^^^^^^^\nUnicodeEncodeError: 'charmap' codec can't encode character '\\u2713' in position 60: character maps to <undefined>\nCall stack:\n  File "<frozen runpy>", line 198, in _run_module_as_main\n  File "<frozen runpy>", line 88, in _run_code\n  File "C:\\Users\\VIDYANKSHINI\\AppData\\Local\\Programs\\Python\\Python313\\Scripts\\pytest.exe\\__main__.py", line 7, in <module>\n    sys.exit(console_main())\n  File "C:\\Users\\VIDYANKSHINI\\AppData\\Local\\Programs\\Python\\Python313\\Lib\\site-packages\\_pytest\\config\\__init__.py", line 223, in console_main\n    code = main()\n  File "C:\\Users\\VIDYANKSHINI\\AppData\\Local\\Programs\\Python\\Python313\\Lib\\site-packages\\_pytest\\config\\__init__.py", line 199, in main\n    ret: ExitCode | int = config.hook.pytest_cmdline_main(config=config)\n  File "C:\\Users\\VIDYANKSHINI\\AppData\\Local\\Programs\\Python\\Python313\\Lib\\site-packages\\pluggy\\_hooks.py", line 512, in __call__\n    return self._hookexec(self.name, self._hookimpls.copy(), kwargs, firstresult)\n  File "C:\\Users\\VIDYANKSHINI\\AppData\\Local\\Programs\\Python\\Python313\\Lib\\site-packages\\pluggy\\_manager.py", line 120, in _hookexec\n    return self._inner_hookexec(hook_name, methods, kwargs, firstresult)\n  File "C:\\Users\\VIDYANKSHINI\\AppData\\Local\\Programs\\Python\\Python313\\Lib\\site-packages\\pluggy\\_callers.py", line 121, in _multicall\n    res = hook_impl.function(*args)\n  File "C:\\Users\\VIDYANKSHINI\\AppData\\Local\\Programs\\Python\\Python313\\Lib\\site-packages\\_pytest\\main.py", line 365, in pytest_cmdline_main\n    return wrap_session(config, _main)\n  File "C:\\Users\\VIDYANKSHINI\\AppData\\Local\\Programs\\Python\\Python313\\Lib\\site-packages\\_pytest\\main.py", line 318, in wrap_session\n    session.exitstatus = doit(config, session) or 0\n  File "C:\\Users\\VIDYANKSHINI\\AppData\\Local\\Programs\\Python\\Python313\\Lib\\site-packages\\_pytest\\main.py", line 372, in _main\n    config.hook.pytest_runtestloop(session=session)\n  File "C:\\Users\\VIDYANKSHINI\\AppData\\Local\\Programs\\Python\\Python313\\Lib\\site-packages\\pluggy\\_hooks.py", line 512, in __call__\n    return self._hookexec(self.name, self._hookimpls.copy(), kwargs, firstresult)\n  File "C:\\Users\\VIDYANKSHINI\\AppData\\Local\\Programs\\Python\\Python313\\Lib\\site-packages\\pluggy\\_manager.py", line 120, in _hookexec\n    return self._inner_hookexec(hook_name, methods, kwargs, firstresult)\n  File "C:\\Users\\VIDYANKSHINI\\AppData\\Local\\Programs\\Python\\Python313\\Lib\\site-packages\\pluggy\\_callers.py", line 121, in _multicall\n    res = hook_impl.function(*args)\n  File "C:\\Users\\VIDYANKSHINI\\AppData\\Local\\Programs\\Python\\Python313\\Lib\\site-packages\\_pytest\\main.py", line 396, in pytest_runtestloop\n    item.config.hook.pytest_runtest_protocol(item=item, nextitem=nextitem)\n  File "C:\\Users\\VIDYANKSHINI\\AppData\\Local\\Programs\\Python\\Python313\\Lib\\site-packages\\pluggy\\_hooks.py", line 512, in __call__\n    return self._hookexec(self.name, self._hookimpls.copy(), kwargs, firstresult)\n  File "C:\\Users\\VIDYANKSHINI\\AppData\\Local\\Programs\\Python\\Python313\\Lib\\site-packages\\pluggy\\_manager.py", line 120, in _hookexec\n    return self._inner_hookexec(hook_name, methods, kwargs, firstresult)\n  File "C:\\Users\\VIDYANKSHINI\\AppData\\Local\\Programs\\Python\\Python313\\Lib\\site-packages\\pluggy\\_callers.py", line 121, in _multicall\n    res = hook_impl.function(*args)\n  File "C:\\Users\\VIDYANKSHINI\\AppData\\Local\\Programs\\Python\\Python313\\Lib\\site-packages\\_pytest\\runner.py", line 118, in pytest_runtest_protocol\n    runtestprotocol(item, nextitem=nextitem)\n  File "C:\\Users\\VIDYANKSHINI\\AppData\\Local\\Programs\\Python\\Python313\\Lib\\site-packages\\_pytest\\runner.py", line 131, in runtestprotocol\n    rep = call_and_report(item, "setup", log)\n  File "C:\\Users\\VIDYANKSHINI\\AppData\\Local\\Programs\\Python\\Python313\\Lib\\site-packages\\_pytest\\runner.py", line 244, in call_and_report\n    call = CallInfo.from_call(\n  File "C:\\Users\\VIDYANKSHINI\\AppData\\Local\\Programs\\Python\\Python313\\Lib\\site-packages\\_pytest\\runner.py", line 353, in from_call\n    result: TResult | None = func()\n  File "C:\\Users\\VIDYANKSHINI\\AppData\\Local\\Programs\\Python\\Python313\\Lib\\site-packages\\_pytest\\runner.py", line 245, in <lambda>\n    lambda: runtest_hook(item=item, **kwds),\n  File "C:\\Users\\VIDYANKSHINI\\AppData\\Local\\Programs\\Python\\Python313\\Lib\\site-packages\\pluggy\\_hooks.py", line 512, in __call__\n    return self._hookexec(self.name, self._hookimpls.copy(), kwargs, firstresult)\n  File "C:\\Users\\VIDYANKSHINI\\AppData\\Local\\Programs\\Python\\Python313\\Lib\\site-packages\\pluggy\\_manager.py", line 120, in _hookexec\n    return self._inner_hookexec(hook_name, methods, kwargs, firstresult)\n  File "C:\\Users\\VIDYANKSHINI\\AppData\\Local\\Programs\\Python\\Python313\\Lib\\site-packages\\pluggy\\_callers.py", line 121, in _multicall\n    res = hook_impl.function(*args)\n  File "C:\\Users\\VIDYANKSHINI\\AppData\\Local\\Programs\\Python\\Python313\\Lib\\site-packages\\_pytest\\runner.py", line 165, in pytest_runtest_setup\n    item.session._setupstate.setup(item)\n  File "C:\\Users\\VIDYANKSHINI\\AppData\\Local\\Programs\\Python\\Python313\\Lib\\site-packages\\_pytest\\runner.py", line 523, in setup\n    col.setup()\n  File "C:\\Users\\VIDYANKSHINI\\AppData\\Local\\Programs\\Python\\Python313\\Lib\\site-packages\\_pytest\\python.py", line 1723, in setup\n    self._request._fillfixtures()\n  File "C:\\Users\\VIDYANKSHINI\\AppData\\Local\\Programs\\Python\\Python313\\Lib\\site-packages\\_pytest\\fixtures.py", line 707, in _fillfixtures\n    item.funcargs[argname] = self.getfixturevalue(argname)\n  File "C:\\Users\\VIDYANKSHINI\\AppData\\Local\\Programs\\Python\\Python313\\Lib\\site-packages\\_pytest\\fixtures.py", line 539, in getfixturevalue\n    fixturedef = self._get_active_fixturedef(argname)\n  File "C:\\Users\\VIDYANKSHINI\\AppData\\Local\\Programs\\Python\\Python313\\Lib\\site-packages\\_pytest\\fixtures.py", line 627, in _get_active_fixturedef\n    fixturedef.execute(request=subrequest)\n  File "C:\\Users\\VIDYANKSHINI\\AppData\\Local\\Programs\\Python\\Python313\\Lib\\site-packages\\_pytest\\fixtures.py", line 1110, in execute\n    result: FixtureValue = ihook.pytest_fixture_setup(\n  File "C:\\Users\\VIDYANKSHINI\\AppData\\Local\\Programs\\Python\\Python313\\Lib\\site-packages\\pluggy\\_hooks.py", line 512, in __call__\n    return self._hookexec(self.name, self._hookimpls.copy(), kwargs, firstresult)\n  File "C:\\Users\\VIDYANKSHINI\\AppData\\Local\\Programs\\Python\\Python313\\Lib\\site-packages\\pluggy\\_manager.py", line 120, in _hookexec\n    return self._inner_hookexec(hook_name, methods, kwargs, firstresult)\n  File "C:\\Users\\VIDYANKSHINI\\AppData\\Local\\Programs\\Python\\Python313\\Lib\\site-packages\\pluggy\\_callers.py", line 121, in _multicall\n    res = hook_impl.function(*args)\n  File "C:\\Users\\VIDYANKSHINI\\AppData\\Local\\Programs\\Python\\Python313\\Lib\\site-packages\\_pytest\\fixtures.py", line 1202, in pytest_fixture_setup\n    result = call_fixture_func(fixturefunc, request, kwargs)\n  File "C:\\Users\\VIDYANKSHINI\\AppData\\Local\\Programs\\Python\\Python313\\Lib\\site-packages\\_pytest\\fixtures.py", line 908, in call_fixture_func\n    fixture_result = next(generator)\n  File "C:\\Users\\VIDYANKSHINI\\Desktop\\project\\SecuScan\\testing\\backend\\conftest.py", line 57, in test_client\n    asyncio.run(setup())\n  File "C:\\Users\\VIDYANKSHINI\\AppData\\Local\\Programs\\Python\\Python313\\Lib\\asyncio\\runners.py", line 195, in run\n    return runner.run(main)\n  File "C:\\Users\\VIDYANKSHINI\\AppData\\Local\\Programs\\Python\\Python313\\Lib\\asyncio\\runners.py", line 118, in run\n    return self._loop.run_until_complete(task)\n  File "C:\\Users\\VIDYANKSHINI\\AppData\\Local\\Programs\\Python\\Python313\\Lib\\asyncio\\base_events.py", line 712, in run_until_complete\n    self.run_forever()\n  File "C:\\Users\\VIDYANKSHINI\\AppData\\Local\\Programs\\Python\\Python313\\Lib\\asyncio\\base_events.py", line 683, in run_forever\n    self._run_once()\n  File "C:\\Users\\VIDYANKSHINI\\AppData\\Local\\Programs\\Python\\Python313\\Lib\\asyncio\\base_events.py", line 2040, in _run_once\n    handle._run()\n  File "C:\\Users\\VIDYANKSHINI\\AppData\\Local\\Programs\\Python\\Python313\\Lib\\asyncio\\events.py", line 89, in _run\n    self._context.run(self._callback, *self._args)\n  File "C:\\Users\\VIDYANKSHINI\\Desktop\\project\\SecuScan\\testing\\backend\\conftest.py", line 55, in setup\n    await init_plugins(settings.plugins_dir)\n  File "C:\\Users\\VIDYANKSHINI\\Desktop\\project\\SecuScan\\backend\\secuscan\\plugins.py", line 382, in init_plugins\n    await plugin_manager.load_plugins()\n  File "C:\\Users\\VIDYANKSHINI\\Desktop\\project\\SecuScan\\backend\\secuscan\\plugins.py", line 59, in load_plugins\n    logger.info(f"\u2713 Loaded plugin: {plugin_meta.name} v{plugin_meta.version}")\nMessage: '\u2713 Loaded plugin: HTTP Request Logger v1.0.0'\nArguments: ()\n--- Logging error ---\nTraceback (most recent call last):\n  File "C:\\Users\\VIDYANKSHINI\\AppData\\Local\\Programs\\Python\\Python313\\Lib\\logging\\__init__.py", line 1153, in emit\n    stream.write(msg + self.terminator)\n    ~~~~~~~~~~~~^^^^^^^^^^^^^^^^^^^^^^^\n  File "C:\\Users\\VIDYANKSHINI\\AppData\\Local\\Programs\\Python\\Python313\\Lib\\encodings\\cp1252.py", line 19, in encode\n    return codecs.charmap_encode(input,self.errors,encoding_table)[0]\n           ~~~~~~~~~~~~~~~~~~~~~^^^^^^^^^^^^^^^^^^^^^^^^^^^^^^^^^^\nUnicodeEncodeError: 'charmap' codec can't encode character '\\u2713' in position 60: character maps to <undefined>\nCall stack:\n  File "<frozen runpy>", line 198, in _run_module_as_main\n  File "<frozen runpy>", line 88, in _run_code\n  File "C:\\Users\\VIDYANKSHINI\\AppData\\Local\\Programs\\Python\\Python313\\Scripts\\pytest.exe\\__main__.py", line 7, in <module>\n    sys.exit(console_main())\n  File "C:\\Users\\VIDYANKSHINI\\AppData\\Local\\Programs\\Python\\Python313\\Lib\\site-packages\\_pytest\\config\\__init__.py", line 223, in console_main\n    code = main()\n  File "C:\\Users\\VIDYANKSHINI\\AppData\\Local\\Programs\\Python\\Python313\\Lib\\site-packages\\_pytest\\config\\__init__.py", line 199, in main\n    ret: ExitCode | int = config.hook.pytest_cmdline_main(config=config)\n  File "C:\\Users\\VIDYANKSHINI\\AppData\\Local\\Programs\\Python\\Python313\\Lib\\site-packages\\pluggy\\_hooks.py", line 512, in __call__\n    return self._hookexec(self.name, self._hookimpls.copy(), kwargs, firstresult)\n  File "C:\\Users\\VIDYANKSHINI\\AppData\\Local\\Programs\\Python\\Python313\\Lib\\site-packages\\pluggy\\_manager.py", line 120, in _hookexec\n    return self._inner_hookexec(hook_name, methods, kwargs, firstresult)\n  File "C:\\Users\\VIDYANKSHINI\\AppData\\Local\\Programs\\Python\\Python313\\Lib\\site-packages\\pluggy\\_callers.py", line 121, in _multicall\n    res = hook_impl.function(*args)\n  File "C:\\Users\\VIDYANKSHINI\\AppData\\Local\\Programs\\Python\\Python313\\Lib\\site-packages\\_pytest\\main.py", line 365, in pytest_cmdline_main\n    return wrap_session(config, _main)\n  File "C:\\Users\\VIDYANKSHINI\\AppData\\Local\\Programs\\Python\\Python313\\Lib\\site-packages\\_pytest\\main.py", line 318, in wrap_session\n    session.exitstatus = doit(config, session) or 0\n  File "C:\\Users\\VIDYANKSHINI\\AppData\\Local\\Programs\\Python\\Python313\\Lib\\site-packages\\_pytest\\main.py", line 372, in _main\n    config.hook.pytest_runtestloop(session=session)\n  File "C:\\Users\\VIDYANKSHINI\\AppData\\Local\\Programs\\Python\\Python313\\Lib\\site-packages\\pluggy\\_hooks.py", line 512, in __call__\n    return self._hookexec(self.name, self._hookimpls.copy(), kwargs, firstresult)\n  File "C:\\Users\\VIDYANKSHINI\\AppData\\Local\\Programs\\Python\\Python313\\Lib\\site-packages\\pluggy\\_manager.py", line 120, in _hookexec\n    return self._inner_hookexec(hook_name, methods, kwargs, firstresult)\n  File "C:\\Users\\VIDYANKSHINI\\AppData\\Local\\Programs\\Python\\Python313\\Lib\\site-packages\\pluggy\\_callers.py", line 121, in _multicall\n    res = hook_impl.function(*args)\n  File "C:\\Users\\VIDYANKSHINI\\AppData\\Local\\Programs\\Python\\Python313\\Lib\\site-packages\\_pytest\\main.py", line 396, in pytest_runtestloop\n    item.config.hook.pytest_runtest_protocol(item=item, nextitem=nextitem)\n  File "C:\\Users\\VIDYANKSHINI\\AppData\\Local\\Programs\\Python\\Python313\\Lib\\site-packages\\pluggy\\_hooks.py", line 512, in __call__\n    return self._hookexec(self.name, self._hookimpls.copy(), kwargs, firstresult)\n  File "C:\\Users\\VIDYANKSHINI\\AppData\\Local\\Programs\\Python\\Python313\\Lib\\site-packages\\pluggy\\_manager.py", line 120, in _hookexec\n    return self._inner_hookexec(hook_name, methods, kwargs, firstresult)\n  File "C:\\Users\\VIDYANKSHINI\\AppData\\Local\\Programs\\Python\\Python313\\Lib\\site-packages\\pluggy\\_callers.py", line 121, in _multicall\n    res = hook_impl.function(*args)\n  File "C:\\Users\\VIDYANKSHINI\\AppData\\Local\\Programs\\Python\\Python313\\Lib\\site-packages\\_pytest\\runner.py", line 118, in pytest_runtest_protocol\n    runtestprotocol(item, nextitem=nextitem)\n  File "C:\\Users\\VIDYANKSHINI\\AppData\\Local\\Programs\\Python\\Python313\\Lib\\site-packages\\_pytest\\runner.py", line 131, in runtestprotocol\n    rep = call_and_report(item, "setup", log)\n  File "C:\\Users\\VIDYANKSHINI\\AppData\\Local\\Programs\\Python\\Python313\\Lib\\site-packages\\_pytest\\runner.py", line 244, in call_and_report\n    call = CallInfo.from_call(\n  File "C:\\Users\\VIDYANKSHINI\\AppData\\Local\\Programs\\Python\\Python313\\Lib\\site-packages\\_pytest\\runner.py", line 353, in from_call\n    result: TResult | None = func()\n  File "C:\\Users\\VIDYANKSHINI\\AppData\\Local\\Programs\\Python\\Python313\\Lib\\site-packages\\_pytest\\runner.py", line 245, in <lambda>\n    lambda: runtest_hook(item=item, **kwds),\n  File "C:\\Users\\VIDYANKSHINI\\AppData\\Local\\Programs\\Python\\Python313\\Lib\\site-packages\\pluggy\\_hooks.py", line 512, in __call__\n    return self._hookexec(self.name, self._hookimpls.copy(), kwargs, firstresult)\n  File "C:\\Users\\VIDYANKSHINI\\AppData\\Local\\Programs\\Python\\Python313\\Lib\\site-packages\\pluggy\\_manager.py", line 120, in _hookexec\n    return self._inner_hookexec(hook_name, methods, kwargs, firstresult)\n  File "C:\\Users\\VIDYANKSHINI\\AppData\\Local\\Programs\\Python\\Python313\\Lib\\site-packages\\pluggy\\_callers.py", line 121, in _multicall\n    res = hook_impl.function(*args)\n  File "C:\\Users\\VIDYANKSHINI\\AppData\\Local\\Programs\\Python\\Python313\\Lib\\site-packages\\_pytest\\runner.py", line 165, in pytest_runtest_setup\n    item.session._setupstate.setup(item)\n  File "C:\\Users\\VIDYANKSHINI\\AppData\\Local\\Programs\\Python\\Python313\\Lib\\site-packages\\_pytest\\runner.py", line 523, in setup\n    col.setup()\n  File "C:\\Users\\VIDYANKSHINI\\AppData\\Local\\Programs\\Python\\Python313\\Lib\\site-packages\\_pytest\\python.py", line 1723, in setup\n    self._request._fillfixtures()\n  File "C:\\Users\\VIDYANKSHINI\\AppData\\Local\\Programs\\Python\\Python313\\Lib\\site-packages\\_pytest\\fixtures.py", line 707, in _fillfixtures\n    item.funcargs[argname] = self.getfixturevalue(argname)\n  File "C:\\Users\\VIDYANKSHINI\\AppData\\Local\\Programs\\Python\\Python313\\Lib\\site-packages\\_pytest\\fixtures.py", line 539, in getfixturevalue\n    fixturedef = self._get_active_fixturedef(argname)\n  File "C:\\Users\\VIDYANKSHINI\\AppData\\Local\\Programs\\Python\\Python313\\Lib\\site-packages\\_pytest\\fixtures.py", line 627, in _get_active_fixturedef\n    fixturedef.execute(request=subrequest)\n  File "C:\\Users\\VIDYANKSHINI\\AppData\\Local\\Programs\\Python\\Python313\\Lib\\site-packages\\_pytest\\fixtures.py", line 1110, in execute\n    result: FixtureValue = ihook.pytest_fixture_setup(\n  File "C:\\Users\\VIDYANKSHINI\\AppData\\Local\\Programs\\Python\\Python313\\Lib\\site-packages\\pluggy\\_hooks.py", line 512, in __call__\n    return self._hookexec(self.name, self._hookimpls.copy(), kwargs, firstresult)\n  File "C:\\Users\\VIDYANKSHINI\\AppData\\Local\\Programs\\Python\\Python313\\Lib\\site-packages\\pluggy\\_manager.py", line 120, in _hookexec\n    return self._inner_hookexec(hook_name, methods, kwargs, firstresult)\n  File "C:\\Users\\VIDYANKSHINI\\AppData\\Local\\Programs\\Python\\Python313\\Lib\\site-packages\\pluggy\\_callers.py", line 121, in _multicall\n    res = hook_impl.function(*args)\n  File "C:\\Users\\VIDYANKSHINI\\AppData\\Local\\Programs\\Python\\Python313\\Lib\\site-packages\\_pytest\\fixtures.py", line 1202, in pytest_fixture_setup\n    result = call_fixture_func(fixturefunc, request, kwargs)\n  File "C:\\Users\\VIDYANKSHINI\\AppData\\Local\\Programs\\Python\\Python313\\Lib\\site-packages\\_pytest\\fixtures.py", line 908, in call_fixture_func\n    fixture_result = next(generator)\n  File "C:\\Users\\VIDYANKSHINI\\Desktop\\project\\SecuScan\\testing\\backend\\conftest.py", line 57, in test_client\n    asyncio.run(setup())\n  File "C:\\Users\\VIDYANKSHINI\\AppData\\Local\\Programs\\Python\\Python313\\Lib\\asyncio\\runners.py", line 195, in run\n    return runner.run(main)\n  File "C:\\Users\\VIDYANKSHINI\\AppData\\Local\\Programs\\Python\\Python313\\Lib\\asyncio\\runners.py", line 118, in run\n    return self._loop.run_until_complete(task)\n  File "C:\\Users\\VIDYANKSHINI\\AppData\\Local\\Programs\\Python\\Python313\\Lib\\asyncio\\base_events.py", line 712, in run_until_complete\n    self.run_forever()\n  File "C:\\Users\\VIDYANKSHINI\\AppData\\Local\\Programs\\Python\\Python313\\Lib\\asyncio\\base_events.py", line 683, in run_forever\n    self._run_once()\n  File "C:\\Users\\VIDYANKSHINI\\AppData\\Local\\Programs\\Python\\Python313\\Lib\\asyncio\\base_events.py", line 2040, in _run_once\n    handle._run()\n  File "C:\\Users\\VIDYANKSHINI\\AppData\\Local\\Programs\\Python\\Python313\\Lib\\asyncio\\events.py", line 89, in _run\n    self._context.run(self._callback, *self._args)\n  File "C:\\Users\\VIDYANKSHINI\\Desktop\\project\\SecuScan\\testing\\backend\\conftest.py", line 55, in setup\n    await init_plugins(settings.plugins_dir)\n  File "C:\\Users\\VIDYANKSHINI\\Desktop\\project\\SecuScan\\backend\\secuscan\\plugins.py", line 382, in init_plugins\n    await plugin_manager.load_plugins()\n  File "C:\\Users\\VIDYANKSHINI\\Desktop\\project\\SecuScan\\backend\\secuscan\\plugins.py", line 59, in load_plugins\n    logger.info(f"\u2713 Loaded plugin: {plugin_meta.name} v{plugin_meta.version}")\nMessage: '\u2713 Loaded plugin: IaC Scanner (Checkov) v1.0.0'\nArguments: ()\n--- Logging error ---\nTraceback (most recent call last):\n  File "C:\\Users\\VIDYANKSHINI\\AppData\\Local\\Programs\\Python\\Python313\\Lib\\logging\\__init__.py", line 1153, in emit\n    stream.write(msg + self.terminator)\n    ~~~~~~~~~~~~^^^^^^^^^^^^^^^^^^^^^^^\n  File "C:\\Users\\VIDYANKSHINI\\AppData\\Local\\Programs\\Python\\Python313\\Lib\\encodings\\cp1252.py", line 19, in encode\n    return codecs.charmap_encode(input,self.errors,encoding_table)[0]\n           ~~~~~~~~~~~~~~~~~~~~~^^^^^^^^^^^^^^^^^^^^^^^^^^^^^^^^^^\nUnicodeEncodeError: 'charmap' codec can't encode character '\\u2713' in position 60: character maps to <undefined>\nCall stack:\n  File "<frozen runpy>", line 198, in _run_module_as_main\n  File "<frozen runpy>", line 88, in _run_code\n  File "C:\\Users\\VIDYANKSHINI\\AppData\\Local\\Programs\\Python\\Python313\\Scripts\\pytest.exe\\__main__.py", line 7, in <module>\n    sys.exit(console_main())\n  File "C:\\Users\\VIDYANKSHINI\\AppData\\Local\\Programs\\Python\\Python313\\Lib\\site-packages\\_pytest\\config\\__init__.py", line 223, in console_main\n    code = main()\n  File "C:\\Users\\VIDYANKSHINI\\AppData\\Local\\Programs\\Python\\Python313\\Lib\\site-packages\\_pytest\\config\\__init__.py", line 199, in main\n    ret: ExitCode | int = config.hook.pytest_cmdline_main(config=config)\n  File "C:\\Users\\VIDYANKSHINI\\AppData\\Local\\Programs\\Python\\Python313\\Lib\\site-packages\\pluggy\\_hooks.py", line 512, in __call__\n    return self._hookexec(self.name, self._hookimpls.copy(), kwargs, firstresult)\n  File "C:\\Users\\VIDYANKSHINI\\AppData\\Local\\Programs\\Python\\Python313\\Lib\\site-packages\\pluggy\\_manager.py", line 120, in _hookexec\n    return self._inner_hookexec(hook_name, methods, kwargs, firstresult)\n  File "C:\\Users\\VIDYANKSHINI\\AppData\\Local\\Programs\\Python\\Python313\\Lib\\site-packages\\pluggy\\_callers.py", line 121, in _multicall\n    res = hook_impl.function(*args)\n  File "C:\\Users\\VIDYANKSHINI\\AppData\\Local\\Programs\\Python\\Python313\\Lib\\site-packages\\_pytest\\main.py", line 365, in pytest_cmdline_main\n    return wrap_session(config, _main)\n  File "C:\\Users\\VIDYANKSHINI\\AppData\\Local\\Programs\\Python\\Python313\\Lib\\site-packages\\_pytest\\main.py", line 318, in wrap_session\n    session.exitstatus = doit(config, session) or 0\n  File "C:\\Users\\VIDYANKSHINI\\AppData\\Local\\Programs\\Python\\Python313\\Lib\\site-packages\\_pytest\\main.py", line 372, in _main\n    config.hook.pytest_runtestloop(session=session)\n  File "C:\\Users\\VIDYANKSHINI\\AppData\\Local\\Programs\\Python\\Python313\\Lib\\site-packages\\pluggy\\_hooks.py", line 512, in __call__\n    return self._hookexec(self.name, self._hookimpls.copy(), kwargs, firstresult)\n  File "C:\\Users\\VIDYANKSHINI\\AppData\\Local\\Programs\\Python\\Python313\\Lib\\site-packages\\pluggy\\_manager.py", line 120, in _hookexec\n    return self._inner_hookexec(hook_name, methods, kwargs, firstresult)\n  File "C:\\Users\\VIDYANKSHINI\\AppData\\Local\\Programs\\Python\\Python313\\Lib\\site-packages\\pluggy\\_callers.py", line 121, in _multicall\n    res = hook_impl.function(*args)\n  File "C:\\Users\\VIDYANKSHINI\\AppData\\Local\\Programs\\Python\\Python313\\Lib\\site-packages\\_pytest\\main.py", line 396, in pytest_runtestloop\n    item.config.hook.pytest_runtest_protocol(item=item, nextitem=nextitem)\n  File "C:\\Users\\VIDYANKSHINI\\AppData\\Local\\Programs\\Python\\Python313\\Lib\\site-packages\\pluggy\\_hooks.py", line 512, in __call__\n    return self._hookexec(self.name, self._hookimpls.copy(), kwargs, firstresult)\n  File "C:\\Users\\VIDYANKSHINI\\AppData\\Local\\Programs\\Python\\Python313\\Lib\\site-packages\\pluggy\\_manager.py", line 120, in _hookexec\n    return self._inner_hookexec(hook_name, methods, kwargs, firstresult)\n  File "C:\\Users\\VIDYANKSHINI\\AppData\\Local\\Programs\\Python\\Python313\\Lib\\site-packages\\pluggy\\_callers.py", line 121, in _multicall\n    res = hook_impl.function(*args)\n  File "C:\\Users\\VIDYANKSHINI\\AppData\\Local\\Programs\\Python\\Python313\\Lib\\site-packages\\_pytest\\runner.py", line 118, in pytest_runtest_protocol\n    runtestprotocol(item, nextitem=nextitem)\n  File "C:\\Users\\VIDYANKSHINI\\AppData\\Local\\Programs\\Python\\Python313\\Lib\\site-packages\\_pytest\\runner.py", line 131, in runtestprotocol\n    rep = call_and_report(item, "setup", log)\n  File "C:\\Users\\VIDYANKSHINI\\AppData\\Local\\Programs\\Python\\Python313\\Lib\\site-packages\\_pytest\\runner.py", line 244, in call_and_report\n    call = CallInfo.from_call(\n  File "C:\\Users\\VIDYANKSHINI\\AppData\\Local\\Programs\\Python\\Python313\\Lib\\site-packages\\_pytest\\runner.py", line 353, in from_call\n    result: TResult | None = func()\n  File "C:\\Users\\VIDYANKSHINI\\AppData\\Local\\Programs\\Python\\Python313\\Lib\\site-packages\\_pytest\\runner.py", line 245, in <lambda>\n    lambda: runtest_hook(item=item, **kwds),\n  File "C:\\Users\\VIDYANKSHINI\\AppData\\Local\\Programs\\Python\\Python313\\Lib\\site-packages\\pluggy\\_hooks.py", line 512, in __call__\n    return self._hookexec(self.name, self._hookimpls.copy(), kwargs, firstresult)\n  File "C:\\Users\\VIDYANKSHINI\\AppData\\Local\\Programs\\Python\\Python313\\Lib\\site-packages\\pluggy\\_manager.py", line 120, in _hookexec\n    return self._inner_hookexec(hook_name, methods, kwargs, firstresult)\n  File "C:\\Users\\VIDYANKSHINI\\AppData\\Local\\Programs\\Python\\Python313\\Lib\\site-packages\\pluggy\\_callers.py", line 121, in _multicall\n    res = hook_impl.function(*args)\n  File "C:\\Users\\VIDYANKSHINI\\AppData\\Local\\Programs\\Python\\Python313\\Lib\\site-packages\\_pytest\\runner.py", line 165, in pytest_runtest_setup\n    item.session._setupstate.setup(item)\n  File "C:\\Users\\VIDYANKSHINI\\AppData\\Local\\Programs\\Python\\Python313\\Lib\\site-packages\\_pytest\\runner.py", line 523, in setup\n    col.setup()\n  File "C:\\Users\\VIDYANKSHINI\\AppData\\Local\\Programs\\Python\\Python313\\Lib\\site-packages\\_pytest\\python.py", line 1723, in setup\n    self._request._fillfixtures()\n  File "C:\\Users\\VIDYANKSHINI\\AppData\\Local\\Programs\\Python\\Python313\\Lib\\site-packages\\_pytest\\fixtures.py", line 707, in _fillfixtures\n    item.funcargs[argname] = self.getfixturevalue(argname)\n  File "C:\\Users\\VIDYANKSHINI\\AppData\\Local\\Programs\\Python\\Python313\\Lib\\site-packages\\_pytest\\fixtures.py", line 539, in getfixturevalue\n    fixturedef = self._get_active_fixturedef(argname)\n  File "C:\\Users\\VIDYANKSHINI\\AppData\\Local\\Programs\\Python\\Python313\\Lib\\site-packages\\_pytest\\fixtures.py", line 627, in _get_active_fixturedef\n    fixturedef.execute(request=subrequest)\n  File "C:\\Users\\VIDYANKSHINI\\AppData\\Local\\Programs\\Python\\Python313\\Lib\\site-packages\\_pytest\\fixtures.py", line 1110, in execute\n    result: FixtureValue = ihook.pytest_fixture_setup(\n  File "C:\\Users\\VIDYANKSHINI\\AppData\\Local\\Programs\\Python\\Python313\\Lib\\site-packages\\pluggy\\_hooks.py", line 512, in __call__\n    return self._hookexec(self.name, self._hookimpls.copy(), kwargs, firstresult)\n  File "C:\\Users\\VIDYANKSHINI\\AppData\\Local\\Programs\\Python\\Python313\\Lib\\site-packages\\pluggy\\_manager.py", line 120, in _hookexec\n    return self._inner_hookexec(hook_name, methods, kwargs, firstresult)\n  File "C:\\Users\\VIDYANKSHINI\\AppData\\Local\\Programs\\Python\\Python313\\Lib\\site-packages\\pluggy\\_callers.py", line 121, in _multicall\n    res = hook_impl.function(*args)\n  File "C:\\Users\\VIDYANKSHINI\\AppData\\Local\\Programs\\Python\\Python313\\Lib\\site-packages\\_pytest\\fixtures.py", line 1202, in pytest_fixture_setup\n    result = call_fixture_func(fixturefunc, request, kwargs)\n  File "C:\\Users\\VIDYANKSHINI\\AppData\\Local\\Programs\\Python\\Python313\\Lib\\site-packages\\_pytest\\fixtures.py", line 908, in call_fixture_func\n    fixture_result = next(generator)\n  File "C:\\Users\\VIDYANKSHINI\\Desktop\\project\\SecuScan\\testing\\backend\\conftest.py", line 57, in test_client\n    asyncio.run(setup())\n  File "C:\\Users\\VIDYANKSHINI\\AppData\\Local\\Programs\\Python\\Python313\\Lib\\asyncio\\runners.py", line 195, in run\n    return runner.run(main)\n  File "C:\\Users\\VIDYANKSHINI\\AppData\\Local\\Programs\\Python\\Python313\\Lib\\asyncio\\runners.py", line 118, in run\n    return self._loop.run_until_complete(task)\n  File "C:\\Users\\VIDYANKSHINI\\AppData\\Local\\Programs\\Python\\Python313\\Lib\\asyncio\\base_events.py", line 712, in run_until_complete\n    self.run_forever()\n  File "C:\\Users\\VIDYANKSHINI\\AppData\\Local\\Programs\\Python\\Python313\\Lib\\asyncio\\base_events.py", line 683, in run_forever\n    self._run_once()\n  File "C:\\Users\\VIDYANKSHINI\\AppData\\Local\\Programs\\Python\\Python313\\Lib\\asyncio\\base_events.py", line 2040, in _run_once\n    handle._run()\n  File "C:\\Users\\VIDYANKSHINI\\AppData\\Local\\Programs\\Python\\Python313\\Lib\\asyncio\\events.py", line 89, in _run\n    self._context.run(self._callback, *self._args)\n  File "C:\\Users\\VIDYANKSHINI\\Desktop\\project\\SecuScan\\testing\\backend\\conftest.py", line 55, in setup\n    await init_plugins(settings.plugins_dir)\n  File "C:\\Users\\VIDYANKSHINI\\Desktop\\project\\SecuScan\\backend\\secuscan\\plugins.py", line 382, in init_plugins\n    await plugin_manager.load_plugins()\n  File "C:\\Users\\VIDYANKSHINI\\Desktop\\project\\SecuScan\\backend\\secuscan\\plugins.py", line 59, in load_plugins\n    logger.info(f"\u2713 Loaded plugin: {plugin_meta.name} v{plugin_meta.version}")\nMessage: '\u2713 Loaded plugin: ICMP Ping v1.0.0'\nArguments: ()\n--- Logging error ---\nTraceback (most recent call last):\n  File "C:\\Users\\VIDYANKSHINI\\AppData\\Local\\Programs\\Python\\Python313\\Lib\\logging\\__init__.py", line 1153, in emit\n    stream.write(msg + self.terminator)\n    ~~~~~~~~~~~~^^^^^^^^^^^^^^^^^^^^^^^\n  File "C:\\Users\\VIDYANKSHINI\\AppData\\Local\\Programs\\Python\\Python313\\Lib\\encodings\\cp1252.py", line 19, in encode\n    return codecs.charmap_encode(input,self.errors,encoding_table)[0]\n           ~~~~~~~~~~~~~~~~~~~~~^^^^^^^^^^^^^^^^^^^^^^^^^^^^^^^^^^\nUnicodeEncodeError: 'charmap' codec can't encode character '\\u2713' in position 60: character maps to <undefined>\nCall stack:\n  File "<frozen runpy>", line 198, in _run_module_as_main\n  File "<frozen runpy>", line 88, in _run_code\n  File "C:\\Users\\VIDYANKSHINI\\AppData\\Local\\Programs\\Python\\Python313\\Scripts\\pytest.exe\\__main__.py", line 7, in <module>\n    sys.exit(console_main())\n  File "C:\\Users\\VIDYANKSHINI\\AppData\\Local\\Programs\\Python\\Python313\\Lib\\site-packages\\_pytest\\config\\__init__.py", line 223, in console_main\n    code = main()\n  File "C:\\Users\\VIDYANKSHINI\\AppData\\Local\\Programs\\Python\\Python313\\Lib\\site-packages\\_pytest\\config\\__init__.py", line 199, in main\n    ret: ExitCode | int = config.hook.pytest_cmdline_main(config=config)\n  File "C:\\Users\\VIDYANKSHINI\\AppData\\Local\\Programs\\Python\\Python313\\Lib\\site-packages\\pluggy\\_hooks.py", line 512, in __call__\n    return self._hookexec(self.name, self._hookimpls.copy(), kwargs, firstresult)\n  File "C:\\Users\\VIDYANKSHINI\\AppData\\Local\\Programs\\Python\\Python313\\Lib\\site-packages\\pluggy\\_manager.py", line 120, in _hookexec\n    return self._inner_hookexec(hook_name, methods, kwargs, firstresult)\n  File "C:\\Users\\VIDYANKSHINI\\AppData\\Local\\Programs\\Python\\Python313\\Lib\\site-packages\\pluggy\\_callers.py", line 121, in _multicall\n    res = hook_impl.function(*args)\n  File "C:\\Users\\VIDYANKSHINI\\AppData\\Local\\Programs\\Python\\Python313\\Lib\\site-packages\\_pytest\\main.py", line 365, in pytest_cmdline_main\n    return wrap_session(config, _main)\n  File "C:\\Users\\VIDYANKSHINI\\AppData\\Local\\Programs\\Python\\Python313\\Lib\\site-packages\\_pytest\\main.py", line 318, in wrap_session\n    session.exitstatus = doit(config, session) or 0\n  File "C:\\Users\\VIDYANKSHINI\\AppData\\Local\\Programs\\Python\\Python313\\Lib\\site-packages\\_pytest\\main.py", line 372, in _main\n    config.hook.pytest_runtestloop(session=session)\n  File "C:\\Users\\VIDYANKSHINI\\AppData\\Local\\Programs\\Python\\Python313\\Lib\\site-packages\\pluggy\\_hooks.py", line 512, in __call__\n    return self._hookexec(self.name, self._hookimpls.copy(), kwargs, firstresult)\n  File "C:\\Users\\VIDYANKSHINI\\AppData\\Local\\Programs\\Python\\Python313\\Lib\\site-packages\\pluggy\\_manager.py", line 120, in _hookexec\n    return self._inner_hookexec(hook_name, methods, kwargs, firstresult)\n  File "C:\\Users\\VIDYANKSHINI\\AppData\\Local\\Programs\\Python\\Python313\\Lib\\site-packages\\pluggy\\_callers.py", line 121, in _multicall\n    res = hook_impl.function(*args)\n  File "C:\\Users\\VIDYANKSHINI\\AppData\\Local\\Programs\\Python\\Python313\\Lib\\site-packages\\_pytest\\main.py", line 396, in pytest_runtestloop\n    item.config.hook.pytest_runtest_protocol(item=item, nextitem=nextitem)\n  File "C:\\Users\\VIDYANKSHINI\\AppData\\Local\\Programs\\Python\\Python313\\Lib\\site-packages\\pluggy\\_hooks.py", line 512, in __call__\n    return self._hookexec(self.name, self._hookimpls.copy(), kwargs, firstresult)\n  File "C:\\Users\\VIDYANKSHINI\\AppData\\Local\\Programs\\Python\\Python313\\Lib\\site-packages\\pluggy\\_manager.py", line 120, in _hookexec\n    return self._inner_hookexec(hook_name, methods, kwargs, firstresult)\n  File "C:\\Users\\VIDYANKSHINI\\AppData\\Local\\Programs\\Python\\Python313\\Lib\\site-packages\\pluggy\\_callers.py", line 121, in _multicall\n    res = hook_impl.function(*args)\n  File "C:\\Users\\VIDYANKSHINI\\AppData\\Local\\Programs\\Python\\Python313\\Lib\\site-packages\\_pytest\\runner.py", line 118, in pytest_runtest_protocol\n    runtestprotocol(item, nextitem=nextitem)\n  File "C:\\Users\\VIDYANKSHINI\\AppData\\Local\\Programs\\Python\\Python313\\Lib\\site-packages\\_pytest\\runner.py", line 131, in runtestprotocol\n    rep = call_and_report(item, "setup", log)\n  File "C:\\Users\\VIDYANKSHINI\\AppData\\Local\\Programs\\Python\\Python313\\Lib\\site-packages\\_pytest\\runner.py", line 244, in call_and_report\n    call = CallInfo.from_call(\n  File "C:\\Users\\VIDYANKSHINI\\AppData\\Local\\Programs\\Python\\Python313\\Lib\\site-packages\\_pytest\\runner.py", line 353, in from_call\n    result: TResult | None = func()\n  File "C:\\Users\\VIDYANKSHINI\\AppData\\Local\\Programs\\Python\\Python313\\Lib\\site-packages\\_pytest\\runner.py", line 245, in <lambda>\n    lambda: runtest_hook(item=item, **kwds),\n  File "C:\\Users\\VIDYANKSHINI\\AppData\\Local\\Programs\\Python\\Python313\\Lib\\site-packages\\pluggy\\_hooks.py", line 512, in __call__\n    return self._hookexec(self.name, self._hookimpls.copy(), kwargs, firstresult)\n  File "C:\\Users\\VIDYANKSHINI\\AppData\\Local\\Programs\\Python\\Python313\\Lib\\site-packages\\pluggy\\_manager.py", line 120, in _hookexec\n    return self._inner_hookexec(hook_name, methods, kwargs, firstresult)\n  File "C:\\Users\\VIDYANKSHINI\\AppData\\Local\\Programs\\Python\\Python313\\Lib\\site-packages\\pluggy\\_callers.py", line 121, in _multicall\n    res = hook_impl.function(*args)\n  File "C:\\Users\\VIDYANKSHINI\\AppData\\Local\\Programs\\Python\\Python313\\Lib\\site-packages\\_pytest\\runner.py", line 165, in pytest_runtest_setup\n    item.session._setupstate.setup(item)\n  File "C:\\Users\\VIDYANKSHINI\\AppData\\Local\\Programs\\Python\\Python313\\Lib\\site-packages\\_pytest\\runner.py", line 523, in setup\n    col.setup()\n  File "C:\\Users\\VIDYANKSHINI\\AppData\\Local\\Programs\\Python\\Python313\\Lib\\site-packages\\_pytest\\python.py", line 1723, in setup\n    self._request._fillfixtures()\n  File "C:\\Users\\VIDYANKSHINI\\AppData\\Local\\Programs\\Python\\Python313\\Lib\\site-packages\\_pytest\\fixtures.py", line 707, in _fillfixtures\n    item.funcargs[argname] = self.getfixturevalue(argname)\n  File "C:\\Users\\VIDYANKSHINI\\AppData\\Local\\Programs\\Python\\Python313\\Lib\\site-packages\\_pytest\\fixtures.py", line 539, in getfixturevalue\n    fixturedef = self._get_active_fixturedef(argname)\n  File "C:\\Users\\VIDYANKSHINI\\AppData\\Local\\Programs\\Python\\Python313\\Lib\\site-packages\\_pytest\\fixtures.py", line 627, in _get_active_fixturedef\n    fixturedef.execute(request=subrequest)\n  File "C:\\Users\\VIDYANKSHINI\\AppData\\Local\\Programs\\Python\\Python313\\Lib\\site-packages\\_pytest\\fixtures.py", line 1110, in execute\n    result: FixtureValue = ihook.pytest_fixture_setup(\n  File "C:\\Users\\VIDYANKSHINI\\AppData\\Local\\Programs\\Python\\Python313\\Lib\\site-packages\\pluggy\\_hooks.py", line 512, in __call__\n    return self._hookexec(self.name, self._hookimpls.copy(), kwargs, firstresult)\n  File "C:\\Users\\VIDYANKSHINI\\AppData\\Local\\Programs\\Python\\Python313\\Lib\\site-packages\\pluggy\\_manager.py", line 120, in _hookexec\n    return self._inner_hookexec(hook_name, methods, kwargs, firstresult)\n  File "C:\\Users\\VIDYANKSHINI\\AppData\\Local\\Programs\\Python\\Python313\\Lib\\site-packages\\pluggy\\_callers.py", line 121, in _multicall\n    res = hook_impl.function(*args)\n  File "C:\\Users\\VIDYANKSHINI\\AppData\\Local\\Programs\\Python\\Python313\\Lib\\site-packages\\_pytest\\fixtures.py", line 1202, in pytest_fixture_setup\n    result = call_fixture_func(fixturefunc, request, kwargs)\n  File "C:\\Users\\VIDYANKSHINI\\AppData\\Local\\Programs\\Python\\Python313\\Lib\\site-packages\\_pytest\\fixtures.py", line 908, in call_fixture_func\n    fixture_result = next(generator)\n  File "C:\\Users\\VIDYANKSHINI\\Desktop\\project\\SecuScan\\testing\\backend\\conftest.py", line 57, in test_client\n    asyncio.run(setup())\n  File "C:\\Users\\VIDYANKSHINI\\AppData\\Local\\Programs\\Python\\Python313\\Lib\\asyncio\\runners.py", line 195, in run\n    return runner.run(main)\n  File "C:\\Users\\VIDYANKSHINI\\AppData\\Local\\Programs\\Python\\Python313\\Lib\\asyncio\\runners.py", line 118, in run\n    return self._loop.run_until_complete(task)\n  File "C:\\Users\\VIDYANKSHINI\\AppData\\Local\\Programs\\Python\\Python313\\Lib\\asyncio\\base_events.py", line 712, in run_until_complete\n    self.run_forever()\n  File "C:\\Users\\VIDYANKSHINI\\AppData\\Local\\Programs\\Python\\Python313\\Lib\\asyncio\\base_events.py", line 683, in run_forever\n    self._run_once()\n  File "C:\\Users\\VIDYANKSHINI\\AppData\\Local\\Programs\\Python\\Python313\\Lib\\asyncio\\base_events.py", line 2040, in _run_once\n    handle._run()\n  File "C:\\Users\\VIDYANKSHINI\\AppData\\Local\\Programs\\Python\\Python313\\Lib\\asyncio\\events.py", line 89, in _run\n    self._context.run(self._callback, *self._args)\n  File "C:\\Users\\VIDYANKSHINI\\Desktop\\project\\SecuScan\\testing\\backend\\conftest.py", line 55, in setup\n    await init_plugins(settings.plugins_dir)\n  File "C:\\Users\\VIDYANKSHINI\\Desktop\\project\\SecuScan\\backend\\secuscan\\plugins.py", line 382, in init_plugins\n    await plugin_manager.load_plugins()\n  File "C:\\Users\\VIDYANKSHINI\\Desktop\\project\\SecuScan\\backend\\secuscan\\plugins.py", line 59, in load_plugins\n    logger.info(f"\u2713 Loaded plugin: {plugin_meta.name} v{plugin_meta.version}")\nMessage: '\u2713 Loaded plugin: Joomla Security Scan v1.0.0'\nArguments: ()\n--- Logging error ---\nTraceback (most recent call last):\n  File "C:\\Users\\VIDYANKSHINI\\AppData\\Local\\Programs\\Python\\Python313\\Lib\\logging\\__init__.py", line 1153, in emit\n    stream.write(msg + self.terminator)\n    ~~~~~~~~~~~~^^^^^^^^^^^^^^^^^^^^^^^\n  File "C:\\Users\\VIDYANKSHINI\\AppData\\Local\\Programs\\Python\\Python313\\Lib\\encodings\\cp1252.py", line 19, in encode\n    return codecs.charmap_encode(input,self.errors,encoding_table)[0]\n           ~~~~~~~~~~~~~~~~~~~~~^^^^^^^^^^^^^^^^^^^^^^^^^^^^^^^^^^\nUnicodeEncodeError: 'charmap' codec can't encode character '\\u2713' in position 60: character maps to <undefined>\nCall stack:\n  File "<frozen runpy>", line 198, in _run_module_as_main\n  File "<frozen runpy>", line 88, in _run_code\n  File "C:\\Users\\VIDYANKSHINI\\AppData\\Local\\Programs\\Python\\Python313\\Scripts\\pytest.exe\\__main__.py", line 7, in <module>\n    sys.exit(console_main())\n  File "C:\\Users\\VIDYANKSHINI\\AppData\\Local\\Programs\\Python\\Python313\\Lib\\site-packages\\_pytest\\config\\__init__.py", line 223, in console_main\n    code = main()\n  File "C:\\Users\\VIDYANKSHINI\\AppData\\Local\\Programs\\Python\\Python313\\Lib\\site-packages\\_pytest\\config\\__init__.py", line 199, in main\n    ret: ExitCode | int = config.hook.pytest_cmdline_main(config=config)\n  File "C:\\Users\\VIDYANKSHINI\\AppData\\Local\\Programs\\Python\\Python313\\Lib\\site-packages\\pluggy\\_hooks.py", line 512, in __call__\n    return self._hookexec(self.name, self._hookimpls.copy(), kwargs, firstresult)\n  File "C:\\Users\\VIDYANKSHINI\\AppData\\Local\\Programs\\Python\\Python313\\Lib\\site-packages\\pluggy\\_manager.py", line 120, in _hookexec\n    return self._inner_hookexec(hook_name, methods, kwargs, firstresult)\n  File "C:\\Users\\VIDYANKSHINI\\AppData\\Local\\Programs\\Python\\Python313\\Lib\\site-packages\\pluggy\\_callers.py", line 121, in _multicall\n    res = hook_impl.function(*args)\n  File "C:\\Users\\VIDYANKSHINI\\AppData\\Local\\Programs\\Python\\Python313\\Lib\\site-packages\\_pytest\\main.py", line 365, in pytest_cmdline_main\n    return wrap_session(config, _main)\n  File "C:\\Users\\VIDYANKSHINI\\AppData\\Local\\Programs\\Python\\Python313\\Lib\\site-packages\\_pytest\\main.py", line 318, in wrap_session\n    session.exitstatus = doit(config, session) or 0\n  File "C:\\Users\\VIDYANKSHINI\\AppData\\Local\\Programs\\Python\\Python313\\Lib\\site-packages\\_pytest\\main.py", line 372, in _main\n    config.hook.pytest_runtestloop(session=session)\n  File "C:\\Users\\VIDYANKSHINI\\AppData\\Local\\Programs\\Python\\Python313\\Lib\\site-packages\\pluggy\\_hooks.py", line 512, in __call__\n    return self._hookexec(self.name, self._hookimpls.copy(), kwargs, firstresult)\n  File "C:\\Users\\VIDYANKSHINI\\AppData\\Local\\Programs\\Python\\Python313\\Lib\\site-packages\\pluggy\\_manager.py", line 120, in _hookexec\n    return self._inner_hookexec(hook_name, methods, kwargs, firstresult)\n  File "C:\\Users\\VIDYANKSHINI\\AppData\\Local\\Programs\\Python\\Python313\\Lib\\site-packages\\pluggy\\_callers.py", line 121, in _multicall\n    res = hook_impl.function(*args)\n  File "C:\\Users\\VIDYANKSHINI\\AppData\\Local\\Programs\\Python\\Python313\\Lib\\site-packages\\_pytest\\main.py", line 396, in pytest_runtestloop\n    item.config.hook.pytest_runtest_protocol(item=item, nextitem=nextitem)\n  File "C:\\Users\\VIDYANKSHINI\\AppData\\Local\\Programs\\Python\\Python313\\Lib\\site-packages\\pluggy\\_hooks.py", line 512, in __call__\n    return self._hookexec(self.name, self._hookimpls.copy(), kwargs, firstresult)\n  File "C:\\Users\\VIDYANKSHINI\\AppData\\Local\\Programs\\Python\\Python313\\Lib\\site-packages\\pluggy\\_manager.py", line 120, in _hookexec\n    return self._inner_hookexec(hook_name, methods, kwargs, firstresult)\n  File "C:\\Users\\VIDYANKSHINI\\AppData\\Local\\Programs\\Python\\Python313\\Lib\\site-packages\\pluggy\\_callers.py", line 121, in _multicall\n    res = hook_impl.function(*args)\n  File "C:\\Users\\VIDYANKSHINI\\AppData\\Local\\Programs\\Python\\Python313\\Lib\\site-packages\\_pytest\\runner.py", line 118, in pytest_runtest_protocol\n    runtestprotocol(item, nextitem=nextitem)\n  File "C:\\Users\\VIDYANKSHINI\\AppData\\Local\\Programs\\Python\\Python313\\Lib\\site-packages\\_pytest\\runner.py", line 131, in runtestprotocol\n    rep = call_and_report(item, "setup", log)\n  File "C:\\Users\\VIDYANKSHINI\\AppData\\Local\\Programs\\Python\\Python313\\Lib\\site-packages\\_pytest\\runner.py", line 244, in call_and_report\n    call = CallInfo.from_call(\n  File "C:\\Users\\VIDYANKSHINI\\AppData\\Local\\Programs\\Python\\Python313\\Lib\\site-packages\\_pytest\\runner.py", line 353, in from_call\n    result: TResult | None = func()\n  File "C:\\Users\\VIDYANKSHINI\\AppData\\Local\\Programs\\Python\\Python313\\Lib\\site-packages\\_pytest\\runner.py", line 245, in <lambda>\n    lambda: runtest_hook(item=item, **kwds),\n  File "C:\\Users\\VIDYANKSHINI\\AppData\\Local\\Programs\\Python\\Python313\\Lib\\site-packages\\pluggy\\_hooks.py", line 512, in __call__\n    return self._hookexec(self.name, self._hookimpls.copy(), kwargs, firstresult)\n  File "C:\\Users\\VIDYANKSHINI\\AppData\\Local\\Programs\\Python\\Python313\\Lib\\site-packages\\pluggy\\_manager.py", line 120, in _hookexec\n    return self._inner_hookexec(hook_name, methods, kwargs, firstresult)\n  File "C:\\Users\\VIDYANKSHINI\\AppData\\Local\\Programs\\Python\\Python313\\Lib\\site-packages\\pluggy\\_callers.py", line 121, in _multicall\n    res = hook_impl.function(*args)\n  File "C:\\Users\\VIDYANKSHINI\\AppData\\Local\\Programs\\Python\\Python313\\Lib\\site-packages\\_pytest\\runner.py", line 165, in pytest_runtest_setup\n    item.session._setupstate.setup(item)\n  File "C:\\Users\\VIDYANKSHINI\\AppData\\Local\\Programs\\Python\\Python313\\Lib\\site-packages\\_pytest\\runner.py", line 523, in setup\n    col.setup()\n  File "C:\\Users\\VIDYANKSHINI\\AppData\\Local\\Programs\\Python\\Python313\\Lib\\site-packages\\_pytest\\python.py", line 1723, in setup\n    self._request._fillfixtures()\n  File "C:\\Users\\VIDYANKSHINI\\AppData\\Local\\Programs\\Python\\Python313\\Lib\\site-packages\\_pytest\\fixtures.py", line 707, in _fillfixtures\n    item.funcargs[argname] = self.getfixturevalue(argname)\n  File "C:\\Users\\VIDYANKSHINI\\AppData\\Local\\Programs\\Python\\Python313\\Lib\\site-packages\\_pytest\\fixtures.py", line 539, in getfixturevalue\n    fixturedef = self._get_active_fixturedef(argname)\n  File "C:\\Users\\VIDYANKSHINI\\AppData\\Local\\Programs\\Python\\Python313\\Lib\\site-packages\\_pytest\\fixtures.py", line 627, in _get_active_fixturedef\n    fixturedef.execute(request=subrequest)\n  File "C:\\Users\\VIDYANKSHINI\\AppData\\Local\\Programs\\Python\\Python313\\Lib\\site-packages\\_pytest\\fixtures.py", line 1110, in execute\n    result: FixtureValue = ihook.pytest_fixture_setup(\n  File "C:\\Users\\VIDYANKSHINI\\AppData\\Local\\Programs\\Python\\Python313\\Lib\\site-packages\\pluggy\\_hooks.py", line 512, in __call__\n    return self._hookexec(self.name, self._hookimpls.copy(), kwargs, firstresult)\n  File "C:\\Users\\VIDYANKSHINI\\AppData\\Local\\Programs\\Python\\Python313\\Lib\\site-packages\\pluggy\\_manager.py", line 120, in _hookexec\n    return self._inner_hookexec(hook_name, methods, kwargs, firstresult)\n  File "C:\\Users\\VIDYANKSHINI\\AppData\\Local\\Programs\\Python\\Python313\\Lib\\site-packages\\pluggy\\_callers.py", line 121, in _multicall\n    res = hook_impl.function(*args)\n  File "C:\\Users\\VIDYANKSHINI\\AppData\\Local\\Programs\\Python\\Python313\\Lib\\site-packages\\_pytest\\fixtures.py", line 1202, in pytest_fixture_setup\n    result = call_fixture_func(fixturefunc, request, kwargs)\n  File "C:\\Users\\VIDYANKSHINI\\AppData\\Local\\Programs\\Python\\Python313\\Lib\\site-packages\\_pytest\\fixtures.py", line 908, in call_fixture_func\n    fixture_result = next(generator)\n  File "C:\\Users\\VIDYANKSHINI\\Desktop\\project\\SecuScan\\testing\\backend\\conftest.py", line 57, in test_client\n    asyncio.run(setup())\n  File "C:\\Users\\VIDYANKSHINI\\AppData\\Local\\Programs\\Python\\Python313\\Lib\\asyncio\\runners.py", line 195, in run\n    return runner.run(main)\n  File "C:\\Users\\VIDYANKSHINI\\AppData\\Local\\Programs\\Python\\Python313\\Lib\\asyncio\\runners.py", line 118, in run\n    return self._loop.run_until_complete(task)\n  File "C:\\Users\\VIDYANKSHINI\\AppData\\Local\\Programs\\Python\\Python313\\Lib\\asyncio\\base_events.py", line 712, in run_until_complete\n    self.run_forever()\n  File "C:\\Users\\VIDYANKSHINI\\AppData\\Local\\Programs\\Python\\Python313\\Lib\\asyncio\\base_events.py", line 683, in run_forever\n    self._run_once()\n  File "C:\\Users\\VIDYANKSHINI\\AppData\\Local\\Programs\\Python\\Python313\\Lib\\asyncio\\base_events.py", line 2040, in _run_once\n    handle._run()\n  File "C:\\Users\\VIDYANKSHINI\\AppData\\Local\\Programs\\Python\\Python313\\Lib\\asyncio\\events.py", line 89, in _run\n    self._context.run(self._callback, *self._args)\n  File "C:\\Users\\VIDYANKSHINI\\Desktop\\project\\SecuScan\\testing\\backend\\conftest.py", line 55, in setup\n    await init_plugins(settings.plugins_dir)\n  File "C:\\Users\\VIDYANKSHINI\\Desktop\\project\\SecuScan\\backend\\secuscan\\plugins.py", line 382, in init_plugins\n    await plugin_manager.load_plugins()\n  File "C:\\Users\\VIDYANKSHINI\\Desktop\\project\\SecuScan\\backend\\secuscan\\plugins.py", line 59, in load_plugins\n    logger.info(f"\u2713 Loaded plugin: {plugin_meta.name} v{plugin_meta.version}")\nMessage: '\u2713 Loaded plugin: Katana v1.0.0'\nArguments: ()\n--- Logging error ---\nTraceback (most recent call last):\n  File "C:\\Users\\VIDYANKSHINI\\AppData\\Local\\Programs\\Python\\Python313\\Lib\\logging\\__init__.py", line 1153, in emit\n    stream.write(msg + self.terminator)\n    ~~~~~~~~~~~~^^^^^^^^^^^^^^^^^^^^^^^\n  File "C:\\Users\\VIDYANKSHINI\\AppData\\Local\\Programs\\Python\\Python313\\Lib\\encodings\\cp1252.py", line 19, in encode\n    return codecs.charmap_encode(input,self.errors,encoding_table)[0]\n           ~~~~~~~~~~~~~~~~~~~~~^^^^^^^^^^^^^^^^^^^^^^^^^^^^^^^^^^\nUnicodeEncodeError: 'charmap' codec can't encode character '\\u2713' in position 60: character maps to <undefined>\nCall stack:\n  File "<frozen runpy>", line 198, in _run_module_as_main\n  File "<frozen runpy>", line 88, in _run_code\n  File "C:\\Users\\VIDYANKSHINI\\AppData\\Local\\Programs\\Python\\Python313\\Scripts\\pytest.exe\\__main__.py", line 7, in <module>\n    sys.exit(console_main())\n  File "C:\\Users\\VIDYANKSHINI\\AppData\\Local\\Programs\\Python\\Python313\\Lib\\site-packages\\_pytest\\config\\__init__.py", line 223, in console_main\n    code = main()\n  File "C:\\Users\\VIDYANKSHINI\\AppData\\Local\\Programs\\Python\\Python313\\Lib\\site-packages\\_pytest\\config\\__init__.py", line 199, in main\n    ret: ExitCode | int = config.hook.pytest_cmdline_main(config=config)\n  File "C:\\Users\\VIDYANKSHINI\\AppData\\Local\\Programs\\Python\\Python313\\Lib\\site-packages\\pluggy\\_hooks.py", line 512, in __call__\n    return self._hookexec(self.name, self._hookimpls.copy(), kwargs, firstresult)\n  File "C:\\Users\\VIDYANKSHINI\\AppData\\Local\\Programs\\Python\\Python313\\Lib\\site-packages\\pluggy\\_manager.py", line 120, in _hookexec\n    return self._inner_hookexec(hook_name, methods, kwargs, firstresult)\n  File "C:\\Users\\VIDYANKSHINI\\AppData\\Local\\Programs\\Python\\Python313\\Lib\\site-packages\\pluggy\\_callers.py", line 121, in _multicall\n    res = hook_impl.function(*args)\n  File "C:\\Users\\VIDYANKSHINI\\AppData\\Local\\Programs\\Python\\Python313\\Lib\\site-packages\\_pytest\\main.py", line 365, in pytest_cmdline_main\n    return wrap_session(config, _main)\n  File "C:\\Users\\VIDYANKSHINI\\AppData\\Local\\Programs\\Python\\Python313\\Lib\\site-packages\\_pytest\\main.py", line 318, in wrap_session\n    session.exitstatus = doit(config, session) or 0\n  File "C:\\Users\\VIDYANKSHINI\\AppData\\Local\\Programs\\Python\\Python313\\Lib\\site-packages\\_pytest\\main.py", line 372, in _main\n    config.hook.pytest_runtestloop(session=session)\n  File "C:\\Users\\VIDYANKSHINI\\AppData\\Local\\Programs\\Python\\Python313\\Lib\\site-packages\\pluggy\\_hooks.py", line 512, in __call__\n    return self._hookexec(self.name, self._hookimpls.copy(), kwargs, firstresult)\n  File "C:\\Users\\VIDYANKSHINI\\AppData\\Local\\Programs\\Python\\Python313\\Lib\\site-packages\\pluggy\\_manager.py", line 120, in _hookexec\n    return self._inner_hookexec(hook_name, methods, kwargs, firstresult)\n  File "C:\\Users\\VIDYANKSHINI\\AppData\\Local\\Programs\\Python\\Python313\\Lib\\site-packages\\pluggy\\_callers.py", line 121, in _multicall\n    res = hook_impl.function(*args)\n  File "C:\\Users\\VIDYANKSHINI\\AppData\\Local\\Programs\\Python\\Python313\\Lib\\site-packages\\_pytest\\main.py", line 396, in pytest_runtestloop\n    item.config.hook.pytest_runtest_protocol(item=item, nextitem=nextitem)\n  File "C:\\Users\\VIDYANKSHINI\\AppData\\Local\\Programs\\Python\\Python313\\Lib\\site-packages\\pluggy\\_hooks.py", line 512, in __call__\n    return self._hookexec(self.name, self._hookimpls.copy(), kwargs, firstresult)\n  File "C:\\Users\\VIDYANKSHINI\\AppData\\Local\\Programs\\Python\\Python313\\Lib\\site-packages\\pluggy\\_manager.py", line 120, in _hookexec\n    return self._inner_hookexec(hook_name, methods, kwargs, firstresult)\n  File "C:\\Users\\VIDYANKSHINI\\AppData\\Local\\Programs\\Python\\Python313\\Lib\\site-packages\\pluggy\\_callers.py", line 121, in _multicall\n    res = hook_impl.function(*args)\n  File "C:\\Users\\VIDYANKSHINI\\AppData\\Local\\Programs\\Python\\Python313\\Lib\\site-packages\\_pytest\\runner.py", line 118, in pytest_runtest_protocol\n    runtestprotocol(item, nextitem=nextitem)\n  File "C:\\Users\\VIDYANKSHINI\\AppData\\Local\\Programs\\Python\\Python313\\Lib\\site-packages\\_pytest\\runner.py", line 131, in runtestprotocol\n    rep = call_and_report(item, "setup", log)\n  File "C:\\Users\\VIDYANKSHINI\\AppData\\Local\\Programs\\Python\\Python313\\Lib\\site-packages\\_pytest\\runner.py", line 244, in call_and_report\n    call = CallInfo.from_call(\n  File "C:\\Users\\VIDYANKSHINI\\AppData\\Local\\Programs\\Python\\Python313\\Lib\\site-packages\\_pytest\\runner.py", line 353, in from_call\n    result: TResult | None = func()\n  File "C:\\Users\\VIDYANKSHINI\\AppData\\Local\\Programs\\Python\\Python313\\Lib\\site-packages\\_pytest\\runner.py", line 245, in <lambda>\n    lambda: runtest_hook(item=item, **kwds),\n  File "C:\\Users\\VIDYANKSHINI\\AppData\\Local\\Programs\\Python\\Python313\\Lib\\site-packages\\pluggy\\_hooks.py", line 512, in __call__\n    return self._hookexec(self.name, self._hookimpls.copy(), kwargs, firstresult)\n  File "C:\\Users\\VIDYANKSHINI\\AppData\\Local\\Programs\\Python\\Python313\\Lib\\site-packages\\pluggy\\_manager.py", line 120, in _hookexec\n    return self._inner_hookexec(hook_name, methods, kwargs, firstresult)\n  File "C:\\Users\\VIDYANKSHINI\\AppData\\Local\\Programs\\Python\\Python313\\Lib\\site-packages\\pluggy\\_callers.py", line 121, in _multicall\n    res = hook_impl.function(*args)\n  File "C:\\Users\\VIDYANKSHINI\\AppData\\Local\\Programs\\Python\\Python313\\Lib\\site-packages\\_pytest\\runner.py", line 165, in pytest_runtest_setup\n    item.session._setupstate.setup(item)\n  File "C:\\Users\\VIDYANKSHINI\\AppData\\Local\\Programs\\Python\\Python313\\Lib\\site-packages\\_pytest\\runner.py", line 523, in setup\n    col.setup()\n  File "C:\\Users\\VIDYANKSHINI\\AppData\\Local\\Programs\\Python\\Python313\\Lib\\site-packages\\_pytest\\python.py", line 1723, in setup\n    self._request._fillfixtures()\n  File "C:\\Users\\VIDYANKSHINI\\AppData\\Local\\Programs\\Python\\Python313\\Lib\\site-packages\\_pytest\\fixtures.py", line 707, in _fillfixtures\n    item.funcargs[argname] = self.getfixturevalue(argname)\n  File "C:\\Users\\VIDYANKSHINI\\AppData\\Local\\Programs\\Python\\Python313\\Lib\\site-packages\\_pytest\\fixtures.py", line 539, in getfixturevalue\n    fixturedef = self._get_active_fixturedef(argname)\n  File "C:\\Users\\VIDYANKSHINI\\AppData\\Local\\Programs\\Python\\Python313\\Lib\\site-packages\\_pytest\\fixtures.py", line 627, in _get_active_fixturedef\n    fixturedef.execute(request=subrequest)\n  File "C:\\Users\\VIDYANKSHINI\\AppData\\Local\\Programs\\Python\\Python313\\Lib\\site-packages\\_pytest\\fixtures.py", line 1110, in execute\n    result: FixtureValue = ihook.pytest_fixture_setup(\n  File "C:\\Users\\VIDYANKSHINI\\AppData\\Local\\Programs\\Python\\Python313\\Lib\\site-packages\\pluggy\\_hooks.py", line 512, in __call__\n    return self._hookexec(self.name, self._hookimpls.copy(), kwargs, firstresult)\n  File "C:\\Users\\VIDYANKSHINI\\AppData\\Local\\Programs\\Python\\Python313\\Lib\\site-packages\\pluggy\\_manager.py", line 120, in _hookexec\n    return self._inner_hookexec(hook_name, methods, kwargs, firstresult)\n  File "C:\\Users\\VIDYANKSHINI\\AppData\\Local\\Programs\\Python\\Python313\\Lib\\site-packages\\pluggy\\_callers.py", line 121, in _multicall\n    res = hook_impl.function(*args)\n  File "C:\\Users\\VIDYANKSHINI\\AppData\\Local\\Programs\\Python\\Python313\\Lib\\site-packages\\_pytest\\fixtures.py", line 1202, in pytest_fixture_setup\n    result = call_fixture_func(fixturefunc, request, kwargs)\n  File "C:\\Users\\VIDYANKSHINI\\AppData\\Local\\Programs\\Python\\Python313\\Lib\\site-packages\\_pytest\\fixtures.py", line 908, in call_fixture_func\n    fixture_result = next(generator)\n  File "C:\\Users\\VIDYANKSHINI\\Desktop\\project\\SecuScan\\testing\\backend\\conftest.py", line 57, in test_client\n    asyncio.run(setup())\n  File "C:\\Users\\VIDYANKSHINI\\AppData\\Local\\Programs\\Python\\Python313\\Lib\\asyncio\\runners.py", line 195, in run\n    return runner.run(main)\n  File "C:\\Users\\VIDYANKSHINI\\AppData\\Local\\Programs\\Python\\Python313\\Lib\\asyncio\\runners.py", line 118, in run\n    return self._loop.run_until_complete(task)\n  File "C:\\Users\\VIDYANKSHINI\\AppData\\Local\\Programs\\Python\\Python313\\Lib\\asyncio\\base_events.py", line 712, in run_until_complete\n    self.run_forever()\n  File "C:\\Users\\VIDYANKSHINI\\AppData\\Local\\Programs\\Python\\Python313\\Lib\\asyncio\\base_events.py", line 683, in run_forever\n    self._run_once()\n  File "C:\\Users\\VIDYANKSHINI\\AppData\\Local\\Programs\\Python\\Python313\\Lib\\asyncio\\base_events.py", line 2040, in _run_once\n    handle._run()\n  File "C:\\Users\\VIDYANKSHINI\\AppData\\Local\\Programs\\Python\\Python313\\Lib\\asyncio\\events.py", line 89, in _run\n    self._context.run(self._callback, *self._args)\n  File "C:\\Users\\VIDYANKSHINI\\Desktop\\project\\SecuScan\\testing\\backend\\conftest.py", line 55, in setup\n    await init_plugins(settings.plugins_dir)\n  File "C:\\Users\\VIDYANKSHINI\\Desktop\\project\\SecuScan\\backend\\secuscan\\plugins.py", line 382, in init_plugins\n    await plugin_manager.load_plugins()\n  File "C:\\Users\\VIDYANKSHINI\\Desktop\\project\\SecuScan\\backend\\secuscan\\plugins.py", line 59, in load_plugins\n    logger.info(f"\u2713 Loaded plugin: {plugin_meta.name} v{plugin_meta.version}")\nMessage: '\u2713 Loaded plugin: K8s Scanner v1.0.0'\nArguments: ()\n--- Logging error ---\nTraceback (most recent call last):\n  File "C:\\Users\\VIDYANKSHINI\\AppData\\Local\\Programs\\Python\\Python313\\Lib\\logging\\__init__.py", line 1153, in emit\n    stream.write(msg + self.terminator)\n    ~~~~~~~~~~~~^^^^^^^^^^^^^^^^^^^^^^^\n  File "C:\\Users\\VIDYANKSHINI\\AppData\\Local\\Programs\\Python\\Python313\\Lib\\encodings\\cp1252.py", line 19, in encode\n    return codecs.charmap_encode(input,self.errors,encoding_table)[0]\n           ~~~~~~~~~~~~~~~~~~~~~^^^^^^^^^^^^^^^^^^^^^^^^^^^^^^^^^^\nUnicodeEncodeError: 'charmap' codec can't encode character '\\u2713' in position 60: character maps to <undefined>\nCall stack:\n  File "<frozen runpy>", line 198, in _run_module_as_main\n  File "<frozen runpy>", line 88, in _run_code\n  File "C:\\Users\\VIDYANKSHINI\\AppData\\Local\\Programs\\Python\\Python313\\Scripts\\pytest.exe\\__main__.py", line 7, in <module>\n    sys.exit(console_main())\n  File "C:\\Users\\VIDYANKSHINI\\AppData\\Local\\Programs\\Python\\Python313\\Lib\\site-packages\\_pytest\\config\\__init__.py", line 223, in console_main\n    code = main()\n  File "C:\\Users\\VIDYANKSHINI\\AppData\\Local\\Programs\\Python\\Python313\\Lib\\site-packages\\_pytest\\config\\__init__.py", line 199, in main\n    ret: ExitCode | int = config.hook.pytest_cmdline_main(config=config)\n  File "C:\\Users\\VIDYANKSHINI\\AppData\\Local\\Programs\\Python\\Python313\\Lib\\site-packages\\pluggy\\_hooks.py", line 512, in __call__\n    return self._hookexec(self.name, self._hookimpls.copy(), kwargs, firstresult)\n  File "C:\\Users\\VIDYANKSHINI\\AppData\\Local\\Programs\\Python\\Python313\\Lib\\site-packages\\pluggy\\_manager.py", line 120, in _hookexec\n    return self._inner_hookexec(hook_name, methods, kwargs, firstresult)\n  File "C:\\Users\\VIDYANKSHINI\\AppData\\Local\\Programs\\Python\\Python313\\Lib\\site-packages\\pluggy\\_callers.py", line 121, in _multicall\n    res = hook_impl.function(*args)\n  File "C:\\Users\\VIDYANKSHINI\\AppData\\Local\\Programs\\Python\\Python313\\Lib\\site-packages\\_pytest\\main.py", line 365, in pytest_cmdline_main\n    return wrap_session(config, _main)\n  File "C:\\Users\\VIDYANKSHINI\\AppData\\Local\\Programs\\Python\\Python313\\Lib\\site-packages\\_pytest\\main.py", line 318, in wrap_session\n    session.exitstatus = doit(config, session) or 0\n  File "C:\\Users\\VIDYANKSHINI\\AppData\\Local\\Programs\\Python\\Python313\\Lib\\site-packages\\_pytest\\main.py", line 372, in _main\n    config.hook.pytest_runtestloop(session=session)\n  File "C:\\Users\\VIDYANKSHINI\\AppData\\Local\\Programs\\Python\\Python313\\Lib\\site-packages\\pluggy\\_hooks.py", line 512, in __call__\n    return self._hookexec(self.name, self._hookimpls.copy(), kwargs, firstresult)\n  File "C:\\Users\\VIDYANKSHINI\\AppData\\Local\\Programs\\Python\\Python313\\Lib\\site-packages\\pluggy\\_manager.py", line 120, in _hookexec\n    return self._inner_hookexec(hook_name, methods, kwargs, firstresult)\n  File "C:\\Users\\VIDYANKSHINI\\AppData\\Local\\Programs\\Python\\Python313\\Lib\\site-packages\\pluggy\\_callers.py", line 121, in _multicall\n    res = hook_impl.function(*args)\n  File "C:\\Users\\VIDYANKSHINI\\AppData\\Local\\Programs\\Python\\Python313\\Lib\\site-packages\\_pytest\\main.py", line 396, in pytest_runtestloop\n    item.config.hook.pytest_runtest_protocol(item=item, nextitem=nextitem)\n  File "C:\\Users\\VIDYANKSHINI\\AppData\\Local\\Programs\\Python\\Python313\\Lib\\site-packages\\pluggy\\_hooks.py", line 512, in __call__\n    return self._hookexec(self.name, self._hookimpls.copy(), kwargs, firstresult)\n  File "C:\\Users\\VIDYANKSHINI\\AppData\\Local\\Programs\\Python\\Python313\\Lib\\site-packages\\pluggy\\_manager.py", line 120, in _hookexec\n    return self._inner_hookexec(hook_name, methods, kwargs, firstresult)\n  File "C:\\Users\\VIDYANKSHINI\\AppData\\Local\\Programs\\Python\\Python313\\Lib\\site-packages\\pluggy\\_callers.py", line 121, in _multicall\n    res = hook_impl.function(*args)\n  File "C:\\Users\\VIDYANKSHINI\\AppData\\Local\\Programs\\Python\\Python313\\Lib\\site-packages\\_pytest\\runner.py", line 118, in pytest_runtest_protocol\n    runtestprotocol(item, nextitem=nextitem)\n  File "C:\\Users\\VIDYANKSHINI\\AppData\\Local\\Programs\\Python\\Python313\\Lib\\site-packages\\_pytest\\runner.py", line 131, in runtestprotocol\n    rep = call_and_report(item, "setup", log)\n  File "C:\\Users\\VIDYANKSHINI\\AppData\\Local\\Programs\\Python\\Python313\\Lib\\site-packages\\_pytest\\runner.py", line 244, in call_and_report\n    call = CallInfo.from_call(\n  File "C:\\Users\\VIDYANKSHINI\\AppData\\Local\\Programs\\Python\\Python313\\Lib\\site-packages\\_pytest\\runner.py", line 353, in from_call\n    result: TResult | None = func()\n  File "C:\\Users\\VIDYANKSHINI\\AppData\\Local\\Programs\\Python\\Python313\\Lib\\site-packages\\_pytest\\runner.py", line 245, in <lambda>\n    lambda: runtest_hook(item=item, **kwds),\n  File "C:\\Users\\VIDYANKSHINI\\AppData\\Local\\Programs\\Python\\Python313\\Lib\\site-packages\\pluggy\\_hooks.py", line 512, in __call__\n    return self._hookexec(self.name, self._hookimpls.copy(), kwargs, firstresult)\n  File "C:\\Users\\VIDYANKSHINI\\AppData\\Local\\Programs\\Python\\Python313\\Lib\\site-packages\\pluggy\\_manager.py", line 120, in _hookexec\n    return self._inner_hookexec(hook_name, methods, kwargs, firstresult)\n  File "C:\\Users\\VIDYANKSHINI\\AppData\\Local\\Programs\\Python\\Python313\\Lib\\site-packages\\pluggy\\_callers.py", line 121, in _multicall\n    res = hook_impl.function(*args)\n  File "C:\\Users\\VIDYANKSHINI\\AppData\\Local\\Programs\\Python\\Python313\\Lib\\site-packages\\_pytest\\runner.py", line 165, in pytest_runtest_setup\n    item.session._setupstate.setup(item)\n  File "C:\\Users\\VIDYANKSHINI\\AppData\\Local\\Programs\\Python\\Python313\\Lib\\site-packages\\_pytest\\runner.py", line 523, in setup\n    col.setup()\n  File "C:\\Users\\VIDYANKSHINI\\AppData\\Local\\Programs\\Python\\Python313\\Lib\\site-packages\\_pytest\\python.py", line 1723, in setup\n    self._request._fillfixtures()\n  File "C:\\Users\\VIDYANKSHINI\\AppData\\Local\\Programs\\Python\\Python313\\Lib\\site-packages\\_pytest\\fixtures.py", line 707, in _fillfixtures\n    item.funcargs[argname] = self.getfixturevalue(argname)\n  File "C:\\Users\\VIDYANKSHINI\\AppData\\Local\\Programs\\Python\\Python313\\Lib\\site-packages\\_pytest\\fixtures.py", line 539, in getfixturevalue\n    fixturedef = self._get_active_fixturedef(argname)\n  File "C:\\Users\\VIDYANKSHINI\\AppData\\Local\\Programs\\Python\\Python313\\Lib\\site-packages\\_pytest\\fixtures.py", line 627, in _get_active_fixturedef\n    fixturedef.execute(request=subrequest)\n  File "C:\\Users\\VIDYANKSHINI\\AppData\\Local\\Programs\\Python\\Python313\\Lib\\site-packages\\_pytest\\fixtures.py", line 1110, in execute\n    result: FixtureValue = ihook.pytest_fixture_setup(\n  File "C:\\Users\\VIDYANKSHINI\\AppData\\Local\\Programs\\Python\\Python313\\Lib\\site-packages\\pluggy\\_hooks.py", line 512, in __call__\n    return self._hookexec(self.name, self._hookimpls.copy(), kwargs, firstresult)\n  File "C:\\Users\\VIDYANKSHINI\\AppData\\Local\\Programs\\Python\\Python313\\Lib\\site-packages\\pluggy\\_manager.py", line 120, in _hookexec\n    return self._inner_hookexec(hook_name, methods, kwargs, firstresult)\n  File "C:\\Users\\VIDYANKSHINI\\AppData\\Local\\Programs\\Python\\Python313\\Lib\\site-packages\\pluggy\\_callers.py", line 121, in _multicall\n    res = hook_impl.function(*args)\n  File "C:\\Users\\VIDYANKSHINI\\AppData\\Local\\Programs\\Python\\Python313\\Lib\\site-packages\\_pytest\\fixtures.py", line 1202, in pytest_fixture_setup\n    result = call_fixture_func(fixturefunc, request, kwargs)\n  File "C:\\Users\\VIDYANKSHINI\\AppData\\Local\\Programs\\Python\\Python313\\Lib\\site-packages\\_pytest\\fixtures.py", line 908, in call_fixture_func\n    fixture_result = next(generator)\n  File "C:\\Users\\VIDYANKSHINI\\Desktop\\project\\SecuScan\\testing\\backend\\conftest.py", line 57, in test_client\n    asyncio.run(setup())\n  File "C:\\Users\\VIDYANKSHINI\\AppData\\Local\\Programs\\Python\\Python313\\Lib\\asyncio\\runners.py", line 195, in run\n    return runner.run(main)\n  File "C:\\Users\\VIDYANKSHINI\\AppData\\Local\\Programs\\Python\\Python313\\Lib\\asyncio\\runners.py", line 118, in run\n    return self._loop.run_until_complete(task)\n  File "C:\\Users\\VIDYANKSHINI\\AppData\\Local\\Programs\\Python\\Python313\\Lib\\asyncio\\base_events.py", line 712, in run_until_complete\n    self.run_forever()\n  File "C:\\Users\\VIDYANKSHINI\\AppData\\Local\\Programs\\Python\\Python313\\Lib\\asyncio\\base_events.py", line 683, in run_forever\n    self._run_once()\n  File "C:\\Users\\VIDYANKSHINI\\AppData\\Local\\Programs\\Python\\Python313\\Lib\\asyncio\\base_events.py", line 2040, in _run_once\n    handle._run()\n  File "C:\\Users\\VIDYANKSHINI\\AppData\\Local\\Programs\\Python\\Python313\\Lib\\asyncio\\events.py", line 89, in _run\n    self._context.run(self._callback, *self._args)\n  File "C:\\Users\\VIDYANKSHINI\\Desktop\\project\\SecuScan\\testing\\backend\\conftest.py", line 55, in setup\n    await init_plugins(settings.plugins_dir)\n  File "C:\\Users\\VIDYANKSHINI\\Desktop\\project\\SecuScan\\backend\\secuscan\\plugins.py", line 382, in init_plugins\n    await plugin_manager.load_plugins()\n  File "C:\\Users\\VIDYANKSHINI\\Desktop\\project\\SecuScan\\backend\\secuscan\\plugins.py", line 59, in load_plugins\n    logger.info(f"\u2713 Loaded plugin: {plugin_meta.name} v{plugin_meta.version}")\nMessage: '\u2713 Loaded plugin: Exploitation Connector v1.0.0'\nArguments: ()\n--- Logging error ---\nTraceback (most recent call last):\n  File "C:\\Users\\VIDYANKSHINI\\AppData\\Local\\Programs\\Python\\Python313\\Lib\\logging\\__init__.py", line 1153, in emit\n    stream.write(msg + self.terminator)\n    ~~~~~~~~~~~~^^^^^^^^^^^^^^^^^^^^^^^\n  File "C:\\Users\\VIDYANKSHINI\\AppData\\Local\\Programs\\Python\\Python313\\Lib\\encodings\\cp1252.py", line 19, in encode\n    return codecs.charmap_encode(input,self.errors,encoding_table)[0]\n           ~~~~~~~~~~~~~~~~~~~~~^^^^^^^^^^^^^^^^^^^^^^^^^^^^^^^^^^\nUnicodeEncodeError: 'charmap' codec can't encode character '\\u2713' in position 60: character maps to <undefined>\nCall stack:\n  File "<frozen runpy>", line 198, in _run_module_as_main\n  File "<frozen runpy>", line 88, in _run_code\n  File "C:\\Users\\VIDYANKSHINI\\AppData\\Local\\Programs\\Python\\Python313\\Scripts\\pytest.exe\\__main__.py", line 7, in <module>\n    sys.exit(console_main())\n  File "C:\\Users\\VIDYANKSHINI\\AppData\\Local\\Programs\\Python\\Python313\\Lib\\site-packages\\_pytest\\config\\__init__.py", line 223, in console_main\n    code = main()\n  File "C:\\Users\\VIDYANKSHINI\\AppData\\Local\\Programs\\Python\\Python313\\Lib\\site-packages\\_pytest\\config\\__init__.py", line 199, in main\n    ret: ExitCode | int = config.hook.pytest_cmdline_main(config=config)\n  File "C:\\Users\\VIDYANKSHINI\\AppData\\Local\\Programs\\Python\\Python313\\Lib\\site-packages\\pluggy\\_hooks.py", line 512, in __call__\n    return self._hookexec(self.name, self._hookimpls.copy(), kwargs, firstresult)\n  File "C:\\Users\\VIDYANKSHINI\\AppData\\Local\\Programs\\Python\\Python313\\Lib\\site-packages\\pluggy\\_manager.py", line 120, in _hookexec\n    return self._inner_hookexec(hook_name, methods, kwargs, firstresult)\n  File "C:\\Users\\VIDYANKSHINI\\AppData\\Local\\Programs\\Python\\Python313\\Lib\\site-packages\\pluggy\\_callers.py", line 121, in _multicall\n    res = hook_impl.function(*args)\n  File "C:\\Users\\VIDYANKSHINI\\AppData\\Local\\Programs\\Python\\Python313\\Lib\\site-packages\\_pytest\\main.py", line 365, in pytest_cmdline_main\n    return wrap_session(config, _main)\n  File "C:\\Users\\VIDYANKSHINI\\AppData\\Local\\Programs\\Python\\Python313\\Lib\\site-packages\\_pytest\\main.py", line 318, in wrap_session\n    session.exitstatus = doit(config, session) or 0\n  File "C:\\Users\\VIDYANKSHINI\\AppData\\Local\\Programs\\Python\\Python313\\Lib\\site-packages\\_pytest\\main.py", line 372, in _main\n    config.hook.pytest_runtestloop(session=session)\n  File "C:\\Users\\VIDYANKSHINI\\AppData\\Local\\Programs\\Python\\Python313\\Lib\\site-packages\\pluggy\\_hooks.py", line 512, in __call__\n    return self._hookexec(self.name, self._hookimpls.copy(), kwargs, firstresult)\n  File "C:\\Users\\VIDYANKSHINI\\AppData\\Local\\Programs\\Python\\Python313\\Lib\\site-packages\\pluggy\\_manager.py", line 120, in _hookexec\n    return self._inner_hookexec(hook_name, methods, kwargs, firstresult)\n  File "C:\\Users\\VIDYANKSHINI\\AppData\\Local\\Programs\\Python\\Python313\\Lib\\site-packages\\pluggy\\_callers.py", line 121, in _multicall\n    res = hook_impl.function(*args)\n  File "C:\\Users\\VIDYANKSHINI\\AppData\\Local\\Programs\\Python\\Python313\\Lib\\site-packages\\_pytest\\main.py", line 396, in pytest_runtestloop\n    item.config.hook.pytest_runtest_protocol(item=item, nextitem=nextitem)\n  File "C:\\Users\\VIDYANKSHINI\\AppData\\Local\\Programs\\Python\\Python313\\Lib\\site-packages\\pluggy\\_hooks.py", line 512, in __call__\n    return self._hookexec(self.name, self._hookimpls.copy(), kwargs, firstresult)\n  File "C:\\Users\\VIDYANKSHINI\\AppData\\Local\\Programs\\Python\\Python313\\Lib\\site-packages\\pluggy\\_manager.py", line 120, in _hookexec\n    return self._inner_hookexec(hook_name, methods, kwargs, firstresult)\n  File "C:\\Users\\VIDYANKSHINI\\AppData\\Local\\Programs\\Python\\Python313\\Lib\\site-packages\\pluggy\\_callers.py", line 121, in _multicall\n    res = hook_impl.function(*args)\n  File "C:\\Users\\VIDYANKSHINI\\AppData\\Local\\Programs\\Python\\Python313\\Lib\\site-packages\\_pytest\\runner.py", line 118, in pytest_runtest_protocol\n    runtestprotocol(item, nextitem=nextitem)\n  File "C:\\Users\\VIDYANKSHINI\\AppData\\Local\\Programs\\Python\\Python313\\Lib\\site-packages\\_pytest\\runner.py", line 131, in runtestprotocol\n    rep = call_and_report(item, "setup", log)\n  File "C:\\Users\\VIDYANKSHINI\\AppData\\Local\\Programs\\Python\\Python313\\Lib\\site-packages\\_pytest\\runner.py", line 244, in call_and_report\n    call = CallInfo.from_call(\n  File "C:\\Users\\VIDYANKSHINI\\AppData\\Local\\Programs\\Python\\Python313\\Lib\\site-packages\\_pytest\\runner.py", line 353, in from_call\n    result: TResult | None = func()\n  File "C:\\Users\\VIDYANKSHINI\\AppData\\Local\\Programs\\Python\\Python313\\Lib\\site-packages\\_pytest\\runner.py", line 245, in <lambda>\n    lambda: runtest_hook(item=item, **kwds),\n  File "C:\\Users\\VIDYANKSHINI\\AppData\\Local\\Programs\\Python\\Python313\\Lib\\site-packages\\pluggy\\_hooks.py", line 512, in __call__\n    return self._hookexec(self.name, self._hookimpls.copy(), kwargs, firstresult)\n  File "C:\\Users\\VIDYANKSHINI\\AppData\\Local\\Programs\\Python\\Python313\\Lib\\site-packages\\pluggy\\_manager.py", line 120, in _hookexec\n    return self._inner_hookexec(hook_name, methods, kwargs, firstresult)\n  File "C:\\Users\\VIDYANKSHINI\\AppData\\Local\\Programs\\Python\\Python313\\Lib\\site-packages\\pluggy\\_callers.py", line 121, in _multicall\n    res = hook_impl.function(*args)\n  File "C:\\Users\\VIDYANKSHINI\\AppData\\Local\\Programs\\Python\\Python313\\Lib\\site-packages\\_pytest\\runner.py", line 165, in pytest_runtest_setup\n    item.session._setupstate.setup(item)\n  File "C:\\Users\\VIDYANKSHINI\\AppData\\Local\\Programs\\Python\\Python313\\Lib\\site-packages\\_pytest\\runner.py", line 523, in setup\n    col.setup()\n  File "C:\\Users\\VIDYANKSHINI\\AppData\\Local\\Programs\\Python\\Python313\\Lib\\site-packages\\_pytest\\python.py", line 1723, in setup\n    self._request._fillfixtures()\n  File "C:\\Users\\VIDYANKSHINI\\AppData\\Local\\Programs\\Python\\Python313\\Lib\\site-packages\\_pytest\\fixtures.py", line 707, in _fillfixtures\n    item.funcargs[argname] = self.getfixturevalue(argname)\n  File "C:\\Users\\VIDYANKSHINI\\AppData\\Local\\Programs\\Python\\Python313\\Lib\\site-packages\\_pytest\\fixtures.py", line 539, in getfixturevalue\n    fixturedef = self._get_active_fixturedef(argname)\n  File "C:\\Users\\VIDYANKSHINI\\AppData\\Local\\Programs\\Python\\Python313\\Lib\\site-packages\\_pytest\\fixtures.py", line 627, in _get_active_fixturedef\n    fixturedef.execute(request=subrequest)\n  File "C:\\Users\\VIDYANKSHINI\\AppData\\Local\\Programs\\Python\\Python313\\Lib\\site-packages\\_pytest\\fixtures.py", line 1110, in execute\n    result: FixtureValue = ihook.pytest_fixture_setup(\n  File "C:\\Users\\VIDYANKSHINI\\AppData\\Local\\Programs\\Python\\Python313\\Lib\\site-packages\\pluggy\\_hooks.py", line 512, in __call__\n    return self._hookexec(self.name, self._hookimpls.copy(), kwargs, firstresult)\n  File "C:\\Users\\VIDYANKSHINI\\AppData\\Local\\Programs\\Python\\Python313\\Lib\\site-packages\\pluggy\\_manager.py", line 120, in _hookexec\n    return self._inner_hookexec(hook_name, methods, kwargs, firstresult)\n  File "C:\\Users\\VIDYANKSHINI\\AppData\\Local\\Programs\\Python\\Python313\\Lib\\site-packages\\pluggy\\_callers.py", line 121, in _multicall\n    res = hook_impl.function(*args)\n  File "C:\\Users\\VIDYANKSHINI\\AppData\\Local\\Programs\\Python\\Python313\\Lib\\site-packages\\_pytest\\fixtures.py", line 1202, in pytest_fixture_setup\n    result = call_fixture_func(fixturefunc, request, kwargs)\n  File "C:\\Users\\VIDYANKSHINI\\AppData\\Local\\Programs\\Python\\Python313\\Lib\\site-packages\\_pytest\\fixtures.py", line 908, in call_fixture_func\n    fixture_result = next(generator)\n  File "C:\\Users\\VIDYANKSHINI\\Desktop\\project\\SecuScan\\testing\\backend\\conftest.py", line 57, in test_client\n    asyncio.run(setup())\n  File "C:\\Users\\VIDYANKSHINI\\AppData\\Local\\Programs\\Python\\Python313\\Lib\\asyncio\\runners.py", line 195, in run\n    return runner.run(main)\n  File "C:\\Users\\VIDYANKSHINI\\AppData\\Local\\Programs\\Python\\Python313\\Lib\\asyncio\\runners.py", line 118, in run\n    return self._loop.run_until_complete(task)\n  File "C:\\Users\\VIDYANKSHINI\\AppData\\Local\\Programs\\Python\\Python313\\Lib\\asyncio\\base_events.py", line 712, in run_until_complete\n    self.run_forever()\n  File "C:\\Users\\VIDYANKSHINI\\AppData\\Local\\Programs\\Python\\Python313\\Lib\\asyncio\\base_events.py", line 683, in run_forever\n    self._run_once()\n  File "C:\\Users\\VIDYANKSHINI\\AppData\\Local\\Programs\\Python\\Python313\\Lib\\asyncio\\base_events.py", line 2040, in _run_once\n    handle._run()\n  File "C:\\Users\\VIDYANKSHINI\\AppData\\Local\\Programs\\Python\\Python313\\Lib\\asyncio\\events.py", line 89, in _run\n    self._context.run(self._callback, *self._args)\n  File "C:\\Users\\VIDYANKSHINI\\Desktop\\project\\SecuScan\\testing\\backend\\conftest.py", line 55, in setup\n    await init_plugins(settings.plugins_dir)\n  File "C:\\Users\\VIDYANKSHINI\\Desktop\\project\\SecuScan\\backend\\secuscan\\plugins.py", line 382, in init_plugins\n    await plugin_manager.load_plugins()\n  File "C:\\Users\\VIDYANKSHINI\\Desktop\\project\\SecuScan\\backend\\secuscan\\plugins.py", line 59, in load_plugins\n    logger.info(f"\u2713 Loaded plugin: {plugin_meta.name} v{plugin_meta.version}")\nMessage: '\u2713 Loaded plugin: Network Scanner v1.0.0'\nArguments: ()\n--- Logging error ---\nTraceback (most recent call last):\n  File "C:\\Users\\VIDYANKSHINI\\AppData\\Local\\Programs\\Python\\Python313\\Lib\\logging\\__init__.py", line 1153, in emit\n    stream.write(msg + self.terminator)\n    ~~~~~~~~~~~~^^^^^^^^^^^^^^^^^^^^^^^\n  File "C:\\Users\\VIDYANKSHINI\\AppData\\Local\\Programs\\Python\\Python313\\Lib\\encodings\\cp1252.py", line 19, in encode\n    return codecs.charmap_encode(input,self.errors,encoding_table)[0]\n           ~~~~~~~~~~~~~~~~~~~~~^^^^^^^^^^^^^^^^^^^^^^^^^^^^^^^^^^\nUnicodeEncodeError: 'charmap' codec can't encode character '\\u2713' in position 60: character maps to <undefined>\nCall stack:\n  File "<frozen runpy>", line 198, in _run_module_as_main\n  File "<frozen runpy>", line 88, in _run_code\n  File "C:\\Users\\VIDYANKSHINI\\AppData\\Local\\Programs\\Python\\Python313\\Scripts\\pytest.exe\\__main__.py", line 7, in <module>\n    sys.exit(console_main())\n  File "C:\\Users\\VIDYANKSHINI\\AppData\\Local\\Programs\\Python\\Python313\\Lib\\site-packages\\_pytest\\config\\__init__.py", line 223, in console_main\n    code = main()\n  File "C:\\Users\\VIDYANKSHINI\\AppData\\Local\\Programs\\Python\\Python313\\Lib\\site-packages\\_pytest\\config\\__init__.py", line 199, in main\n    ret: ExitCode | int = config.hook.pytest_cmdline_main(config=config)\n  File "C:\\Users\\VIDYANKSHINI\\AppData\\Local\\Programs\\Python\\Python313\\Lib\\site-packages\\pluggy\\_hooks.py", line 512, in __call__\n    return self._hookexec(self.name, self._hookimpls.copy(), kwargs, firstresult)\n  File "C:\\Users\\VIDYANKSHINI\\AppData\\Local\\Programs\\Python\\Python313\\Lib\\site-packages\\pluggy\\_manager.py", line 120, in _hookexec\n    return self._inner_hookexec(hook_name, methods, kwargs, firstresult)\n  File "C:\\Users\\VIDYANKSHINI\\AppData\\Local\\Programs\\Python\\Python313\\Lib\\site-packages\\pluggy\\_callers.py", line 121, in _multicall\n    res = hook_impl.function(*args)\n  File "C:\\Users\\VIDYANKSHINI\\AppData\\Local\\Programs\\Python\\Python313\\Lib\\site-packages\\_pytest\\main.py", line 365, in pytest_cmdline_main\n    return wrap_session(config, _main)\n  File "C:\\Users\\VIDYANKSHINI\\AppData\\Local\\Programs\\Python\\Python313\\Lib\\site-packages\\_pytest\\main.py", line 318, in wrap_session\n    session.exitstatus = doit(config, session) or 0\n  File "C:\\Users\\VIDYANKSHINI\\AppData\\Local\\Programs\\Python\\Python313\\Lib\\site-packages\\_pytest\\main.py", line 372, in _main\n    config.hook.pytest_runtestloop(session=session)\n  File "C:\\Users\\VIDYANKSHINI\\AppData\\Local\\Programs\\Python\\Python313\\Lib\\site-packages\\pluggy\\_hooks.py", line 512, in __call__\n    return self._hookexec(self.name, self._hookimpls.copy(), kwargs, firstresult)\n  File "C:\\Users\\VIDYANKSHINI\\AppData\\Local\\Programs\\Python\\Python313\\Lib\\site-packages\\pluggy\\_manager.py", line 120, in _hookexec\n    return self._inner_hookexec(hook_name, methods, kwargs, firstresult)\n  File "C:\\Users\\VIDYANKSHINI\\AppData\\Local\\Programs\\Python\\Python313\\Lib\\site-packages\\pluggy\\_callers.py", line 121, in _multicall\n    res = hook_impl.function(*args)\n  File "C:\\Users\\VIDYANKSHINI\\AppData\\Local\\Programs\\Python\\Python313\\Lib\\site-packages\\_pytest\\main.py", line 396, in pytest_runtestloop\n    item.config.hook.pytest_runtest_protocol(item=item, nextitem=nextitem)\n  File "C:\\Users\\VIDYANKSHINI\\AppData\\Local\\Programs\\Python\\Python313\\Lib\\site-packages\\pluggy\\_hooks.py", line 512, in __call__\n    return self._hookexec(self.name, self._hookimpls.copy(), kwargs, firstresult)\n  File "C:\\Users\\VIDYANKSHINI\\AppData\\Local\\Programs\\Python\\Python313\\Lib\\site-packages\\pluggy\\_manager.py", line 120, in _hookexec\n    return self._inner_hookexec(hook_name, methods, kwargs, firstresult)\n  File "C:\\Users\\VIDYANKSHINI\\AppData\\Local\\Programs\\Python\\Python313\\Lib\\site-packages\\pluggy\\_callers.py", line 121, in _multicall\n    res = hook_impl.function(*args)\n  File "C:\\Users\\VIDYANKSHINI\\AppData\\Local\\Programs\\Python\\Python313\\Lib\\site-packages\\_pytest\\runner.py", line 118, in pytest_runtest_protocol\n    runtestprotocol(item, nextitem=nextitem)\n  File "C:\\Users\\VIDYANKSHINI\\AppData\\Local\\Programs\\Python\\Python313\\Lib\\site-packages\\_pytest\\runner.py", line 131, in runtestprotocol\n    rep = call_and_report(item, "setup", log)\n  File "C:\\Users\\VIDYANKSHINI\\AppData\\Local\\Programs\\Python\\Python313\\Lib\\site-packages\\_pytest\\runner.py", line 244, in call_and_report\n    call = CallInfo.from_call(\n  File "C:\\Users\\VIDYANKSHINI\\AppData\\Local\\Programs\\Python\\Python313\\Lib\\site-packages\\_pytest\\runner.py", line 353, in from_call\n    result: TResult | None = func()\n  File "C:\\Users\\VIDYANKSHINI\\AppData\\Local\\Programs\\Python\\Python313\\Lib\\site-packages\\_pytest\\runner.py", line 245, in <lambda>\n    lambda: runtest_hook(item=item, **kwds),\n  File "C:\\Users\\VIDYANKSHINI\\AppData\\Local\\Programs\\Python\\Python313\\Lib\\site-packages\\pluggy\\_hooks.py", line 512, in __call__\n    return self._hookexec(self.name, self._hookimpls.copy(), kwargs, firstresult)\n  File "C:\\Users\\VIDYANKSHINI\\AppData\\Local\\Programs\\Python\\Python313\\Lib\\site-packages\\pluggy\\_manager.py", line 120, in _hookexec\n    return self._inner_hookexec(hook_name, methods, kwargs, firstresult)\n  File "C:\\Users\\VIDYANKSHINI\\AppData\\Local\\Programs\\Python\\Python313\\Lib\\site-packages\\pluggy\\_callers.py", line 121, in _multicall\n    res = hook_impl.function(*args)\n  File "C:\\Users\\VIDYANKSHINI\\AppData\\Local\\Programs\\Python\\Python313\\Lib\\site-packages\\_pytest\\runner.py", line 165, in pytest_runtest_setup\n    item.session._setupstate.setup(item)\n  File "C:\\Users\\VIDYANKSHINI\\AppData\\Local\\Programs\\Python\\Python313\\Lib\\site-packages\\_pytest\\runner.py", line 523, in setup\n    col.setup()\n  File "C:\\Users\\VIDYANKSHINI\\AppData\\Local\\Programs\\Python\\Python313\\Lib\\site-packages\\_pytest\\python.py", line 1723, in setup\n    self._request._fillfixtures()\n  File "C:\\Users\\VIDYANKSHINI\\AppData\\Local\\Programs\\Python\\Python313\\Lib\\site-packages\\_pytest\\fixtures.py", line 707, in _fillfixtures\n    item.funcargs[argname] = self.getfixturevalue(argname)\n  File "C:\\Users\\VIDYANKSHINI\\AppData\\Local\\Programs\\Python\\Python313\\Lib\\site-packages\\_pytest\\fixtures.py", line 539, in getfixturevalue\n    fixturedef = self._get_active_fixturedef(argname)\n  File "C:\\Users\\VIDYANKSHINI\\AppData\\Local\\Programs\\Python\\Python313\\Lib\\site-packages\\_pytest\\fixtures.py", line 627, in _get_active_fixturedef\n    fixturedef.execute(request=subrequest)\n  File "C:\\Users\\VIDYANKSHINI\\AppData\\Local\\Programs\\Python\\Python313\\Lib\\site-packages\\_pytest\\fixtures.py", line 1110, in execute\n    result: FixtureValue = ihook.pytest_fixture_setup(\n  File "C:\\Users\\VIDYANKSHINI\\AppData\\Local\\Programs\\Python\\Python313\\Lib\\site-packages\\pluggy\\_hooks.py", line 512, in __call__\n    return self._hookexec(self.name, self._hookimpls.copy(), kwargs, firstresult)\n  File "C:\\Users\\VIDYANKSHINI\\AppData\\Local\\Programs\\Python\\Python313\\Lib\\site-packages\\pluggy\\_manager.py", line 120, in _hookexec\n    return self._inner_hookexec(hook_name, methods, kwargs, firstresult)\n  File "C:\\Users\\VIDYANKSHINI\\AppData\\Local\\Programs\\Python\\Python313\\Lib\\site-packages\\pluggy\\_callers.py", line 121, in _multicall\n    res = hook_impl.function(*args)\n  File "C:\\Users\\VIDYANKSHINI\\AppData\\Local\\Programs\\Python\\Python313\\Lib\\site-packages\\_pytest\\fixtures.py", line 1202, in pytest_fixture_setup\n    result = call_fixture_func(fixturefunc, request, kwargs)\n  File "C:\\Users\\VIDYANKSHINI\\AppData\\Local\\Programs\\Python\\Python313\\Lib\\site-packages\\_pytest\\fixtures.py", line 908, in call_fixture_func\n    fixture_result = next(generator)\n  File "C:\\Users\\VIDYANKSHINI\\Desktop\\project\\SecuScan\\testing\\backend\\conftest.py", line 57, in test_client\n    asyncio.run(setup())\n  File "C:\\Users\\VIDYANKSHINI\\AppData\\Local\\Programs\\Python\\Python313\\Lib\\asyncio\\runners.py", line 195, in run\n    return runner.run(main)\n  File "C:\\Users\\VIDYANKSHINI\\AppData\\Local\\Programs\\Python\\Python313\\Lib\\asyncio\\runners.py", line 118, in run\n    return self._loop.run_until_complete(task)\n  File "C:\\Users\\VIDYANKSHINI\\AppData\\Local\\Programs\\Python\\Python313\\Lib\\asyncio\\base_events.py", line 712, in run_until_complete\n    self.run_forever()\n  File "C:\\Users\\VIDYANKSHINI\\AppData\\Local\\Programs\\Python\\Python313\\Lib\\asyncio\\base_events.py", line 683, in run_forever\n    self._run_once()\n  File "C:\\Users\\VIDYANKSHINI\\AppData\\Local\\Programs\\Python\\Python313\\Lib\\asyncio\\base_events.py", line 2040, in _run_once\n    handle._run()\n  File "C:\\Users\\VIDYANKSHINI\\AppData\\Local\\Programs\\Python\\Python313\\Lib\\asyncio\\events.py", line 89, in _run\n    self._context.run(self._callback, *self._args)\n  File "C:\\Users\\VIDYANKSHINI\\Desktop\\project\\SecuScan\\testing\\backend\\conftest.py", line 55, in setup\n    await init_plugins(settings.plugins_dir)\n  File "C:\\Users\\VIDYANKSHINI\\Desktop\\project\\SecuScan\\backend\\secuscan\\plugins.py", line 382, in init_plugins\n    await plugin_manager.load_plugins()\n  File "C:\\Users\\VIDYANKSHINI\\Desktop\\project\\SecuScan\\backend\\secuscan\\plugins.py", line 59, in load_plugins\n    logger.info(f"\u2713 Loaded plugin: {plugin_meta.name} v{plugin_meta.version}")\nMessage: '\u2713 Loaded plugin: Nikto v1.1.0'\nArguments: ()\n--- Logging error ---\nTraceback (most recent call last):\n  File "C:\\Users\\VIDYANKSHINI\\AppData\\Local\\Programs\\Python\\Python313\\Lib\\logging\\__init__.py", line 1153, in emit\n    stream.write(msg + self.terminator)\n    ~~~~~~~~~~~~^^^^^^^^^^^^^^^^^^^^^^^\n  File "C:\\Users\\VIDYANKSHINI\\AppData\\Local\\Programs\\Python\\Python313\\Lib\\encodings\\cp1252.py", line 19, in encode\n    return codecs.charmap_encode(input,self.errors,encoding_table)[0]\n           ~~~~~~~~~~~~~~~~~~~~~^^^^^^^^^^^^^^^^^^^^^^^^^^^^^^^^^^\nUnicodeEncodeError: 'charmap' codec can't encode character '\\u2713' in position 60: character maps to <undefined>\nCall stack:\n  File "<frozen runpy>", line 198, in _run_module_as_main\n  File "<frozen runpy>", line 88, in _run_code\n  File "C:\\Users\\VIDYANKSHINI\\AppData\\Local\\Programs\\Python\\Python313\\Scripts\\pytest.exe\\__main__.py", line 7, in <module>\n    sys.exit(console_main())\n  File "C:\\Users\\VIDYANKSHINI\\AppData\\Local\\Programs\\Python\\Python313\\Lib\\site-packages\\_pytest\\config\\__init__.py", line 223, in console_main\n    code = main()\n  File "C:\\Users\\VIDYANKSHINI\\AppData\\Local\\Programs\\Python\\Python313\\Lib\\site-packages\\_pytest\\config\\__init__.py", line 199, in main\n    ret: ExitCode | int = config.hook.pytest_cmdline_main(config=config)\n  File "C:\\Users\\VIDYANKSHINI\\AppData\\Local\\Programs\\Python\\Python313\\Lib\\site-packages\\pluggy\\_hooks.py", line 512, in __call__\n    return self._hookexec(self.name, self._hookimpls.copy(), kwargs, firstresult)\n  File "C:\\Users\\VIDYANKSHINI\\AppData\\Local\\Programs\\Python\\Python313\\Lib\\site-packages\\pluggy\\_manager.py", line 120, in _hookexec\n    return self._inner_hookexec(hook_name, methods, kwargs, firstresult)\n  File "C:\\Users\\VIDYANKSHINI\\AppData\\Local\\Programs\\Python\\Python313\\Lib\\site-packages\\pluggy\\_callers.py", line 121, in _multicall\n    res = hook_impl.function(*args)\n  File "C:\\Users\\VIDYANKSHINI\\AppData\\Local\\Programs\\Python\\Python313\\Lib\\site-packages\\_pytest\\main.py", line 365, in pytest_cmdline_main\n    return wrap_session(config, _main)\n  File "C:\\Users\\VIDYANKSHINI\\AppData\\Local\\Programs\\Python\\Python313\\Lib\\site-packages\\_pytest\\main.py", line 318, in wrap_session\n    session.exitstatus = doit(config, session) or 0\n  File "C:\\Users\\VIDYANKSHINI\\AppData\\Local\\Programs\\Python\\Python313\\Lib\\site-packages\\_pytest\\main.py", line 372, in _main\n    config.hook.pytest_runtestloop(session=session)\n  File "C:\\Users\\VIDYANKSHINI\\AppData\\Local\\Programs\\Python\\Python313\\Lib\\site-packages\\pluggy\\_hooks.py", line 512, in __call__\n    return self._hookexec(self.name, self._hookimpls.copy(), kwargs, firstresult)\n  File "C:\\Users\\VIDYANKSHINI\\AppData\\Local\\Programs\\Python\\Python313\\Lib\\site-packages\\pluggy\\_manager.py", line 120, in _hookexec\n    return self._inner_hookexec(hook_name, methods, kwargs, firstresult)\n  File "C:\\Users\\VIDYANKSHINI\\AppData\\Local\\Programs\\Python\\Python313\\Lib\\site-packages\\pluggy\\_callers.py", line 121, in _multicall\n    res = hook_impl.function(*args)\n  File "C:\\Users\\VIDYANKSHINI\\AppData\\Local\\Programs\\Python\\Python313\\Lib\\site-packages\\_pytest\\main.py", line 396, in pytest_runtestloop\n    item.config.hook.pytest_runtest_protocol(item=item, nextitem=nextitem)\n  File "C:\\Users\\VIDYANKSHINI\\AppData\\Local\\Programs\\Python\\Python313\\Lib\\site-packages\\pluggy\\_hooks.py", line 512, in __call__\n    return self._hookexec(self.name, self._hookimpls.copy(), kwargs, firstresult)\n  File "C:\\Users\\VIDYANKSHINI\\AppData\\Local\\Programs\\Python\\Python313\\Lib\\site-packages\\pluggy\\_manager.py", line 120, in _hookexec\n    return self._inner_hookexec(hook_name, methods, kwargs, firstresult)\n  File "C:\\Users\\VIDYANKSHINI\\AppData\\Local\\Programs\\Python\\Python313\\Lib\\site-packages\\pluggy\\_callers.py", line 121, in _multicall\n    res = hook_impl.function(*args)\n  File "C:\\Users\\VIDYANKSHINI\\AppData\\Local\\Programs\\Python\\Python313\\Lib\\site-packages\\_pytest\\runner.py", line 118, in pytest_runtest_protocol\n    runtestprotocol(item, nextitem=nextitem)\n  File "C:\\Users\\VIDYANKSHINI\\AppData\\Local\\Programs\\Python\\Python313\\Lib\\site-packages\\_pytest\\runner.py", line 131, in runtestprotocol\n    rep = call_and_report(item, "setup", log)\n  File "C:\\Users\\VIDYANKSHINI\\AppData\\Local\\Programs\\Python\\Python313\\Lib\\site-packages\\_pytest\\runner.py", line 244, in call_and_report\n    call = CallInfo.from_call(\n  File "C:\\Users\\VIDYANKSHINI\\AppData\\Local\\Programs\\Python\\Python313\\Lib\\site-packages\\_pytest\\runner.py", line 353, in from_call\n    result: TResult | None = func()\n  File "C:\\Users\\VIDYANKSHINI\\AppData\\Local\\Programs\\Python\\Python313\\Lib\\site-packages\\_pytest\\runner.py", line 245, in <lambda>\n    lambda: runtest_hook(item=item, **kwds),\n  File "C:\\Users\\VIDYANKSHINI\\AppData\\Local\\Programs\\Python\\Python313\\Lib\\site-packages\\pluggy\\_hooks.py", line 512, in __call__\n    return self._hookexec(self.name, self._hookimpls.copy(), kwargs, firstresult)\n  File "C:\\Users\\VIDYANKSHINI\\AppData\\Local\\Programs\\Python\\Python313\\Lib\\site-packages\\pluggy\\_manager.py", line 120, in _hookexec\n    return self._inner_hookexec(hook_name, methods, kwargs, firstresult)\n  File "C:\\Users\\VIDYANKSHINI\\AppData\\Local\\Programs\\Python\\Python313\\Lib\\site-packages\\pluggy\\_callers.py", line 121, in _multicall\n    res = hook_impl.function(*args)\n  File "C:\\Users\\VIDYANKSHINI\\AppData\\Local\\Programs\\Python\\Python313\\Lib\\site-packages\\_pytest\\runner.py", line 165, in pytest_runtest_setup\n    item.session._setupstate.setup(item)\n  File "C:\\Users\\VIDYANKSHINI\\AppData\\Local\\Programs\\Python\\Python313\\Lib\\site-packages\\_pytest\\runner.py", line 523, in setup\n    col.setup()\n  File "C:\\Users\\VIDYANKSHINI\\AppData\\Local\\Programs\\Python\\Python313\\Lib\\site-packages\\_pytest\\python.py", line 1723, in setup\n    self._request._fillfixtures()\n  File "C:\\Users\\VIDYANKSHINI\\AppData\\Local\\Programs\\Python\\Python313\\Lib\\site-packages\\_pytest\\fixtures.py", line 707, in _fillfixtures\n    item.funcargs[argname] = self.getfixturevalue(argname)\n  File "C:\\Users\\VIDYANKSHINI\\AppData\\Local\\Programs\\Python\\Python313\\Lib\\site-packages\\_pytest\\fixtures.py", line 539, in getfixturevalue\n    fixturedef = self._get_active_fixturedef(argname)\n  File "C:\\Users\\VIDYANKSHINI\\AppData\\Local\\Programs\\Python\\Python313\\Lib\\site-packages\\_pytest\\fixtures.py", line 627, in _get_active_fixturedef\n    fixturedef.execute(request=subrequest)\n  File "C:\\Users\\VIDYANKSHINI\\AppData\\Local\\Programs\\Python\\Python313\\Lib\\site-packages\\_pytest\\fixtures.py", line 1110, in execute\n    result: FixtureValue = ihook.pytest_fixture_setup(\n  File "C:\\Users\\VIDYANKSHINI\\AppData\\Local\\Programs\\Python\\Python313\\Lib\\site-packages\\pluggy\\_hooks.py", line 512, in __call__\n    return self._hookexec(self.name, self._hookimpls.copy(), kwargs, firstresult)\n  File "C:\\Users\\VIDYANKSHINI\\AppData\\Local\\Programs\\Python\\Python313\\Lib\\site-packages\\pluggy\\_manager.py", line 120, in _hookexec\n    return self._inner_hookexec(hook_name, methods, kwargs, firstresult)\n  File "C:\\Users\\VIDYANKSHINI\\AppData\\Local\\Programs\\Python\\Python313\\Lib\\site-packages\\pluggy\\_callers.py", line 121, in _multicall\n    res = hook_impl.function(*args)\n  File "C:\\Users\\VIDYANKSHINI\\AppData\\Local\\Programs\\Python\\Python313\\Lib\\site-packages\\_pytest\\fixtures.py", line 1202, in pytest_fixture_setup\n    result = call_fixture_func(fixturefunc, request, kwargs)\n  File "C:\\Users\\VIDYANKSHINI\\AppData\\Local\\Programs\\Python\\Python313\\Lib\\site-packages\\_pytest\\fixtures.py", line 908, in call_fixture_func\n    fixture_result = next(generator)\n  File "C:\\Users\\VIDYANKSHINI\\Desktop\\project\\SecuScan\\testing\\backend\\conftest.py", line 57, in test_client\n    asyncio.run(setup())\n  File "C:\\Users\\VIDYANKSHINI\\AppData\\Local\\Programs\\Python\\Python313\\Lib\\asyncio\\runners.py", line 195, in run\n    return runner.run(main)\n  File "C:\\Users\\VIDYANKSHINI\\AppData\\Local\\Programs\\Python\\Python313\\Lib\\asyncio\\runners.py", line 118, in run\n    return self._loop.run_until_complete(task)\n  File "C:\\Users\\VIDYANKSHINI\\AppData\\Local\\Programs\\Python\\Python313\\Lib\\asyncio\\base_events.py", line 712, in run_until_complete\n    self.run_forever()\n  File "C:\\Users\\VIDYANKSHINI\\AppData\\Local\\Programs\\Python\\Python313\\Lib\\asyncio\\base_events.py", line 683, in run_forever\n    self._run_once()\n  File "C:\\Users\\VIDYANKSHINI\\AppData\\Local\\Programs\\Python\\Python313\\Lib\\asyncio\\base_events.py", line 2040, in _run_once\n    handle._run()\n  File "C:\\Users\\VIDYANKSHINI\\AppData\\Local\\Programs\\Python\\Python313\\Lib\\asyncio\\events.py", line 89, in _run\n    self._context.run(self._callback, *self._args)\n  File "C:\\Users\\VIDYANKSHINI\\Desktop\\project\\SecuScan\\testing\\backend\\conftest.py", line 55, in setup\n    await init_plugins(settings.plugins_dir)\n  File "C:\\Users\\VIDYANKSHINI\\Desktop\\project\\SecuScan\\backend\\secuscan\\plugins.py", line 382, in init_plugins\n    await plugin_manager.load_plugins()\n  File "C:\\Users\\VIDYANKSHINI\\Desktop\\project\\SecuScan\\backend\\secuscan\\plugins.py", line 59, in load_plugins\n    logger.info(f"\u2713 Loaded plugin: {plugin_meta.name} v{plugin_meta.version}")\nMessage: '\u2713 Loaded plugin: Network Scanning v1.0.0'\nArguments: ()\n--- Logging error ---\nTraceback (most recent call last):\n  File "C:\\Users\\VIDYANKSHINI\\AppData\\Local\\Programs\\Python\\Python313\\Lib\\logging\\__init__.py", line 1153, in emit\n    stream.write(msg + self.terminator)\n    ~~~~~~~~~~~~^^^^^^^^^^^^^^^^^^^^^^^\n  File "C:\\Users\\VIDYANKSHINI\\AppData\\Local\\Programs\\Python\\Python313\\Lib\\encodings\\cp1252.py", line 19, in encode\n    return codecs.charmap_encode(input,self.errors,encoding_table)[0]\n           ~~~~~~~~~~~~~~~~~~~~~^^^^^^^^^^^^^^^^^^^^^^^^^^^^^^^^^^\nUnicodeEncodeError: 'charmap' codec can't encode character '\\u2713' in position 60: character maps to <undefined>\nCall stack:\n  File "<frozen runpy>", line 198, in _run_module_as_main\n  File "<frozen runpy>", line 88, in _run_code\n  File "C:\\Users\\VIDYANKSHINI\\AppData\\Local\\Programs\\Python\\Python313\\Scripts\\pytest.exe\\__main__.py", line 7, in <module>\n    sys.exit(console_main())\n  File "C:\\Users\\VIDYANKSHINI\\AppData\\Local\\Programs\\Python\\Python313\\Lib\\site-packages\\_pytest\\config\\__init__.py", line 223, in console_main\n    code = main()\n  File "C:\\Users\\VIDYANKSHINI\\AppData\\Local\\Programs\\Python\\Python313\\Lib\\site-packages\\_pytest\\config\\__init__.py", line 199, in main\n    ret: ExitCode | int = config.hook.pytest_cmdline_main(config=config)\n  File "C:\\Users\\VIDYANKSHINI\\AppData\\Local\\Programs\\Python\\Python313\\Lib\\site-packages\\pluggy\\_hooks.py", line 512, in __call__\n    return self._hookexec(self.name, self._hookimpls.copy(), kwargs, firstresult)\n  File "C:\\Users\\VIDYANKSHINI\\AppData\\Local\\Programs\\Python\\Python313\\Lib\\site-packages\\pluggy\\_manager.py", line 120, in _hookexec\n    return self._inner_hookexec(hook_name, methods, kwargs, firstresult)\n  File "C:\\Users\\VIDYANKSHINI\\AppData\\Local\\Programs\\Python\\Python313\\Lib\\site-packages\\pluggy\\_callers.py", line 121, in _multicall\n    res = hook_impl.function(*args)\n  File "C:\\Users\\VIDYANKSHINI\\AppData\\Local\\Programs\\Python\\Python313\\Lib\\site-packages\\_pytest\\main.py", line 365, in pytest_cmdline_main\n    return wrap_session(config, _main)\n  File "C:\\Users\\VIDYANKSHINI\\AppData\\Local\\Programs\\Python\\Python313\\Lib\\site-packages\\_pytest\\main.py", line 318, in wrap_session\n    session.exitstatus = doit(config, session) or 0\n  File "C:\\Users\\VIDYANKSHINI\\AppData\\Local\\Programs\\Python\\Python313\\Lib\\site-packages\\_pytest\\main.py", line 372, in _main\n    config.hook.pytest_runtestloop(session=session)\n  File "C:\\Users\\VIDYANKSHINI\\AppData\\Local\\Programs\\Python\\Python313\\Lib\\site-packages\\pluggy\\_hooks.py", line 512, in __call__\n    return self._hookexec(self.name, self._hookimpls.copy(), kwargs, firstresult)\n  File "C:\\Users\\VIDYANKSHINI\\AppData\\Local\\Programs\\Python\\Python313\\Lib\\site-packages\\pluggy\\_manager.py", line 120, in _hookexec\n    return self._inner_hookexec(hook_name, methods, kwargs, firstresult)\n  File "C:\\Users\\VIDYANKSHINI\\AppData\\Local\\Programs\\Python\\Python313\\Lib\\site-packages\\pluggy\\_callers.py", line 121, in _multicall\n    res = hook_impl.function(*args)\n  File "C:\\Users\\VIDYANKSHINI\\AppData\\Local\\Programs\\Python\\Python313\\Lib\\site-packages\\_pytest\\main.py", line 396, in pytest_runtestloop\n    item.config.hook.pytest_runtest_protocol(item=item, nextitem=nextitem)\n  File "C:\\Users\\VIDYANKSHINI\\AppData\\Local\\Programs\\Python\\Python313\\Lib\\site-packages\\pluggy\\_hooks.py", line 512, in __call__\n    return self._hookexec(self.name, self._hookimpls.copy(), kwargs, firstresult)\n  File "C:\\Users\\VIDYANKSHINI\\AppData\\Local\\Programs\\Python\\Python313\\Lib\\site-packages\\pluggy\\_manager.py", line 120, in _hookexec\n    return self._inner_hookexec(hook_name, methods, kwargs, firstresult)\n  File "C:\\Users\\VIDYANKSHINI\\AppData\\Local\\Programs\\Python\\Python313\\Lib\\site-packages\\pluggy\\_callers.py", line 121, in _multicall\n    res = hook_impl.function(*args)\n  File "C:\\Users\\VIDYANKSHINI\\AppData\\Local\\Programs\\Python\\Python313\\Lib\\site-packages\\_pytest\\runner.py", line 118, in pytest_runtest_protocol\n    runtestprotocol(item, nextitem=nextitem)\n  File "C:\\Users\\VIDYANKSHINI\\AppData\\Local\\Programs\\Python\\Python313\\Lib\\site-packages\\_pytest\\runner.py", line 131, in runtestprotocol\n    rep = call_and_report(item, "setup", log)\n  File "C:\\Users\\VIDYANKSHINI\\AppData\\Local\\Programs\\Python\\Python313\\Lib\\site-packages\\_pytest\\runner.py", line 244, in call_and_report\n    call = CallInfo.from_call(\n  File "C:\\Users\\VIDYANKSHINI\\AppData\\Local\\Programs\\Python\\Python313\\Lib\\site-packages\\_pytest\\runner.py", line 353, in from_call\n    result: TResult | None = func()\n  File "C:\\Users\\VIDYANKSHINI\\AppData\\Local\\Programs\\Python\\Python313\\Lib\\site-packages\\_pytest\\runner.py", line 245, in <lambda>\n    lambda: runtest_hook(item=item, **kwds),\n  File "C:\\Users\\VIDYANKSHINI\\AppData\\Local\\Programs\\Python\\Python313\\Lib\\site-packages\\pluggy\\_hooks.py", line 512, in __call__\n    return self._hookexec(self.name, self._hookimpls.copy(), kwargs, firstresult)\n  File "C:\\Users\\VIDYANKSHINI\\AppData\\Local\\Programs\\Python\\Python313\\Lib\\site-packages\\pluggy\\_manager.py", line 120, in _hookexec\n    return self._inner_hookexec(hook_name, methods, kwargs, firstresult)\n  File "C:\\Users\\VIDYANKSHINI\\AppData\\Local\\Programs\\Python\\Python313\\Lib\\site-packages\\pluggy\\_callers.py", line 121, in _multicall\n    res = hook_impl.function(*args)\n  File "C:\\Users\\VIDYANKSHINI\\AppData\\Local\\Programs\\Python\\Python313\\Lib\\site-packages\\_pytest\\runner.py", line 165, in pytest_runtest_setup\n    item.session._setupstate.setup(item)\n  File "C:\\Users\\VIDYANKSHINI\\AppData\\Local\\Programs\\Python\\Python313\\Lib\\site-packages\\_pytest\\runner.py", line 523, in setup\n    col.setup()\n  File "C:\\Users\\VIDYANKSHINI\\AppData\\Local\\Programs\\Python\\Python313\\Lib\\site-packages\\_pytest\\python.py", line 1723, in setup\n    self._request._fillfixtures()\n  File "C:\\Users\\VIDYANKSHINI\\AppData\\Local\\Programs\\Python\\Python313\\Lib\\site-packages\\_pytest\\fixtures.py", line 707, in _fillfixtures\n    item.funcargs[argname] = self.getfixturevalue(argname)\n  File "C:\\Users\\VIDYANKSHINI\\AppData\\Local\\Programs\\Python\\Python313\\Lib\\site-packages\\_pytest\\fixtures.py", line 539, in getfixturevalue\n    fixturedef = self._get_active_fixturedef(argname)\n  File "C:\\Users\\VIDYANKSHINI\\AppData\\Local\\Programs\\Python\\Python313\\Lib\\site-packages\\_pytest\\fixtures.py", line 627, in _get_active_fixturedef\n    fixturedef.execute(request=subrequest)\n  File "C:\\Users\\VIDYANKSHINI\\AppData\\Local\\Programs\\Python\\Python313\\Lib\\site-packages\\_pytest\\fixtures.py", line 1110, in execute\n    result: FixtureValue = ihook.pytest_fixture_setup(\n  File "C:\\Users\\VIDYANKSHINI\\AppData\\Local\\Programs\\Python\\Python313\\Lib\\site-packages\\pluggy\\_hooks.py", line 512, in __call__\n    return self._hookexec(self.name, self._hookimpls.copy(), kwargs, firstresult)\n  File "C:\\Users\\VIDYANKSHINI\\AppData\\Local\\Programs\\Python\\Python313\\Lib\\site-packages\\pluggy\\_manager.py", line 120, in _hookexec\n    return self._inner_hookexec(hook_name, methods, kwargs, firstresult)\n  File "C:\\Users\\VIDYANKSHINI\\AppData\\Local\\Programs\\Python\\Python313\\Lib\\site-packages\\pluggy\\_callers.py", line 121, in _multicall\n    res = hook_impl.function(*args)\n  File "C:\\Users\\VIDYANKSHINI\\AppData\\Local\\Programs\\Python\\Python313\\Lib\\site-packages\\_pytest\\fixtures.py", line 1202, in pytest_fixture_setup\n    result = call_fixture_func(fixturefunc, request, kwargs)\n  File "C:\\Users\\VIDYANKSHINI\\AppData\\Local\\Programs\\Python\\Python313\\Lib\\site-packages\\_pytest\\fixtures.py", line 908, in call_fixture_func\n    fixture_result = next(generator)\n  File "C:\\Users\\VIDYANKSHINI\\Desktop\\project\\SecuScan\\testing\\backend\\conftest.py", line 57, in test_client\n    asyncio.run(setup())\n  File "C:\\Users\\VIDYANKSHINI\\AppData\\Local\\Programs\\Python\\Python313\\Lib\\asyncio\\runners.py", line 195, in run\n    return runner.run(main)\n  File "C:\\Users\\VIDYANKSHINI\\AppData\\Local\\Programs\\Python\\Python313\\Lib\\asyncio\\runners.py", line 118, in run\n    return self._loop.run_until_complete(task)\n  File "C:\\Users\\VIDYANKSHINI\\AppData\\Local\\Programs\\Python\\Python313\\Lib\\asyncio\\base_events.py", line 712, in run_until_complete\n    self.run_forever()\n  File "C:\\Users\\VIDYANKSHINI\\AppData\\Local\\Programs\\Python\\Python313\\Lib\\asyncio\\base_events.py", line 683, in run_forever\n    self._run_once()\n  File "C:\\Users\\VIDYANKSHINI\\AppData\\Local\\Programs\\Python\\Python313\\Lib\\asyncio\\base_events.py", line 2040, in _run_once\n    handle._run()\n  File "C:\\Users\\VIDYANKSHINI\\AppData\\Local\\Programs\\Python\\Python313\\Lib\\asyncio\\events.py", line 89, in _run\n    self._context.run(self._callback, *self._args)\n  File "C:\\Users\\VIDYANKSHINI\\Desktop\\project\\SecuScan\\testing\\backend\\conftest.py", line 55, in setup\n    await init_plugins(settings.plugins_dir)\n  File "C:\\Users\\VIDYANKSHINI\\Desktop\\project\\SecuScan\\backend\\secuscan\\plugins.py", line 382, in init_plugins\n    await plugin_manager.load_plugins()\n  File "C:\\Users\\VIDYANKSHINI\\Desktop\\project\\SecuScan\\backend\\secuscan\\plugins.py", line 59, in load_plugins\n    logger.info(f"\u2713 Loaded plugin: {plugin_meta.name} v{plugin_meta.version}")\nMessage: '\u2713 Loaded plugin: Template Vulnerability Scan v1.0.0'\nArguments: ()\n--- Logging error ---\nTraceback (most recent call last):\n  File "C:\\Users\\VIDYANKSHINI\\AppData\\Local\\Programs\\Python\\Python313\\Lib\\logging\\__init__.py", line 1153, in emit\n    stream.write(msg + self.terminator)\n    ~~~~~~~~~~~~^^^^^^^^^^^^^^^^^^^^^^^\n  File "C:\\Users\\VIDYANKSHINI\\AppData\\Local\\Programs\\Python\\Python313\\Lib\\encodings\\cp1252.py", line 19, in encode\n    return codecs.charmap_encode(input,self.errors,encoding_table)[0]\n           ~~~~~~~~~~~~~~~~~~~~~^^^^^^^^^^^^^^^^^^^^^^^^^^^^^^^^^^\nUnicodeEncodeError: 'charmap' codec can't encode character '\\u2713' in position 60: character maps to <undefined>\nCall stack:\n  File "<frozen runpy>", line 198, in _run_module_as_main\n  File "<frozen runpy>", line 88, in _run_code\n  File "C:\\Users\\VIDYANKSHINI\\AppData\\Local\\Programs\\Python\\Python313\\Scripts\\pytest.exe\\__main__.py", line 7, in <module>\n    sys.exit(console_main())\n  File "C:\\Users\\VIDYANKSHINI\\AppData\\Local\\Programs\\Python\\Python313\\Lib\\site-packages\\_pytest\\config\\__init__.py", line 223, in console_main\n    code = main()\n  File "C:\\Users\\VIDYANKSHINI\\AppData\\Local\\Programs\\Python\\Python313\\Lib\\site-packages\\_pytest\\config\\__init__.py", line 199, in main\n    ret: ExitCode | int = config.hook.pytest_cmdline_main(config=config)\n  File "C:\\Users\\VIDYANKSHINI\\AppData\\Local\\Programs\\Python\\Python313\\Lib\\site-packages\\pluggy\\_hooks.py", line 512, in __call__\n    return self._hookexec(self.name, self._hookimpls.copy(), kwargs, firstresult)\n  File "C:\\Users\\VIDYANKSHINI\\AppData\\Local\\Programs\\Python\\Python313\\Lib\\site-packages\\pluggy\\_manager.py", line 120, in _hookexec\n    return self._inner_hookexec(hook_name, methods, kwargs, firstresult)\n  File "C:\\Users\\VIDYANKSHINI\\AppData\\Local\\Programs\\Python\\Python313\\Lib\\site-packages\\pluggy\\_callers.py", line 121, in _multicall\n    res = hook_impl.function(*args)\n  File "C:\\Users\\VIDYANKSHINI\\AppData\\Local\\Programs\\Python\\Python313\\Lib\\site-packages\\_pytest\\main.py", line 365, in pytest_cmdline_main\n    return wrap_session(config, _main)\n  File "C:\\Users\\VIDYANKSHINI\\AppData\\Local\\Programs\\Python\\Python313\\Lib\\site-packages\\_pytest\\main.py", line 318, in wrap_session\n    session.exitstatus = doit(config, session) or 0\n  File "C:\\Users\\VIDYANKSHINI\\AppData\\Local\\Programs\\Python\\Python313\\Lib\\site-packages\\_pytest\\main.py", line 372, in _main\n    config.hook.pytest_runtestloop(session=session)\n  File "C:\\Users\\VIDYANKSHINI\\AppData\\Local\\Programs\\Python\\Python313\\Lib\\site-packages\\pluggy\\_hooks.py", line 512, in __call__\n    return self._hookexec(self.name, self._hookimpls.copy(), kwargs, firstresult)\n  File "C:\\Users\\VIDYANKSHINI\\AppData\\Local\\Programs\\Python\\Python313\\Lib\\site-packages\\pluggy\\_manager.py", line 120, in _hookexec\n    return self._inner_hookexec(hook_name, methods, kwargs, firstresult)\n  File "C:\\Users\\VIDYANKSHINI\\AppData\\Local\\Programs\\Python\\Python313\\Lib\\site-packages\\pluggy\\_callers.py", line 121, in _multicall\n    res = hook_impl.function(*args)\n  File "C:\\Users\\VIDYANKSHINI\\AppData\\Local\\Programs\\Python\\Python313\\Lib\\site-packages\\_pytest\\main.py", line 396, in pytest_runtestloop\n    item.config.hook.pytest_runtest_protocol(item=item, nextitem=nextitem)\n  File "C:\\Users\\VIDYANKSHINI\\AppData\\Local\\Programs\\Python\\Python313\\Lib\\site-packages\\pluggy\\_hooks.py", line 512, in __call__\n    return self._hookexec(self.name, self._hookimpls.copy(), kwargs, firstresult)\n  File "C:\\Users\\VIDYANKSHINI\\AppData\\Local\\Programs\\Python\\Python313\\Lib\\site-packages\\pluggy\\_manager.py", line 120, in _hookexec\n    return self._inner_hookexec(hook_name, methods, kwargs, firstresult)\n  File "C:\\Users\\VIDYANKSHINI\\AppData\\Local\\Programs\\Python\\Python313\\Lib\\site-packages\\pluggy\\_callers.py", line 121, in _multicall\n    res = hook_impl.function(*args)\n  File "C:\\Users\\VIDYANKSHINI\\AppData\\Local\\Programs\\Python\\Python313\\Lib\\site-packages\\_pytest\\runner.py", line 118, in pytest_runtest_protocol\n    runtestprotocol(item, nextitem=nextitem)\n  File "C:\\Users\\VIDYANKSHINI\\AppData\\Local\\Programs\\Python\\Python313\\Lib\\site-packages\\_pytest\\runner.py", line 131, in runtestprotocol\n    rep = call_and_report(item, "setup", log)\n  File "C:\\Users\\VIDYANKSHINI\\AppData\\Local\\Programs\\Python\\Python313\\Lib\\site-packages\\_pytest\\runner.py", line 244, in call_and_report\n    call = CallInfo.from_call(\n  File "C:\\Users\\VIDYANKSHINI\\AppData\\Local\\Programs\\Python\\Python313\\Lib\\site-packages\\_pytest\\runner.py", line 353, in from_call\n    result: TResult | None = func()\n  File "C:\\Users\\VIDYANKSHINI\\AppData\\Local\\Programs\\Python\\Python313\\Lib\\site-packages\\_pytest\\runner.py", line 245, in <lambda>\n    lambda: runtest_hook(item=item, **kwds),\n  File "C:\\Users\\VIDYANKSHINI\\AppData\\Local\\Programs\\Python\\Python313\\Lib\\site-packages\\pluggy\\_hooks.py", line 512, in __call__\n    return self._hookexec(self.name, self._hookimpls.copy(), kwargs, firstresult)\n  File "C:\\Users\\VIDYANKSHINI\\AppData\\Local\\Programs\\Python\\Python313\\Lib\\site-packages\\pluggy\\_manager.py", line 120, in _hookexec\n    return self._inner_hookexec(hook_name, methods, kwargs, firstresult)\n  File "C:\\Users\\VIDYANKSHINI\\AppData\\Local\\Programs\\Python\\Python313\\Lib\\site-packages\\pluggy\\_callers.py", line 121, in _multicall\n    res = hook_impl.function(*args)\n  File "C:\\Users\\VIDYANKSHINI\\AppData\\Local\\Programs\\Python\\Python313\\Lib\\site-packages\\_pytest\\runner.py", line 165, in pytest_runtest_setup\n    item.session._setupstate.setup(item)\n  File "C:\\Users\\VIDYANKSHINI\\AppData\\Local\\Programs\\Python\\Python313\\Lib\\site-packages\\_pytest\\runner.py", line 523, in setup\n    col.setup()\n  File "C:\\Users\\VIDYANKSHINI\\AppData\\Local\\Programs\\Python\\Python313\\Lib\\site-packages\\_pytest\\python.py", line 1723, in setup\n    self._request._fillfixtures()\n  File "C:\\Users\\VIDYANKSHINI\\AppData\\Local\\Programs\\Python\\Python313\\Lib\\site-packages\\_pytest\\fixtures.py", line 707, in _fillfixtures\n    item.funcargs[argname] = self.getfixturevalue(argname)\n  File "C:\\Users\\VIDYANKSHINI\\AppData\\Local\\Programs\\Python\\Python313\\Lib\\site-packages\\_pytest\\fixtures.py", line 539, in getfixturevalue\n    fixturedef = self._get_active_fixturedef(argname)\n  File "C:\\Users\\VIDYANKSHINI\\AppData\\Local\\Programs\\Python\\Python313\\Lib\\site-packages\\_pytest\\fixtures.py", line 627, in _get_active_fixturedef\n    fixturedef.execute(request=subrequest)\n  File "C:\\Users\\VIDYANKSHINI\\AppData\\Local\\Programs\\Python\\Python313\\Lib\\site-packages\\_pytest\\fixtures.py", line 1110, in execute\n    result: FixtureValue = ihook.pytest_fixture_setup(\n  File "C:\\Users\\VIDYANKSHINI\\AppData\\Local\\Programs\\Python\\Python313\\Lib\\site-packages\\pluggy\\_hooks.py", line 512, in __call__\n    return self._hookexec(self.name, self._hookimpls.copy(), kwargs, firstresult)\n  File "C:\\Users\\VIDYANKSHINI\\AppData\\Local\\Programs\\Python\\Python313\\Lib\\site-packages\\pluggy\\_manager.py", line 120, in _hookexec\n    return self._inner_hookexec(hook_name, methods, kwargs, firstresult)\n  File "C:\\Users\\VIDYANKSHINI\\AppData\\Local\\Programs\\Python\\Python313\\Lib\\site-packages\\pluggy\\_callers.py", line 121, in _multicall\n    res = hook_impl.function(*args)\n  File "C:\\Users\\VIDYANKSHINI\\AppData\\Local\\Programs\\Python\\Python313\\Lib\\site-packages\\_pytest\\fixtures.py", line 1202, in pytest_fixture_setup\n    result = call_fixture_func(fixturefunc, request, kwargs)\n  File "C:\\Users\\VIDYANKSHINI\\AppData\\Local\\Programs\\Python\\Python313\\Lib\\site-packages\\_pytest\\fixtures.py", line 908, in call_fixture_func\n    fixture_result = next(generator)\n  File "C:\\Users\\VIDYANKSHINI\\Desktop\\project\\SecuScan\\testing\\backend\\conftest.py", line 57, in test_client\n    asyncio.run(setup())\n  File "C:\\Users\\VIDYANKSHINI\\AppData\\Local\\Programs\\Python\\Python313\\Lib\\asyncio\\runners.py", line 195, in run\n    return runner.run(main)\n  File "C:\\Users\\VIDYANKSHINI\\AppData\\Local\\Programs\\Python\\Python313\\Lib\\asyncio\\runners.py", line 118, in run\n    return self._loop.run_until_complete(task)\n  File "C:\\Users\\VIDYANKSHINI\\AppData\\Local\\Programs\\Python\\Python313\\Lib\\asyncio\\base_events.py", line 712, in run_until_complete\n    self.run_forever()\n  File "C:\\Users\\VIDYANKSHINI\\AppData\\Local\\Programs\\Python\\Python313\\Lib\\asyncio\\base_events.py", line 683, in run_forever\n    self._run_once()\n  File "C:\\Users\\VIDYANKSHINI\\AppData\\Local\\Programs\\Python\\Python313\\Lib\\asyncio\\base_events.py", line 2040, in _run_once\n    handle._run()\n  File "C:\\Users\\VIDYANKSHINI\\AppData\\Local\\Programs\\Python\\Python313\\Lib\\asyncio\\events.py", line 89, in _run\n    self._context.run(self._callback, *self._args)\n  File "C:\\Users\\VIDYANKSHINI\\Desktop\\project\\SecuScan\\testing\\backend\\conftest.py", line 55, in setup\n    await init_plugins(settings.plugins_dir)\n  File "C:\\Users\\VIDYANKSHINI\\Desktop\\project\\SecuScan\\backend\\secuscan\\plugins.py", line 382, in init_plugins\n    await plugin_manager.load_plugins()\n  File "C:\\Users\\VIDYANKSHINI\\Desktop\\project\\SecuScan\\backend\\secuscan\\plugins.py", line 59, in load_plugins\n    logger.info(f"\u2713 Loaded plugin: {plugin_meta.name} v{plugin_meta.version}")\nMessage: '\u2713 Loaded plugin: Password Auditor v1.0.0'\nArguments: ()\n--- Logging error ---\nTraceback (most recent call last):\n  File "C:\\Users\\VIDYANKSHINI\\AppData\\Local\\Programs\\Python\\Python313\\Lib\\logging\\__init__.py", line 1153, in emit\n    stream.write(msg + self.terminator)\n    ~~~~~~~~~~~~^^^^^^^^^^^^^^^^^^^^^^^\n  File "C:\\Users\\VIDYANKSHINI\\AppData\\Local\\Programs\\Python\\Python313\\Lib\\encodings\\cp1252.py", line 19, in encode\n    return codecs.charmap_encode(input,self.errors,encoding_table)[0]\n           ~~~~~~~~~~~~~~~~~~~~~^^^^^^^^^^^^^^^^^^^^^^^^^^^^^^^^^^\nUnicodeEncodeError: 'charmap' codec can't encode character '\\u2713' in position 60: character maps to <undefined>\nCall stack:\n  File "<frozen runpy>", line 198, in _run_module_as_main\n  File "<frozen runpy>", line 88, in _run_code\n  File "C:\\Users\\VIDYANKSHINI\\AppData\\Local\\Programs\\Python\\Python313\\Scripts\\pytest.exe\\__main__.py", line 7, in <module>\n    sys.exit(console_main())\n  File "C:\\Users\\VIDYANKSHINI\\AppData\\Local\\Programs\\Python\\Python313\\Lib\\site-packages\\_pytest\\config\\__init__.py", line 223, in console_main\n    code = main()\n  File "C:\\Users\\VIDYANKSHINI\\AppData\\Local\\Programs\\Python\\Python313\\Lib\\site-packages\\_pytest\\config\\__init__.py", line 199, in main\n    ret: ExitCode | int = config.hook.pytest_cmdline_main(config=config)\n  File "C:\\Users\\VIDYANKSHINI\\AppData\\Local\\Programs\\Python\\Python313\\Lib\\site-packages\\pluggy\\_hooks.py", line 512, in __call__\n    return self._hookexec(self.name, self._hookimpls.copy(), kwargs, firstresult)\n  File "C:\\Users\\VIDYANKSHINI\\AppData\\Local\\Programs\\Python\\Python313\\Lib\\site-packages\\pluggy\\_manager.py", line 120, in _hookexec\n    return self._inner_hookexec(hook_name, methods, kwargs, firstresult)\n  File "C:\\Users\\VIDYANKSHINI\\AppData\\Local\\Programs\\Python\\Python313\\Lib\\site-packages\\pluggy\\_callers.py", line 121, in _multicall\n    res = hook_impl.function(*args)\n  File "C:\\Users\\VIDYANKSHINI\\AppData\\Local\\Programs\\Python\\Python313\\Lib\\site-packages\\_pytest\\main.py", line 365, in pytest_cmdline_main\n    return wrap_session(config, _main)\n  File "C:\\Users\\VIDYANKSHINI\\AppData\\Local\\Programs\\Python\\Python313\\Lib\\site-packages\\_pytest\\main.py", line 318, in wrap_session\n    session.exitstatus = doit(config, session) or 0\n  File "C:\\Users\\VIDYANKSHINI\\AppData\\Local\\Programs\\Python\\Python313\\Lib\\site-packages\\_pytest\\main.py", line 372, in _main\n    config.hook.pytest_runtestloop(session=session)\n  File "C:\\Users\\VIDYANKSHINI\\AppData\\Local\\Programs\\Python\\Python313\\Lib\\site-packages\\pluggy\\_hooks.py", line 512, in __call__\n    return self._hookexec(self.name, self._hookimpls.copy(), kwargs, firstresult)\n  File "C:\\Users\\VIDYANKSHINI\\AppData\\Local\\Programs\\Python\\Python313\\Lib\\site-packages\\pluggy\\_manager.py", line 120, in _hookexec\n    return self._inner_hookexec(hook_name, methods, kwargs, firstresult)\n  File "C:\\Users\\VIDYANKSHINI\\AppData\\Local\\Programs\\Python\\Python313\\Lib\\site-packages\\pluggy\\_callers.py", line 121, in _multicall\n    res = hook_impl.function(*args)\n  File "C:\\Users\\VIDYANKSHINI\\AppData\\Local\\Programs\\Python\\Python313\\Lib\\site-packages\\_pytest\\main.py", line 396, in pytest_runtestloop\n    item.config.hook.pytest_runtest_protocol(item=item, nextitem=nextitem)\n  File "C:\\Users\\VIDYANKSHINI\\AppData\\Local\\Programs\\Python\\Python313\\Lib\\site-packages\\pluggy\\_hooks.py", line 512, in __call__\n    return self._hookexec(self.name, self._hookimpls.copy(), kwargs, firstresult)\n  File "C:\\Users\\VIDYANKSHINI\\AppData\\Local\\Programs\\Python\\Python313\\Lib\\site-packages\\pluggy\\_manager.py", line 120, in _hookexec\n    return self._inner_hookexec(hook_name, methods, kwargs, firstresult)\n  File "C:\\Users\\VIDYANKSHINI\\AppData\\Local\\Programs\\Python\\Python313\\Lib\\site-packages\\pluggy\\_callers.py", line 121, in _multicall\n    res = hook_impl.function(*args)\n  File "C:\\Users\\VIDYANKSHINI\\AppData\\Local\\Programs\\Python\\Python313\\Lib\\site-packages\\_pytest\\runner.py", line 118, in pytest_runtest_protocol\n    runtestprotocol(item, nextitem=nextitem)\n  File "C:\\Users\\VIDYANKSHINI\\AppData\\Local\\Programs\\Python\\Python313\\Lib\\site-packages\\_pytest\\runner.py", line 131, in runtestprotocol\n    rep = call_and_report(item, "setup", log)\n  File "C:\\Users\\VIDYANKSHINI\\AppData\\Local\\Programs\\Python\\Python313\\Lib\\site-packages\\_pytest\\runner.py", line 244, in call_and_report\n    call = CallInfo.from_call(\n  File "C:\\Users\\VIDYANKSHINI\\AppData\\Local\\Programs\\Python\\Python313\\Lib\\site-packages\\_pytest\\runner.py", line 353, in from_call\n    result: TResult | None = func()\n  File "C:\\Users\\VIDYANKSHINI\\AppData\\Local\\Programs\\Python\\Python313\\Lib\\site-packages\\_pytest\\runner.py", line 245, in <lambda>\n    lambda: runtest_hook(item=item, **kwds),\n  File "C:\\Users\\VIDYANKSHINI\\AppData\\Local\\Programs\\Python\\Python313\\Lib\\site-packages\\pluggy\\_hooks.py", line 512, in __call__\n    return self._hookexec(self.name, self._hookimpls.copy(), kwargs, firstresult)\n  File "C:\\Users\\VIDYANKSHINI\\AppData\\Local\\Programs\\Python\\Python313\\Lib\\site-packages\\pluggy\\_manager.py", line 120, in _hookexec\n    return self._inner_hookexec(hook_name, methods, kwargs, firstresult)\n  File "C:\\Users\\VIDYANKSHINI\\AppData\\Local\\Programs\\Python\\Python313\\Lib\\site-packages\\pluggy\\_callers.py", line 121, in _multicall\n    res = hook_impl.function(*args)\n  File "C:\\Users\\VIDYANKSHINI\\AppData\\Local\\Programs\\Python\\Python313\\Lib\\site-packages\\_pytest\\runner.py", line 165, in pytest_runtest_setup\n    item.session._setupstate.setup(item)\n  File "C:\\Users\\VIDYANKSHINI\\AppData\\Local\\Programs\\Python\\Python313\\Lib\\site-packages\\_pytest\\runner.py", line 523, in setup\n    col.setup()\n  File "C:\\Users\\VIDYANKSHINI\\AppData\\Local\\Programs\\Python\\Python313\\Lib\\site-packages\\_pytest\\python.py", line 1723, in setup\n    self._request._fillfixtures()\n  File "C:\\Users\\VIDYANKSHINI\\AppData\\Local\\Programs\\Python\\Python313\\Lib\\site-packages\\_pytest\\fixtures.py", line 707, in _fillfixtures\n    item.funcargs[argname] = self.getfixturevalue(argname)\n  File "C:\\Users\\VIDYANKSHINI\\AppData\\Local\\Programs\\Python\\Python313\\Lib\\site-packages\\_pytest\\fixtures.py", line 539, in getfixturevalue\n    fixturedef = self._get_active_fixturedef(argname)\n  File "C:\\Users\\VIDYANKSHINI\\AppData\\Local\\Programs\\Python\\Python313\\Lib\\site-packages\\_pytest\\fixtures.py", line 627, in _get_active_fixturedef\n    fixturedef.execute(request=subrequest)\n  File "C:\\Users\\VIDYANKSHINI\\AppData\\Local\\Programs\\Python\\Python313\\Lib\\site-packages\\_pytest\\fixtures.py", line 1110, in execute\n    result: FixtureValue = ihook.pytest_fixture_setup(\n  File "C:\\Users\\VIDYANKSHINI\\AppData\\Local\\Programs\\Python\\Python313\\Lib\\site-packages\\pluggy\\_hooks.py", line 512, in __call__\n    return self._hookexec(self.name, self._hookimpls.copy(), kwargs, firstresult)\n  File "C:\\Users\\VIDYANKSHINI\\AppData\\Local\\Programs\\Python\\Python313\\Lib\\site-packages\\pluggy\\_manager.py", line 120, in _hookexec\n    return self._inner_hookexec(hook_name, methods, kwargs, firstresult)\n  File "C:\\Users\\VIDYANKSHINI\\AppData\\Local\\Programs\\Python\\Python313\\Lib\\site-packages\\pluggy\\_callers.py", line 121, in _multicall\n    res = hook_impl.function(*args)\n  File "C:\\Users\\VIDYANKSHINI\\AppData\\Local\\Programs\\Python\\Python313\\Lib\\site-packages\\_pytest\\fixtures.py", line 1202, in pytest_fixture_setup\n    result = call_fixture_func(fixturefunc, request, kwargs)\n  File "C:\\Users\\VIDYANKSHINI\\AppData\\Local\\Programs\\Python\\Python313\\Lib\\site-packages\\_pytest\\fixtures.py", line 908, in call_fixture_func\n    fixture_result = next(generator)\n  File "C:\\Users\\VIDYANKSHINI\\Desktop\\project\\SecuScan\\testing\\backend\\conftest.py", line 57, in test_client\n    asyncio.run(setup())\n  File "C:\\Users\\VIDYANKSHINI\\AppData\\Local\\Programs\\Python\\Python313\\Lib\\asyncio\\runners.py", line 195, in run\n    return runner.run(main)\n  File "C:\\Users\\VIDYANKSHINI\\AppData\\Local\\Programs\\Python\\Python313\\Lib\\asyncio\\runners.py", line 118, in run\n    return self._loop.run_until_complete(task)\n  File "C:\\Users\\VIDYANKSHINI\\AppData\\Local\\Programs\\Python\\Python313\\Lib\\asyncio\\base_events.py", line 712, in run_until_complete\n    self.run_forever()\n  File "C:\\Users\\VIDYANKSHINI\\AppData\\Local\\Programs\\Python\\Python313\\Lib\\asyncio\\base_events.py", line 683, in run_forever\n    self._run_once()\n  File "C:\\Users\\VIDYANKSHINI\\AppData\\Local\\Programs\\Python\\Python313\\Lib\\asyncio\\base_events.py", line 2040, in _run_once\n    handle._run()\n  File "C:\\Users\\VIDYANKSHINI\\AppData\\Local\\Programs\\Python\\Python313\\Lib\\asyncio\\events.py", line 89, in _run\n    self._context.run(self._callback, *self._args)\n  File "C:\\Users\\VIDYANKSHINI\\Desktop\\project\\SecuScan\\testing\\backend\\conftest.py", line 55, in setup\n    await init_plugins(settings.plugins_dir)\n  File "C:\\Users\\VIDYANKSHINI\\Desktop\\project\\SecuScan\\backend\\secuscan\\plugins.py", line 382, in init_plugins\n    await plugin_manager.load_plugins()\n  File "C:\\Users\\VIDYANKSHINI\\Desktop\\project\\SecuScan\\backend\\secuscan\\plugins.py", line 59, in load_plugins\n    logger.info(f"\u2713 Loaded plugin: {plugin_meta.name} v{plugin_meta.version}")\nMessage: '\u2713 Loaded plugin: People Hunter v1.0.0'\nArguments: ()\n--- Logging error ---\nTraceback (most recent call last):\n  File "C:\\Users\\VIDYANKSHINI\\AppData\\Local\\Programs\\Python\\Python313\\Lib\\logging\\__init__.py", line 1153, in emit\n    stream.write(msg + self.terminator)\n    ~~~~~~~~~~~~^^^^^^^^^^^^^^^^^^^^^^^\n  File "C:\\Users\\VIDYANKSHINI\\AppData\\Local\\Programs\\Python\\Python313\\Lib\\encodings\\cp1252.py", line 19, in encode\n    return codecs.charmap_encode(input,self.errors,encoding_table)[0]\n           ~~~~~~~~~~~~~~~~~~~~~^^^^^^^^^^^^^^^^^^^^^^^^^^^^^^^^^^\nUnicodeEncodeError: 'charmap' codec can't encode character '\\u2713' in position 60: character maps to <undefined>\nCall stack:\n  File "<frozen runpy>", line 198, in _run_module_as_main\n  File "<frozen runpy>", line 88, in _run_code\n  File "C:\\Users\\VIDYANKSHINI\\AppData\\Local\\Programs\\Python\\Python313\\Scripts\\pytest.exe\\__main__.py", line 7, in <module>\n    sys.exit(console_main())\n  File "C:\\Users\\VIDYANKSHINI\\AppData\\Local\\Programs\\Python\\Python313\\Lib\\site-packages\\_pytest\\config\\__init__.py", line 223, in console_main\n    code = main()\n  File "C:\\Users\\VIDYANKSHINI\\AppData\\Local\\Programs\\Python\\Python313\\Lib\\site-packages\\_pytest\\config\\__init__.py", line 199, in main\n    ret: ExitCode | int = config.hook.pytest_cmdline_main(config=config)\n  File "C:\\Users\\VIDYANKSHINI\\AppData\\Local\\Programs\\Python\\Python313\\Lib\\site-packages\\pluggy\\_hooks.py", line 512, in __call__\n    return self._hookexec(self.name, self._hookimpls.copy(), kwargs, firstresult)\n  File "C:\\Users\\VIDYANKSHINI\\AppData\\Local\\Programs\\Python\\Python313\\Lib\\site-packages\\pluggy\\_manager.py", line 120, in _hookexec\n    return self._inner_hookexec(hook_name, methods, kwargs, firstresult)\n  File "C:\\Users\\VIDYANKSHINI\\AppData\\Local\\Programs\\Python\\Python313\\Lib\\site-packages\\pluggy\\_callers.py", line 121, in _multicall\n    res = hook_impl.function(*args)\n  File "C:\\Users\\VIDYANKSHINI\\AppData\\Local\\Programs\\Python\\Python313\\Lib\\site-packages\\_pytest\\main.py", line 365, in pytest_cmdline_main\n    return wrap_session(config, _main)\n  File "C:\\Users\\VIDYANKSHINI\\AppData\\Local\\Programs\\Python\\Python313\\Lib\\site-packages\\_pytest\\main.py", line 318, in wrap_session\n    session.exitstatus = doit(config, session) or 0\n  File "C:\\Users\\VIDYANKSHINI\\AppData\\Local\\Programs\\Python\\Python313\\Lib\\site-packages\\_pytest\\main.py", line 372, in _main\n    config.hook.pytest_runtestloop(session=session)\n  File "C:\\Users\\VIDYANKSHINI\\AppData\\Local\\Programs\\Python\\Python313\\Lib\\site-packages\\pluggy\\_hooks.py", line 512, in __call__\n    return self._hookexec(self.name, self._hookimpls.copy(), kwargs, firstresult)\n  File "C:\\Users\\VIDYANKSHINI\\AppData\\Local\\Programs\\Python\\Python313\\Lib\\site-packages\\pluggy\\_manager.py", line 120, in _hookexec\n    return self._inner_hookexec(hook_name, methods, kwargs, firstresult)\n  File "C:\\Users\\VIDYANKSHINI\\AppData\\Local\\Programs\\Python\\Python313\\Lib\\site-packages\\pluggy\\_callers.py", line 121, in _multicall\n    res = hook_impl.function(*args)\n  File "C:\\Users\\VIDYANKSHINI\\AppData\\Local\\Programs\\Python\\Python313\\Lib\\site-packages\\_pytest\\main.py", line 396, in pytest_runtestloop\n    item.config.hook.pytest_runtest_protocol(item=item, nextitem=nextitem)\n  File "C:\\Users\\VIDYANKSHINI\\AppData\\Local\\Programs\\Python\\Python313\\Lib\\site-packages\\pluggy\\_hooks.py", line 512, in __call__\n    return self._hookexec(self.name, self._hookimpls.copy(), kwargs, firstresult)\n  File "C:\\Users\\VIDYANKSHINI\\AppData\\Local\\Programs\\Python\\Python313\\Lib\\site-packages\\pluggy\\_manager.py", line 120, in _hookexec\n    return self._inner_hookexec(hook_name, methods, kwargs, firstresult)\n  File "C:\\Users\\VIDYANKSHINI\\AppData\\Local\\Programs\\Python\\Python313\\Lib\\site-packages\\pluggy\\_callers.py", line 121, in _multicall\n    res = hook_impl.function(*args)\n  File "C:\\Users\\VIDYANKSHINI\\AppData\\Local\\Programs\\Python\\Python313\\Lib\\site-packages\\_pytest\\runner.py", line 118, in pytest_runtest_protocol\n    runtestprotocol(item, nextitem=nextitem)\n  File "C:\\Users\\VIDYANKSHINI\\AppData\\Local\\Programs\\Python\\Python313\\Lib\\site-packages\\_pytest\\runner.py", line 131, in runtestprotocol\n    rep = call_and_report(item, "setup", log)\n  File "C:\\Users\\VIDYANKSHINI\\AppData\\Local\\Programs\\Python\\Python313\\Lib\\site-packages\\_pytest\\runner.py", line 244, in call_and_report\n    call = CallInfo.from_call(\n  File "C:\\Users\\VIDYANKSHINI\\AppData\\Local\\Programs\\Python\\Python313\\Lib\\site-packages\\_pytest\\runner.py", line 353, in from_call\n    result: TResult | None = func()\n  File "C:\\Users\\VIDYANKSHINI\\AppData\\Local\\Programs\\Python\\Python313\\Lib\\site-packages\\_pytest\\runner.py", line 245, in <lambda>\n    lambda: runtest_hook(item=item, **kwds),\n  File "C:\\Users\\VIDYANKSHINI\\AppData\\Local\\Programs\\Python\\Python313\\Lib\\site-packages\\pluggy\\_hooks.py", line 512, in __call__\n    return self._hookexec(self.name, self._hookimpls.copy(), kwargs, firstresult)\n  File "C:\\Users\\VIDYANKSHINI\\AppData\\Local\\Programs\\Python\\Python313\\Lib\\site-packages\\pluggy\\_manager.py", line 120, in _hookexec\n    return self._inner_hookexec(hook_name, methods, kwargs, firstresult)\n  File "C:\\Users\\VIDYANKSHINI\\AppData\\Local\\Programs\\Python\\Python313\\Lib\\site-packages\\pluggy\\_callers.py", line 121, in _multicall\n    res = hook_impl.function(*args)\n  File "C:\\Users\\VIDYANKSHINI\\AppData\\Local\\Programs\\Python\\Python313\\Lib\\site-packages\\_pytest\\runner.py", line 165, in pytest_runtest_setup\n    item.session._setupstate.setup(item)\n  File "C:\\Users\\VIDYANKSHINI\\AppData\\Local\\Programs\\Python\\Python313\\Lib\\site-packages\\_pytest\\runner.py", line 523, in setup\n    col.setup()\n  File "C:\\Users\\VIDYANKSHINI\\AppData\\Local\\Programs\\Python\\Python313\\Lib\\site-packages\\_pytest\\python.py", line 1723, in setup\n    self._request._fillfixtures()\n  File "C:\\Users\\VIDYANKSHINI\\AppData\\Local\\Programs\\Python\\Python313\\Lib\\site-packages\\_pytest\\fixtures.py", line 707, in _fillfixtures\n    item.funcargs[argname] = self.getfixturevalue(argname)\n  File "C:\\Users\\VIDYANKSHINI\\AppData\\Local\\Programs\\Python\\Python313\\Lib\\site-packages\\_pytest\\fixtures.py", line 539, in getfixturevalue\n    fixturedef = self._get_active_fixturedef(argname)\n  File "C:\\Users\\VIDYANKSHINI\\AppData\\Local\\Programs\\Python\\Python313\\Lib\\site-packages\\_pytest\\fixtures.py", line 627, in _get_active_fixturedef\n    fixturedef.execute(request=subrequest)\n  File "C:\\Users\\VIDYANKSHINI\\AppData\\Local\\Programs\\Python\\Python313\\Lib\\site-packages\\_pytest\\fixtures.py", line 1110, in execute\n    result: FixtureValue = ihook.pytest_fixture_setup(\n  File "C:\\Users\\VIDYANKSHINI\\AppData\\Local\\Programs\\Python\\Python313\\Lib\\site-packages\\pluggy\\_hooks.py", line 512, in __call__\n    return self._hookexec(self.name, self._hookimpls.copy(), kwargs, firstresult)\n  File "C:\\Users\\VIDYANKSHINI\\AppData\\Local\\Programs\\Python\\Python313\\Lib\\site-packages\\pluggy\\_manager.py", line 120, in _hookexec\n    return self._inner_hookexec(hook_name, methods, kwargs, firstresult)\n  File "C:\\Users\\VIDYANKSHINI\\AppData\\Local\\Programs\\Python\\Python313\\Lib\\site-packages\\pluggy\\_callers.py", line 121, in _multicall\n    res = hook_impl.function(*args)\n  File "C:\\Users\\VIDYANKSHINI\\AppData\\Local\\Programs\\Python\\Python313\\Lib\\site-packages\\_pytest\\fixtures.py", line 1202, in pytest_fixture_setup\n    result = call_fixture_func(fixturefunc, request, kwargs)\n  File "C:\\Users\\VIDYANKSHINI\\AppData\\Local\\Programs\\Python\\Python313\\Lib\\site-packages\\_pytest\\fixtures.py", line 908, in call_fixture_func\n    fixture_result = next(generator)\n  File "C:\\Users\\VIDYANKSHINI\\Desktop\\project\\SecuScan\\testing\\backend\\conftest.py", line 57, in test_client\n    asyncio.run(setup())\n  File "C:\\Users\\VIDYANKSHINI\\AppData\\Local\\Programs\\Python\\Python313\\Lib\\asyncio\\runners.py", line 195, in run\n    return runner.run(main)\n  File "C:\\Users\\VIDYANKSHINI\\AppData\\Local\\Programs\\Python\\Python313\\Lib\\asyncio\\runners.py", line 118, in run\n    return self._loop.run_until_complete(task)\n  File "C:\\Users\\VIDYANKSHINI\\AppData\\Local\\Programs\\Python\\Python313\\Lib\\asyncio\\base_events.py", line 712, in run_until_complete\n    self.run_forever()\n  File "C:\\Users\\VIDYANKSHINI\\AppData\\Local\\Programs\\Python\\Python313\\Lib\\asyncio\\base_events.py", line 683, in run_forever\n    self._run_once()\n  File "C:\\Users\\VIDYANKSHINI\\AppData\\Local\\Programs\\Python\\Python313\\Lib\\asyncio\\base_events.py", line 2040, in _run_once\n    handle._run()\n  File "C:\\Users\\VIDYANKSHINI\\AppData\\Local\\Programs\\Python\\Python313\\Lib\\asyncio\\events.py", line 89, in _run\n    self._context.run(self._callback, *self._args)\n  File "C:\\Users\\VIDYANKSHINI\\Desktop\\project\\SecuScan\\testing\\backend\\conftest.py", line 55, in setup\n    await init_plugins(settings.plugins_dir)\n  File "C:\\Users\\VIDYANKSHINI\\Desktop\\project\\SecuScan\\backend\\secuscan\\plugins.py", line 382, in init_plugins\n    await plugin_manager.load_plugins()\n  File "C:\\Users\\VIDYANKSHINI\\Desktop\\project\\SecuScan\\backend\\secuscan\\plugins.py", line 59, in load_plugins\n    logger.info(f"\u2713 Loaded plugin: {plugin_meta.name} v{plugin_meta.version}")\nMessage: '\u2713 Loaded plugin: Port Scanner v1.0.0'\nArguments: ()\n--- Logging error ---\nTraceback (most recent call last):\n  File "C:\\Users\\VIDYANKSHINI\\AppData\\Local\\Programs\\Python\\Python313\\Lib\\logging\\__init__.py", line 1153, in emit\n    stream.write(msg + self.terminator)\n    ~~~~~~~~~~~~^^^^^^^^^^^^^^^^^^^^^^^\n  File "C:\\Users\\VIDYANKSHINI\\AppData\\Local\\Programs\\Python\\Python313\\Lib\\encodings\\cp1252.py", line 19, in encode\n    return codecs.charmap_encode(input,self.errors,encoding_table)[0]\n           ~~~~~~~~~~~~~~~~~~~~~^^^^^^^^^^^^^^^^^^^^^^^^^^^^^^^^^^\nUnicodeEncodeError: 'charmap' codec can't encode character '\\u2713' in position 60: character maps to <undefined>\nCall stack:\n  File "<frozen runpy>", line 198, in _run_module_as_main\n  File "<frozen runpy>", line 88, in _run_code\n  File "C:\\Users\\VIDYANKSHINI\\AppData\\Local\\Programs\\Python\\Python313\\Scripts\\pytest.exe\\__main__.py", line 7, in <module>\n    sys.exit(console_main())\n  File "C:\\Users\\VIDYANKSHINI\\AppData\\Local\\Programs\\Python\\Python313\\Lib\\site-packages\\_pytest\\config\\__init__.py", line 223, in console_main\n    code = main()\n  File "C:\\Users\\VIDYANKSHINI\\AppData\\Local\\Programs\\Python\\Python313\\Lib\\site-packages\\_pytest\\config\\__init__.py", line 199, in main\n    ret: ExitCode | int = config.hook.pytest_cmdline_main(config=config)\n  File "C:\\Users\\VIDYANKSHINI\\AppData\\Local\\Programs\\Python\\Python313\\Lib\\site-packages\\pluggy\\_hooks.py", line 512, in __call__\n    return self._hookexec(self.name, self._hookimpls.copy(), kwargs, firstresult)\n  File "C:\\Users\\VIDYANKSHINI\\AppData\\Local\\Programs\\Python\\Python313\\Lib\\site-packages\\pluggy\\_manager.py", line 120, in _hookexec\n    return self._inner_hookexec(hook_name, methods, kwargs, firstresult)\n  File "C:\\Users\\VIDYANKSHINI\\AppData\\Local\\Programs\\Python\\Python313\\Lib\\site-packages\\pluggy\\_callers.py", line 121, in _multicall\n    res = hook_impl.function(*args)\n  File "C:\\Users\\VIDYANKSHINI\\AppData\\Local\\Programs\\Python\\Python313\\Lib\\site-packages\\_pytest\\main.py", line 365, in pytest_cmdline_main\n    return wrap_session(config, _main)\n  File "C:\\Users\\VIDYANKSHINI\\AppData\\Local\\Programs\\Python\\Python313\\Lib\\site-packages\\_pytest\\main.py", line 318, in wrap_session\n    session.exitstatus = doit(config, session) or 0\n  File "C:\\Users\\VIDYANKSHINI\\AppData\\Local\\Programs\\Python\\Python313\\Lib\\site-packages\\_pytest\\main.py", line 372, in _main\n    config.hook.pytest_runtestloop(session=session)\n  File "C:\\Users\\VIDYANKSHINI\\AppData\\Local\\Programs\\Python\\Python313\\Lib\\site-packages\\pluggy\\_hooks.py", line 512, in __call__\n    return self._hookexec(self.name, self._hookimpls.copy(), kwargs, firstresult)\n  File "C:\\Users\\VIDYANKSHINI\\AppData\\Local\\Programs\\Python\\Python313\\Lib\\site-packages\\pluggy\\_manager.py", line 120, in _hookexec\n    return self._inner_hookexec(hook_name, methods, kwargs, firstresult)\n  File "C:\\Users\\VIDYANKSHINI\\AppData\\Local\\Programs\\Python\\Python313\\Lib\\site-packages\\pluggy\\_callers.py", line 121, in _multicall\n    res = hook_impl.function(*args)\n  File "C:\\Users\\VIDYANKSHINI\\AppData\\Local\\Programs\\Python\\Python313\\Lib\\site-packages\\_pytest\\main.py", line 396, in pytest_runtestloop\n    item.config.hook.pytest_runtest_protocol(item=item, nextitem=nextitem)\n  File "C:\\Users\\VIDYANKSHINI\\AppData\\Local\\Programs\\Python\\Python313\\Lib\\site-packages\\pluggy\\_hooks.py", line 512, in __call__\n    return self._hookexec(self.name, self._hookimpls.copy(), kwargs, firstresult)\n  File "C:\\Users\\VIDYANKSHINI\\AppData\\Local\\Programs\\Python\\Python313\\Lib\\site-packages\\pluggy\\_manager.py", line 120, in _hookexec\n    return self._inner_hookexec(hook_name, methods, kwargs, firstresult)\n  File "C:\\Users\\VIDYANKSHINI\\AppData\\Local\\Programs\\Python\\Python313\\Lib\\site-packages\\pluggy\\_callers.py", line 121, in _multicall\n    res = hook_impl.function(*args)\n  File "C:\\Users\\VIDYANKSHINI\\AppData\\Local\\Programs\\Python\\Python313\\Lib\\site-packages\\_pytest\\runner.py", line 118, in pytest_runtest_protocol\n    runtestprotocol(item, nextitem=nextitem)\n  File "C:\\Users\\VIDYANKSHINI\\AppData\\Local\\Programs\\Python\\Python313\\Lib\\site-packages\\_pytest\\runner.py", line 131, in runtestprotocol\n    rep = call_and_report(item, "setup", log)\n  File "C:\\Users\\VIDYANKSHINI\\AppData\\Local\\Programs\\Python\\Python313\\Lib\\site-packages\\_pytest\\runner.py", line 244, in call_and_report\n    call = CallInfo.from_call(\n  File "C:\\Users\\VIDYANKSHINI\\AppData\\Local\\Programs\\Python\\Python313\\Lib\\site-packages\\_pytest\\runner.py", line 353, in from_call\n    result: TResult | None = func()\n  File "C:\\Users\\VIDYANKSHINI\\AppData\\Local\\Programs\\Python\\Python313\\Lib\\site-packages\\_pytest\\runner.py", line 245, in <lambda>\n    lambda: runtest_hook(item=item, **kwds),\n  File "C:\\Users\\VIDYANKSHINI\\AppData\\Local\\Programs\\Python\\Python313\\Lib\\site-packages\\pluggy\\_hooks.py", line 512, in __call__\n    return self._hookexec(self.name, self._hookimpls.copy(), kwargs, firstresult)\n  File "C:\\Users\\VIDYANKSHINI\\AppData\\Local\\Programs\\Python\\Python313\\Lib\\site-packages\\pluggy\\_manager.py", line 120, in _hookexec\n    return self._inner_hookexec(hook_name, methods, kwargs, firstresult)\n  File "C:\\Users\\VIDYANKSHINI\\AppData\\Local\\Programs\\Python\\Python313\\Lib\\site-packages\\pluggy\\_callers.py", line 121, in _multicall\n    res = hook_impl.function(*args)\n  File "C:\\Users\\VIDYANKSHINI\\AppData\\Local\\Programs\\Python\\Python313\\Lib\\site-packages\\_pytest\\runner.py", line 165, in pytest_runtest_setup\n    item.session._setupstate.setup(item)\n  File "C:\\Users\\VIDYANKSHINI\\AppData\\Local\\Programs\\Python\\Python313\\Lib\\site-packages\\_pytest\\runner.py", line 523, in setup\n    col.setup()\n  File "C:\\Users\\VIDYANKSHINI\\AppData\\Local\\Programs\\Python\\Python313\\Lib\\site-packages\\_pytest\\python.py", line 1723, in setup\n    self._request._fillfixtures()\n  File "C:\\Users\\VIDYANKSHINI\\AppData\\Local\\Programs\\Python\\Python313\\Lib\\site-packages\\_pytest\\fixtures.py", line 707, in _fillfixtures\n    item.funcargs[argname] = self.getfixturevalue(argname)\n  File "C:\\Users\\VIDYANKSHINI\\AppData\\Local\\Programs\\Python\\Python313\\Lib\\site-packages\\_pytest\\fixtures.py", line 539, in getfixturevalue\n    fixturedef = self._get_active_fixturedef(argname)\n  File "C:\\Users\\VIDYANKSHINI\\AppData\\Local\\Programs\\Python\\Python313\\Lib\\site-packages\\_pytest\\fixtures.py", line 627, in _get_active_fixturedef\n    fixturedef.execute(request=subrequest)\n  File "C:\\Users\\VIDYANKSHINI\\AppData\\Local\\Programs\\Python\\Python313\\Lib\\site-packages\\_pytest\\fixtures.py", line 1110, in execute\n    result: FixtureValue = ihook.pytest_fixture_setup(\n  File "C:\\Users\\VIDYANKSHINI\\AppData\\Local\\Programs\\Python\\Python313\\Lib\\site-packages\\pluggy\\_hooks.py", line 512, in __call__\n    return self._hookexec(self.name, self._hookimpls.copy(), kwargs, firstresult)\n  File "C:\\Users\\VIDYANKSHINI\\AppData\\Local\\Programs\\Python\\Python313\\Lib\\site-packages\\pluggy\\_manager.py", line 120, in _hookexec\n    return self._inner_hookexec(hook_name, methods, kwargs, firstresult)\n  File "C:\\Users\\VIDYANKSHINI\\AppData\\Local\\Programs\\Python\\Python313\\Lib\\site-packages\\pluggy\\_callers.py", line 121, in _multicall\n    res = hook_impl.function(*args)\n  File "C:\\Users\\VIDYANKSHINI\\AppData\\Local\\Programs\\Python\\Python313\\Lib\\site-packages\\_pytest\\fixtures.py", line 1202, in pytest_fixture_setup\n    result = call_fixture_func(fixturefunc, request, kwargs)\n  File "C:\\Users\\VIDYANKSHINI\\AppData\\Local\\Programs\\Python\\Python313\\Lib\\site-packages\\_pytest\\fixtures.py", line 908, in call_fixture_func\n    fixture_result = next(generator)\n  File "C:\\Users\\VIDYANKSHINI\\Desktop\\project\\SecuScan\\testing\\backend\\conftest.py", line 57, in test_client\n    asyncio.run(setup())\n  File "C:\\Users\\VIDYANKSHINI\\AppData\\Local\\Programs\\Python\\Python313\\Lib\\asyncio\\runners.py", line 195, in run\n    return runner.run(main)\n  File "C:\\Users\\VIDYANKSHINI\\AppData\\Local\\Programs\\Python\\Python313\\Lib\\asyncio\\runners.py", line 118, in run\n    return self._loop.run_until_complete(task)\n  File "C:\\Users\\VIDYANKSHINI\\AppData\\Local\\Programs\\Python\\Python313\\Lib\\asyncio\\base_events.py", line 712, in run_until_complete\n    self.run_forever()\n  File "C:\\Users\\VIDYANKSHINI\\AppData\\Local\\Programs\\Python\\Python313\\Lib\\asyncio\\base_events.py", line 683, in run_forever\n    self._run_once()\n  File "C:\\Users\\VIDYANKSHINI\\AppData\\Local\\Programs\\Python\\Python313\\Lib\\asyncio\\base_events.py", line 2040, in _run_once\n    handle._run()\n  File "C:\\Users\\VIDYANKSHINI\\AppData\\Local\\Programs\\Python\\Python313\\Lib\\asyncio\\events.py", line 89, in _run\n    self._context.run(self._callback, *self._args)\n  File "C:\\Users\\VIDYANKSHINI\\Desktop\\project\\SecuScan\\testing\\backend\\conftest.py", line 55, in setup\n    await init_plugins(settings.plugins_dir)\n  File "C:\\Users\\VIDYANKSHINI\\Desktop\\project\\SecuScan\\backend\\secuscan\\plugins.py", line 382, in init_plugins\n    await plugin_manager.load_plugins()\n  File "C:\\Users\\VIDYANKSHINI\\Desktop\\project\\SecuScan\\backend\\secuscan\\plugins.py", line 59, in load_plugins\n    logger.info(f"\u2713 Loaded plugin: {plugin_meta.name} v{plugin_meta.version}")\nMessage: '\u2713 Loaded plugin: Advanced Network Recon v1.0.0'\nArguments: ()\n--- Logging error ---\nTraceback (most recent call last):\n  File "C:\\Users\\VIDYANKSHINI\\AppData\\Local\\Programs\\Python\\Python313\\Lib\\logging\\__init__.py", line 1153, in emit\n    stream.write(msg + self.terminator)\n    ~~~~~~~~~~~~^^^^^^^^^^^^^^^^^^^^^^^\n  File "C:\\Users\\VIDYANKSHINI\\AppData\\Local\\Programs\\Python\\Python313\\Lib\\encodings\\cp1252.py", line 19, in encode\n    return codecs.charmap_encode(input,self.errors,encoding_table)[0]\n           ~~~~~~~~~~~~~~~~~~~~~^^^^^^^^^^^^^^^^^^^^^^^^^^^^^^^^^^\nUnicodeEncodeError: 'charmap' codec can't encode character '\\u2713' in position 60: character maps to <undefined>\nCall stack:\n  File "<frozen runpy>", line 198, in _run_module_as_main\n  File "<frozen runpy>", line 88, in _run_code\n  File "C:\\Users\\VIDYANKSHINI\\AppData\\Local\\Programs\\Python\\Python313\\Scripts\\pytest.exe\\__main__.py", line 7, in <module>\n    sys.exit(console_main())\n  File "C:\\Users\\VIDYANKSHINI\\AppData\\Local\\Programs\\Python\\Python313\\Lib\\site-packages\\_pytest\\config\\__init__.py", line 223, in console_main\n    code = main()\n  File "C:\\Users\\VIDYANKSHINI\\AppData\\Local\\Programs\\Python\\Python313\\Lib\\site-packages\\_pytest\\config\\__init__.py", line 199, in main\n    ret: ExitCode | int = config.hook.pytest_cmdline_main(config=config)\n  File "C:\\Users\\VIDYANKSHINI\\AppData\\Local\\Programs\\Python\\Python313\\Lib\\site-packages\\pluggy\\_hooks.py", line 512, in __call__\n    return self._hookexec(self.name, self._hookimpls.copy(), kwargs, firstresult)\n  File "C:\\Users\\VIDYANKSHINI\\AppData\\Local\\Programs\\Python\\Python313\\Lib\\site-packages\\pluggy\\_manager.py", line 120, in _hookexec\n    return self._inner_hookexec(hook_name, methods, kwargs, firstresult)\n  File "C:\\Users\\VIDYANKSHINI\\AppData\\Local\\Programs\\Python\\Python313\\Lib\\site-packages\\pluggy\\_callers.py", line 121, in _multicall\n    res = hook_impl.function(*args)\n  File "C:\\Users\\VIDYANKSHINI\\AppData\\Local\\Programs\\Python\\Python313\\Lib\\site-packages\\_pytest\\main.py", line 365, in pytest_cmdline_main\n    return wrap_session(config, _main)\n  File "C:\\Users\\VIDYANKSHINI\\AppData\\Local\\Programs\\Python\\Python313\\Lib\\site-packages\\_pytest\\main.py", line 318, in wrap_session\n    session.exitstatus = doit(config, session) or 0\n  File "C:\\Users\\VIDYANKSHINI\\AppData\\Local\\Programs\\Python\\Python313\\Lib\\site-packages\\_pytest\\main.py", line 372, in _main\n    config.hook.pytest_runtestloop(session=session)\n  File "C:\\Users\\VIDYANKSHINI\\AppData\\Local\\Programs\\Python\\Python313\\Lib\\site-packages\\pluggy\\_hooks.py", line 512, in __call__\n    return self._hookexec(self.name, self._hookimpls.copy(), kwargs, firstresult)\n  File "C:\\Users\\VIDYANKSHINI\\AppData\\Local\\Programs\\Python\\Python313\\Lib\\site-packages\\pluggy\\_manager.py", line 120, in _hookexec\n    return self._inner_hookexec(hook_name, methods, kwargs, firstresult)\n  File "C:\\Users\\VIDYANKSHINI\\AppData\\Local\\Programs\\Python\\Python313\\Lib\\site-packages\\pluggy\\_callers.py", line 121, in _multicall\n    res = hook_impl.function(*args)\n  File "C:\\Users\\VIDYANKSHINI\\AppData\\Local\\Programs\\Python\\Python313\\Lib\\site-packages\\_pytest\\main.py", line 396, in pytest_runtestloop\n    item.config.hook.pytest_runtest_protocol(item=item, nextitem=nextitem)\n  File "C:\\Users\\VIDYANKSHINI\\AppData\\Local\\Programs\\Python\\Python313\\Lib\\site-packages\\pluggy\\_hooks.py", line 512, in __call__\n    return self._hookexec(self.name, self._hookimpls.copy(), kwargs, firstresult)\n  File "C:\\Users\\VIDYANKSHINI\\AppData\\Local\\Programs\\Python\\Python313\\Lib\\site-packages\\pluggy\\_manager.py", line 120, in _hookexec\n    return self._inner_hookexec(hook_name, methods, kwargs, firstresult)\n  File "C:\\Users\\VIDYANKSHINI\\AppData\\Local\\Programs\\Python\\Python313\\Lib\\site-packages\\pluggy\\_callers.py", line 121, in _multicall\n    res = hook_impl.function(*args)\n  File "C:\\Users\\VIDYANKSHINI\\AppData\\Local\\Programs\\Python\\Python313\\Lib\\site-packages\\_pytest\\runner.py", line 118, in pytest_runtest_protocol\n    runtestprotocol(item, nextitem=nextitem)\n  File "C:\\Users\\VIDYANKSHINI\\AppData\\Local\\Programs\\Python\\Python313\\Lib\\site-packages\\_pytest\\runner.py", line 131, in runtestprotocol\n    rep = call_and_report(item, "setup", log)\n  File "C:\\Users\\VIDYANKSHINI\\AppData\\Local\\Programs\\Python\\Python313\\Lib\\site-packages\\_pytest\\runner.py", line 244, in call_and_report\n    call = CallInfo.from_call(\n  File "C:\\Users\\VIDYANKSHINI\\AppData\\Local\\Programs\\Python\\Python313\\Lib\\site-packages\\_pytest\\runner.py", line 353, in from_call\n    result: TResult | None = func()\n  File "C:\\Users\\VIDYANKSHINI\\AppData\\Local\\Programs\\Python\\Python313\\Lib\\site-packages\\_pytest\\runner.py", line 245, in <lambda>\n    lambda: runtest_hook(item=item, **kwds),\n  File "C:\\Users\\VIDYANKSHINI\\AppData\\Local\\Programs\\Python\\Python313\\Lib\\site-packages\\pluggy\\_hooks.py", line 512, in __call__\n    return self._hookexec(self.name, self._hookimpls.copy(), kwargs, firstresult)\n  File "C:\\Users\\VIDYANKSHINI\\AppData\\Local\\Programs\\Python\\Python313\\Lib\\site-packages\\pluggy\\_manager.py", line 120, in _hookexec\n    return self._inner_hookexec(hook_name, methods, kwargs, firstresult)\n  File "C:\\Users\\VIDYANKSHINI\\AppData\\Local\\Programs\\Python\\Python313\\Lib\\site-packages\\pluggy\\_callers.py", line 121, in _multicall\n    res = hook_impl.function(*args)\n  File "C:\\Users\\VIDYANKSHINI\\AppData\\Local\\Programs\\Python\\Python313\\Lib\\site-packages\\_pytest\\runner.py", line 165, in pytest_runtest_setup\n    item.session._setupstate.setup(item)\n  File "C:\\Users\\VIDYANKSHINI\\AppData\\Local\\Programs\\Python\\Python313\\Lib\\site-packages\\_pytest\\runner.py", line 523, in setup\n    col.setup()\n  File "C:\\Users\\VIDYANKSHINI\\AppData\\Local\\Programs\\Python\\Python313\\Lib\\site-packages\\_pytest\\python.py", line 1723, in setup\n    self._request._fillfixtures()\n  File "C:\\Users\\VIDYANKSHINI\\AppData\\Local\\Programs\\Python\\Python313\\Lib\\site-packages\\_pytest\\fixtures.py", line 707, in _fillfixtures\n    item.funcargs[argname] = self.getfixturevalue(argname)\n  File "C:\\Users\\VIDYANKSHINI\\AppData\\Local\\Programs\\Python\\Python313\\Lib\\site-packages\\_pytest\\fixtures.py", line 539, in getfixturevalue\n    fixturedef = self._get_active_fixturedef(argname)\n  File "C:\\Users\\VIDYANKSHINI\\AppData\\Local\\Programs\\Python\\Python313\\Lib\\site-packages\\_pytest\\fixtures.py", line 627, in _get_active_fixturedef\n    fixturedef.execute(request=subrequest)\n  File "C:\\Users\\VIDYANKSHINI\\AppData\\Local\\Programs\\Python\\Python313\\Lib\\site-packages\\_pytest\\fixtures.py", line 1110, in execute\n    result: FixtureValue = ihook.pytest_fixture_setup(\n  File "C:\\Users\\VIDYANKSHINI\\AppData\\Local\\Programs\\Python\\Python313\\Lib\\site-packages\\pluggy\\_hooks.py", line 512, in __call__\n    return self._hookexec(self.name, self._hookimpls.copy(), kwargs, firstresult)\n  File "C:\\Users\\VIDYANKSHINI\\AppData\\Local\\Programs\\Python\\Python313\\Lib\\site-packages\\pluggy\\_manager.py", line 120, in _hookexec\n    return self._inner_hookexec(hook_name, methods, kwargs, firstresult)\n  File "C:\\Users\\VIDYANKSHINI\\AppData\\Local\\Programs\\Python\\Python313\\Lib\\site-packages\\pluggy\\_callers.py", line 121, in _multicall\n    res = hook_impl.function(*args)\n  File "C:\\Users\\VIDYANKSHINI\\AppData\\Local\\Programs\\Python\\Python313\\Lib\\site-packages\\_pytest\\fixtures.py", line 1202, in pytest_fixture_setup\n    result = call_fixture_func(fixturefunc, request, kwargs)\n  File "C:\\Users\\VIDYANKSHINI\\AppData\\Local\\Programs\\Python\\Python313\\Lib\\site-packages\\_pytest\\fixtures.py", line 908, in call_fixture_func\n    fixture_result = next(generator)\n  File "C:\\Users\\VIDYANKSHINI\\Desktop\\project\\SecuScan\\testing\\backend\\conftest.py", line 57, in test_client\n    asyncio.run(setup())\n  File "C:\\Users\\VIDYANKSHINI\\AppData\\Local\\Programs\\Python\\Python313\\Lib\\asyncio\\runners.py", line 195, in run\n    return runner.run(main)\n  File "C:\\Users\\VIDYANKSHINI\\AppData\\Local\\Programs\\Python\\Python313\\Lib\\asyncio\\runners.py", line 118, in run\n    return self._loop.run_until_complete(task)\n  File "C:\\Users\\VIDYANKSHINI\\AppData\\Local\\Programs\\Python\\Python313\\Lib\\asyncio\\base_events.py", line 712, in run_until_complete\n    self.run_forever()\n  File "C:\\Users\\VIDYANKSHINI\\AppData\\Local\\Programs\\Python\\Python313\\Lib\\asyncio\\base_events.py", line 683, in run_forever\n    self._run_once()\n  File "C:\\Users\\VIDYANKSHINI\\AppData\\Local\\Programs\\Python\\Python313\\Lib\\asyncio\\base_events.py", line 2040, in _run_once\n    handle._run()\n  File "C:\\Users\\VIDYANKSHINI\\AppData\\Local\\Programs\\Python\\Python313\\Lib\\asyncio\\events.py", line 89, in _run\n    self._context.run(self._callback, *self._args)\n  File "C:\\Users\\VIDYANKSHINI\\Desktop\\project\\SecuScan\\testing\\backend\\conftest.py", line 55, in setup\n    await init_plugins(settings.plugins_dir)\n  File "C:\\Users\\VIDYANKSHINI\\Desktop\\project\\SecuScan\\backend\\secuscan\\plugins.py", line 382, in init_plugins\n    await plugin_manager.load_plugins()\n  File "C:\\Users\\VIDYANKSHINI\\Desktop\\project\\SecuScan\\backend\\secuscan\\plugins.py", line 59, in load_plugins\n    logger.info(f"\u2713 Loaded plugin: {plugin_meta.name} v{plugin_meta.version}")\nMessage: '\u2713 Loaded plugin: Secret Scanner v1.0.0'\nArguments: ()\n--- Logging error ---\nTraceback (most recent call last):\n  File "C:\\Users\\VIDYANKSHINI\\AppData\\Local\\Programs\\Python\\Python313\\Lib\\logging\\__init__.py", line 1153, in emit\n    stream.write(msg + self.terminator)\n    ~~~~~~~~~~~~^^^^^^^^^^^^^^^^^^^^^^^\n  File "C:\\Users\\VIDYANKSHINI\\AppData\\Local\\Programs\\Python\\Python313\\Lib\\encodings\\cp1252.py", line 19, in encode\n    return codecs.charmap_encode(input,self.errors,encoding_table)[0]\n           ~~~~~~~~~~~~~~~~~~~~~^^^^^^^^^^^^^^^^^^^^^^^^^^^^^^^^^^\nUnicodeEncodeError: 'charmap' codec can't encode character '\\u2713' in position 60: character maps to <undefined>\nCall stack:\n  File "<frozen runpy>", line 198, in _run_module_as_main\n  File "<frozen runpy>", line 88, in _run_code\n  File "C:\\Users\\VIDYANKSHINI\\AppData\\Local\\Programs\\Python\\Python313\\Scripts\\pytest.exe\\__main__.py", line 7, in <module>\n    sys.exit(console_main())\n  File "C:\\Users\\VIDYANKSHINI\\AppData\\Local\\Programs\\Python\\Python313\\Lib\\site-packages\\_pytest\\config\\__init__.py", line 223, in console_main\n    code = main()\n  File "C:\\Users\\VIDYANKSHINI\\AppData\\Local\\Programs\\Python\\Python313\\Lib\\site-packages\\_pytest\\config\\__init__.py", line 199, in main\n    ret: ExitCode | int = config.hook.pytest_cmdline_main(config=config)\n  File "C:\\Users\\VIDYANKSHINI\\AppData\\Local\\Programs\\Python\\Python313\\Lib\\site-packages\\pluggy\\_hooks.py", line 512, in __call__\n    return self._hookexec(self.name, self._hookimpls.copy(), kwargs, firstresult)\n  File "C:\\Users\\VIDYANKSHINI\\AppData\\Local\\Programs\\Python\\Python313\\Lib\\site-packages\\pluggy\\_manager.py", line 120, in _hookexec\n    return self._inner_hookexec(hook_name, methods, kwargs, firstresult)\n  File "C:\\Users\\VIDYANKSHINI\\AppData\\Local\\Programs\\Python\\Python313\\Lib\\site-packages\\pluggy\\_callers.py", line 121, in _multicall\n    res = hook_impl.function(*args)\n  File "C:\\Users\\VIDYANKSHINI\\AppData\\Local\\Programs\\Python\\Python313\\Lib\\site-packages\\_pytest\\main.py", line 365, in pytest_cmdline_main\n    return wrap_session(config, _main)\n  File "C:\\Users\\VIDYANKSHINI\\AppData\\Local\\Programs\\Python\\Python313\\Lib\\site-packages\\_pytest\\main.py", line 318, in wrap_session\n    session.exitstatus = doit(config, session) or 0\n  File "C:\\Users\\VIDYANKSHINI\\AppData\\Local\\Programs\\Python\\Python313\\Lib\\site-packages\\_pytest\\main.py", line 372, in _main\n    config.hook.pytest_runtestloop(session=session)\n  File "C:\\Users\\VIDYANKSHINI\\AppData\\Local\\Programs\\Python\\Python313\\Lib\\site-packages\\pluggy\\_hooks.py", line 512, in __call__\n    return self._hookexec(self.name, self._hookimpls.copy(), kwargs, firstresult)\n  File "C:\\Users\\VIDYANKSHINI\\AppData\\Local\\Programs\\Python\\Python313\\Lib\\site-packages\\pluggy\\_manager.py", line 120, in _hookexec\n    return self._inner_hookexec(hook_name, methods, kwargs, firstresult)\n  File "C:\\Users\\VIDYANKSHINI\\AppData\\Local\\Programs\\Python\\Python313\\Lib\\site-packages\\pluggy\\_callers.py", line 121, in _multicall\n    res = hook_impl.function(*args)\n  File "C:\\Users\\VIDYANKSHINI\\AppData\\Local\\Programs\\Python\\Python313\\Lib\\site-packages\\_pytest\\main.py", line 396, in pytest_runtestloop\n    item.config.hook.pytest_runtest_protocol(item=item, nextitem=nextitem)\n  File "C:\\Users\\VIDYANKSHINI\\AppData\\Local\\Programs\\Python\\Python313\\Lib\\site-packages\\pluggy\\_hooks.py", line 512, in __call__\n    return self._hookexec(self.name, self._hookimpls.copy(), kwargs, firstresult)\n  File "C:\\Users\\VIDYANKSHINI\\AppData\\Local\\Programs\\Python\\Python313\\Lib\\site-packages\\pluggy\\_manager.py", line 120, in _hookexec\n    return self._inner_hookexec(hook_name, methods, kwargs, firstresult)\n  File "C:\\Users\\VIDYANKSHINI\\AppData\\Local\\Programs\\Python\\Python313\\Lib\\site-packages\\pluggy\\_callers.py", line 121, in _multicall\n    res = hook_impl.function(*args)\n  File "C:\\Users\\VIDYANKSHINI\\AppData\\Local\\Programs\\Python\\Python313\\Lib\\site-packages\\_pytest\\runner.py", line 118, in pytest_runtest_protocol\n    runtestprotocol(item, nextitem=nextitem)\n  File "C:\\Users\\VIDYANKSHINI\\AppData\\Local\\Programs\\Python\\Python313\\Lib\\site-packages\\_pytest\\runner.py", line 131, in runtestprotocol\n    rep = call_and_report(item, "setup", log)\n  File "C:\\Users\\VIDYANKSHINI\\AppData\\Local\\Programs\\Python\\Python313\\Lib\\site-packages\\_pytest\\runner.py", line 244, in call_and_report\n    call = CallInfo.from_call(\n  File "C:\\Users\\VIDYANKSHINI\\AppData\\Local\\Programs\\Python\\Python313\\Lib\\site-packages\\_pytest\\runner.py", line 353, in from_call\n    result: TResult | None = func()\n  File "C:\\Users\\VIDYANKSHINI\\AppData\\Local\\Programs\\Python\\Python313\\Lib\\site-packages\\_pytest\\runner.py", line 245, in <lambda>\n    lambda: runtest_hook(item=item, **kwds),\n  File "C:\\Users\\VIDYANKSHINI\\AppData\\Local\\Programs\\Python\\Python313\\Lib\\site-packages\\pluggy\\_hooks.py", line 512, in __call__\n    return self._hookexec(self.name, self._hookimpls.copy(), kwargs, firstresult)\n  File "C:\\Users\\VIDYANKSHINI\\AppData\\Local\\Programs\\Python\\Python313\\Lib\\site-packages\\pluggy\\_manager.py", line 120, in _hookexec\n    return self._inner_hookexec(hook_name, methods, kwargs, firstresult)\n  File "C:\\Users\\VIDYANKSHINI\\AppData\\Local\\Programs\\Python\\Python313\\Lib\\site-packages\\pluggy\\_callers.py", line 121, in _multicall\n    res = hook_impl.function(*args)\n  File "C:\\Users\\VIDYANKSHINI\\AppData\\Local\\Programs\\Python\\Python313\\Lib\\site-packages\\_pytest\\runner.py", line 165, in pytest_runtest_setup\n    item.session._setupstate.setup(item)\n  File "C:\\Users\\VIDYANKSHINI\\AppData\\Local\\Programs\\Python\\Python313\\Lib\\site-packages\\_pytest\\runner.py", line 523, in setup\n    col.setup()\n  File "C:\\Users\\VIDYANKSHINI\\AppData\\Local\\Programs\\Python\\Python313\\Lib\\site-packages\\_pytest\\python.py", line 1723, in setup\n    self._request._fillfixtures()\n  File "C:\\Users\\VIDYANKSHINI\\AppData\\Local\\Programs\\Python\\Python313\\Lib\\site-packages\\_pytest\\fixtures.py", line 707, in _fillfixtures\n    item.funcargs[argname] = self.getfixturevalue(argname)\n  File "C:\\Users\\VIDYANKSHINI\\AppData\\Local\\Programs\\Python\\Python313\\Lib\\site-packages\\_pytest\\fixtures.py", line 539, in getfixturevalue\n    fixturedef = self._get_active_fixturedef(argname)\n  File "C:\\Users\\VIDYANKSHINI\\AppData\\Local\\Programs\\Python\\Python313\\Lib\\site-packages\\_pytest\\fixtures.py", line 627, in _get_active_fixturedef\n    fixturedef.execute(request=subrequest)\n  File "C:\\Users\\VIDYANKSHINI\\AppData\\Local\\Programs\\Python\\Python313\\Lib\\site-packages\\_pytest\\fixtures.py", line 1110, in execute\n    result: FixtureValue = ihook.pytest_fixture_setup(\n  File "C:\\Users\\VIDYANKSHINI\\AppData\\Local\\Programs\\Python\\Python313\\Lib\\site-packages\\pluggy\\_hooks.py", line 512, in __call__\n    return self._hookexec(self.name, self._hookimpls.copy(), kwargs, firstresult)\n  File "C:\\Users\\VIDYANKSHINI\\AppData\\Local\\Programs\\Python\\Python313\\Lib\\site-packages\\pluggy\\_manager.py", line 120, in _hookexec\n    return self._inner_hookexec(hook_name, methods, kwargs, firstresult)\n  File "C:\\Users\\VIDYANKSHINI\\AppData\\Local\\Programs\\Python\\Python313\\Lib\\site-packages\\pluggy\\_callers.py", line 121, in _multicall\n    res = hook_impl.function(*args)\n  File "C:\\Users\\VIDYANKSHINI\\AppData\\Local\\Programs\\Python\\Python313\\Lib\\site-packages\\_pytest\\fixtures.py", line 1202, in pytest_fixture_setup\n    result = call_fixture_func(fixturefunc, request, kwargs)\n  File "C:\\Users\\VIDYANKSHINI\\AppData\\Local\\Programs\\Python\\Python313\\Lib\\site-packages\\_pytest\\fixtures.py", line 908, in call_fixture_func\n    fixture_result = next(generator)\n  File "C:\\Users\\VIDYANKSHINI\\Desktop\\project\\SecuScan\\testing\\backend\\conftest.py", line 57, in test_client\n    asyncio.run(setup())\n  File "C:\\Users\\VIDYANKSHINI\\AppData\\Local\\Programs\\Python\\Python313\\Lib\\asyncio\\runners.py", line 195, in run\n    return runner.run(main)\n  File "C:\\Users\\VIDYANKSHINI\\AppData\\Local\\Programs\\Python\\Python313\\Lib\\asyncio\\runners.py", line 118, in run\n    return self._loop.run_until_complete(task)\n  File "C:\\Users\\VIDYANKSHINI\\AppData\\Local\\Programs\\Python\\Python313\\Lib\\asyncio\\base_events.py", line 712, in run_until_complete\n    self.run_forever()\n  File "C:\\Users\\VIDYANKSHINI\\AppData\\Local\\Programs\\Python\\Python313\\Lib\\asyncio\\base_events.py", line 683, in run_forever\n    self._run_once()\n  File "C:\\Users\\VIDYANKSHINI\\AppData\\Local\\Programs\\Python\\Python313\\Lib\\asyncio\\base_events.py", line 2040, in _run_once\n    handle._run()\n  File "C:\\Users\\VIDYANKSHINI\\AppData\\Local\\Programs\\Python\\Python313\\Lib\\asyncio\\events.py", line 89, in _run\n    self._context.run(self._callback, *self._args)\n  File "C:\\Users\\VIDYANKSHINI\\Desktop\\project\\SecuScan\\testing\\backend\\conftest.py", line 55, in setup\n    await init_plugins(settings.plugins_dir)\n  File "C:\\Users\\VIDYANKSHINI\\Desktop\\project\\SecuScan\\backend\\secuscan\\plugins.py", line 382, in init_plugins\n    await plugin_manager.load_plugins()\n  File "C:\\Users\\VIDYANKSHINI\\Desktop\\project\\SecuScan\\backend\\secuscan\\plugins.py", line 59, in load_plugins\n    logger.info(f"\u2713 Loaded plugin: {plugin_meta.name} v{plugin_meta.version}")\nMessage: '\u2713 Loaded plugin: Sharepoint Scanner v1.0.0'\nArguments: ()\n--- Logging error ---\nTraceback (most recent call last):\n  File "C:\\Users\\VIDYANKSHINI\\AppData\\Local\\Programs\\Python\\Python313\\Lib\\logging\\__init__.py", line 1153, in emit\n    stream.write(msg + self.terminator)\n    ~~~~~~~~~~~~^^^^^^^^^^^^^^^^^^^^^^^\n  File "C:\\Users\\VIDYANKSHINI\\AppData\\Local\\Programs\\Python\\Python313\\Lib\\encodings\\cp1252.py", line 19, in encode\n    return codecs.charmap_encode(input,self.errors,encoding_table)[0]\n           ~~~~~~~~~~~~~~~~~~~~~^^^^^^^^^^^^^^^^^^^^^^^^^^^^^^^^^^\nUnicodeEncodeError: 'charmap' codec can't encode character '\\u2713' in position 60: character maps to <undefined>\nCall stack:\n  File "<frozen runpy>", line 198, in _run_module_as_main\n  File "<frozen runpy>", line 88, in _run_code\n  File "C:\\Users\\VIDYANKSHINI\\AppData\\Local\\Programs\\Python\\Python313\\Scripts\\pytest.exe\\__main__.py", line 7, in <module>\n    sys.exit(console_main())\n  File "C:\\Users\\VIDYANKSHINI\\AppData\\Local\\Programs\\Python\\Python313\\Lib\\site-packages\\_pytest\\config\\__init__.py", line 223, in console_main\n    code = main()\n  File "C:\\Users\\VIDYANKSHINI\\AppData\\Local\\Programs\\Python\\Python313\\Lib\\site-packages\\_pytest\\config\\__init__.py", line 199, in main\n    ret: ExitCode | int = config.hook.pytest_cmdline_main(config=config)\n  File "C:\\Users\\VIDYANKSHINI\\AppData\\Local\\Programs\\Python\\Python313\\Lib\\site-packages\\pluggy\\_hooks.py", line 512, in __call__\n    return self._hookexec(self.name, self._hookimpls.copy(), kwargs, firstresult)\n  File "C:\\Users\\VIDYANKSHINI\\AppData\\Local\\Programs\\Python\\Python313\\Lib\\site-packages\\pluggy\\_manager.py", line 120, in _hookexec\n    return self._inner_hookexec(hook_name, methods, kwargs, firstresult)\n  File "C:\\Users\\VIDYANKSHINI\\AppData\\Local\\Programs\\Python\\Python313\\Lib\\site-packages\\pluggy\\_callers.py", line 121, in _multicall\n    res = hook_impl.function(*args)\n  File "C:\\Users\\VIDYANKSHINI\\AppData\\Local\\Programs\\Python\\Python313\\Lib\\site-packages\\_pytest\\main.py", line 365, in pytest_cmdline_main\n    return wrap_session(config, _main)\n  File "C:\\Users\\VIDYANKSHINI\\AppData\\Local\\Programs\\Python\\Python313\\Lib\\site-packages\\_pytest\\main.py", line 318, in wrap_session\n    session.exitstatus = doit(config, session) or 0\n  File "C:\\Users\\VIDYANKSHINI\\AppData\\Local\\Programs\\Python\\Python313\\Lib\\site-packages\\_pytest\\main.py", line 372, in _main\n    config.hook.pytest_runtestloop(session=session)\n  File "C:\\Users\\VIDYANKSHINI\\AppData\\Local\\Programs\\Python\\Python313\\Lib\\site-packages\\pluggy\\_hooks.py", line 512, in __call__\n    return self._hookexec(self.name, self._hookimpls.copy(), kwargs, firstresult)\n  File "C:\\Users\\VIDYANKSHINI\\AppData\\Local\\Programs\\Python\\Python313\\Lib\\site-packages\\pluggy\\_manager.py", line 120, in _hookexec\n    return self._inner_hookexec(hook_name, methods, kwargs, firstresult)\n  File "C:\\Users\\VIDYANKSHINI\\AppData\\Local\\Programs\\Python\\Python313\\Lib\\site-packages\\pluggy\\_callers.py", line 121, in _multicall\n    res = hook_impl.function(*args)\n  File "C:\\Users\\VIDYANKSHINI\\AppData\\Local\\Programs\\Python\\Python313\\Lib\\site-packages\\_pytest\\main.py", line 396, in pytest_runtestloop\n    item.config.hook.pytest_runtest_protocol(item=item, nextitem=nextitem)\n  File "C:\\Users\\VIDYANKSHINI\\AppData\\Local\\Programs\\Python\\Python313\\Lib\\site-packages\\pluggy\\_hooks.py", line 512, in __call__\n    return self._hookexec(self.name, self._hookimpls.copy(), kwargs, firstresult)\n  File "C:\\Users\\VIDYANKSHINI\\AppData\\Local\\Programs\\Python\\Python313\\Lib\\site-packages\\pluggy\\_manager.py", line 120, in _hookexec\n    return self._inner_hookexec(hook_name, methods, kwargs, firstresult)\n  File "C:\\Users\\VIDYANKSHINI\\AppData\\Local\\Programs\\Python\\Python313\\Lib\\site-packages\\pluggy\\_callers.py", line 121, in _multicall\n    res = hook_impl.function(*args)\n  File "C:\\Users\\VIDYANKSHINI\\AppData\\Local\\Programs\\Python\\Python313\\Lib\\site-packages\\_pytest\\runner.py", line 118, in pytest_runtest_protocol\n    runtestprotocol(item, nextitem=nextitem)\n  File "C:\\Users\\VIDYANKSHINI\\AppData\\Local\\Programs\\Python\\Python313\\Lib\\site-packages\\_pytest\\runner.py", line 131, in runtestprotocol\n    rep = call_and_report(item, "setup", log)\n  File "C:\\Users\\VIDYANKSHINI\\AppData\\Local\\Programs\\Python\\Python313\\Lib\\site-packages\\_pytest\\runner.py", line 244, in call_and_report\n    call = CallInfo.from_call(\n  File "C:\\Users\\VIDYANKSHINI\\AppData\\Local\\Programs\\Python\\Python313\\Lib\\site-packages\\_pytest\\runner.py", line 353, in from_call\n    result: TResult | None = func()\n  File "C:\\Users\\VIDYANKSHINI\\AppData\\Local\\Programs\\Python\\Python313\\Lib\\site-packages\\_pytest\\runner.py", line 245, in <lambda>\n    lambda: runtest_hook(item=item, **kwds),\n  File "C:\\Users\\VIDYANKSHINI\\AppData\\Local\\Programs\\Python\\Python313\\Lib\\site-packages\\pluggy\\_hooks.py", line 512, in __call__\n    return self._hookexec(self.name, self._hookimpls.copy(), kwargs, firstresult)\n  File "C:\\Users\\VIDYANKSHINI\\AppData\\Local\\Programs\\Python\\Python313\\Lib\\site-packages\\pluggy\\_manager.py", line 120, in _hookexec\n    return self._inner_hookexec(hook_name, methods, kwargs, firstresult)\n  File "C:\\Users\\VIDYANKSHINI\\AppData\\Local\\Programs\\Python\\Python313\\Lib\\site-packages\\pluggy\\_callers.py", line 121, in _multicall\n    res = hook_impl.function(*args)\n  File "C:\\Users\\VIDYANKSHINI\\AppData\\Local\\Programs\\Python\\Python313\\Lib\\site-packages\\_pytest\\runner.py", line 165, in pytest_runtest_setup\n    item.session._setupstate.setup(item)\n  File "C:\\Users\\VIDYANKSHINI\\AppData\\Local\\Programs\\Python\\Python313\\Lib\\site-packages\\_pytest\\runner.py", line 523, in setup\n    col.setup()\n  File "C:\\Users\\VIDYANKSHINI\\AppData\\Local\\Programs\\Python\\Python313\\Lib\\site-packages\\_pytest\\python.py", line 1723, in setup\n    self._request._fillfixtures()\n  File "C:\\Users\\VIDYANKSHINI\\AppData\\Local\\Programs\\Python\\Python313\\Lib\\site-packages\\_pytest\\fixtures.py", line 707, in _fillfixtures\n    item.funcargs[argname] = self.getfixturevalue(argname)\n  File "C:\\Users\\VIDYANKSHINI\\AppData\\Local\\Programs\\Python\\Python313\\Lib\\site-packages\\_pytest\\fixtures.py", line 539, in getfixturevalue\n    fixturedef = self._get_active_fixturedef(argname)\n  File "C:\\Users\\VIDYANKSHINI\\AppData\\Local\\Programs\\Python\\Python313\\Lib\\site-packages\\_pytest\\fixtures.py", line 627, in _get_active_fixturedef\n    fixturedef.execute(request=subrequest)\n  File "C:\\Users\\VIDYANKSHINI\\AppData\\Local\\Programs\\Python\\Python313\\Lib\\site-packages\\_pytest\\fixtures.py", line 1110, in execute\n    result: FixtureValue = ihook.pytest_fixture_setup(\n  File "C:\\Users\\VIDYANKSHINI\\AppData\\Local\\Programs\\Python\\Python313\\Lib\\site-packages\\pluggy\\_hooks.py", line 512, in __call__\n    return self._hookexec(self.name, self._hookimpls.copy(), kwargs, firstresult)\n  File "C:\\Users\\VIDYANKSHINI\\AppData\\Local\\Programs\\Python\\Python313\\Lib\\site-packages\\pluggy\\_manager.py", line 120, in _hookexec\n    return self._inner_hookexec(hook_name, methods, kwargs, firstresult)\n  File "C:\\Users\\VIDYANKSHINI\\AppData\\Local\\Programs\\Python\\Python313\\Lib\\site-packages\\pluggy\\_callers.py", line 121, in _multicall\n    res = hook_impl.function(*args)\n  File "C:\\Users\\VIDYANKSHINI\\AppData\\Local\\Programs\\Python\\Python313\\Lib\\site-packages\\_pytest\\fixtures.py", line 1202, in pytest_fixture_setup\n    result = call_fixture_func(fixturefunc, request, kwargs)\n  File "C:\\Users\\VIDYANKSHINI\\AppData\\Local\\Programs\\Python\\Python313\\Lib\\site-packages\\_pytest\\fixtures.py", line 908, in call_fixture_func\n    fixture_result = next(generator)\n  File "C:\\Users\\VIDYANKSHINI\\Desktop\\project\\SecuScan\\testing\\backend\\conftest.py", line 57, in test_client\n    asyncio.run(setup())\n  File "C:\\Users\\VIDYANKSHINI\\AppData\\Local\\Programs\\Python\\Python313\\Lib\\asyncio\\runners.py", line 195, in run\n    return runner.run(main)\n  File "C:\\Users\\VIDYANKSHINI\\AppData\\Local\\Programs\\Python\\Python313\\Lib\\asyncio\\runners.py", line 118, in run\n    return self._loop.run_until_complete(task)\n  File "C:\\Users\\VIDYANKSHINI\\AppData\\Local\\Programs\\Python\\Python313\\Lib\\asyncio\\base_events.py", line 712, in run_until_complete\n    self.run_forever()\n  File "C:\\Users\\VIDYANKSHINI\\AppData\\Local\\Programs\\Python\\Python313\\Lib\\asyncio\\base_events.py", line 683, in run_forever\n    self._run_once()\n  File "C:\\Users\\VIDYANKSHINI\\AppData\\Local\\Programs\\Python\\Python313\\Lib\\asyncio\\base_events.py", line 2040, in _run_once\n    handle._run()\n  File "C:\\Users\\VIDYANKSHINI\\AppData\\Local\\Programs\\Python\\Python313\\Lib\\asyncio\\events.py", line 89, in _run\n    self._context.run(self._callback, *self._args)\n  File "C:\\Users\\VIDYANKSHINI\\Desktop\\project\\SecuScan\\testing\\backend\\conftest.py", line 55, in setup\n    await init_plugins(settings.plugins_dir)\n  File "C:\\Users\\VIDYANKSHINI\\Desktop\\project\\SecuScan\\backend\\secuscan\\plugins.py", line 382, in init_plugins\n    await plugin_manager.load_plugins()\n  File "C:\\Users\\VIDYANKSHINI\\Desktop\\project\\SecuScan\\backend\\secuscan\\plugins.py", line 59, in load_plugins\n    logger.info(f"\u2713 Loaded plugin: {plugin_meta.name} v{plugin_meta.version}")\nMessage: '\u2713 Loaded plugin: Sitemap Generator v1.0.0'\nArguments: ()\n--- Logging error ---\nTraceback (most recent call last):\n  File "C:\\Users\\VIDYANKSHINI\\AppData\\Local\\Programs\\Python\\Python313\\Lib\\logging\\__init__.py", line 1153, in emit\n    stream.write(msg + self.terminator)\n    ~~~~~~~~~~~~^^^^^^^^^^^^^^^^^^^^^^^\n  File "C:\\Users\\VIDYANKSHINI\\AppData\\Local\\Programs\\Python\\Python313\\Lib\\encodings\\cp1252.py", line 19, in encode\n    return codecs.charmap_encode(input,self.errors,encoding_table)[0]\n           ~~~~~~~~~~~~~~~~~~~~~^^^^^^^^^^^^^^^^^^^^^^^^^^^^^^^^^^\nUnicodeEncodeError: 'charmap' codec can't encode character '\\u2713' in position 60: character maps to <undefined>\nCall stack:\n  File "<frozen runpy>", line 198, in _run_module_as_main\n  File "<frozen runpy>", line 88, in _run_code\n  File "C:\\Users\\VIDYANKSHINI\\AppData\\Local\\Programs\\Python\\Python313\\Scripts\\pytest.exe\\__main__.py", line 7, in <module>\n    sys.exit(console_main())\n  File "C:\\Users\\VIDYANKSHINI\\AppData\\Local\\Programs\\Python\\Python313\\Lib\\site-packages\\_pytest\\config\\__init__.py", line 223, in console_main\n    code = main()\n  File "C:\\Users\\VIDYANKSHINI\\AppData\\Local\\Programs\\Python\\Python313\\Lib\\site-packages\\_pytest\\config\\__init__.py", line 199, in main\n    ret: ExitCode | int = config.hook.pytest_cmdline_main(config=config)\n  File "C:\\Users\\VIDYANKSHINI\\AppData\\Local\\Programs\\Python\\Python313\\Lib\\site-packages\\pluggy\\_hooks.py", line 512, in __call__\n    return self._hookexec(self.name, self._hookimpls.copy(), kwargs, firstresult)\n  File "C:\\Users\\VIDYANKSHINI\\AppData\\Local\\Programs\\Python\\Python313\\Lib\\site-packages\\pluggy\\_manager.py", line 120, in _hookexec\n    return self._inner_hookexec(hook_name, methods, kwargs, firstresult)\n  File "C:\\Users\\VIDYANKSHINI\\AppData\\Local\\Programs\\Python\\Python313\\Lib\\site-packages\\pluggy\\_callers.py", line 121, in _multicall\n    res = hook_impl.function(*args)\n  File "C:\\Users\\VIDYANKSHINI\\AppData\\Local\\Programs\\Python\\Python313\\Lib\\site-packages\\_pytest\\main.py", line 365, in pytest_cmdline_main\n    return wrap_session(config, _main)\n  File "C:\\Users\\VIDYANKSHINI\\AppData\\Local\\Programs\\Python\\Python313\\Lib\\site-packages\\_pytest\\main.py", line 318, in wrap_session\n    session.exitstatus = doit(config, session) or 0\n  File "C:\\Users\\VIDYANKSHINI\\AppData\\Local\\Programs\\Python\\Python313\\Lib\\site-packages\\_pytest\\main.py", line 372, in _main\n    config.hook.pytest_runtestloop(session=session)\n  File "C:\\Users\\VIDYANKSHINI\\AppData\\Local\\Programs\\Python\\Python313\\Lib\\site-packages\\pluggy\\_hooks.py", line 512, in __call__\n    return self._hookexec(self.name, self._hookimpls.copy(), kwargs, firstresult)\n  File "C:\\Users\\VIDYANKSHINI\\AppData\\Local\\Programs\\Python\\Python313\\Lib\\site-packages\\pluggy\\_manager.py", line 120, in _hookexec\n    return self._inner_hookexec(hook_name, methods, kwargs, firstresult)\n  File "C:\\Users\\VIDYANKSHINI\\AppData\\Local\\Programs\\Python\\Python313\\Lib\\site-packages\\pluggy\\_callers.py", line 121, in _multicall\n    res = hook_impl.function(*args)\n  File "C:\\Users\\VIDYANKSHINI\\AppData\\Local\\Programs\\Python\\Python313\\Lib\\site-packages\\_pytest\\main.py", line 396, in pytest_runtestloop\n    item.config.hook.pytest_runtest_protocol(item=item, nextitem=nextitem)\n  File "C:\\Users\\VIDYANKSHINI\\AppData\\Local\\Programs\\Python\\Python313\\Lib\\site-packages\\pluggy\\_hooks.py", line 512, in __call__\n    return self._hookexec(self.name, self._hookimpls.copy(), kwargs, firstresult)\n  File "C:\\Users\\VIDYANKSHINI\\AppData\\Local\\Programs\\Python\\Python313\\Lib\\site-packages\\pluggy\\_manager.py", line 120, in _hookexec\n    return self._inner_hookexec(hook_name, methods, kwargs, firstresult)\n  File "C:\\Users\\VIDYANKSHINI\\AppData\\Local\\Programs\\Python\\Python313\\Lib\\site-packages\\pluggy\\_callers.py", line 121, in _multicall\n    res = hook_impl.function(*args)\n  File "C:\\Users\\VIDYANKSHINI\\AppData\\Local\\Programs\\Python\\Python313\\Lib\\site-packages\\_pytest\\runner.py", line 118, in pytest_runtest_protocol\n    runtestprotocol(item, nextitem=nextitem)\n  File "C:\\Users\\VIDYANKSHINI\\AppData\\Local\\Programs\\Python\\Python313\\Lib\\site-packages\\_pytest\\runner.py", line 131, in runtestprotocol\n    rep = call_and_report(item, "setup", log)\n  File "C:\\Users\\VIDYANKSHINI\\AppData\\Local\\Programs\\Python\\Python313\\Lib\\site-packages\\_pytest\\runner.py", line 244, in call_and_report\n    call = CallInfo.from_call(\n  File "C:\\Users\\VIDYANKSHINI\\AppData\\Local\\Programs\\Python\\Python313\\Lib\\site-packages\\_pytest\\runner.py", line 353, in from_call\n    result: TResult | None = func()\n  File "C:\\Users\\VIDYANKSHINI\\AppData\\Local\\Programs\\Python\\Python313\\Lib\\site-packages\\_pytest\\runner.py", line 245, in <lambda>\n    lambda: runtest_hook(item=item, **kwds),\n  File "C:\\Users\\VIDYANKSHINI\\AppData\\Local\\Programs\\Python\\Python313\\Lib\\site-packages\\pluggy\\_hooks.py", line 512, in __call__\n    return self._hookexec(self.name, self._hookimpls.copy(), kwargs, firstresult)\n  File "C:\\Users\\VIDYANKSHINI\\AppData\\Local\\Programs\\Python\\Python313\\Lib\\site-packages\\pluggy\\_manager.py", line 120, in _hookexec\n    return self._inner_hookexec(hook_name, methods, kwargs, firstresult)\n  File "C:\\Users\\VIDYANKSHINI\\AppData\\Local\\Programs\\Python\\Python313\\Lib\\site-packages\\pluggy\\_callers.py", line 121, in _multicall\n    res = hook_impl.function(*args)\n  File "C:\\Users\\VIDYANKSHINI\\AppData\\Local\\Programs\\Python\\Python313\\Lib\\site-packages\\_pytest\\runner.py", line 165, in pytest_runtest_setup\n    item.session._setupstate.setup(item)\n  File "C:\\Users\\VIDYANKSHINI\\AppData\\Local\\Programs\\Python\\Python313\\Lib\\site-packages\\_pytest\\runner.py", line 523, in setup\n    col.setup()\n  File "C:\\Users\\VIDYANKSHINI\\AppData\\Local\\Programs\\Python\\Python313\\Lib\\site-packages\\_pytest\\python.py", line 1723, in setup\n    self._request._fillfixtures()\n  File "C:\\Users\\VIDYANKSHINI\\AppData\\Local\\Programs\\Python\\Python313\\Lib\\site-packages\\_pytest\\fixtures.py", line 707, in _fillfixtures\n    item.funcargs[argname] = self.getfixturevalue(argname)\n  File "C:\\Users\\VIDYANKSHINI\\AppData\\Local\\Programs\\Python\\Python313\\Lib\\site-packages\\_pytest\\fixtures.py", line 539, in getfixturevalue\n    fixturedef = self._get_active_fixturedef(argname)\n  File "C:\\Users\\VIDYANKSHINI\\AppData\\Local\\Programs\\Python\\Python313\\Lib\\site-packages\\_pytest\\fixtures.py", line 627, in _get_active_fixturedef\n    fixturedef.execute(request=subrequest)\n  File "C:\\Users\\VIDYANKSHINI\\AppData\\Local\\Programs\\Python\\Python313\\Lib\\site-packages\\_pytest\\fixtures.py", line 1110, in execute\n    result: FixtureValue = ihook.pytest_fixture_setup(\n  File "C:\\Users\\VIDYANKSHINI\\AppData\\Local\\Programs\\Python\\Python313\\Lib\\site-packages\\pluggy\\_hooks.py", line 512, in __call__\n    return self._hookexec(self.name, self._hookimpls.copy(), kwargs, firstresult)\n  File "C:\\Users\\VIDYANKSHINI\\AppData\\Local\\Programs\\Python\\Python313\\Lib\\site-packages\\pluggy\\_manager.py", line 120, in _hookexec\n    return self._inner_hookexec(hook_name, methods, kwargs, firstresult)\n  File "C:\\Users\\VIDYANKSHINI\\AppData\\Local\\Programs\\Python\\Python313\\Lib\\site-packages\\pluggy\\_callers.py", line 121, in _multicall\n    res = hook_impl.function(*args)\n  File "C:\\Users\\VIDYANKSHINI\\AppData\\Local\\Programs\\Python\\Python313\\Lib\\site-packages\\_pytest\\fixtures.py", line 1202, in pytest_fixture_setup\n    result = call_fixture_func(fixturefunc, request, kwargs)\n  File "C:\\Users\\VIDYANKSHINI\\AppData\\Local\\Programs\\Python\\Python313\\Lib\\site-packages\\_pytest\\fixtures.py", line 908, in call_fixture_func\n    fixture_result = next(generator)\n  File "C:\\Users\\VIDYANKSHINI\\Desktop\\project\\SecuScan\\testing\\backend\\conftest.py", line 57, in test_client\n    asyncio.run(setup())\n  File "C:\\Users\\VIDYANKSHINI\\AppData\\Local\\Programs\\Python\\Python313\\Lib\\asyncio\\runners.py", line 195, in run\n    return runner.run(main)\n  File "C:\\Users\\VIDYANKSHINI\\AppData\\Local\\Programs\\Python\\Python313\\Lib\\asyncio\\runners.py", line 118, in run\n    return self._loop.run_until_complete(task)\n  File "C:\\Users\\VIDYANKSHINI\\AppData\\Local\\Programs\\Python\\Python313\\Lib\\asyncio\\base_events.py", line 712, in run_until_complete\n    self.run_forever()\n  File "C:\\Users\\VIDYANKSHINI\\AppData\\Local\\Programs\\Python\\Python313\\Lib\\asyncio\\base_events.py", line 683, in run_forever\n    self._run_once()\n  File "C:\\Users\\VIDYANKSHINI\\AppData\\Local\\Programs\\Python\\Python313\\Lib\\asyncio\\base_events.py", line 2040, in _run_once\n    handle._run()\n  File "C:\\Users\\VIDYANKSHINI\\AppData\\Local\\Programs\\Python\\Python313\\Lib\\asyncio\\events.py", line 89, in _run\n    self._context.run(self._callback, *self._args)\n  File "C:\\Users\\VIDYANKSHINI\\Desktop\\project\\SecuScan\\testing\\backend\\conftest.py", line 55, in setup\n    await init_plugins(settings.plugins_dir)\n  File "C:\\Users\\VIDYANKSHINI\\Desktop\\project\\SecuScan\\backend\\secuscan\\plugins.py", line 382, in init_plugins\n    await plugin_manager.load_plugins()\n  File "C:\\Users\\VIDYANKSHINI\\Desktop\\project\\SecuScan\\backend\\secuscan\\plugins.py", line 59, in load_plugins\n    logger.info(f"\u2713 Loaded plugin: {plugin_meta.name} v{plugin_meta.version}")\nMessage: '\u2713 Loaded plugin: Sniper: Auto-Exploiter v1.0.0'\nArguments: ()\n--- Logging error ---\nTraceback (most recent call last):\n  File "C:\\Users\\VIDYANKSHINI\\AppData\\Local\\Programs\\Python\\Python313\\Lib\\logging\\__init__.py", line 1153, in emit\n    stream.write(msg + self.terminator)\n    ~~~~~~~~~~~~^^^^^^^^^^^^^^^^^^^^^^^\n  File "C:\\Users\\VIDYANKSHINI\\AppData\\Local\\Programs\\Python\\Python313\\Lib\\encodings\\cp1252.py", line 19, in encode\n    return codecs.charmap_encode(input,self.errors,encoding_table)[0]\n           ~~~~~~~~~~~~~~~~~~~~~^^^^^^^^^^^^^^^^^^^^^^^^^^^^^^^^^^\nUnicodeEncodeError: 'charmap' codec can't encode character '\\u2713' in position 60: character maps to <undefined>\nCall stack:\n  File "<frozen runpy>", line 198, in _run_module_as_main\n  File "<frozen runpy>", line 88, in _run_code\n  File "C:\\Users\\VIDYANKSHINI\\AppData\\Local\\Programs\\Python\\Python313\\Scripts\\pytest.exe\\__main__.py", line 7, in <module>\n    sys.exit(console_main())\n  File "C:\\Users\\VIDYANKSHINI\\AppData\\Local\\Programs\\Python\\Python313\\Lib\\site-packages\\_pytest\\config\\__init__.py", line 223, in console_main\n    code = main()\n  File "C:\\Users\\VIDYANKSHINI\\AppData\\Local\\Programs\\Python\\Python313\\Lib\\site-packages\\_pytest\\config\\__init__.py", line 199, in main\n    ret: ExitCode | int = config.hook.pytest_cmdline_main(config=config)\n  File "C:\\Users\\VIDYANKSHINI\\AppData\\Local\\Programs\\Python\\Python313\\Lib\\site-packages\\pluggy\\_hooks.py", line 512, in __call__\n    return self._hookexec(self.name, self._hookimpls.copy(), kwargs, firstresult)\n  File "C:\\Users\\VIDYANKSHINI\\AppData\\Local\\Programs\\Python\\Python313\\Lib\\site-packages\\pluggy\\_manager.py", line 120, in _hookexec\n    return self._inner_hookexec(hook_name, methods, kwargs, firstresult)\n  File "C:\\Users\\VIDYANKSHINI\\AppData\\Local\\Programs\\Python\\Python313\\Lib\\site-packages\\pluggy\\_callers.py", line 121, in _multicall\n    res = hook_impl.function(*args)\n  File "C:\\Users\\VIDYANKSHINI\\AppData\\Local\\Programs\\Python\\Python313\\Lib\\site-packages\\_pytest\\main.py", line 365, in pytest_cmdline_main\n    return wrap_session(config, _main)\n  File "C:\\Users\\VIDYANKSHINI\\AppData\\Local\\Programs\\Python\\Python313\\Lib\\site-packages\\_pytest\\main.py", line 318, in wrap_session\n    session.exitstatus = doit(config, session) or 0\n  File "C:\\Users\\VIDYANKSHINI\\AppData\\Local\\Programs\\Python\\Python313\\Lib\\site-packages\\_pytest\\main.py", line 372, in _main\n    config.hook.pytest_runtestloop(session=session)\n  File "C:\\Users\\VIDYANKSHINI\\AppData\\Local\\Programs\\Python\\Python313\\Lib\\site-packages\\pluggy\\_hooks.py", line 512, in __call__\n    return self._hookexec(self.name, self._hookimpls.copy(), kwargs, firstresult)\n  File "C:\\Users\\VIDYANKSHINI\\AppData\\Local\\Programs\\Python\\Python313\\Lib\\site-packages\\pluggy\\_manager.py", line 120, in _hookexec\n    return self._inner_hookexec(hook_name, methods, kwargs, firstresult)\n  File "C:\\Users\\VIDYANKSHINI\\AppData\\Local\\Programs\\Python\\Python313\\Lib\\site-packages\\pluggy\\_callers.py", line 121, in _multicall\n    res = hook_impl.function(*args)\n  File "C:\\Users\\VIDYANKSHINI\\AppData\\Local\\Programs\\Python\\Python313\\Lib\\site-packages\\_pytest\\main.py", line 396, in pytest_runtestloop\n    item.config.hook.pytest_runtest_protocol(item=item, nextitem=nextitem)\n  File "C:\\Users\\VIDYANKSHINI\\AppData\\Local\\Programs\\Python\\Python313\\Lib\\site-packages\\pluggy\\_hooks.py", line 512, in __call__\n    return self._hookexec(self.name, self._hookimpls.copy(), kwargs, firstresult)\n  File "C:\\Users\\VIDYANKSHINI\\AppData\\Local\\Programs\\Python\\Python313\\Lib\\site-packages\\pluggy\\_manager.py", line 120, in _hookexec\n    return self._inner_hookexec(hook_name, methods, kwargs, firstresult)\n  File "C:\\Users\\VIDYANKSHINI\\AppData\\Local\\Programs\\Python\\Python313\\Lib\\site-packages\\pluggy\\_callers.py", line 121, in _multicall\n    res = hook_impl.function(*args)\n  File "C:\\Users\\VIDYANKSHINI\\AppData\\Local\\Programs\\Python\\Python313\\Lib\\site-packages\\_pytest\\runner.py", line 118, in pytest_runtest_protocol\n    runtestprotocol(item, nextitem=nextitem)\n  File "C:\\Users\\VIDYANKSHINI\\AppData\\Local\\Programs\\Python\\Python313\\Lib\\site-packages\\_pytest\\runner.py", line 131, in runtestprotocol\n    rep = call_and_report(item, "setup", log)\n  File "C:\\Users\\VIDYANKSHINI\\AppData\\Local\\Programs\\Python\\Python313\\Lib\\site-packages\\_pytest\\runner.py", line 244, in call_and_report\n    call = CallInfo.from_call(\n  File "C:\\Users\\VIDYANKSHINI\\AppData\\Local\\Programs\\Python\\Python313\\Lib\\site-packages\\_pytest\\runner.py", line 353, in from_call\n    result: TResult | None = func()\n  File "C:\\Users\\VIDYANKSHINI\\AppData\\Local\\Programs\\Python\\Python313\\Lib\\site-packages\\_pytest\\runner.py", line 245, in <lambda>\n    lambda: runtest_hook(item=item, **kwds),\n  File "C:\\Users\\VIDYANKSHINI\\AppData\\Local\\Programs\\Python\\Python313\\Lib\\site-packages\\pluggy\\_hooks.py", line 512, in __call__\n    return self._hookexec(self.name, self._hookimpls.copy(), kwargs, firstresult)\n  File "C:\\Users\\VIDYANKSHINI\\AppData\\Local\\Programs\\Python\\Python313\\Lib\\site-packages\\pluggy\\_manager.py", line 120, in _hookexec\n    return self._inner_hookexec(hook_name, methods, kwargs, firstresult)\n  File "C:\\Users\\VIDYANKSHINI\\AppData\\Local\\Programs\\Python\\Python313\\Lib\\site-packages\\pluggy\\_callers.py", line 121, in _multicall\n    res = hook_impl.function(*args)\n  File "C:\\Users\\VIDYANKSHINI\\AppData\\Local\\Programs\\Python\\Python313\\Lib\\site-packages\\_pytest\\runner.py", line 165, in pytest_runtest_setup\n    item.session._setupstate.setup(item)\n  File "C:\\Users\\VIDYANKSHINI\\AppData\\Local\\Programs\\Python\\Python313\\Lib\\site-packages\\_pytest\\runner.py", line 523, in setup\n    col.setup()\n  File "C:\\Users\\VIDYANKSHINI\\AppData\\Local\\Programs\\Python\\Python313\\Lib\\site-packages\\_pytest\\python.py", line 1723, in setup\n    self._request._fillfixtures()\n  File "C:\\Users\\VIDYANKSHINI\\AppData\\Local\\Programs\\Python\\Python313\\Lib\\site-packages\\_pytest\\fixtures.py", line 707, in _fillfixtures\n    item.funcargs[argname] = self.getfixturevalue(argname)\n  File "C:\\Users\\VIDYANKSHINI\\AppData\\Local\\Programs\\Python\\Python313\\Lib\\site-packages\\_pytest\\fixtures.py", line 539, in getfixturevalue\n    fixturedef = self._get_active_fixturedef(argname)\n  File "C:\\Users\\VIDYANKSHINI\\AppData\\Local\\Programs\\Python\\Python313\\Lib\\site-packages\\_pytest\\fixtures.py", line 627, in _get_active_fixturedef\n    fixturedef.execute(request=subrequest)\n  File "C:\\Users\\VIDYANKSHINI\\AppData\\Local\\Programs\\Python\\Python313\\Lib\\site-packages\\_pytest\\fixtures.py", line 1110, in execute\n    result: FixtureValue = ihook.pytest_fixture_setup(\n  File "C:\\Users\\VIDYANKSHINI\\AppData\\Local\\Programs\\Python\\Python313\\Lib\\site-packages\\pluggy\\_hooks.py", line 512, in __call__\n    return self._hookexec(self.name, self._hookimpls.copy(), kwargs, firstresult)\n  File "C:\\Users\\VIDYANKSHINI\\AppData\\Local\\Programs\\Python\\Python313\\Lib\\site-packages\\pluggy\\_manager.py", line 120, in _hookexec\n    return self._inner_hookexec(hook_name, methods, kwargs, firstresult)\n  File "C:\\Users\\VIDYANKSHINI\\AppData\\Local\\Programs\\Python\\Python313\\Lib\\site-packages\\pluggy\\_callers.py", line 121, in _multicall\n    res = hook_impl.function(*args)\n  File "C:\\Users\\VIDYANKSHINI\\AppData\\Local\\Programs\\Python\\Python313\\Lib\\site-packages\\_pytest\\fixtures.py", line 1202, in pytest_fixture_setup\n    result = call_fixture_func(fixturefunc, request, kwargs)\n  File "C:\\Users\\VIDYANKSHINI\\AppData\\Local\\Programs\\Python\\Python313\\Lib\\site-packages\\_pytest\\fixtures.py", line 908, in call_fixture_func\n    fixture_result = next(generator)\n  File "C:\\Users\\VIDYANKSHINI\\Desktop\\project\\SecuScan\\testing\\backend\\conftest.py", line 57, in test_client\n    asyncio.run(setup())\n  File "C:\\Users\\VIDYANKSHINI\\AppData\\Local\\Programs\\Python\\Python313\\Lib\\asyncio\\runners.py", line 195, in run\n    return runner.run(main)\n  File "C:\\Users\\VIDYANKSHINI\\AppData\\Local\\Programs\\Python\\Python313\\Lib\\asyncio\\runners.py", line 118, in run\n    return self._loop.run_until_complete(task)\n  File "C:\\Users\\VIDYANKSHINI\\AppData\\Local\\Programs\\Python\\Python313\\Lib\\asyncio\\base_events.py", line 712, in run_until_complete\n    self.run_forever()\n  File "C:\\Users\\VIDYANKSHINI\\AppData\\Local\\Programs\\Python\\Python313\\Lib\\asyncio\\base_events.py", line 683, in run_forever\n    self._run_once()\n  File "C:\\Users\\VIDYANKSHINI\\AppData\\Local\\Programs\\Python\\Python313\\Lib\\asyncio\\base_events.py", line 2040, in _run_once\n    handle._run()\n  File "C:\\Users\\VIDYANKSHINI\\AppData\\Local\\Programs\\Python\\Python313\\Lib\\asyncio\\events.py", line 89, in _run\n    self._context.run(self._callback, *self._args)\n  File "C:\\Users\\VIDYANKSHINI\\Desktop\\project\\SecuScan\\testing\\backend\\conftest.py", line 55, in setup\n    await init_plugins(settings.plugins_dir)\n  File "C:\\Users\\VIDYANKSHINI\\Desktop\\project\\SecuScan\\backend\\secuscan\\plugins.py", line 382, in init_plugins\n    await plugin_manager.load_plugins()\n  File "C:\\Users\\VIDYANKSHINI\\Desktop\\project\\SecuScan\\backend\\secuscan\\plugins.py", line 59, in load_plugins\n    logger.info(f"\u2713 Loaded plugin: {plugin_meta.name} v{plugin_meta.version}")\nMessage: '\u2713 Loaded plugin: Spider v1.0.0'\nArguments: ()\n--- Logging error ---\nTraceback (most recent call last):\n  File "C:\\Users\\VIDYANKSHINI\\AppData\\Local\\Programs\\Python\\Python313\\Lib\\logging\\__init__.py", line 1153, in emit\n    stream.write(msg + self.terminator)\n    ~~~~~~~~~~~~^^^^^^^^^^^^^^^^^^^^^^^\n  File "C:\\Users\\VIDYANKSHINI\\AppData\\Local\\Programs\\Python\\Python313\\Lib\\encodings\\cp1252.py", line 19, in encode\n    return codecs.charmap_encode(input,self.errors,encoding_table)[0]\n           ~~~~~~~~~~~~~~~~~~~~~^^^^^^^^^^^^^^^^^^^^^^^^^^^^^^^^^^\nUnicodeEncodeError: 'charmap' codec can't encode character '\\u2713' in position 60: character maps to <undefined>\nCall stack:\n  File "<frozen runpy>", line 198, in _run_module_as_main\n  File "<frozen runpy>", line 88, in _run_code\n  File "C:\\Users\\VIDYANKSHINI\\AppData\\Local\\Programs\\Python\\Python313\\Scripts\\pytest.exe\\__main__.py", line 7, in <module>\n    sys.exit(console_main())\n  File "C:\\Users\\VIDYANKSHINI\\AppData\\Local\\Programs\\Python\\Python313\\Lib\\site-packages\\_pytest\\config\\__init__.py", line 223, in console_main\n    code = main()\n  File "C:\\Users\\VIDYANKSHINI\\AppData\\Local\\Programs\\Python\\Python313\\Lib\\site-packages\\_pytest\\config\\__init__.py", line 199, in main\n    ret: ExitCode | int = config.hook.pytest_cmdline_main(config=config)\n  File "C:\\Users\\VIDYANKSHINI\\AppData\\Local\\Programs\\Python\\Python313\\Lib\\site-packages\\pluggy\\_hooks.py", line 512, in __call__\n    return self._hookexec(self.name, self._hookimpls.copy(), kwargs, firstresult)\n  File "C:\\Users\\VIDYANKSHINI\\AppData\\Local\\Programs\\Python\\Python313\\Lib\\site-packages\\pluggy\\_manager.py", line 120, in _hookexec\n    return self._inner_hookexec(hook_name, methods, kwargs, firstresult)\n  File "C:\\Users\\VIDYANKSHINI\\AppData\\Local\\Programs\\Python\\Python313\\Lib\\site-packages\\pluggy\\_callers.py", line 121, in _multicall\n    res = hook_impl.function(*args)\n  File "C:\\Users\\VIDYANKSHINI\\AppData\\Local\\Programs\\Python\\Python313\\Lib\\site-packages\\_pytest\\main.py", line 365, in pytest_cmdline_main\n    return wrap_session(config, _main)\n  File "C:\\Users\\VIDYANKSHINI\\AppData\\Local\\Programs\\Python\\Python313\\Lib\\site-packages\\_pytest\\main.py", line 318, in wrap_session\n    session.exitstatus = doit(config, session) or 0\n  File "C:\\Users\\VIDYANKSHINI\\AppData\\Local\\Programs\\Python\\Python313\\Lib\\site-packages\\_pytest\\main.py", line 372, in _main\n    config.hook.pytest_runtestloop(session=session)\n  File "C:\\Users\\VIDYANKSHINI\\AppData\\Local\\Programs\\Python\\Python313\\Lib\\site-packages\\pluggy\\_hooks.py", line 512, in __call__\n    return self._hookexec(self.name, self._hookimpls.copy(), kwargs, firstresult)\n  File "C:\\Users\\VIDYANKSHINI\\AppData\\Local\\Programs\\Python\\Python313\\Lib\\site-packages\\pluggy\\_manager.py", line 120, in _hookexec\n    return self._inner_hookexec(hook_name, methods, kwargs, firstresult)\n  File "C:\\Users\\VIDYANKSHINI\\AppData\\Local\\Programs\\Python\\Python313\\Lib\\site-packages\\pluggy\\_callers.py", line 121, in _multicall\n    res = hook_impl.function(*args)\n  File "C:\\Users\\VIDYANKSHINI\\AppData\\Local\\Programs\\Python\\Python313\\Lib\\site-packages\\_pytest\\main.py", line 396, in pytest_runtestloop\n    item.config.hook.pytest_runtest_protocol(item=item, nextitem=nextitem)\n  File "C:\\Users\\VIDYANKSHINI\\AppData\\Local\\Programs\\Python\\Python313\\Lib\\site-packages\\pluggy\\_hooks.py", line 512, in __call__\n    return self._hookexec(self.name, self._hookimpls.copy(), kwargs, firstresult)\n  File "C:\\Users\\VIDYANKSHINI\\AppData\\Local\\Programs\\Python\\Python313\\Lib\\site-packages\\pluggy\\_manager.py", line 120, in _hookexec\n    return self._inner_hookexec(hook_name, methods, kwargs, firstresult)\n  File "C:\\Users\\VIDYANKSHINI\\AppData\\Local\\Programs\\Python\\Python313\\Lib\\site-packages\\pluggy\\_callers.py", line 121, in _multicall\n    res = hook_impl.function(*args)\n  File "C:\\Users\\VIDYANKSHINI\\AppData\\Local\\Programs\\Python\\Python313\\Lib\\site-packages\\_pytest\\runner.py", line 118, in pytest_runtest_protocol\n    runtestprotocol(item, nextitem=nextitem)\n  File "C:\\Users\\VIDYANKSHINI\\AppData\\Local\\Programs\\Python\\Python313\\Lib\\site-packages\\_pytest\\runner.py", line 131, in runtestprotocol\n    rep = call_and_report(item, "setup", log)\n  File "C:\\Users\\VIDYANKSHINI\\AppData\\Local\\Programs\\Python\\Python313\\Lib\\site-packages\\_pytest\\runner.py", line 244, in call_and_report\n    call = CallInfo.from_call(\n  File "C:\\Users\\VIDYANKSHINI\\AppData\\Local\\Programs\\Python\\Python313\\Lib\\site-packages\\_pytest\\runner.py", line 353, in from_call\n    result: TResult | None = func()\n  File "C:\\Users\\VIDYANKSHINI\\AppData\\Local\\Programs\\Python\\Python313\\Lib\\site-packages\\_pytest\\runner.py", line 245, in <lambda>\n    lambda: runtest_hook(item=item, **kwds),\n  File "C:\\Users\\VIDYANKSHINI\\AppData\\Local\\Programs\\Python\\Python313\\Lib\\site-packages\\pluggy\\_hooks.py", line 512, in __call__\n    return self._hookexec(self.name, self._hookimpls.copy(), kwargs, firstresult)\n  File "C:\\Users\\VIDYANKSHINI\\AppData\\Local\\Programs\\Python\\Python313\\Lib\\site-packages\\pluggy\\_manager.py", line 120, in _hookexec\n    return self._inner_hookexec(hook_name, methods, kwargs, firstresult)\n  File "C:\\Users\\VIDYANKSHINI\\AppData\\Local\\Programs\\Python\\Python313\\Lib\\site-packages\\pluggy\\_callers.py", line 121, in _multicall\n    res = hook_impl.function(*args)\n  File "C:\\Users\\VIDYANKSHINI\\AppData\\Local\\Programs\\Python\\Python313\\Lib\\site-packages\\_pytest\\runner.py", line 165, in pytest_runtest_setup\n    item.session._setupstate.setup(item)\n  File "C:\\Users\\VIDYANKSHINI\\AppData\\Local\\Programs\\Python\\Python313\\Lib\\site-packages\\_pytest\\runner.py", line 523, in setup\n    col.setup()\n  File "C:\\Users\\VIDYANKSHINI\\AppData\\Local\\Programs\\Python\\Python313\\Lib\\site-packages\\_pytest\\python.py", line 1723, in setup\n    self._request._fillfixtures()\n  File "C:\\Users\\VIDYANKSHINI\\AppData\\Local\\Programs\\Python\\Python313\\Lib\\site-packages\\_pytest\\fixtures.py", line 707, in _fillfixtures\n    item.funcargs[argname] = self.getfixturevalue(argname)\n  File "C:\\Users\\VIDYANKSHINI\\AppData\\Local\\Programs\\Python\\Python313\\Lib\\site-packages\\_pytest\\fixtures.py", line 539, in getfixturevalue\n    fixturedef = self._get_active_fixturedef(argname)\n  File "C:\\Users\\VIDYANKSHINI\\AppData\\Local\\Programs\\Python\\Python313\\Lib\\site-packages\\_pytest\\fixtures.py", line 627, in _get_active_fixturedef\n    fixturedef.execute(request=subrequest)\n  File "C:\\Users\\VIDYANKSHINI\\AppData\\Local\\Programs\\Python\\Python313\\Lib\\site-packages\\_pytest\\fixtures.py", line 1110, in execute\n    result: FixtureValue = ihook.pytest_fixture_setup(\n  File "C:\\Users\\VIDYANKSHINI\\AppData\\Local\\Programs\\Python\\Python313\\Lib\\site-packages\\pluggy\\_hooks.py", line 512, in __call__\n    return self._hookexec(self.name, self._hookimpls.copy(), kwargs, firstresult)\n  File "C:\\Users\\VIDYANKSHINI\\AppData\\Local\\Programs\\Python\\Python313\\Lib\\site-packages\\pluggy\\_manager.py", line 120, in _hookexec\n    return self._inner_hookexec(hook_name, methods, kwargs, firstresult)\n  File "C:\\Users\\VIDYANKSHINI\\AppData\\Local\\Programs\\Python\\Python313\\Lib\\site-packages\\pluggy\\_callers.py", line 121, in _multicall\n    res = hook_impl.function(*args)\n  File "C:\\Users\\VIDYANKSHINI\\AppData\\Local\\Programs\\Python\\Python313\\Lib\\site-packages\\_pytest\\fixtures.py", line 1202, in pytest_fixture_setup\n    result = call_fixture_func(fixturefunc, request, kwargs)\n  File "C:\\Users\\VIDYANKSHINI\\AppData\\Local\\Programs\\Python\\Python313\\Lib\\site-packages\\_pytest\\fixtures.py", line 908, in call_fixture_func\n    fixture_result = next(generator)\n  File "C:\\Users\\VIDYANKSHINI\\Desktop\\project\\SecuScan\\testing\\backend\\conftest.py", line 57, in test_client\n    asyncio.run(setup())\n  File "C:\\Users\\VIDYANKSHINI\\AppData\\Local\\Programs\\Python\\Python313\\Lib\\asyncio\\runners.py", line 195, in run\n    return runner.run(main)\n  File "C:\\Users\\VIDYANKSHINI\\AppData\\Local\\Programs\\Python\\Python313\\Lib\\asyncio\\runners.py", line 118, in run\n    return self._loop.run_until_complete(task)\n  File "C:\\Users\\VIDYANKSHINI\\AppData\\Local\\Programs\\Python\\Python313\\Lib\\asyncio\\base_events.py", line 712, in run_until_complete\n    self.run_forever()\n  File "C:\\Users\\VIDYANKSHINI\\AppData\\Local\\Programs\\Python\\Python313\\Lib\\asyncio\\base_events.py", line 683, in run_forever\n    self._run_once()\n  File "C:\\Users\\VIDYANKSHINI\\AppData\\Local\\Programs\\Python\\Python313\\Lib\\asyncio\\base_events.py", line 2040, in _run_once\n    handle._run()\n  File "C:\\Users\\VIDYANKSHINI\\AppData\\Local\\Programs\\Python\\Python313\\Lib\\asyncio\\events.py", line 89, in _run\n    self._context.run(self._callback, *self._args)\n  File "C:\\Users\\VIDYANKSHINI\\Desktop\\project\\SecuScan\\testing\\backend\\conftest.py", line 55, in setup\n    await init_plugins(settings.plugins_dir)\n  File "C:\\Users\\VIDYANKSHINI\\Desktop\\project\\SecuScan\\backend\\secuscan\\plugins.py", line 382, in init_plugins\n    await plugin_manager.load_plugins()\n  File "C:\\Users\\VIDYANKSHINI\\Desktop\\project\\SecuScan\\backend\\secuscan\\plugins.py", line 59, in load_plugins\n    logger.info(f"\u2713 Loaded plugin: {plugin_meta.name} v{plugin_meta.version}")\nMessage: '\u2713 Loaded plugin: SQL Injection Feasibility v1.0.0'\nArguments: ()\n--- Logging error ---\nTraceback (most recent call last):\n  File "C:\\Users\\VIDYANKSHINI\\AppData\\Local\\Programs\\Python\\Python313\\Lib\\logging\\__init__.py", line 1153, in emit\n    stream.write(msg + self.terminator)\n    ~~~~~~~~~~~~^^^^^^^^^^^^^^^^^^^^^^^\n  File "C:\\Users\\VIDYANKSHINI\\AppData\\Local\\Programs\\Python\\Python313\\Lib\\encodings\\cp1252.py", line 19, in encode\n    return codecs.charmap_encode(input,self.errors,encoding_table)[0]\n           ~~~~~~~~~~~~~~~~~~~~~^^^^^^^^^^^^^^^^^^^^^^^^^^^^^^^^^^\nUnicodeEncodeError: 'charmap' codec can't encode character '\\u2713' in position 60: character maps to <undefined>\nCall stack:\n  File "<frozen runpy>", line 198, in _run_module_as_main\n  File "<frozen runpy>", line 88, in _run_code\n  File "C:\\Users\\VIDYANKSHINI\\AppData\\Local\\Programs\\Python\\Python313\\Scripts\\pytest.exe\\__main__.py", line 7, in <module>\n    sys.exit(console_main())\n  File "C:\\Users\\VIDYANKSHINI\\AppData\\Local\\Programs\\Python\\Python313\\Lib\\site-packages\\_pytest\\config\\__init__.py", line 223, in console_main\n    code = main()\n  File "C:\\Users\\VIDYANKSHINI\\AppData\\Local\\Programs\\Python\\Python313\\Lib\\site-packages\\_pytest\\config\\__init__.py", line 199, in main\n    ret: ExitCode | int = config.hook.pytest_cmdline_main(config=config)\n  File "C:\\Users\\VIDYANKSHINI\\AppData\\Local\\Programs\\Python\\Python313\\Lib\\site-packages\\pluggy\\_hooks.py", line 512, in __call__\n    return self._hookexec(self.name, self._hookimpls.copy(), kwargs, firstresult)\n  File "C:\\Users\\VIDYANKSHINI\\AppData\\Local\\Programs\\Python\\Python313\\Lib\\site-packages\\pluggy\\_manager.py", line 120, in _hookexec\n    return self._inner_hookexec(hook_name, methods, kwargs, firstresult)\n  File "C:\\Users\\VIDYANKSHINI\\AppData\\Local\\Programs\\Python\\Python313\\Lib\\site-packages\\pluggy\\_callers.py", line 121, in _multicall\n    res = hook_impl.function(*args)\n  File "C:\\Users\\VIDYANKSHINI\\AppData\\Local\\Programs\\Python\\Python313\\Lib\\site-packages\\_pytest\\main.py", line 365, in pytest_cmdline_main\n    return wrap_session(config, _main)\n  File "C:\\Users\\VIDYANKSHINI\\AppData\\Local\\Programs\\Python\\Python313\\Lib\\site-packages\\_pytest\\main.py", line 318, in wrap_session\n    session.exitstatus = doit(config, session) or 0\n  File "C:\\Users\\VIDYANKSHINI\\AppData\\Local\\Programs\\Python\\Python313\\Lib\\site-packages\\_pytest\\main.py", line 372, in _main\n    config.hook.pytest_runtestloop(session=session)\n  File "C:\\Users\\VIDYANKSHINI\\AppData\\Local\\Programs\\Python\\Python313\\Lib\\site-packages\\pluggy\\_hooks.py", line 512, in __call__\n    return self._hookexec(self.name, self._hookimpls.copy(), kwargs, firstresult)\n  File "C:\\Users\\VIDYANKSHINI\\AppData\\Local\\Programs\\Python\\Python313\\Lib\\site-packages\\pluggy\\_manager.py", line 120, in _hookexec\n    return self._inner_hookexec(hook_name, methods, kwargs, firstresult)\n  File "C:\\Users\\VIDYANKSHINI\\AppData\\Local\\Programs\\Python\\Python313\\Lib\\site-packages\\pluggy\\_callers.py", line 121, in _multicall\n    res = hook_impl.function(*args)\n  File "C:\\Users\\VIDYANKSHINI\\AppData\\Local\\Programs\\Python\\Python313\\Lib\\site-packages\\_pytest\\main.py", line 396, in pytest_runtestloop\n    item.config.hook.pytest_runtest_protocol(item=item, nextitem=nextitem)\n  File "C:\\Users\\VIDYANKSHINI\\AppData\\Local\\Programs\\Python\\Python313\\Lib\\site-packages\\pluggy\\_hooks.py", line 512, in __call__\n    return self._hookexec(self.name, self._hookimpls.copy(), kwargs, firstresult)\n  File "C:\\Users\\VIDYANKSHINI\\AppData\\Local\\Programs\\Python\\Python313\\Lib\\site-packages\\pluggy\\_manager.py", line 120, in _hookexec\n    return self._inner_hookexec(hook_name, methods, kwargs, firstresult)\n  File "C:\\Users\\VIDYANKSHINI\\AppData\\Local\\Programs\\Python\\Python313\\Lib\\site-packages\\pluggy\\_callers.py", line 121, in _multicall\n    res = hook_impl.function(*args)\n  File "C:\\Users\\VIDYANKSHINI\\AppData\\Local\\Programs\\Python\\Python313\\Lib\\site-packages\\_pytest\\runner.py", line 118, in pytest_runtest_protocol\n    runtestprotocol(item, nextitem=nextitem)\n  File "C:\\Users\\VIDYANKSHINI\\AppData\\Local\\Programs\\Python\\Python313\\Lib\\site-packages\\_pytest\\runner.py", line 131, in runtestprotocol\n    rep = call_and_report(item, "setup", log)\n  File "C:\\Users\\VIDYANKSHINI\\AppData\\Local\\Programs\\Python\\Python313\\Lib\\site-packages\\_pytest\\runner.py", line 244, in call_and_report\n    call = CallInfo.from_call(\n  File "C:\\Users\\VIDYANKSHINI\\AppData\\Local\\Programs\\Python\\Python313\\Lib\\site-packages\\_pytest\\runner.py", line 353, in from_call\n    result: TResult | None = func()\n  File "C:\\Users\\VIDYANKSHINI\\AppData\\Local\\Programs\\Python\\Python313\\Lib\\site-packages\\_pytest\\runner.py", line 245, in <lambda>\n    lambda: runtest_hook(item=item, **kwds),\n  File "C:\\Users\\VIDYANKSHINI\\AppData\\Local\\Programs\\Python\\Python313\\Lib\\site-packages\\pluggy\\_hooks.py", line 512, in __call__\n    return self._hookexec(self.name, self._hookimpls.copy(), kwargs, firstresult)\n  File "C:\\Users\\VIDYANKSHINI\\AppData\\Local\\Programs\\Python\\Python313\\Lib\\site-packages\\pluggy\\_manager.py", line 120, in _hookexec\n    return self._inner_hookexec(hook_name, methods, kwargs, firstresult)\n  File "C:\\Users\\VIDYANKSHINI\\AppData\\Local\\Programs\\Python\\Python313\\Lib\\site-packages\\pluggy\\_callers.py", line 121, in _multicall\n    res = hook_impl.function(*args)\n  File "C:\\Users\\VIDYANKSHINI\\AppData\\Local\\Programs\\Python\\Python313\\Lib\\site-packages\\_pytest\\runner.py", line 165, in pytest_runtest_setup\n    item.session._setupstate.setup(item)\n  File "C:\\Users\\VIDYANKSHINI\\AppData\\Local\\Programs\\Python\\Python313\\Lib\\site-packages\\_pytest\\runner.py", line 523, in setup\n    col.setup()\n  File "C:\\Users\\VIDYANKSHINI\\AppData\\Local\\Programs\\Python\\Python313\\Lib\\site-packages\\_pytest\\python.py", line 1723, in setup\n    self._request._fillfixtures()\n  File "C:\\Users\\VIDYANKSHINI\\AppData\\Local\\Programs\\Python\\Python313\\Lib\\site-packages\\_pytest\\fixtures.py", line 707, in _fillfixtures\n    item.funcargs[argname] = self.getfixturevalue(argname)\n  File "C:\\Users\\VIDYANKSHINI\\AppData\\Local\\Programs\\Python\\Python313\\Lib\\site-packages\\_pytest\\fixtures.py", line 539, in getfixturevalue\n    fixturedef = self._get_active_fixturedef(argname)\n  File "C:\\Users\\VIDYANKSHINI\\AppData\\Local\\Programs\\Python\\Python313\\Lib\\site-packages\\_pytest\\fixtures.py", line 627, in _get_active_fixturedef\n    fixturedef.execute(request=subrequest)\n  File "C:\\Users\\VIDYANKSHINI\\AppData\\Local\\Programs\\Python\\Python313\\Lib\\site-packages\\_pytest\\fixtures.py", line 1110, in execute\n    result: FixtureValue = ihook.pytest_fixture_setup(\n  File "C:\\Users\\VIDYANKSHINI\\AppData\\Local\\Programs\\Python\\Python313\\Lib\\site-packages\\pluggy\\_hooks.py", line 512, in __call__\n    return self._hookexec(self.name, self._hookimpls.copy(), kwargs, firstresult)\n  File "C:\\Users\\VIDYANKSHINI\\AppData\\Local\\Programs\\Python\\Python313\\Lib\\site-packages\\pluggy\\_manager.py", line 120, in _hookexec\n    return self._inner_hookexec(hook_name, methods, kwargs, firstresult)\n  File "C:\\Users\\VIDYANKSHINI\\AppData\\Local\\Programs\\Python\\Python313\\Lib\\site-packages\\pluggy\\_callers.py", line 121, in _multicall\n    res = hook_impl.function(*args)\n  File "C:\\Users\\VIDYANKSHINI\\AppData\\Local\\Programs\\Python\\Python313\\Lib\\site-packages\\_pytest\\fixtures.py", line 1202, in pytest_fixture_setup\n    result = call_fixture_func(fixturefunc, request, kwargs)\n  File "C:\\Users\\VIDYANKSHINI\\AppData\\Local\\Programs\\Python\\Python313\\Lib\\site-packages\\_pytest\\fixtures.py", line 908, in call_fixture_func\n    fixture_result = next(generator)\n  File "C:\\Users\\VIDYANKSHINI\\Desktop\\project\\SecuScan\\testing\\backend\\conftest.py", line 57, in test_client\n    asyncio.run(setup())\n  File "C:\\Users\\VIDYANKSHINI\\AppData\\Local\\Programs\\Python\\Python313\\Lib\\asyncio\\runners.py", line 195, in run\n    return runner.run(main)\n  File "C:\\Users\\VIDYANKSHINI\\AppData\\Local\\Programs\\Python\\Python313\\Lib\\asyncio\\runners.py", line 118, in run\n    return self._loop.run_until_complete(task)\n  File "C:\\Users\\VIDYANKSHINI\\AppData\\Local\\Programs\\Python\\Python313\\Lib\\asyncio\\base_events.py", line 712, in run_until_complete\n    self.run_forever()\n  File "C:\\Users\\VIDYANKSHINI\\AppData\\Local\\Programs\\Python\\Python313\\Lib\\asyncio\\base_events.py", line 683, in run_forever\n    self._run_once()\n  File "C:\\Users\\VIDYANKSHINI\\AppData\\Local\\Programs\\Python\\Python313\\Lib\\asyncio\\base_events.py", line 2040, in _run_once\n    handle._run()\n  File "C:\\Users\\VIDYANKSHINI\\AppData\\Local\\Programs\\Python\\Python313\\Lib\\asyncio\\events.py", line 89, in _run\n    self._context.run(self._callback, *self._args)\n  File "C:\\Users\\VIDYANKSHINI\\Desktop\\project\\SecuScan\\testing\\backend\\conftest.py", line 55, in setup\n    await init_plugins(settings.plugins_dir)\n  File "C:\\Users\\VIDYANKSHINI\\Desktop\\project\\SecuScan\\backend\\secuscan\\plugins.py", line 382, in init_plugins\n    await plugin_manager.load_plugins()\n  File "C:\\Users\\VIDYANKSHINI\\Desktop\\project\\SecuScan\\backend\\secuscan\\plugins.py", line 59, in load_plugins\n    logger.info(f"\u2713 Loaded plugin: {plugin_meta.name} v{plugin_meta.version}")\nMessage: '\u2713 Loaded plugin: SQLi Exploiter v1.0.0'\nArguments: ()\n--- Logging error ---\nTraceback (most recent call last):\n  File "C:\\Users\\VIDYANKSHINI\\AppData\\Local\\Programs\\Python\\Python313\\Lib\\logging\\__init__.py", line 1153, in emit\n    stream.write(msg + self.terminator)\n    ~~~~~~~~~~~~^^^^^^^^^^^^^^^^^^^^^^^\n  File "C:\\Users\\VIDYANKSHINI\\AppData\\Local\\Programs\\Python\\Python313\\Lib\\encodings\\cp1252.py", line 19, in encode\n    return codecs.charmap_encode(input,self.errors,encoding_table)[0]\n           ~~~~~~~~~~~~~~~~~~~~~^^^^^^^^^^^^^^^^^^^^^^^^^^^^^^^^^^\nUnicodeEncodeError: 'charmap' codec can't encode character '\\u2713' in position 60: character maps to <undefined>\nCall stack:\n  File "<frozen runpy>", line 198, in _run_module_as_main\n  File "<frozen runpy>", line 88, in _run_code\n  File "C:\\Users\\VIDYANKSHINI\\AppData\\Local\\Programs\\Python\\Python313\\Scripts\\pytest.exe\\__main__.py", line 7, in <module>\n    sys.exit(console_main())\n  File "C:\\Users\\VIDYANKSHINI\\AppData\\Local\\Programs\\Python\\Python313\\Lib\\site-packages\\_pytest\\config\\__init__.py", line 223, in console_main\n    code = main()\n  File "C:\\Users\\VIDYANKSHINI\\AppData\\Local\\Programs\\Python\\Python313\\Lib\\site-packages\\_pytest\\config\\__init__.py", line 199, in main\n    ret: ExitCode | int = config.hook.pytest_cmdline_main(config=config)\n  File "C:\\Users\\VIDYANKSHINI\\AppData\\Local\\Programs\\Python\\Python313\\Lib\\site-packages\\pluggy\\_hooks.py", line 512, in __call__\n    return self._hookexec(self.name, self._hookimpls.copy(), kwargs, firstresult)\n  File "C:\\Users\\VIDYANKSHINI\\AppData\\Local\\Programs\\Python\\Python313\\Lib\\site-packages\\pluggy\\_manager.py", line 120, in _hookexec\n    return self._inner_hookexec(hook_name, methods, kwargs, firstresult)\n  File "C:\\Users\\VIDYANKSHINI\\AppData\\Local\\Programs\\Python\\Python313\\Lib\\site-packages\\pluggy\\_callers.py", line 121, in _multicall\n    res = hook_impl.function(*args)\n  File "C:\\Users\\VIDYANKSHINI\\AppData\\Local\\Programs\\Python\\Python313\\Lib\\site-packages\\_pytest\\main.py", line 365, in pytest_cmdline_main\n    return wrap_session(config, _main)\n  File "C:\\Users\\VIDYANKSHINI\\AppData\\Local\\Programs\\Python\\Python313\\Lib\\site-packages\\_pytest\\main.py", line 318, in wrap_session\n    session.exitstatus = doit(config, session) or 0\n  File "C:\\Users\\VIDYANKSHINI\\AppData\\Local\\Programs\\Python\\Python313\\Lib\\site-packages\\_pytest\\main.py", line 372, in _main\n    config.hook.pytest_runtestloop(session=session)\n  File "C:\\Users\\VIDYANKSHINI\\AppData\\Local\\Programs\\Python\\Python313\\Lib\\site-packages\\pluggy\\_hooks.py", line 512, in __call__\n    return self._hookexec(self.name, self._hookimpls.copy(), kwargs, firstresult)\n  File "C:\\Users\\VIDYANKSHINI\\AppData\\Local\\Programs\\Python\\Python313\\Lib\\site-packages\\pluggy\\_manager.py", line 120, in _hookexec\n    return self._inner_hookexec(hook_name, methods, kwargs, firstresult)\n  File "C:\\Users\\VIDYANKSHINI\\AppData\\Local\\Programs\\Python\\Python313\\Lib\\site-packages\\pluggy\\_callers.py", line 121, in _multicall\n    res = hook_impl.function(*args)\n  File "C:\\Users\\VIDYANKSHINI\\AppData\\Local\\Programs\\Python\\Python313\\Lib\\site-packages\\_pytest\\main.py", line 396, in pytest_runtestloop\n    item.config.hook.pytest_runtest_protocol(item=item, nextitem=nextitem)\n  File "C:\\Users\\VIDYANKSHINI\\AppData\\Local\\Programs\\Python\\Python313\\Lib\\site-packages\\pluggy\\_hooks.py", line 512, in __call__\n    return self._hookexec(self.name, self._hookimpls.copy(), kwargs, firstresult)\n  File "C:\\Users\\VIDYANKSHINI\\AppData\\Local\\Programs\\Python\\Python313\\Lib\\site-packages\\pluggy\\_manager.py", line 120, in _hookexec\n    return self._inner_hookexec(hook_name, methods, kwargs, firstresult)\n  File "C:\\Users\\VIDYANKSHINI\\AppData\\Local\\Programs\\Python\\Python313\\Lib\\site-packages\\pluggy\\_callers.py", line 121, in _multicall\n    res = hook_impl.function(*args)\n  File "C:\\Users\\VIDYANKSHINI\\AppData\\Local\\Programs\\Python\\Python313\\Lib\\site-packages\\_pytest\\runner.py", line 118, in pytest_runtest_protocol\n    runtestprotocol(item, nextitem=nextitem)\n  File "C:\\Users\\VIDYANKSHINI\\AppData\\Local\\Programs\\Python\\Python313\\Lib\\site-packages\\_pytest\\runner.py", line 131, in runtestprotocol\n    rep = call_and_report(item, "setup", log)\n  File "C:\\Users\\VIDYANKSHINI\\AppData\\Local\\Programs\\Python\\Python313\\Lib\\site-packages\\_pytest\\runner.py", line 244, in call_and_report\n    call = CallInfo.from_call(\n  File "C:\\Users\\VIDYANKSHINI\\AppData\\Local\\Programs\\Python\\Python313\\Lib\\site-packages\\_pytest\\runner.py", line 353, in from_call\n    result: TResult | None = func()\n  File "C:\\Users\\VIDYANKSHINI\\AppData\\Local\\Programs\\Python\\Python313\\Lib\\site-packages\\_pytest\\runner.py", line 245, in <lambda>\n    lambda: runtest_hook(item=item, **kwds),\n  File "C:\\Users\\VIDYANKSHINI\\AppData\\Local\\Programs\\Python\\Python313\\Lib\\site-packages\\pluggy\\_hooks.py", line 512, in __call__\n    return self._hookexec(self.name, self._hookimpls.copy(), kwargs, firstresult)\n  File "C:\\Users\\VIDYANKSHINI\\AppData\\Local\\Programs\\Python\\Python313\\Lib\\site-packages\\pluggy\\_manager.py", line 120, in _hookexec\n    return self._inner_hookexec(hook_name, methods, kwargs, firstresult)\n  File "C:\\Users\\VIDYANKSHINI\\AppData\\Local\\Programs\\Python\\Python313\\Lib\\site-packages\\pluggy\\_callers.py", line 121, in _multicall\n    res = hook_impl.function(*args)\n  File "C:\\Users\\VIDYANKSHINI\\AppData\\Local\\Programs\\Python\\Python313\\Lib\\site-packages\\_pytest\\runner.py", line 165, in pytest_runtest_setup\n    item.session._setupstate.setup(item)\n  File "C:\\Users\\VIDYANKSHINI\\AppData\\Local\\Programs\\Python\\Python313\\Lib\\site-packages\\_pytest\\runner.py", line 523, in setup\n    col.setup()\n  File "C:\\Users\\VIDYANKSHINI\\AppData\\Local\\Programs\\Python\\Python313\\Lib\\site-packages\\_pytest\\python.py", line 1723, in setup\n    self._request._fillfixtures()\n  File "C:\\Users\\VIDYANKSHINI\\AppData\\Local\\Programs\\Python\\Python313\\Lib\\site-packages\\_pytest\\fixtures.py", line 707, in _fillfixtures\n    item.funcargs[argname] = self.getfixturevalue(argname)\n  File "C:\\Users\\VIDYANKSHINI\\AppData\\Local\\Programs\\Python\\Python313\\Lib\\site-packages\\_pytest\\fixtures.py", line 539, in getfixturevalue\n    fixturedef = self._get_active_fixturedef(argname)\n  File "C:\\Users\\VIDYANKSHINI\\AppData\\Local\\Programs\\Python\\Python313\\Lib\\site-packages\\_pytest\\fixtures.py", line 627, in _get_active_fixturedef\n    fixturedef.execute(request=subrequest)\n  File "C:\\Users\\VIDYANKSHINI\\AppData\\Local\\Programs\\Python\\Python313\\Lib\\site-packages\\_pytest\\fixtures.py", line 1110, in execute\n    result: FixtureValue = ihook.pytest_fixture_setup(\n  File "C:\\Users\\VIDYANKSHINI\\AppData\\Local\\Programs\\Python\\Python313\\Lib\\site-packages\\pluggy\\_hooks.py", line 512, in __call__\n    return self._hookexec(self.name, self._hookimpls.copy(), kwargs, firstresult)\n  File "C:\\Users\\VIDYANKSHINI\\AppData\\Local\\Programs\\Python\\Python313\\Lib\\site-packages\\pluggy\\_manager.py", line 120, in _hookexec\n    return self._inner_hookexec(hook_name, methods, kwargs, firstresult)\n  File "C:\\Users\\VIDYANKSHINI\\AppData\\Local\\Programs\\Python\\Python313\\Lib\\site-packages\\pluggy\\_callers.py", line 121, in _multicall\n    res = hook_impl.function(*args)\n  File "C:\\Users\\VIDYANKSHINI\\AppData\\Local\\Programs\\Python\\Python313\\Lib\\site-packages\\_pytest\\fixtures.py", line 1202, in pytest_fixture_setup\n    result = call_fixture_func(fixturefunc, request, kwargs)\n  File "C:\\Users\\VIDYANKSHINI\\AppData\\Local\\Programs\\Python\\Python313\\Lib\\site-packages\\_pytest\\fixtures.py", line 908, in call_fixture_func\n    fixture_result = next(generator)\n  File "C:\\Users\\VIDYANKSHINI\\Desktop\\project\\SecuScan\\testing\\backend\\conftest.py", line 57, in test_client\n    asyncio.run(setup())\n  File "C:\\Users\\VIDYANKSHINI\\AppData\\Local\\Programs\\Python\\Python313\\Lib\\asyncio\\runners.py", line 195, in run\n    return runner.run(main)\n  File "C:\\Users\\VIDYANKSHINI\\AppData\\Local\\Programs\\Python\\Python313\\Lib\\asyncio\\runners.py", line 118, in run\n    return self._loop.run_until_complete(task)\n  File "C:\\Users\\VIDYANKSHINI\\AppData\\Local\\Programs\\Python\\Python313\\Lib\\asyncio\\base_events.py", line 712, in run_until_complete\n    self.run_forever()\n  File "C:\\Users\\VIDYANKSHINI\\AppData\\Local\\Programs\\Python\\Python313\\Lib\\asyncio\\base_events.py", line 683, in run_forever\n    self._run_once()\n  File "C:\\Users\\VIDYANKSHINI\\AppData\\Local\\Programs\\Python\\Python313\\Lib\\asyncio\\base_events.py", line 2040, in _run_once\n    handle._run()\n  File "C:\\Users\\VIDYANKSHINI\\AppData\\Local\\Programs\\Python\\Python313\\Lib\\asyncio\\events.py", line 89, in _run\n    self._context.run(self._callback, *self._args)\n  File "C:\\Users\\VIDYANKSHINI\\Desktop\\project\\SecuScan\\testing\\backend\\conftest.py", line 55, in setup\n    await init_plugins(settings.plugins_dir)\n  File "C:\\Users\\VIDYANKSHINI\\Desktop\\project\\SecuScan\\backend\\secuscan\\plugins.py", line 382, in init_plugins\n    await plugin_manager.load_plugins()\n  File "C:\\Users\\VIDYANKSHINI\\Desktop\\project\\SecuScan\\backend\\secuscan\\plugins.py", line 59, in load_plugins\n    logger.info(f"\u2713 Loaded plugin: {plugin_meta.name} v{plugin_meta.version}")\nMessage: '\u2713 Loaded plugin: SQL Injection Testing v1.0.0'\nArguments: ()\n--- Logging error ---\nTraceback (most recent call last):\n  File "C:\\Users\\VIDYANKSHINI\\AppData\\Local\\Programs\\Python\\Python313\\Lib\\logging\\__init__.py", line 1153, in emit\n    stream.write(msg + self.terminator)\n    ~~~~~~~~~~~~^^^^^^^^^^^^^^^^^^^^^^^\n  File "C:\\Users\\VIDYANKSHINI\\AppData\\Local\\Programs\\Python\\Python313\\Lib\\encodings\\cp1252.py", line 19, in encode\n    return codecs.charmap_encode(input,self.errors,encoding_table)[0]\n           ~~~~~~~~~~~~~~~~~~~~~^^^^^^^^^^^^^^^^^^^^^^^^^^^^^^^^^^\nUnicodeEncodeError: 'charmap' codec can't encode character '\\u2713' in position 60: character maps to <undefined>\nCall stack:\n  File "<frozen runpy>", line 198, in _run_module_as_main\n  File "<frozen runpy>", line 88, in _run_code\n  File "C:\\Users\\VIDYANKSHINI\\AppData\\Local\\Programs\\Python\\Python313\\Scripts\\pytest.exe\\__main__.py", line 7, in <module>\n    sys.exit(console_main())\n  File "C:\\Users\\VIDYANKSHINI\\AppData\\Local\\Programs\\Python\\Python313\\Lib\\site-packages\\_pytest\\config\\__init__.py", line 223, in console_main\n    code = main()\n  File "C:\\Users\\VIDYANKSHINI\\AppData\\Local\\Programs\\Python\\Python313\\Lib\\site-packages\\_pytest\\config\\__init__.py", line 199, in main\n    ret: ExitCode | int = config.hook.pytest_cmdline_main(config=config)\n  File "C:\\Users\\VIDYANKSHINI\\AppData\\Local\\Programs\\Python\\Python313\\Lib\\site-packages\\pluggy\\_hooks.py", line 512, in __call__\n    return self._hookexec(self.name, self._hookimpls.copy(), kwargs, firstresult)\n  File "C:\\Users\\VIDYANKSHINI\\AppData\\Local\\Programs\\Python\\Python313\\Lib\\site-packages\\pluggy\\_manager.py", line 120, in _hookexec\n    return self._inner_hookexec(hook_name, methods, kwargs, firstresult)\n  File "C:\\Users\\VIDYANKSHINI\\AppData\\Local\\Programs\\Python\\Python313\\Lib\\site-packages\\pluggy\\_callers.py", line 121, in _multicall\n    res = hook_impl.function(*args)\n  File "C:\\Users\\VIDYANKSHINI\\AppData\\Local\\Programs\\Python\\Python313\\Lib\\site-packages\\_pytest\\main.py", line 365, in pytest_cmdline_main\n    return wrap_session(config, _main)\n  File "C:\\Users\\VIDYANKSHINI\\AppData\\Local\\Programs\\Python\\Python313\\Lib\\site-packages\\_pytest\\main.py", line 318, in wrap_session\n    session.exitstatus = doit(config, session) or 0\n  File "C:\\Users\\VIDYANKSHINI\\AppData\\Local\\Programs\\Python\\Python313\\Lib\\site-packages\\_pytest\\main.py", line 372, in _main\n    config.hook.pytest_runtestloop(session=session)\n  File "C:\\Users\\VIDYANKSHINI\\AppData\\Local\\Programs\\Python\\Python313\\Lib\\site-packages\\pluggy\\_hooks.py", line 512, in __call__\n    return self._hookexec(self.name, self._hookimpls.copy(), kwargs, firstresult)\n  File "C:\\Users\\VIDYANKSHINI\\AppData\\Local\\Programs\\Python\\Python313\\Lib\\site-packages\\pluggy\\_manager.py", line 120, in _hookexec\n    return self._inner_hookexec(hook_name, methods, kwargs, firstresult)\n  File "C:\\Users\\VIDYANKSHINI\\AppData\\Local\\Programs\\Python\\Python313\\Lib\\site-packages\\pluggy\\_callers.py", line 121, in _multicall\n    res = hook_impl.function(*args)\n  File "C:\\Users\\VIDYANKSHINI\\AppData\\Local\\Programs\\Python\\Python313\\Lib\\site-packages\\_pytest\\main.py", line 396, in pytest_runtestloop\n    item.config.hook.pytest_runtest_protocol(item=item, nextitem=nextitem)\n  File "C:\\Users\\VIDYANKSHINI\\AppData\\Local\\Programs\\Python\\Python313\\Lib\\site-packages\\pluggy\\_hooks.py", line 512, in __call__\n    return self._hookexec(self.name, self._hookimpls.copy(), kwargs, firstresult)\n  File "C:\\Users\\VIDYANKSHINI\\AppData\\Local\\Programs\\Python\\Python313\\Lib\\site-packages\\pluggy\\_manager.py", line 120, in _hookexec\n    return self._inner_hookexec(hook_name, methods, kwargs, firstresult)\n  File "C:\\Users\\VIDYANKSHINI\\AppData\\Local\\Programs\\Python\\Python313\\Lib\\site-packages\\pluggy\\_callers.py", line 121, in _multicall\n    res = hook_impl.function(*args)\n  File "C:\\Users\\VIDYANKSHINI\\AppData\\Local\\Programs\\Python\\Python313\\Lib\\site-packages\\_pytest\\runner.py", line 118, in pytest_runtest_protocol\n    runtestprotocol(item, nextitem=nextitem)\n  File "C:\\Users\\VIDYANKSHINI\\AppData\\Local\\Programs\\Python\\Python313\\Lib\\site-packages\\_pytest\\runner.py", line 131, in runtestprotocol\n    rep = call_and_report(item, "setup", log)\n  File "C:\\Users\\VIDYANKSHINI\\AppData\\Local\\Programs\\Python\\Python313\\Lib\\site-packages\\_pytest\\runner.py", line 244, in call_and_report\n    call = CallInfo.from_call(\n  File "C:\\Users\\VIDYANKSHINI\\AppData\\Local\\Programs\\Python\\Python313\\Lib\\site-packages\\_pytest\\runner.py", line 353, in from_call\n    result: TResult | None = func()\n  File "C:\\Users\\VIDYANKSHINI\\AppData\\Local\\Programs\\Python\\Python313\\Lib\\site-packages\\_pytest\\runner.py", line 245, in <lambda>\n    lambda: runtest_hook(item=item, **kwds),\n  File "C:\\Users\\VIDYANKSHINI\\AppData\\Local\\Programs\\Python\\Python313\\Lib\\site-packages\\pluggy\\_hooks.py", line 512, in __call__\n    return self._hookexec(self.name, self._hookimpls.copy(), kwargs, firstresult)\n  File "C:\\Users\\VIDYANKSHINI\\AppData\\Local\\Programs\\Python\\Python313\\Lib\\site-packages\\pluggy\\_manager.py", line 120, in _hookexec\n    return self._inner_hookexec(hook_name, methods, kwargs, firstresult)\n  File "C:\\Users\\VIDYANKSHINI\\AppData\\Local\\Programs\\Python\\Python313\\Lib\\site-packages\\pluggy\\_callers.py", line 121, in _multicall\n    res = hook_impl.function(*args)\n  File "C:\\Users\\VIDYANKSHINI\\AppData\\Local\\Programs\\Python\\Python313\\Lib\\site-packages\\_pytest\\runner.py", line 165, in pytest_runtest_setup\n    item.session._setupstate.setup(item)\n  File "C:\\Users\\VIDYANKSHINI\\AppData\\Local\\Programs\\Python\\Python313\\Lib\\site-packages\\_pytest\\runner.py", line 523, in setup\n    col.setup()\n  File "C:\\Users\\VIDYANKSHINI\\AppData\\Local\\Programs\\Python\\Python313\\Lib\\site-packages\\_pytest\\python.py", line 1723, in setup\n    self._request._fillfixtures()\n  File "C:\\Users\\VIDYANKSHINI\\AppData\\Local\\Programs\\Python\\Python313\\Lib\\site-packages\\_pytest\\fixtures.py", line 707, in _fillfixtures\n    item.funcargs[argname] = self.getfixturevalue(argname)\n  File "C:\\Users\\VIDYANKSHINI\\AppData\\Local\\Programs\\Python\\Python313\\Lib\\site-packages\\_pytest\\fixtures.py", line 539, in getfixturevalue\n    fixturedef = self._get_active_fixturedef(argname)\n  File "C:\\Users\\VIDYANKSHINI\\AppData\\Local\\Programs\\Python\\Python313\\Lib\\site-packages\\_pytest\\fixtures.py", line 627, in _get_active_fixturedef\n    fixturedef.execute(request=subrequest)\n  File "C:\\Users\\VIDYANKSHINI\\AppData\\Local\\Programs\\Python\\Python313\\Lib\\site-packages\\_pytest\\fixtures.py", line 1110, in execute\n    result: FixtureValue = ihook.pytest_fixture_setup(\n  File "C:\\Users\\VIDYANKSHINI\\AppData\\Local\\Programs\\Python\\Python313\\Lib\\site-packages\\pluggy\\_hooks.py", line 512, in __call__\n    return self._hookexec(self.name, self._hookimpls.copy(), kwargs, firstresult)\n  File "C:\\Users\\VIDYANKSHINI\\AppData\\Local\\Programs\\Python\\Python313\\Lib\\site-packages\\pluggy\\_manager.py", line 120, in _hookexec\n    return self._inner_hookexec(hook_name, methods, kwargs, firstresult)\n  File "C:\\Users\\VIDYANKSHINI\\AppData\\Local\\Programs\\Python\\Python313\\Lib\\site-packages\\pluggy\\_callers.py", line 121, in _multicall\n    res = hook_impl.function(*args)\n  File "C:\\Users\\VIDYANKSHINI\\AppData\\Local\\Programs\\Python\\Python313\\Lib\\site-packages\\_pytest\\fixtures.py", line 1202, in pytest_fixture_setup\n    result = call_fixture_func(fixturefunc, request, kwargs)\n  File "C:\\Users\\VIDYANKSHINI\\AppData\\Local\\Programs\\Python\\Python313\\Lib\\site-packages\\_pytest\\fixtures.py", line 908, in call_fixture_func\n    fixture_result = next(generator)\n  File "C:\\Users\\VIDYANKSHINI\\Desktop\\project\\SecuScan\\testing\\backend\\conftest.py", line 57, in test_client\n    asyncio.run(setup())\n  File "C:\\Users\\VIDYANKSHINI\\AppData\\Local\\Programs\\Python\\Python313\\Lib\\asyncio\\runners.py", line 195, in run\n    return runner.run(main)\n  File "C:\\Users\\VIDYANKSHINI\\AppData\\Local\\Programs\\Python\\Python313\\Lib\\asyncio\\runners.py", line 118, in run\n    return self._loop.run_until_complete(task)\n  File "C:\\Users\\VIDYANKSHINI\\AppData\\Local\\Programs\\Python\\Python313\\Lib\\asyncio\\base_events.py", line 712, in run_until_complete\n    self.run_forever()\n  File "C:\\Users\\VIDYANKSHINI\\AppData\\Local\\Programs\\Python\\Python313\\Lib\\asyncio\\base_events.py", line 683, in run_forever\n    self._run_once()\n  File "C:\\Users\\VIDYANKSHINI\\AppData\\Local\\Programs\\Python\\Python313\\Lib\\asyncio\\base_events.py", line 2040, in _run_once\n    handle._run()\n  File "C:\\Users\\VIDYANKSHINI\\AppData\\Local\\Programs\\Python\\Python313\\Lib\\asyncio\\events.py", line 89, in _run\n    self._context.run(self._callback, *self._args)\n  File "C:\\Users\\VIDYANKSHINI\\Desktop\\project\\SecuScan\\testing\\backend\\conftest.py", line 55, in setup\n    await init_plugins(settings.plugins_dir)\n  File "C:\\Users\\VIDYANKSHINI\\Desktop\\project\\SecuScan\\backend\\secuscan\\plugins.py", line 382, in init_plugins\n    await plugin_manager.load_plugins()\n  File "C:\\Users\\VIDYANKSHINI\\Desktop\\project\\SecuScan\\backend\\secuscan\\plugins.py", line 59, in load_plugins\n    logger.info(f"\u2713 Loaded plugin: {plugin_meta.name} v{plugin_meta.version}")\nMessage: '\u2713 Loaded plugin: SSH Runner v1.0.0'\nArguments: ()\n--- Logging error ---\nTraceback (most recent call last):\n  File "C:\\Users\\VIDYANKSHINI\\AppData\\Local\\Programs\\Python\\Python313\\Lib\\logging\\__init__.py", line 1153, in emit\n    stream.write(msg + self.terminator)\n    ~~~~~~~~~~~~^^^^^^^^^^^^^^^^^^^^^^^\n  File "C:\\Users\\VIDYANKSHINI\\AppData\\Local\\Programs\\Python\\Python313\\Lib\\encodings\\cp1252.py", line 19, in encode\n    return codecs.charmap_encode(input,self.errors,encoding_table)[0]\n           ~~~~~~~~~~~~~~~~~~~~~^^^^^^^^^^^^^^^^^^^^^^^^^^^^^^^^^^\nUnicodeEncodeError: 'charmap' codec can't encode character '\\u2713' in position 60: character maps to <undefined>\nCall stack:\n  File "<frozen runpy>", line 198, in _run_module_as_main\n  File "<frozen runpy>", line 88, in _run_code\n  File "C:\\Users\\VIDYANKSHINI\\AppData\\Local\\Programs\\Python\\Python313\\Scripts\\pytest.exe\\__main__.py", line 7, in <module>\n    sys.exit(console_main())\n  File "C:\\Users\\VIDYANKSHINI\\AppData\\Local\\Programs\\Python\\Python313\\Lib\\site-packages\\_pytest\\config\\__init__.py", line 223, in console_main\n    code = main()\n  File "C:\\Users\\VIDYANKSHINI\\AppData\\Local\\Programs\\Python\\Python313\\Lib\\site-packages\\_pytest\\config\\__init__.py", line 199, in main\n    ret: ExitCode | int = config.hook.pytest_cmdline_main(config=config)\n  File "C:\\Users\\VIDYANKSHINI\\AppData\\Local\\Programs\\Python\\Python313\\Lib\\site-packages\\pluggy\\_hooks.py", line 512, in __call__\n    return self._hookexec(self.name, self._hookimpls.copy(), kwargs, firstresult)\n  File "C:\\Users\\VIDYANKSHINI\\AppData\\Local\\Programs\\Python\\Python313\\Lib\\site-packages\\pluggy\\_manager.py", line 120, in _hookexec\n    return self._inner_hookexec(hook_name, methods, kwargs, firstresult)\n  File "C:\\Users\\VIDYANKSHINI\\AppData\\Local\\Programs\\Python\\Python313\\Lib\\site-packages\\pluggy\\_callers.py", line 121, in _multicall\n    res = hook_impl.function(*args)\n  File "C:\\Users\\VIDYANKSHINI\\AppData\\Local\\Programs\\Python\\Python313\\Lib\\site-packages\\_pytest\\main.py", line 365, in pytest_cmdline_main\n    return wrap_session(config, _main)\n  File "C:\\Users\\VIDYANKSHINI\\AppData\\Local\\Programs\\Python\\Python313\\Lib\\site-packages\\_pytest\\main.py", line 318, in wrap_session\n    session.exitstatus = doit(config, session) or 0\n  File "C:\\Users\\VIDYANKSHINI\\AppData\\Local\\Programs\\Python\\Python313\\Lib\\site-packages\\_pytest\\main.py", line 372, in _main\n    config.hook.pytest_runtestloop(session=session)\n  File "C:\\Users\\VIDYANKSHINI\\AppData\\Local\\Programs\\Python\\Python313\\Lib\\site-packages\\pluggy\\_hooks.py", line 512, in __call__\n    return self._hookexec(self.name, self._hookimpls.copy(), kwargs, firstresult)\n  File "C:\\Users\\VIDYANKSHINI\\AppData\\Local\\Programs\\Python\\Python313\\Lib\\site-packages\\pluggy\\_manager.py", line 120, in _hookexec\n    return self._inner_hookexec(hook_name, methods, kwargs, firstresult)\n  File "C:\\Users\\VIDYANKSHINI\\AppData\\Local\\Programs\\Python\\Python313\\Lib\\site-packages\\pluggy\\_callers.py", line 121, in _multicall\n    res = hook_impl.function(*args)\n  File "C:\\Users\\VIDYANKSHINI\\AppData\\Local\\Programs\\Python\\Python313\\Lib\\site-packages\\_pytest\\main.py", line 396, in pytest_runtestloop\n    item.config.hook.pytest_runtest_protocol(item=item, nextitem=nextitem)\n  File "C:\\Users\\VIDYANKSHINI\\AppData\\Local\\Programs\\Python\\Python313\\Lib\\site-packages\\pluggy\\_hooks.py", line 512, in __call__\n    return self._hookexec(self.name, self._hookimpls.copy(), kwargs, firstresult)\n  File "C:\\Users\\VIDYANKSHINI\\AppData\\Local\\Programs\\Python\\Python313\\Lib\\site-packages\\pluggy\\_manager.py", line 120, in _hookexec\n    return self._inner_hookexec(hook_name, methods, kwargs, firstresult)\n  File "C:\\Users\\VIDYANKSHINI\\AppData\\Local\\Programs\\Python\\Python313\\Lib\\site-packages\\pluggy\\_callers.py", line 121, in _multicall\n    res = hook_impl.function(*args)\n  File "C:\\Users\\VIDYANKSHINI\\AppData\\Local\\Programs\\Python\\Python313\\Lib\\site-packages\\_pytest\\runner.py", line 118, in pytest_runtest_protocol\n    runtestprotocol(item, nextitem=nextitem)\n  File "C:\\Users\\VIDYANKSHINI\\AppData\\Local\\Programs\\Python\\Python313\\Lib\\site-packages\\_pytest\\runner.py", line 131, in runtestprotocol\n    rep = call_and_report(item, "setup", log)\n  File "C:\\Users\\VIDYANKSHINI\\AppData\\Local\\Programs\\Python\\Python313\\Lib\\site-packages\\_pytest\\runner.py", line 244, in call_and_report\n    call = CallInfo.from_call(\n  File "C:\\Users\\VIDYANKSHINI\\AppData\\Local\\Programs\\Python\\Python313\\Lib\\site-packages\\_pytest\\runner.py", line 353, in from_call\n    result: TResult | None = func()\n  File "C:\\Users\\VIDYANKSHINI\\AppData\\Local\\Programs\\Python\\Python313\\Lib\\site-packages\\_pytest\\runner.py", line 245, in <lambda>\n    lambda: runtest_hook(item=item, **kwds),\n  File "C:\\Users\\VIDYANKSHINI\\AppData\\Local\\Programs\\Python\\Python313\\Lib\\site-packages\\pluggy\\_hooks.py", line 512, in __call__\n    return self._hookexec(self.name, self._hookimpls.copy(), kwargs, firstresult)\n  File "C:\\Users\\VIDYANKSHINI\\AppData\\Local\\Programs\\Python\\Python313\\Lib\\site-packages\\pluggy\\_manager.py", line 120, in _hookexec\n    return self._inner_hookexec(hook_name, methods, kwargs, firstresult)\n  File "C:\\Users\\VIDYANKSHINI\\AppData\\Local\\Programs\\Python\\Python313\\Lib\\site-packages\\pluggy\\_callers.py", line 121, in _multicall\n    res = hook_impl.function(*args)\n  File "C:\\Users\\VIDYANKSHINI\\AppData\\Local\\Programs\\Python\\Python313\\Lib\\site-packages\\_pytest\\runner.py", line 165, in pytest_runtest_setup\n    item.session._setupstate.setup(item)\n  File "C:\\Users\\VIDYANKSHINI\\AppData\\Local\\Programs\\Python\\Python313\\Lib\\site-packages\\_pytest\\runner.py", line 523, in setup\n    col.setup()\n  File "C:\\Users\\VIDYANKSHINI\\AppData\\Local\\Programs\\Python\\Python313\\Lib\\site-packages\\_pytest\\python.py", line 1723, in setup\n    self._request._fillfixtures()\n  File "C:\\Users\\VIDYANKSHINI\\AppData\\Local\\Programs\\Python\\Python313\\Lib\\site-packages\\_pytest\\fixtures.py", line 707, in _fillfixtures\n    item.funcargs[argname] = self.getfixturevalue(argname)\n  File "C:\\Users\\VIDYANKSHINI\\AppData\\Local\\Programs\\Python\\Python313\\Lib\\site-packages\\_pytest\\fixtures.py", line 539, in getfixturevalue\n    fixturedef = self._get_active_fixturedef(argname)\n  File "C:\\Users\\VIDYANKSHINI\\AppData\\Local\\Programs\\Python\\Python313\\Lib\\site-packages\\_pytest\\fixtures.py", line 627, in _get_active_fixturedef\n    fixturedef.execute(request=subrequest)\n  File "C:\\Users\\VIDYANKSHINI\\AppData\\Local\\Programs\\Python\\Python313\\Lib\\site-packages\\_pytest\\fixtures.py", line 1110, in execute\n    result: FixtureValue = ihook.pytest_fixture_setup(\n  File "C:\\Users\\VIDYANKSHINI\\AppData\\Local\\Programs\\Python\\Python313\\Lib\\site-packages\\pluggy\\_hooks.py", line 512, in __call__\n    return self._hookexec(self.name, self._hookimpls.copy(), kwargs, firstresult)\n  File "C:\\Users\\VIDYANKSHINI\\AppData\\Local\\Programs\\Python\\Python313\\Lib\\site-packages\\pluggy\\_manager.py", line 120, in _hookexec\n    return self._inner_hookexec(hook_name, methods, kwargs, firstresult)\n  File "C:\\Users\\VIDYANKSHINI\\AppData\\Local\\Programs\\Python\\Python313\\Lib\\site-packages\\pluggy\\_callers.py", line 121, in _multicall\n    res = hook_impl.function(*args)\n  File "C:\\Users\\VIDYANKSHINI\\AppData\\Local\\Programs\\Python\\Python313\\Lib\\site-packages\\_pytest\\fixtures.py", line 1202, in pytest_fixture_setup\n    result = call_fixture_func(fixturefunc, request, kwargs)\n  File "C:\\Users\\VIDYANKSHINI\\AppData\\Local\\Programs\\Python\\Python313\\Lib\\site-packages\\_pytest\\fixtures.py", line 908, in call_fixture_func\n    fixture_result = next(generator)\n  File "C:\\Users\\VIDYANKSHINI\\Desktop\\project\\SecuScan\\testing\\backend\\conftest.py", line 57, in test_client\n    asyncio.run(setup())\n  File "C:\\Users\\VIDYANKSHINI\\AppData\\Local\\Programs\\Python\\Python313\\Lib\\asyncio\\runners.py", line 195, in run\n    return runner.run(main)\n  File "C:\\Users\\VIDYANKSHINI\\AppData\\Local\\Programs\\Python\\Python313\\Lib\\asyncio\\runners.py", line 118, in run\n    return self._loop.run_until_complete(task)\n  File "C:\\Users\\VIDYANKSHINI\\AppData\\Local\\Programs\\Python\\Python313\\Lib\\asyncio\\base_events.py", line 712, in run_until_complete\n    self.run_forever()\n  File "C:\\Users\\VIDYANKSHINI\\AppData\\Local\\Programs\\Python\\Python313\\Lib\\asyncio\\base_events.py", line 683, in run_forever\n    self._run_once()\n  File "C:\\Users\\VIDYANKSHINI\\AppData\\Local\\Programs\\Python\\Python313\\Lib\\asyncio\\base_events.py", line 2040, in _run_once\n    handle._run()\n  File "C:\\Users\\VIDYANKSHINI\\AppData\\Local\\Programs\\Python\\Python313\\Lib\\asyncio\\events.py", line 89, in _run\n    self._context.run(self._callback, *self._args)\n  File "C:\\Users\\VIDYANKSHINI\\Desktop\\project\\SecuScan\\testing\\backend\\conftest.py", line 55, in setup\n    await init_plugins(settings.plugins_dir)\n  File "C:\\Users\\VIDYANKSHINI\\Desktop\\project\\SecuScan\\backend\\secuscan\\plugins.py", line 382, in init_plugins\n    await plugin_manager.load_plugins()\n  File "C:\\Users\\VIDYANKSHINI\\Desktop\\project\\SecuScan\\backend\\secuscan\\plugins.py", line 59, in load_plugins\n    logger.info(f"\u2713 Loaded plugin: {plugin_meta.name} v{plugin_meta.version}")\nMessage: '\u2713 Loaded plugin: Subdomain Finder v1.0.0'\nArguments: ()\n--- Logging error ---\nTraceback (most recent call last):\n  File "C:\\Users\\VIDYANKSHINI\\AppData\\Local\\Programs\\Python\\Python313\\Lib\\logging\\__init__.py", line 1153, in emit\n    stream.write(msg + self.terminator)\n    ~~~~~~~~~~~~^^^^^^^^^^^^^^^^^^^^^^^\n  File "C:\\Users\\VIDYANKSHINI\\AppData\\Local\\Programs\\Python\\Python313\\Lib\\encodings\\cp1252.py", line 19, in encode\n    return codecs.charmap_encode(input,self.errors,encoding_table)[0]\n           ~~~~~~~~~~~~~~~~~~~~~^^^^^^^^^^^^^^^^^^^^^^^^^^^^^^^^^^\nUnicodeEncodeError: 'charmap' codec can't encode character '\\u2713' in position 60: character maps to <undefined>\nCall stack:\n  File "<frozen runpy>", line 198, in _run_module_as_main\n  File "<frozen runpy>", line 88, in _run_code\n  File "C:\\Users\\VIDYANKSHINI\\AppData\\Local\\Programs\\Python\\Python313\\Scripts\\pytest.exe\\__main__.py", line 7, in <module>\n    sys.exit(console_main())\n  File "C:\\Users\\VIDYANKSHINI\\AppData\\Local\\Programs\\Python\\Python313\\Lib\\site-packages\\_pytest\\config\\__init__.py", line 223, in console_main\n    code = main()\n  File "C:\\Users\\VIDYANKSHINI\\AppData\\Local\\Programs\\Python\\Python313\\Lib\\site-packages\\_pytest\\config\\__init__.py", line 199, in main\n    ret: ExitCode | int = config.hook.pytest_cmdline_main(config=config)\n  File "C:\\Users\\VIDYANKSHINI\\AppData\\Local\\Programs\\Python\\Python313\\Lib\\site-packages\\pluggy\\_hooks.py", line 512, in __call__\n    return self._hookexec(self.name, self._hookimpls.copy(), kwargs, firstresult)\n  File "C:\\Users\\VIDYANKSHINI\\AppData\\Local\\Programs\\Python\\Python313\\Lib\\site-packages\\pluggy\\_manager.py", line 120, in _hookexec\n    return self._inner_hookexec(hook_name, methods, kwargs, firstresult)\n  File "C:\\Users\\VIDYANKSHINI\\AppData\\Local\\Programs\\Python\\Python313\\Lib\\site-packages\\pluggy\\_callers.py", line 121, in _multicall\n    res = hook_impl.function(*args)\n  File "C:\\Users\\VIDYANKSHINI\\AppData\\Local\\Programs\\Python\\Python313\\Lib\\site-packages\\_pytest\\main.py", line 365, in pytest_cmdline_main\n    return wrap_session(config, _main)\n  File "C:\\Users\\VIDYANKSHINI\\AppData\\Local\\Programs\\Python\\Python313\\Lib\\site-packages\\_pytest\\main.py", line 318, in wrap_session\n    session.exitstatus = doit(config, session) or 0\n  File "C:\\Users\\VIDYANKSHINI\\AppData\\Local\\Programs\\Python\\Python313\\Lib\\site-packages\\_pytest\\main.py", line 372, in _main\n    config.hook.pytest_runtestloop(session=session)\n  File "C:\\Users\\VIDYANKSHINI\\AppData\\Local\\Programs\\Python\\Python313\\Lib\\site-packages\\pluggy\\_hooks.py", line 512, in __call__\n    return self._hookexec(self.name, self._hookimpls.copy(), kwargs, firstresult)\n  File "C:\\Users\\VIDYANKSHINI\\AppData\\Local\\Programs\\Python\\Python313\\Lib\\site-packages\\pluggy\\_manager.py", line 120, in _hookexec\n    return self._inner_hookexec(hook_name, methods, kwargs, firstresult)\n  File "C:\\Users\\VIDYANKSHINI\\AppData\\Local\\Programs\\Python\\Python313\\Lib\\site-packages\\pluggy\\_callers.py", line 121, in _multicall\n    res = hook_impl.function(*args)\n  File "C:\\Users\\VIDYANKSHINI\\AppData\\Local\\Programs\\Python\\Python313\\Lib\\site-packages\\_pytest\\main.py", line 396, in pytest_runtestloop\n    item.config.hook.pytest_runtest_protocol(item=item, nextitem=nextitem)\n  File "C:\\Users\\VIDYANKSHINI\\AppData\\Local\\Programs\\Python\\Python313\\Lib\\site-packages\\pluggy\\_hooks.py", line 512, in __call__\n    return self._hookexec(self.name, self._hookimpls.copy(), kwargs, firstresult)\n  File "C:\\Users\\VIDYANKSHINI\\AppData\\Local\\Programs\\Python\\Python313\\Lib\\site-packages\\pluggy\\_manager.py", line 120, in _hookexec\n    return self._inner_hookexec(hook_name, methods, kwargs, firstresult)\n  File "C:\\Users\\VIDYANKSHINI\\AppData\\Local\\Programs\\Python\\Python313\\Lib\\site-packages\\pluggy\\_callers.py", line 121, in _multicall\n    res = hook_impl.function(*args)\n  File "C:\\Users\\VIDYANKSHINI\\AppData\\Local\\Programs\\Python\\Python313\\Lib\\site-packages\\_pytest\\runner.py", line 118, in pytest_runtest_protocol\n    runtestprotocol(item, nextitem=nextitem)\n  File "C:\\Users\\VIDYANKSHINI\\AppData\\Local\\Programs\\Python\\Python313\\Lib\\site-packages\\_pytest\\runner.py", line 131, in runtestprotocol\n    rep = call_and_report(item, "setup", log)\n  File "C:\\Users\\VIDYANKSHINI\\AppData\\Local\\Programs\\Python\\Python313\\Lib\\site-packages\\_pytest\\runner.py", line 244, in call_and_report\n    call = CallInfo.from_call(\n  File "C:\\Users\\VIDYANKSHINI\\AppData\\Local\\Programs\\Python\\Python313\\Lib\\site-packages\\_pytest\\runner.py", line 353, in from_call\n    result: TResult | None = func()\n  File "C:\\Users\\VIDYANKSHINI\\AppData\\Local\\Programs\\Python\\Python313\\Lib\\site-packages\\_pytest\\runner.py", line 245, in <lambda>\n    lambda: runtest_hook(item=item, **kwds),\n  File "C:\\Users\\VIDYANKSHINI\\AppData\\Local\\Programs\\Python\\Python313\\Lib\\site-packages\\pluggy\\_hooks.py", line 512, in __call__\n    return self._hookexec(self.name, self._hookimpls.copy(), kwargs, firstresult)\n  File "C:\\Users\\VIDYANKSHINI\\AppData\\Local\\Programs\\Python\\Python313\\Lib\\site-packages\\pluggy\\_manager.py", line 120, in _hookexec\n    return self._inner_hookexec(hook_name, methods, kwargs, firstresult)\n  File "C:\\Users\\VIDYANKSHINI\\AppData\\Local\\Programs\\Python\\Python313\\Lib\\site-packages\\pluggy\\_callers.py", line 121, in _multicall\n    res = hook_impl.function(*args)\n  File "C:\\Users\\VIDYANKSHINI\\AppData\\Local\\Programs\\Python\\Python313\\Lib\\site-packages\\_pytest\\runner.py", line 165, in pytest_runtest_setup\n    item.session._setupstate.setup(item)\n  File "C:\\Users\\VIDYANKSHINI\\AppData\\Local\\Programs\\Python\\Python313\\Lib\\site-packages\\_pytest\\runner.py", line 523, in setup\n    col.setup()\n  File "C:\\Users\\VIDYANKSHINI\\AppData\\Local\\Programs\\Python\\Python313\\Lib\\site-packages\\_pytest\\python.py", line 1723, in setup\n    self._request._fillfixtures()\n  File "C:\\Users\\VIDYANKSHINI\\AppData\\Local\\Programs\\Python\\Python313\\Lib\\site-packages\\_pytest\\fixtures.py", line 707, in _fillfixtures\n    item.funcargs[argname] = self.getfixturevalue(argname)\n  File "C:\\Users\\VIDYANKSHINI\\AppData\\Local\\Programs\\Python\\Python313\\Lib\\site-packages\\_pytest\\fixtures.py", line 539, in getfixturevalue\n    fixturedef = self._get_active_fixturedef(argname)\n  File "C:\\Users\\VIDYANKSHINI\\AppData\\Local\\Programs\\Python\\Python313\\Lib\\site-packages\\_pytest\\fixtures.py", line 627, in _get_active_fixturedef\n    fixturedef.execute(request=subrequest)\n  File "C:\\Users\\VIDYANKSHINI\\AppData\\Local\\Programs\\Python\\Python313\\Lib\\site-packages\\_pytest\\fixtures.py", line 1110, in execute\n    result: FixtureValue = ihook.pytest_fixture_setup(\n  File "C:\\Users\\VIDYANKSHINI\\AppData\\Local\\Programs\\Python\\Python313\\Lib\\site-packages\\pluggy\\_hooks.py", line 512, in __call__\n    return self._hookexec(self.name, self._hookimpls.copy(), kwargs, firstresult)\n  File "C:\\Users\\VIDYANKSHINI\\AppData\\Local\\Programs\\Python\\Python313\\Lib\\site-packages\\pluggy\\_manager.py", line 120, in _hookexec\n    return self._inner_hookexec(hook_name, methods, kwargs, firstresult)\n  File "C:\\Users\\VIDYANKSHINI\\AppData\\Local\\Programs\\Python\\Python313\\Lib\\site-packages\\pluggy\\_callers.py", line 121, in _multicall\n    res = hook_impl.function(*args)\n  File "C:\\Users\\VIDYANKSHINI\\AppData\\Local\\Programs\\Python\\Python313\\Lib\\site-packages\\_pytest\\fixtures.py", line 1202, in pytest_fixture_setup\n    result = call_fixture_func(fixturefunc, request, kwargs)\n  File "C:\\Users\\VIDYANKSHINI\\AppData\\Local\\Programs\\Python\\Python313\\Lib\\site-packages\\_pytest\\fixtures.py", line 908, in call_fixture_func\n    fixture_result = next(generator)\n  File "C:\\Users\\VIDYANKSHINI\\Desktop\\project\\SecuScan\\testing\\backend\\conftest.py", line 57, in test_client\n    asyncio.run(setup())\n  File "C:\\Users\\VIDYANKSHINI\\AppData\\Local\\Programs\\Python\\Python313\\Lib\\asyncio\\runners.py", line 195, in run\n    return runner.run(main)\n  File "C:\\Users\\VIDYANKSHINI\\AppData\\Local\\Programs\\Python\\Python313\\Lib\\asyncio\\runners.py", line 118, in run\n    return self._loop.run_until_complete(task)\n  File "C:\\Users\\VIDYANKSHINI\\AppData\\Local\\Programs\\Python\\Python313\\Lib\\asyncio\\base_events.py", line 712, in run_until_complete\n    self.run_forever()\n  File "C:\\Users\\VIDYANKSHINI\\AppData\\Local\\Programs\\Python\\Python313\\Lib\\asyncio\\base_events.py", line 683, in run_forever\n    self._run_once()\n  File "C:\\Users\\VIDYANKSHINI\\AppData\\Local\\Programs\\Python\\Python313\\Lib\\asyncio\\base_events.py", line 2040, in _run_once\n    handle._run()\n  File "C:\\Users\\VIDYANKSHINI\\AppData\\Local\\Programs\\Python\\Python313\\Lib\\asyncio\\events.py", line 89, in _run\n    self._context.run(self._callback, *self._args)\n  File "C:\\Users\\VIDYANKSHINI\\Desktop\\project\\SecuScan\\testing\\backend\\conftest.py", line 55, in setup\n    await init_plugins(settings.plugins_dir)\n  File "C:\\Users\\VIDYANKSHINI\\Desktop\\project\\SecuScan\\backend\\secuscan\\plugins.py", line 382, in init_plugins\n    await plugin_manager.load_plugins()\n  File "C:\\Users\\VIDYANKSHINI\\Desktop\\project\\SecuScan\\backend\\secuscan\\plugins.py", line 59, in load_plugins\n    logger.info(f"\u2713 Loaded plugin: {plugin_meta.name} v{plugin_meta.version}")\nMessage: '\u2713 Loaded plugin: Subdomain Scanner v1.0.0'\nArguments: ()\n--- Logging error ---\nTraceback (most recent call last):\n  File "C:\\Users\\VIDYANKSHINI\\AppData\\Local\\Programs\\Python\\Python313\\Lib\\logging\\__init__.py", line 1153, in emit\n    stream.write(msg + self.terminator)\n    ~~~~~~~~~~~~^^^^^^^^^^^^^^^^^^^^^^^\n  File "C:\\Users\\VIDYANKSHINI\\AppData\\Local\\Programs\\Python\\Python313\\Lib\\encodings\\cp1252.py", line 19, in encode\n    return codecs.charmap_encode(input,self.errors,encoding_table)[0]\n           ~~~~~~~~~~~~~~~~~~~~~^^^^^^^^^^^^^^^^^^^^^^^^^^^^^^^^^^\nUnicodeEncodeError: 'charmap' codec can't encode character '\\u2713' in position 60: character maps to <undefined>\nCall stack:\n  File "<frozen runpy>", line 198, in _run_module_as_main\n  File "<frozen runpy>", line 88, in _run_code\n  File "C:\\Users\\VIDYANKSHINI\\AppData\\Local\\Programs\\Python\\Python313\\Scripts\\pytest.exe\\__main__.py", line 7, in <module>\n    sys.exit(console_main())\n  File "C:\\Users\\VIDYANKSHINI\\AppData\\Local\\Programs\\Python\\Python313\\Lib\\site-packages\\_pytest\\config\\__init__.py", line 223, in console_main\n    code = main()\n  File "C:\\Users\\VIDYANKSHINI\\AppData\\Local\\Programs\\Python\\Python313\\Lib\\site-packages\\_pytest\\config\\__init__.py", line 199, in main\n    ret: ExitCode | int = config.hook.pytest_cmdline_main(config=config)\n  File "C:\\Users\\VIDYANKSHINI\\AppData\\Local\\Programs\\Python\\Python313\\Lib\\site-packages\\pluggy\\_hooks.py", line 512, in __call__\n    return self._hookexec(self.name, self._hookimpls.copy(), kwargs, firstresult)\n  File "C:\\Users\\VIDYANKSHINI\\AppData\\Local\\Programs\\Python\\Python313\\Lib\\site-packages\\pluggy\\_manager.py", line 120, in _hookexec\n    return self._inner_hookexec(hook_name, methods, kwargs, firstresult)\n  File "C:\\Users\\VIDYANKSHINI\\AppData\\Local\\Programs\\Python\\Python313\\Lib\\site-packages\\pluggy\\_callers.py", line 121, in _multicall\n    res = hook_impl.function(*args)\n  File "C:\\Users\\VIDYANKSHINI\\AppData\\Local\\Programs\\Python\\Python313\\Lib\\site-packages\\_pytest\\main.py", line 365, in pytest_cmdline_main\n    return wrap_session(config, _main)\n  File "C:\\Users\\VIDYANKSHINI\\AppData\\Local\\Programs\\Python\\Python313\\Lib\\site-packages\\_pytest\\main.py", line 318, in wrap_session\n    session.exitstatus = doit(config, session) or 0\n  File "C:\\Users\\VIDYANKSHINI\\AppData\\Local\\Programs\\Python\\Python313\\Lib\\site-packages\\_pytest\\main.py", line 372, in _main\n    config.hook.pytest_runtestloop(session=session)\n  File "C:\\Users\\VIDYANKSHINI\\AppData\\Local\\Programs\\Python\\Python313\\Lib\\site-packages\\pluggy\\_hooks.py", line 512, in __call__\n    return self._hookexec(self.name, self._hookimpls.copy(), kwargs, firstresult)\n  File "C:\\Users\\VIDYANKSHINI\\AppData\\Local\\Programs\\Python\\Python313\\Lib\\site-packages\\pluggy\\_manager.py", line 120, in _hookexec\n    return self._inner_hookexec(hook_name, methods, kwargs, firstresult)\n  File "C:\\Users\\VIDYANKSHINI\\AppData\\Local\\Programs\\Python\\Python313\\Lib\\site-packages\\pluggy\\_callers.py", line 121, in _multicall\n    res = hook_impl.function(*args)\n  File "C:\\Users\\VIDYANKSHINI\\AppData\\Local\\Programs\\Python\\Python313\\Lib\\site-packages\\_pytest\\main.py", line 396, in pytest_runtestloop\n    item.config.hook.pytest_runtest_protocol(item=item, nextitem=nextitem)\n  File "C:\\Users\\VIDYANKSHINI\\AppData\\Local\\Programs\\Python\\Python313\\Lib\\site-packages\\pluggy\\_hooks.py", line 512, in __call__\n    return self._hookexec(self.name, self._hookimpls.copy(), kwargs, firstresult)\n  File "C:\\Users\\VIDYANKSHINI\\AppData\\Local\\Programs\\Python\\Python313\\Lib\\site-packages\\pluggy\\_manager.py", line 120, in _hookexec\n    return self._inner_hookexec(hook_name, methods, kwargs, firstresult)\n  File "C:\\Users\\VIDYANKSHINI\\AppData\\Local\\Programs\\Python\\Python313\\Lib\\site-packages\\pluggy\\_callers.py", line 121, in _multicall\n    res = hook_impl.function(*args)\n  File "C:\\Users\\VIDYANKSHINI\\AppData\\Local\\Programs\\Python\\Python313\\Lib\\site-packages\\_pytest\\runner.py", line 118, in pytest_runtest_protocol\n    runtestprotocol(item, nextitem=nextitem)\n  File "C:\\Users\\VIDYANKSHINI\\AppData\\Local\\Programs\\Python\\Python313\\Lib\\site-packages\\_pytest\\runner.py", line 131, in runtestprotocol\n    rep = call_and_report(item, "setup", log)\n  File "C:\\Users\\VIDYANKSHINI\\AppData\\Local\\Programs\\Python\\Python313\\Lib\\site-packages\\_pytest\\runner.py", line 244, in call_and_report\n    call = CallInfo.from_call(\n  File "C:\\Users\\VIDYANKSHINI\\AppData\\Local\\Programs\\Python\\Python313\\Lib\\site-packages\\_pytest\\runner.py", line 353, in from_call\n    result: TResult | None = func()\n  File "C:\\Users\\VIDYANKSHINI\\AppData\\Local\\Programs\\Python\\Python313\\Lib\\site-packages\\_pytest\\runner.py", line 245, in <lambda>\n    lambda: runtest_hook(item=item, **kwds),\n  File "C:\\Users\\VIDYANKSHINI\\AppData\\Local\\Programs\\Python\\Python313\\Lib\\site-packages\\pluggy\\_hooks.py", line 512, in __call__\n    return self._hookexec(self.name, self._hookimpls.copy(), kwargs, firstresult)\n  File "C:\\Users\\VIDYANKSHINI\\AppData\\Local\\Programs\\Python\\Python313\\Lib\\site-packages\\pluggy\\_manager.py", line 120, in _hookexec\n    return self._inner_hookexec(hook_name, methods, kwargs, firstresult)\n  File "C:\\Users\\VIDYANKSHINI\\AppData\\Local\\Programs\\Python\\Python313\\Lib\\site-packages\\pluggy\\_callers.py", line 121, in _multicall\n    res = hook_impl.function(*args)\n  File "C:\\Users\\VIDYANKSHINI\\AppData\\Local\\Programs\\Python\\Python313\\Lib\\site-packages\\_pytest\\runner.py", line 165, in pytest_runtest_setup\n    item.session._setupstate.setup(item)\n  File "C:\\Users\\VIDYANKSHINI\\AppData\\Local\\Programs\\Python\\Python313\\Lib\\site-packages\\_pytest\\runner.py", line 523, in setup\n    col.setup()\n  File "C:\\Users\\VIDYANKSHINI\\AppData\\Local\\Programs\\Python\\Python313\\Lib\\site-packages\\_pytest\\python.py", line 1723, in setup\n    self._request._fillfixtures()\n  File "C:\\Users\\VIDYANKSHINI\\AppData\\Local\\Programs\\Python\\Python313\\Lib\\site-packages\\_pytest\\fixtures.py", line 707, in _fillfixtures\n    item.funcargs[argname] = self.getfixturevalue(argname)\n  File "C:\\Users\\VIDYANKSHINI\\AppData\\Local\\Programs\\Python\\Python313\\Lib\\site-packages\\_pytest\\fixtures.py", line 539, in getfixturevalue\n    fixturedef = self._get_active_fixturedef(argname)\n  File "C:\\Users\\VIDYANKSHINI\\AppData\\Local\\Programs\\Python\\Python313\\Lib\\site-packages\\_pytest\\fixtures.py", line 627, in _get_active_fixturedef\n    fixturedef.execute(request=subrequest)\n  File "C:\\Users\\VIDYANKSHINI\\AppData\\Local\\Programs\\Python\\Python313\\Lib\\site-packages\\_pytest\\fixtures.py", line 1110, in execute\n    result: FixtureValue = ihook.pytest_fixture_setup(\n  File "C:\\Users\\VIDYANKSHINI\\AppData\\Local\\Programs\\Python\\Python313\\Lib\\site-packages\\pluggy\\_hooks.py", line 512, in __call__\n    return self._hookexec(self.name, self._hookimpls.copy(), kwargs, firstresult)\n  File "C:\\Users\\VIDYANKSHINI\\AppData\\Local\\Programs\\Python\\Python313\\Lib\\site-packages\\pluggy\\_manager.py", line 120, in _hookexec\n    return self._inner_hookexec(hook_name, methods, kwargs, firstresult)\n  File "C:\\Users\\VIDYANKSHINI\\AppData\\Local\\Programs\\Python\\Python313\\Lib\\site-packages\\pluggy\\_callers.py", line 121, in _multicall\n    res = hook_impl.function(*args)\n  File "C:\\Users\\VIDYANKSHINI\\AppData\\Local\\Programs\\Python\\Python313\\Lib\\site-packages\\_pytest\\fixtures.py", line 1202, in pytest_fixture_setup\n    result = call_fixture_func(fixturefunc, request, kwargs)\n  File "C:\\Users\\VIDYANKSHINI\\AppData\\Local\\Programs\\Python\\Python313\\Lib\\site-packages\\_pytest\\fixtures.py", line 908, in call_fixture_func\n    fixture_result = next(generator)\n  File "C:\\Users\\VIDYANKSHINI\\Desktop\\project\\SecuScan\\testing\\backend\\conftest.py", line 57, in test_client\n    asyncio.run(setup())\n  File "C:\\Users\\VIDYANKSHINI\\AppData\\Local\\Programs\\Python\\Python313\\Lib\\asyncio\\runners.py", line 195, in run\n    return runner.run(main)\n  File "C:\\Users\\VIDYANKSHINI\\AppData\\Local\\Programs\\Python\\Python313\\Lib\\asyncio\\runners.py", line 118, in run\n    return self._loop.run_until_complete(task)\n  File "C:\\Users\\VIDYANKSHINI\\AppData\\Local\\Programs\\Python\\Python313\\Lib\\asyncio\\base_events.py", line 712, in run_until_complete\n    self.run_forever()\n  File "C:\\Users\\VIDYANKSHINI\\AppData\\Local\\Programs\\Python\\Python313\\Lib\\asyncio\\base_events.py", line 683, in run_forever\n    self._run_once()\n  File "C:\\Users\\VIDYANKSHINI\\AppData\\Local\\Programs\\Python\\Python313\\Lib\\asyncio\\base_events.py", line 2040, in _run_once\n    handle._run()\n  File "C:\\Users\\VIDYANKSHINI\\AppData\\Local\\Programs\\Python\\Python313\\Lib\\asyncio\\events.py", line 89, in _run\n    self._context.run(self._callback, *self._args)\n  File "C:\\Users\\VIDYANKSHINI\\Desktop\\project\\SecuScan\\testing\\backend\\conftest.py", line 55, in setup\n    await init_plugins(settings.plugins_dir)\n  File "C:\\Users\\VIDYANKSHINI\\Desktop\\project\\SecuScan\\backend\\secuscan\\plugins.py", line 382, in init_plugins\n    await plugin_manager.load_plugins()\n  File "C:\\Users\\VIDYANKSHINI\\Desktop\\project\\SecuScan\\backend\\secuscan\\plugins.py", line 59, in load_plugins\n    logger.info(f"\u2713 Loaded plugin: {plugin_meta.name} v{plugin_meta.version}")\nMessage: '\u2713 Loaded plugin: Subdomain Takeover v1.0.0'\nArguments: ()\n--- Logging error ---\nTraceback (most recent call last):\n  File "C:\\Users\\VIDYANKSHINI\\AppData\\Local\\Programs\\Python\\Python313\\Lib\\logging\\__init__.py", line 1153, in emit\n    stream.write(msg + self.terminator)\n    ~~~~~~~~~~~~^^^^^^^^^^^^^^^^^^^^^^^\n  File "C:\\Users\\VIDYANKSHINI\\AppData\\Local\\Programs\\Python\\Python313\\Lib\\encodings\\cp1252.py", line 19, in encode\n    return codecs.charmap_encode(input,self.errors,encoding_table)[0]\n           ~~~~~~~~~~~~~~~~~~~~~^^^^^^^^^^^^^^^^^^^^^^^^^^^^^^^^^^\nUnicodeEncodeError: 'charmap' codec can't encode character '\\u2713' in position 60: character maps to <undefined>\nCall stack:\n  File "<frozen runpy>", line 198, in _run_module_as_main\n  File "<frozen runpy>", line 88, in _run_code\n  File "C:\\Users\\VIDYANKSHINI\\AppData\\Local\\Programs\\Python\\Python313\\Scripts\\pytest.exe\\__main__.py", line 7, in <module>\n    sys.exit(console_main())\n  File "C:\\Users\\VIDYANKSHINI\\AppData\\Local\\Programs\\Python\\Python313\\Lib\\site-packages\\_pytest\\config\\__init__.py", line 223, in console_main\n    code = main()\n  File "C:\\Users\\VIDYANKSHINI\\AppData\\Local\\Programs\\Python\\Python313\\Lib\\site-packages\\_pytest\\config\\__init__.py", line 199, in main\n    ret: ExitCode | int = config.hook.pytest_cmdline_main(config=config)\n  File "C:\\Users\\VIDYANKSHINI\\AppData\\Local\\Programs\\Python\\Python313\\Lib\\site-packages\\pluggy\\_hooks.py", line 512, in __call__\n    return self._hookexec(self.name, self._hookimpls.copy(), kwargs, firstresult)\n  File "C:\\Users\\VIDYANKSHINI\\AppData\\Local\\Programs\\Python\\Python313\\Lib\\site-packages\\pluggy\\_manager.py", line 120, in _hookexec\n    return self._inner_hookexec(hook_name, methods, kwargs, firstresult)\n  File "C:\\Users\\VIDYANKSHINI\\AppData\\Local\\Programs\\Python\\Python313\\Lib\\site-packages\\pluggy\\_callers.py", line 121, in _multicall\n    res = hook_impl.function(*args)\n  File "C:\\Users\\VIDYANKSHINI\\AppData\\Local\\Programs\\Python\\Python313\\Lib\\site-packages\\_pytest\\main.py", line 365, in pytest_cmdline_main\n    return wrap_session(config, _main)\n  File "C:\\Users\\VIDYANKSHINI\\AppData\\Local\\Programs\\Python\\Python313\\Lib\\site-packages\\_pytest\\main.py", line 318, in wrap_session\n    session.exitstatus = doit(config, session) or 0\n  File "C:\\Users\\VIDYANKSHINI\\AppData\\Local\\Programs\\Python\\Python313\\Lib\\site-packages\\_pytest\\main.py", line 372, in _main\n    config.hook.pytest_runtestloop(session=session)\n  File "C:\\Users\\VIDYANKSHINI\\AppData\\Local\\Programs\\Python\\Python313\\Lib\\site-packages\\pluggy\\_hooks.py", line 512, in __call__\n    return self._hookexec(self.name, self._hookimpls.copy(), kwargs, firstresult)\n  File "C:\\Users\\VIDYANKSHINI\\AppData\\Local\\Programs\\Python\\Python313\\Lib\\site-packages\\pluggy\\_manager.py", line 120, in _hookexec\n    return self._inner_hookexec(hook_name, methods, kwargs, firstresult)\n  File "C:\\Users\\VIDYANKSHINI\\AppData\\Local\\Programs\\Python\\Python313\\Lib\\site-packages\\pluggy\\_callers.py", line 121, in _multicall\n    res = hook_impl.function(*args)\n  File "C:\\Users\\VIDYANKSHINI\\AppData\\Local\\Programs\\Python\\Python313\\Lib\\site-packages\\_pytest\\main.py", line 396, in pytest_runtestloop\n    item.config.hook.pytest_runtest_protocol(item=item, nextitem=nextitem)\n  File "C:\\Users\\VIDYANKSHINI\\AppData\\Local\\Programs\\Python\\Python313\\Lib\\site-packages\\pluggy\\_hooks.py", line 512, in __call__\n    return self._hookexec(self.name, self._hookimpls.copy(), kwargs, firstresult)\n  File "C:\\Users\\VIDYANKSHINI\\AppData\\Local\\Programs\\Python\\Python313\\Lib\\site-packages\\pluggy\\_manager.py", line 120, in _hookexec\n    return self._inner_hookexec(hook_name, methods, kwargs, firstresult)\n  File "C:\\Users\\VIDYANKSHINI\\AppData\\Local\\Programs\\Python\\Python313\\Lib\\site-packages\\pluggy\\_callers.py", line 121, in _multicall\n    res = hook_impl.function(*args)\n  File "C:\\Users\\VIDYANKSHINI\\AppData\\Local\\Programs\\Python\\Python313\\Lib\\site-packages\\_pytest\\runner.py", line 118, in pytest_runtest_protocol\n    runtestprotocol(item, nextitem=nextitem)\n  File "C:\\Users\\VIDYANKSHINI\\AppData\\Local\\Programs\\Python\\Python313\\Lib\\site-packages\\_pytest\\runner.py", line 131, in runtestprotocol\n    rep = call_and_report(item, "setup", log)\n  File "C:\\Users\\VIDYANKSHINI\\AppData\\Local\\Programs\\Python\\Python313\\Lib\\site-packages\\_pytest\\runner.py", line 244, in call_and_report\n    call = CallInfo.from_call(\n  File "C:\\Users\\VIDYANKSHINI\\AppData\\Local\\Programs\\Python\\Python313\\Lib\\site-packages\\_pytest\\runner.py", line 353, in from_call\n    result: TResult | None = func()\n  File "C:\\Users\\VIDYANKSHINI\\AppData\\Local\\Programs\\Python\\Python313\\Lib\\site-packages\\_pytest\\runner.py", line 245, in <lambda>\n    lambda: runtest_hook(item=item, **kwds),\n  File "C:\\Users\\VIDYANKSHINI\\AppData\\Local\\Programs\\Python\\Python313\\Lib\\site-packages\\pluggy\\_hooks.py", line 512, in __call__\n    return self._hookexec(self.name, self._hookimpls.copy(), kwargs, firstresult)\n  File "C:\\Users\\VIDYANKSHINI\\AppData\\Local\\Programs\\Python\\Python313\\Lib\\site-packages\\pluggy\\_manager.py", line 120, in _hookexec\n    return self._inner_hookexec(hook_name, methods, kwargs, firstresult)\n  File "C:\\Users\\VIDYANKSHINI\\AppData\\Local\\Programs\\Python\\Python313\\Lib\\site-packages\\pluggy\\_callers.py", line 121, in _multicall\n    res = hook_impl.function(*args)\n  File "C:\\Users\\VIDYANKSHINI\\AppData\\Local\\Programs\\Python\\Python313\\Lib\\site-packages\\_pytest\\runner.py", line 165, in pytest_runtest_setup\n    item.session._setupstate.setup(item)\n  File "C:\\Users\\VIDYANKSHINI\\AppData\\Local\\Programs\\Python\\Python313\\Lib\\site-packages\\_pytest\\runner.py", line 523, in setup\n    col.setup()\n  File "C:\\Users\\VIDYANKSHINI\\AppData\\Local\\Programs\\Python\\Python313\\Lib\\site-packages\\_pytest\\python.py", line 1723, in setup\n    self._request._fillfixtures()\n  File "C:\\Users\\VIDYANKSHINI\\AppData\\Local\\Programs\\Python\\Python313\\Lib\\site-packages\\_pytest\\fixtures.py", line 707, in _fillfixtures\n    item.funcargs[argname] = self.getfixturevalue(argname)\n  File "C:\\Users\\VIDYANKSHINI\\AppData\\Local\\Programs\\Python\\Python313\\Lib\\site-packages\\_pytest\\fixtures.py", line 539, in getfixturevalue\n    fixturedef = self._get_active_fixturedef(argname)\n  File "C:\\Users\\VIDYANKSHINI\\AppData\\Local\\Programs\\Python\\Python313\\Lib\\site-packages\\_pytest\\fixtures.py", line 627, in _get_active_fixturedef\n    fixturedef.execute(request=subrequest)\n  File "C:\\Users\\VIDYANKSHINI\\AppData\\Local\\Programs\\Python\\Python313\\Lib\\site-packages\\_pytest\\fixtures.py", line 1110, in execute\n    result: FixtureValue = ihook.pytest_fixture_setup(\n  File "C:\\Users\\VIDYANKSHINI\\AppData\\Local\\Programs\\Python\\Python313\\Lib\\site-packages\\pluggy\\_hooks.py", line 512, in __call__\n    return self._hookexec(self.name, self._hookimpls.copy(), kwargs, firstresult)\n  File "C:\\Users\\VIDYANKSHINI\\AppData\\Local\\Programs\\Python\\Python313\\Lib\\site-packages\\pluggy\\_manager.py", line 120, in _hookexec\n    return self._inner_hookexec(hook_name, methods, kwargs, firstresult)\n  File "C:\\Users\\VIDYANKSHINI\\AppData\\Local\\Programs\\Python\\Python313\\Lib\\site-packages\\pluggy\\_callers.py", line 121, in _multicall\n    res = hook_impl.function(*args)\n  File "C:\\Users\\VIDYANKSHINI\\AppData\\Local\\Programs\\Python\\Python313\\Lib\\site-packages\\_pytest\\fixtures.py", line 1202, in pytest_fixture_setup\n    result = call_fixture_func(fixturefunc, request, kwargs)\n  File "C:\\Users\\VIDYANKSHINI\\AppData\\Local\\Programs\\Python\\Python313\\Lib\\site-packages\\_pytest\\fixtures.py", line 908, in call_fixture_func\n    fixture_result = next(generator)\n  File "C:\\Users\\VIDYANKSHINI\\Desktop\\project\\SecuScan\\testing\\backend\\conftest.py", line 57, in test_client\n    asyncio.run(setup())\n  File "C:\\Users\\VIDYANKSHINI\\AppData\\Local\\Programs\\Python\\Python313\\Lib\\asyncio\\runners.py", line 195, in run\n    return runner.run(main)\n  File "C:\\Users\\VIDYANKSHINI\\AppData\\Local\\Programs\\Python\\Python313\\Lib\\asyncio\\runners.py", line 118, in run\n    return self._loop.run_until_complete(task)\n  File "C:\\Users\\VIDYANKSHINI\\AppData\\Local\\Programs\\Python\\Python313\\Lib\\asyncio\\base_events.py", line 712, in run_until_complete\n    self.run_forever()\n  File "C:\\Users\\VIDYANKSHINI\\AppData\\Local\\Programs\\Python\\Python313\\Lib\\asyncio\\base_events.py", line 683, in run_forever\n    self._run_once()\n  File "C:\\Users\\VIDYANKSHINI\\AppData\\Local\\Programs\\Python\\Python313\\Lib\\asyncio\\base_events.py", line 2040, in _run_once\n    handle._run()\n  File "C:\\Users\\VIDYANKSHINI\\AppData\\Local\\Programs\\Python\\Python313\\Lib\\asyncio\\events.py", line 89, in _run\n    self._context.run(self._callback, *self._args)\n  File "C:\\Users\\VIDYANKSHINI\\Desktop\\project\\SecuScan\\testing\\backend\\conftest.py", line 55, in setup\n    await init_plugins(settings.plugins_dir)\n  File "C:\\Users\\VIDYANKSHINI\\Desktop\\project\\SecuScan\\backend\\secuscan\\plugins.py", line 382, in init_plugins\n    await plugin_manager.load_plugins()\n  File "C:\\Users\\VIDYANKSHINI\\Desktop\\project\\SecuScan\\backend\\secuscan\\plugins.py", line 59, in load_plugins\n    logger.info(f"\u2713 Loaded plugin: {plugin_meta.name} v{plugin_meta.version}")\nMessage: '\u2713 Loaded plugin: Subfinder v1.0.0'\nArguments: ()\n--- Logging error ---\nTraceback (most recent call last):\n  File "C:\\Users\\VIDYANKSHINI\\AppData\\Local\\Programs\\Python\\Python313\\Lib\\logging\\__init__.py", line 1153, in emit\n    stream.write(msg + self.terminator)\n    ~~~~~~~~~~~~^^^^^^^^^^^^^^^^^^^^^^^\n  File "C:\\Users\\VIDYANKSHINI\\AppData\\Local\\Programs\\Python\\Python313\\Lib\\encodings\\cp1252.py", line 19, in encode\n    return codecs.charmap_encode(input,self.errors,encoding_table)[0]\n           ~~~~~~~~~~~~~~~~~~~~~^^^^^^^^^^^^^^^^^^^^^^^^^^^^^^^^^^\nUnicodeEncodeError: 'charmap' codec can't encode character '\\u2713' in position 60: character maps to <undefined>\nCall stack:\n  File "<frozen runpy>", line 198, in _run_module_as_main\n  File "<frozen runpy>", line 88, in _run_code\n  File "C:\\Users\\VIDYANKSHINI\\AppData\\Local\\Programs\\Python\\Python313\\Scripts\\pytest.exe\\__main__.py", line 7, in <module>\n    sys.exit(console_main())\n  File "C:\\Users\\VIDYANKSHINI\\AppData\\Local\\Programs\\Python\\Python313\\Lib\\site-packages\\_pytest\\config\\__init__.py", line 223, in console_main\n    code = main()\n  File "C:\\Users\\VIDYANKSHINI\\AppData\\Local\\Programs\\Python\\Python313\\Lib\\site-packages\\_pytest\\config\\__init__.py", line 199, in main\n    ret: ExitCode | int = config.hook.pytest_cmdline_main(config=config)\n  File "C:\\Users\\VIDYANKSHINI\\AppData\\Local\\Programs\\Python\\Python313\\Lib\\site-packages\\pluggy\\_hooks.py", line 512, in __call__\n    return self._hookexec(self.name, self._hookimpls.copy(), kwargs, firstresult)\n  File "C:\\Users\\VIDYANKSHINI\\AppData\\Local\\Programs\\Python\\Python313\\Lib\\site-packages\\pluggy\\_manager.py", line 120, in _hookexec\n    return self._inner_hookexec(hook_name, methods, kwargs, firstresult)\n  File "C:\\Users\\VIDYANKSHINI\\AppData\\Local\\Programs\\Python\\Python313\\Lib\\site-packages\\pluggy\\_callers.py", line 121, in _multicall\n    res = hook_impl.function(*args)\n  File "C:\\Users\\VIDYANKSHINI\\AppData\\Local\\Programs\\Python\\Python313\\Lib\\site-packages\\_pytest\\main.py", line 365, in pytest_cmdline_main\n    return wrap_session(config, _main)\n  File "C:\\Users\\VIDYANKSHINI\\AppData\\Local\\Programs\\Python\\Python313\\Lib\\site-packages\\_pytest\\main.py", line 318, in wrap_session\n    session.exitstatus = doit(config, session) or 0\n  File "C:\\Users\\VIDYANKSHINI\\AppData\\Local\\Programs\\Python\\Python313\\Lib\\site-packages\\_pytest\\main.py", line 372, in _main\n    config.hook.pytest_runtestloop(session=session)\n  File "C:\\Users\\VIDYANKSHINI\\AppData\\Local\\Programs\\Python\\Python313\\Lib\\site-packages\\pluggy\\_hooks.py", line 512, in __call__\n    return self._hookexec(self.name, self._hookimpls.copy(), kwargs, firstresult)\n  File "C:\\Users\\VIDYANKSHINI\\AppData\\Local\\Programs\\Python\\Python313\\Lib\\site-packages\\pluggy\\_manager.py", line 120, in _hookexec\n    return self._inner_hookexec(hook_name, methods, kwargs, firstresult)\n  File "C:\\Users\\VIDYANKSHINI\\AppData\\Local\\Programs\\Python\\Python313\\Lib\\site-packages\\pluggy\\_callers.py", line 121, in _multicall\n    res = hook_impl.function(*args)\n  File "C:\\Users\\VIDYANKSHINI\\AppData\\Local\\Programs\\Python\\Python313\\Lib\\site-packages\\_pytest\\main.py", line 396, in pytest_runtestloop\n    item.config.hook.pytest_runtest_protocol(item=item, nextitem=nextitem)\n  File "C:\\Users\\VIDYANKSHINI\\AppData\\Local\\Programs\\Python\\Python313\\Lib\\site-packages\\pluggy\\_hooks.py", line 512, in __call__\n    return self._hookexec(self.name, self._hookimpls.copy(), kwargs, firstresult)\n  File "C:\\Users\\VIDYANKSHINI\\AppData\\Local\\Programs\\Python\\Python313\\Lib\\site-packages\\pluggy\\_manager.py", line 120, in _hookexec\n    return self._inner_hookexec(hook_name, methods, kwargs, firstresult)\n  File "C:\\Users\\VIDYANKSHINI\\AppData\\Local\\Programs\\Python\\Python313\\Lib\\site-packages\\pluggy\\_callers.py", line 121, in _multicall\n    res = hook_impl.function(*args)\n  File "C:\\Users\\VIDYANKSHINI\\AppData\\Local\\Programs\\Python\\Python313\\Lib\\site-packages\\_pytest\\runner.py", line 118, in pytest_runtest_protocol\n    runtestprotocol(item, nextitem=nextitem)\n  File "C:\\Users\\VIDYANKSHINI\\AppData\\Local\\Programs\\Python\\Python313\\Lib\\site-packages\\_pytest\\runner.py", line 131, in runtestprotocol\n    rep = call_and_report(item, "setup", log)\n  File "C:\\Users\\VIDYANKSHINI\\AppData\\Local\\Programs\\Python\\Python313\\Lib\\site-packages\\_pytest\\runner.py", line 244, in call_and_report\n    call = CallInfo.from_call(\n  File "C:\\Users\\VIDYANKSHINI\\AppData\\Local\\Programs\\Python\\Python313\\Lib\\site-packages\\_pytest\\runner.py", line 353, in from_call\n    result: TResult | None = func()\n  File "C:\\Users\\VIDYANKSHINI\\AppData\\Local\\Programs\\Python\\Python313\\Lib\\site-packages\\_pytest\\runner.py", line 245, in <lambda>\n    lambda: runtest_hook(item=item, **kwds),\n  File "C:\\Users\\VIDYANKSHINI\\AppData\\Local\\Programs\\Python\\Python313\\Lib\\site-packages\\pluggy\\_hooks.py", line 512, in __call__\n    return self._hookexec(self.name, self._hookimpls.copy(), kwargs, firstresult)\n  File "C:\\Users\\VIDYANKSHINI\\AppData\\Local\\Programs\\Python\\Python313\\Lib\\site-packages\\pluggy\\_manager.py", line 120, in _hookexec\n    return self._inner_hookexec(hook_name, methods, kwargs, firstresult)\n  File "C:\\Users\\VIDYANKSHINI\\AppData\\Local\\Programs\\Python\\Python313\\Lib\\site-packages\\pluggy\\_callers.py", line 121, in _multicall\n    res = hook_impl.function(*args)\n  File "C:\\Users\\VIDYANKSHINI\\AppData\\Local\\Programs\\Python\\Python313\\Lib\\site-packages\\_pytest\\runner.py", line 165, in pytest_runtest_setup\n    item.session._setupstate.setup(item)\n  File "C:\\Users\\VIDYANKSHINI\\AppData\\Local\\Programs\\Python\\Python313\\Lib\\site-packages\\_pytest\\runner.py", line 523, in setup\n    col.setup()\n  File "C:\\Users\\VIDYANKSHINI\\AppData\\Local\\Programs\\Python\\Python313\\Lib\\site-packages\\_pytest\\python.py", line 1723, in setup\n    self._request._fillfixtures()\n  File "C:\\Users\\VIDYANKSHINI\\AppData\\Local\\Programs\\Python\\Python313\\Lib\\site-packages\\_pytest\\fixtures.py", line 707, in _fillfixtures\n    item.funcargs[argname] = self.getfixturevalue(argname)\n  File "C:\\Users\\VIDYANKSHINI\\AppData\\Local\\Programs\\Python\\Python313\\Lib\\site-packages\\_pytest\\fixtures.py", line 539, in getfixturevalue\n    fixturedef = self._get_active_fixturedef(argname)\n  File "C:\\Users\\VIDYANKSHINI\\AppData\\Local\\Programs\\Python\\Python313\\Lib\\site-packages\\_pytest\\fixtures.py", line 627, in _get_active_fixturedef\n    fixturedef.execute(request=subrequest)\n  File "C:\\Users\\VIDYANKSHINI\\AppData\\Local\\Programs\\Python\\Python313\\Lib\\site-packages\\_pytest\\fixtures.py", line 1110, in execute\n    result: FixtureValue = ihook.pytest_fixture_setup(\n  File "C:\\Users\\VIDYANKSHINI\\AppData\\Local\\Programs\\Python\\Python313\\Lib\\site-packages\\pluggy\\_hooks.py", line 512, in __call__\n    return self._hookexec(self.name, self._hookimpls.copy(), kwargs, firstresult)\n  File "C:\\Users\\VIDYANKSHINI\\AppData\\Local\\Programs\\Python\\Python313\\Lib\\site-packages\\pluggy\\_manager.py", line 120, in _hookexec\n    return self._inner_hookexec(hook_name, methods, kwargs, firstresult)\n  File "C:\\Users\\VIDYANKSHINI\\AppData\\Local\\Programs\\Python\\Python313\\Lib\\site-packages\\pluggy\\_callers.py", line 121, in _multicall\n    res = hook_impl.function(*args)\n  File "C:\\Users\\VIDYANKSHINI\\AppData\\Local\\Programs\\Python\\Python313\\Lib\\site-packages\\_pytest\\fixtures.py", line 1202, in pytest_fixture_setup\n    result = call_fixture_func(fixturefunc, request, kwargs)\n  File "C:\\Users\\VIDYANKSHINI\\AppData\\Local\\Programs\\Python\\Python313\\Lib\\site-packages\\_pytest\\fixtures.py", line 908, in call_fixture_func\n    fixture_result = next(generator)\n  File "C:\\Users\\VIDYANKSHINI\\Desktop\\project\\SecuScan\\testing\\backend\\conftest.py", line 57, in test_client\n    asyncio.run(setup())\n  File "C:\\Users\\VIDYANKSHINI\\AppData\\Local\\Programs\\Python\\Python313\\Lib\\asyncio\\runners.py", line 195, in run\n    return runner.run(main)\n  File "C:\\Users\\VIDYANKSHINI\\AppData\\Local\\Programs\\Python\\Python313\\Lib\\asyncio\\runners.py", line 118, in run\n    return self._loop.run_until_complete(task)\n  File "C:\\Users\\VIDYANKSHINI\\AppData\\Local\\Programs\\Python\\Python313\\Lib\\asyncio\\base_events.py", line 712, in run_until_complete\n    self.run_forever()\n  File "C:\\Users\\VIDYANKSHINI\\AppData\\Local\\Programs\\Python\\Python313\\Lib\\asyncio\\base_events.py", line 683, in run_forever\n    self._run_once()\n  File "C:\\Users\\VIDYANKSHINI\\AppData\\Local\\Programs\\Python\\Python313\\Lib\\asyncio\\base_events.py", line 2040, in _run_once\n    handle._run()\n  File "C:\\Users\\VIDYANKSHINI\\AppData\\Local\\Programs\\Python\\Python313\\Lib\\asyncio\\events.py", line 89, in _run\n    self._context.run(self._callback, *self._args)\n  File "C:\\Users\\VIDYANKSHINI\\Desktop\\project\\SecuScan\\testing\\backend\\conftest.py", line 55, in setup\n    await init_plugins(settings.plugins_dir)\n  File "C:\\Users\\VIDYANKSHINI\\Desktop\\project\\SecuScan\\backend\\secuscan\\plugins.py", line 382, in init_plugins\n    await plugin_manager.load_plugins()\n  File "C:\\Users\\VIDYANKSHINI\\Desktop\\project\\SecuScan\\backend\\secuscan\\plugins.py", line 59, in load_plugins\n    logger.info(f"\u2713 Loaded plugin: {plugin_meta.name} v{plugin_meta.version}")\nMessage: '\u2713 Loaded plugin: theHarvester v1.0.0'\nArguments: ()\n--- Logging error ---\nTraceback (most recent call last):\n  File "C:\\Users\\VIDYANKSHINI\\AppData\\Local\\Programs\\Python\\Python313\\Lib\\logging\\__init__.py", line 1153, in emit\n    stream.write(msg + self.terminator)\n    ~~~~~~~~~~~~^^^^^^^^^^^^^^^^^^^^^^^\n  File "C:\\Users\\VIDYANKSHINI\\AppData\\Local\\Programs\\Python\\Python313\\Lib\\encodings\\cp1252.py", line 19, in encode\n    return codecs.charmap_encode(input,self.errors,encoding_table)[0]\n           ~~~~~~~~~~~~~~~~~~~~~^^^^^^^^^^^^^^^^^^^^^^^^^^^^^^^^^^\nUnicodeEncodeError: 'charmap' codec can't encode character '\\u2713' in position 60: character maps to <undefined>\nCall stack:\n  File "<frozen runpy>", line 198, in _run_module_as_main\n  File "<frozen runpy>", line 88, in _run_code\n  File "C:\\Users\\VIDYANKSHINI\\AppData\\Local\\Programs\\Python\\Python313\\Scripts\\pytest.exe\\__main__.py", line 7, in <module>\n    sys.exit(console_main())\n  File "C:\\Users\\VIDYANKSHINI\\AppData\\Local\\Programs\\Python\\Python313\\Lib\\site-packages\\_pytest\\config\\__init__.py", line 223, in console_main\n    code = main()\n  File "C:\\Users\\VIDYANKSHINI\\AppData\\Local\\Programs\\Python\\Python313\\Lib\\site-packages\\_pytest\\config\\__init__.py", line 199, in main\n    ret: ExitCode | int = config.hook.pytest_cmdline_main(config=config)\n  File "C:\\Users\\VIDYANKSHINI\\AppData\\Local\\Programs\\Python\\Python313\\Lib\\site-packages\\pluggy\\_hooks.py", line 512, in __call__\n    return self._hookexec(self.name, self._hookimpls.copy(), kwargs, firstresult)\n  File "C:\\Users\\VIDYANKSHINI\\AppData\\Local\\Programs\\Python\\Python313\\Lib\\site-packages\\pluggy\\_manager.py", line 120, in _hookexec\n    return self._inner_hookexec(hook_name, methods, kwargs, firstresult)\n  File "C:\\Users\\VIDYANKSHINI\\AppData\\Local\\Programs\\Python\\Python313\\Lib\\site-packages\\pluggy\\_callers.py", line 121, in _multicall\n    res = hook_impl.function(*args)\n  File "C:\\Users\\VIDYANKSHINI\\AppData\\Local\\Programs\\Python\\Python313\\Lib\\site-packages\\_pytest\\main.py", line 365, in pytest_cmdline_main\n    return wrap_session(config, _main)\n  File "C:\\Users\\VIDYANKSHINI\\AppData\\Local\\Programs\\Python\\Python313\\Lib\\site-packages\\_pytest\\main.py", line 318, in wrap_session\n    session.exitstatus = doit(config, session) or 0\n  File "C:\\Users\\VIDYANKSHINI\\AppData\\Local\\Programs\\Python\\Python313\\Lib\\site-packages\\_pytest\\main.py", line 372, in _main\n    config.hook.pytest_runtestloop(session=session)\n  File "C:\\Users\\VIDYANKSHINI\\AppData\\Local\\Programs\\Python\\Python313\\Lib\\site-packages\\pluggy\\_hooks.py", line 512, in __call__\n    return self._hookexec(self.name, self._hookimpls.copy(), kwargs, firstresult)\n  File "C:\\Users\\VIDYANKSHINI\\AppData\\Local\\Programs\\Python\\Python313\\Lib\\site-packages\\pluggy\\_manager.py", line 120, in _hookexec\n    return self._inner_hookexec(hook_name, methods, kwargs, firstresult)\n  File "C:\\Users\\VIDYANKSHINI\\AppData\\Local\\Programs\\Python\\Python313\\Lib\\site-packages\\pluggy\\_callers.py", line 121, in _multicall\n    res = hook_impl.function(*args)\n  File "C:\\Users\\VIDYANKSHINI\\AppData\\Local\\Programs\\Python\\Python313\\Lib\\site-packages\\_pytest\\main.py", line 396, in pytest_runtestloop\n    item.config.hook.pytest_runtest_protocol(item=item, nextitem=nextitem)\n  File "C:\\Users\\VIDYANKSHINI\\AppData\\Local\\Programs\\Python\\Python313\\Lib\\site-packages\\pluggy\\_hooks.py", line 512, in __call__\n    return self._hookexec(self.name, self._hookimpls.copy(), kwargs, firstresult)\n  File "C:\\Users\\VIDYANKSHINI\\AppData\\Local\\Programs\\Python\\Python313\\Lib\\site-packages\\pluggy\\_manager.py", line 120, in _hookexec\n    return self._inner_hookexec(hook_name, methods, kwargs, firstresult)\n  File "C:\\Users\\VIDYANKSHINI\\AppData\\Local\\Programs\\Python\\Python313\\Lib\\site-packages\\pluggy\\_callers.py", line 121, in _multicall\n    res = hook_impl.function(*args)\n  File "C:\\Users\\VIDYANKSHINI\\AppData\\Local\\Programs\\Python\\Python313\\Lib\\site-packages\\_pytest\\runner.py", line 118, in pytest_runtest_protocol\n    runtestprotocol(item, nextitem=nextitem)\n  File "C:\\Users\\VIDYANKSHINI\\AppData\\Local\\Programs\\Python\\Python313\\Lib\\site-packages\\_pytest\\runner.py", line 131, in runtestprotocol\n    rep = call_and_report(item, "setup", log)\n  File "C:\\Users\\VIDYANKSHINI\\AppData\\Local\\Programs\\Python\\Python313\\Lib\\site-packages\\_pytest\\runner.py", line 244, in call_and_report\n    call = CallInfo.from_call(\n  File "C:\\Users\\VIDYANKSHINI\\AppData\\Local\\Programs\\Python\\Python313\\Lib\\site-packages\\_pytest\\runner.py", line 353, in from_call\n    result: TResult | None = func()\n  File "C:\\Users\\VIDYANKSHINI\\AppData\\Local\\Programs\\Python\\Python313\\Lib\\site-packages\\_pytest\\runner.py", line 245, in <lambda>\n    lambda: runtest_hook(item=item, **kwds),\n  File "C:\\Users\\VIDYANKSHINI\\AppData\\Local\\Programs\\Python\\Python313\\Lib\\site-packages\\pluggy\\_hooks.py", line 512, in __call__\n    return self._hookexec(self.name, self._hookimpls.copy(), kwargs, firstresult)\n  File "C:\\Users\\VIDYANKSHINI\\AppData\\Local\\Programs\\Python\\Python313\\Lib\\site-packages\\pluggy\\_manager.py", line 120, in _hookexec\n    return self._inner_hookexec(hook_name, methods, kwargs, firstresult)\n  File "C:\\Users\\VIDYANKSHINI\\AppData\\Local\\Programs\\Python\\Python313\\Lib\\site-packages\\pluggy\\_callers.py", line 121, in _multicall\n    res = hook_impl.function(*args)\n  File "C:\\Users\\VIDYANKSHINI\\AppData\\Local\\Programs\\Python\\Python313\\Lib\\site-packages\\_pytest\\runner.py", line 165, in pytest_runtest_setup\n    item.session._setupstate.setup(item)\n  File "C:\\Users\\VIDYANKSHINI\\AppData\\Local\\Programs\\Python\\Python313\\Lib\\site-packages\\_pytest\\runner.py", line 523, in setup\n    col.setup()\n  File "C:\\Users\\VIDYANKSHINI\\AppData\\Local\\Programs\\Python\\Python313\\Lib\\site-packages\\_pytest\\python.py", line 1723, in setup\n    self._request._fillfixtures()\n  File "C:\\Users\\VIDYANKSHINI\\AppData\\Local\\Programs\\Python\\Python313\\Lib\\site-packages\\_pytest\\fixtures.py", line 707, in _fillfixtures\n    item.funcargs[argname] = self.getfixturevalue(argname)\n  File "C:\\Users\\VIDYANKSHINI\\AppData\\Local\\Programs\\Python\\Python313\\Lib\\site-packages\\_pytest\\fixtures.py", line 539, in getfixturevalue\n    fixturedef = self._get_active_fixturedef(argname)\n  File "C:\\Users\\VIDYANKSHINI\\AppData\\Local\\Programs\\Python\\Python313\\Lib\\site-packages\\_pytest\\fixtures.py", line 627, in _get_active_fixturedef\n    fixturedef.execute(request=subrequest)\n  File "C:\\Users\\VIDYANKSHINI\\AppData\\Local\\Programs\\Python\\Python313\\Lib\\site-packages\\_pytest\\fixtures.py", line 1110, in execute\n    result: FixtureValue = ihook.pytest_fixture_setup(\n  File "C:\\Users\\VIDYANKSHINI\\AppData\\Local\\Programs\\Python\\Python313\\Lib\\site-packages\\pluggy\\_hooks.py", line 512, in __call__\n    return self._hookexec(self.name, self._hookimpls.copy(), kwargs, firstresult)\n  File "C:\\Users\\VIDYANKSHINI\\AppData\\Local\\Programs\\Python\\Python313\\Lib\\site-packages\\pluggy\\_manager.py", line 120, in _hookexec\n    return self._inner_hookexec(hook_name, methods, kwargs, firstresult)\n  File "C:\\Users\\VIDYANKSHINI\\AppData\\Local\\Programs\\Python\\Python313\\Lib\\site-packages\\pluggy\\_callers.py", line 121, in _multicall\n    res = hook_impl.function(*args)\n  File "C:\\Users\\VIDYANKSHINI\\AppData\\Local\\Programs\\Python\\Python313\\Lib\\site-packages\\_pytest\\fixtures.py", line 1202, in pytest_fixture_setup\n    result = call_fixture_func(fixturefunc, request, kwargs)\n  File "C:\\Users\\VIDYANKSHINI\\AppData\\Local\\Programs\\Python\\Python313\\Lib\\site-packages\\_pytest\\fixtures.py", line 908, in call_fixture_func\n    fixture_result = next(generator)\n  File "C:\\Users\\VIDYANKSHINI\\Desktop\\project\\SecuScan\\testing\\backend\\conftest.py", line 57, in test_client\n    asyncio.run(setup())\n  File "C:\\Users\\VIDYANKSHINI\\AppData\\Local\\Programs\\Python\\Python313\\Lib\\asyncio\\runners.py", line 195, in run\n    return runner.run(main)\n  File "C:\\Users\\VIDYANKSHINI\\AppData\\Local\\Programs\\Python\\Python313\\Lib\\asyncio\\runners.py", line 118, in run\n    return self._loop.run_until_complete(task)\n  File "C:\\Users\\VIDYANKSHINI\\AppData\\Local\\Programs\\Python\\Python313\\Lib\\asyncio\\base_events.py", line 712, in run_until_complete\n    self.run_forever()\n  File "C:\\Users\\VIDYANKSHINI\\AppData\\Local\\Programs\\Python\\Python313\\Lib\\asyncio\\base_events.py", line 683, in run_forever\n    self._run_once()\n  File "C:\\Users\\VIDYANKSHINI\\AppData\\Local\\Programs\\Python\\Python313\\Lib\\asyncio\\base_events.py", line 2040, in _run_once\n    handle._run()\n  File "C:\\Users\\VIDYANKSHINI\\AppData\\Local\\Programs\\Python\\Python313\\Lib\\asyncio\\events.py", line 89, in _run\n    self._context.run(self._callback, *self._args)\n  File "C:\\Users\\VIDYANKSHINI\\Desktop\\project\\SecuScan\\testing\\backend\\conftest.py", line 55, in setup\n    await init_plugins(settings.plugins_dir)\n  File "C:\\Users\\VIDYANKSHINI\\Desktop\\project\\SecuScan\\backend\\secuscan\\plugins.py", line 382, in init_plugins\n    await plugin_manager.load_plugins()\n  File "C:\\Users\\VIDYANKSHINI\\Desktop\\project\\SecuScan\\backend\\secuscan\\plugins.py", line 59, in load_plugins\n    logger.info(f"\u2713 Loaded plugin: {plugin_meta.name} v{plugin_meta.version}")\nMessage: '\u2713 Loaded plugin: TLS Security Analysis v1.0.0'\nArguments: ()\n--- Logging error ---\nTraceback (most recent call last):\n  File "C:\\Users\\VIDYANKSHINI\\AppData\\Local\\Programs\\Python\\Python313\\Lib\\logging\\__init__.py", line 1153, in emit\n    stream.write(msg + self.terminator)\n    ~~~~~~~~~~~~^^^^^^^^^^^^^^^^^^^^^^^\n  File "C:\\Users\\VIDYANKSHINI\\AppData\\Local\\Programs\\Python\\Python313\\Lib\\encodings\\cp1252.py", line 19, in encode\n    return codecs.charmap_encode(input,self.errors,encoding_table)[0]\n           ~~~~~~~~~~~~~~~~~~~~~^^^^^^^^^^^^^^^^^^^^^^^^^^^^^^^^^^\nUnicodeEncodeError: 'charmap' codec can't encode character '\\u2713' in position 60: character maps to <undefined>\nCall stack:\n  File "<frozen runpy>", line 198, in _run_module_as_main\n  File "<frozen runpy>", line 88, in _run_code\n  File "C:\\Users\\VIDYANKSHINI\\AppData\\Local\\Programs\\Python\\Python313\\Scripts\\pytest.exe\\__main__.py", line 7, in <module>\n    sys.exit(console_main())\n  File "C:\\Users\\VIDYANKSHINI\\AppData\\Local\\Programs\\Python\\Python313\\Lib\\site-packages\\_pytest\\config\\__init__.py", line 223, in console_main\n    code = main()\n  File "C:\\Users\\VIDYANKSHINI\\AppData\\Local\\Programs\\Python\\Python313\\Lib\\site-packages\\_pytest\\config\\__init__.py", line 199, in main\n    ret: ExitCode | int = config.hook.pytest_cmdline_main(config=config)\n  File "C:\\Users\\VIDYANKSHINI\\AppData\\Local\\Programs\\Python\\Python313\\Lib\\site-packages\\pluggy\\_hooks.py", line 512, in __call__\n    return self._hookexec(self.name, self._hookimpls.copy(), kwargs, firstresult)\n  File "C:\\Users\\VIDYANKSHINI\\AppData\\Local\\Programs\\Python\\Python313\\Lib\\site-packages\\pluggy\\_manager.py", line 120, in _hookexec\n    return self._inner_hookexec(hook_name, methods, kwargs, firstresult)\n  File "C:\\Users\\VIDYANKSHINI\\AppData\\Local\\Programs\\Python\\Python313\\Lib\\site-packages\\pluggy\\_callers.py", line 121, in _multicall\n    res = hook_impl.function(*args)\n  File "C:\\Users\\VIDYANKSHINI\\AppData\\Local\\Programs\\Python\\Python313\\Lib\\site-packages\\_pytest\\main.py", line 365, in pytest_cmdline_main\n    return wrap_session(config, _main)\n  File "C:\\Users\\VIDYANKSHINI\\AppData\\Local\\Programs\\Python\\Python313\\Lib\\site-packages\\_pytest\\main.py", line 318, in wrap_session\n    session.exitstatus = doit(config, session) or 0\n  File "C:\\Users\\VIDYANKSHINI\\AppData\\Local\\Programs\\Python\\Python313\\Lib\\site-packages\\_pytest\\main.py", line 372, in _main\n    config.hook.pytest_runtestloop(session=session)\n  File "C:\\Users\\VIDYANKSHINI\\AppData\\Local\\Programs\\Python\\Python313\\Lib\\site-packages\\pluggy\\_hooks.py", line 512, in __call__\n    return self._hookexec(self.name, self._hookimpls.copy(), kwargs, firstresult)\n  File "C:\\Users\\VIDYANKSHINI\\AppData\\Local\\Programs\\Python\\Python313\\Lib\\site-packages\\pluggy\\_manager.py", line 120, in _hookexec\n    return self._inner_hookexec(hook_name, methods, kwargs, firstresult)\n  File "C:\\Users\\VIDYANKSHINI\\AppData\\Local\\Programs\\Python\\Python313\\Lib\\site-packages\\pluggy\\_callers.py", line 121, in _multicall\n    res = hook_impl.function(*args)\n  File "C:\\Users\\VIDYANKSHINI\\AppData\\Local\\Programs\\Python\\Python313\\Lib\\site-packages\\_pytest\\main.py", line 396, in pytest_runtestloop\n    item.config.hook.pytest_runtest_protocol(item=item, nextitem=nextitem)\n  File "C:\\Users\\VIDYANKSHINI\\AppData\\Local\\Programs\\Python\\Python313\\Lib\\site-packages\\pluggy\\_hooks.py", line 512, in __call__\n    return self._hookexec(self.name, self._hookimpls.copy(), kwargs, firstresult)\n  File "C:\\Users\\VIDYANKSHINI\\AppData\\Local\\Programs\\Python\\Python313\\Lib\\site-packages\\pluggy\\_manager.py", line 120, in _hookexec\n    return self._inner_hookexec(hook_name, methods, kwargs, firstresult)\n  File "C:\\Users\\VIDYANKSHINI\\AppData\\Local\\Programs\\Python\\Python313\\Lib\\site-packages\\pluggy\\_callers.py", line 121, in _multicall\n    res = hook_impl.function(*args)\n  File "C:\\Users\\VIDYANKSHINI\\AppData\\Local\\Programs\\Python\\Python313\\Lib\\site-packages\\_pytest\\runner.py", line 118, in pytest_runtest_protocol\n    runtestprotocol(item, nextitem=nextitem)\n  File "C:\\Users\\VIDYANKSHINI\\AppData\\Local\\Programs\\Python\\Python313\\Lib\\site-packages\\_pytest\\runner.py", line 131, in runtestprotocol\n    rep = call_and_report(item, "setup", log)\n  File "C:\\Users\\VIDYANKSHINI\\AppData\\Local\\Programs\\Python\\Python313\\Lib\\site-packages\\_pytest\\runner.py", line 244, in call_and_report\n    call = CallInfo.from_call(\n  File "C:\\Users\\VIDYANKSHINI\\AppData\\Local\\Programs\\Python\\Python313\\Lib\\site-packages\\_pytest\\runner.py", line 353, in from_call\n    result: TResult | None = func()\n  File "C:\\Users\\VIDYANKSHINI\\AppData\\Local\\Programs\\Python\\Python313\\Lib\\site-packages\\_pytest\\runner.py", line 245, in <lambda>\n    lambda: runtest_hook(item=item, **kwds),\n  File "C:\\Users\\VIDYANKSHINI\\AppData\\Local\\Programs\\Python\\Python313\\Lib\\site-packages\\pluggy\\_hooks.py", line 512, in __call__\n    return self._hookexec(self.name, self._hookimpls.copy(), kwargs, firstresult)\n  File "C:\\Users\\VIDYANKSHINI\\AppData\\Local\\Programs\\Python\\Python313\\Lib\\site-packages\\pluggy\\_manager.py", line 120, in _hookexec\n    return self._inner_hookexec(hook_name, methods, kwargs, firstresult)\n  File "C:\\Users\\VIDYANKSHINI\\AppData\\Local\\Programs\\Python\\Python313\\Lib\\site-packages\\pluggy\\_callers.py", line 121, in _multicall\n    res = hook_impl.function(*args)\n  File "C:\\Users\\VIDYANKSHINI\\AppData\\Local\\Programs\\Python\\Python313\\Lib\\site-packages\\_pytest\\runner.py", line 165, in pytest_runtest_setup\n    item.session._setupstate.setup(item)\n  File "C:\\Users\\VIDYANKSHINI\\AppData\\Local\\Programs\\Python\\Python313\\Lib\\site-packages\\_pytest\\runner.py", line 523, in setup\n    col.setup()\n  File "C:\\Users\\VIDYANKSHINI\\AppData\\Local\\Programs\\Python\\Python313\\Lib\\site-packages\\_pytest\\python.py", line 1723, in setup\n    self._request._fillfixtures()\n  File "C:\\Users\\VIDYANKSHINI\\AppData\\Local\\Programs\\Python\\Python313\\Lib\\site-packages\\_pytest\\fixtures.py", line 707, in _fillfixtures\n    item.funcargs[argname] = self.getfixturevalue(argname)\n  File "C:\\Users\\VIDYANKSHINI\\AppData\\Local\\Programs\\Python\\Python313\\Lib\\site-packages\\_pytest\\fixtures.py", line 539, in getfixturevalue\n    fixturedef = self._get_active_fixturedef(argname)\n  File "C:\\Users\\VIDYANKSHINI\\AppData\\Local\\Programs\\Python\\Python313\\Lib\\site-packages\\_pytest\\fixtures.py", line 627, in _get_active_fixturedef\n    fixturedef.execute(request=subrequest)\n  File "C:\\Users\\VIDYANKSHINI\\AppData\\Local\\Programs\\Python\\Python313\\Lib\\site-packages\\_pytest\\fixtures.py", line 1110, in execute\n    result: FixtureValue = ihook.pytest_fixture_setup(\n  File "C:\\Users\\VIDYANKSHINI\\AppData\\Local\\Programs\\Python\\Python313\\Lib\\site-packages\\pluggy\\_hooks.py", line 512, in __call__\n    return self._hookexec(self.name, self._hookimpls.copy(), kwargs, firstresult)\n  File "C:\\Users\\VIDYANKSHINI\\AppData\\Local\\Programs\\Python\\Python313\\Lib\\site-packages\\pluggy\\_manager.py", line 120, in _hookexec\n    return self._inner_hookexec(hook_name, methods, kwargs, firstresult)\n  File "C:\\Users\\VIDYANKSHINI\\AppData\\Local\\Programs\\Python\\Python313\\Lib\\site-packages\\pluggy\\_callers.py", line 121, in _multicall\n    res = hook_impl.function(*args)\n  File "C:\\Users\\VIDYANKSHINI\\AppData\\Local\\Programs\\Python\\Python313\\Lib\\site-packages\\_pytest\\fixtures.py", line 1202, in pytest_fixture_setup\n    result = call_fixture_func(fixturefunc, request, kwargs)\n  File "C:\\Users\\VIDYANKSHINI\\AppData\\Local\\Programs\\Python\\Python313\\Lib\\site-packages\\_pytest\\fixtures.py", line 908, in call_fixture_func\n    fixture_result = next(generator)\n  File "C:\\Users\\VIDYANKSHINI\\Desktop\\project\\SecuScan\\testing\\backend\\conftest.py", line 57, in test_client\n    asyncio.run(setup())\n  File "C:\\Users\\VIDYANKSHINI\\AppData\\Local\\Programs\\Python\\Python313\\Lib\\asyncio\\runners.py", line 195, in run\n    return runner.run(main)\n  File "C:\\Users\\VIDYANKSHINI\\AppData\\Local\\Programs\\Python\\Python313\\Lib\\asyncio\\runners.py", line 118, in run\n    return self._loop.run_until_complete(task)\n  File "C:\\Users\\VIDYANKSHINI\\AppData\\Local\\Programs\\Python\\Python313\\Lib\\asyncio\\base_events.py", line 712, in run_until_complete\n    self.run_forever()\n  File "C:\\Users\\VIDYANKSHINI\\AppData\\Local\\Programs\\Python\\Python313\\Lib\\asyncio\\base_events.py", line 683, in run_forever\n    self._run_once()\n  File "C:\\Users\\VIDYANKSHINI\\AppData\\Local\\Programs\\Python\\Python313\\Lib\\asyncio\\base_events.py", line 2040, in _run_once\n    handle._run()\n  File "C:\\Users\\VIDYANKSHINI\\AppData\\Local\\Programs\\Python\\Python313\\Lib\\asyncio\\events.py", line 89, in _run\n    self._context.run(self._callback, *self._args)\n  File "C:\\Users\\VIDYANKSHINI\\Desktop\\project\\SecuScan\\testing\\backend\\conftest.py", line 55, in setup\n    await init_plugins(settings.plugins_dir)\n  File "C:\\Users\\VIDYANKSHINI\\Desktop\\project\\SecuScan\\backend\\secuscan\\plugins.py", line 382, in init_plugins\n    await plugin_manager.load_plugins()\n  File "C:\\Users\\VIDYANKSHINI\\Desktop\\project\\SecuScan\\backend\\secuscan\\plugins.py", line 59, in load_plugins\n    logger.info(f"\u2713 Loaded plugin: {plugin_meta.name} v{plugin_meta.version}")\nMessage: '\u2713 Loaded plugin: Uncover v1.0.0'\nArguments: ()\n--- Logging error ---\nTraceback (most recent call last):\n  File "C:\\Users\\VIDYANKSHINI\\AppData\\Local\\Programs\\Python\\Python313\\Lib\\logging\\__init__.py", line 1153, in emit\n    stream.write(msg + self.terminator)\n    ~~~~~~~~~~~~^^^^^^^^^^^^^^^^^^^^^^^\n  File "C:\\Users\\VIDYANKSHINI\\AppData\\Local\\Programs\\Python\\Python313\\Lib\\encodings\\cp1252.py", line 19, in encode\n    return codecs.charmap_encode(input,self.errors,encoding_table)[0]\n           ~~~~~~~~~~~~~~~~~~~~~^^^^^^^^^^^^^^^^^^^^^^^^^^^^^^^^^^\nUnicodeEncodeError: 'charmap' codec can't encode character '\\u2713' in position 60: character maps to <undefined>\nCall stack:\n  File "<frozen runpy>", line 198, in _run_module_as_main\n  File "<frozen runpy>", line 88, in _run_code\n  File "C:\\Users\\VIDYANKSHINI\\AppData\\Local\\Programs\\Python\\Python313\\Scripts\\pytest.exe\\__main__.py", line 7, in <module>\n    sys.exit(console_main())\n  File "C:\\Users\\VIDYANKSHINI\\AppData\\Local\\Programs\\Python\\Python313\\Lib\\site-packages\\_pytest\\config\\__init__.py", line 223, in console_main\n    code = main()\n  File "C:\\Users\\VIDYANKSHINI\\AppData\\Local\\Programs\\Python\\Python313\\Lib\\site-packages\\_pytest\\config\\__init__.py", line 199, in main\n    ret: ExitCode | int = config.hook.pytest_cmdline_main(config=config)\n  File "C:\\Users\\VIDYANKSHINI\\AppData\\Local\\Programs\\Python\\Python313\\Lib\\site-packages\\pluggy\\_hooks.py", line 512, in __call__\n    return self._hookexec(self.name, self._hookimpls.copy(), kwargs, firstresult)\n  File "C:\\Users\\VIDYANKSHINI\\AppData\\Local\\Programs\\Python\\Python313\\Lib\\site-packages\\pluggy\\_manager.py", line 120, in _hookexec\n    return self._inner_hookexec(hook_name, methods, kwargs, firstresult)\n  File "C:\\Users\\VIDYANKSHINI\\AppData\\Local\\Programs\\Python\\Python313\\Lib\\site-packages\\pluggy\\_callers.py", line 121, in _multicall\n    res = hook_impl.function(*args)\n  File "C:\\Users\\VIDYANKSHINI\\AppData\\Local\\Programs\\Python\\Python313\\Lib\\site-packages\\_pytest\\main.py", line 365, in pytest_cmdline_main\n    return wrap_session(config, _main)\n  File "C:\\Users\\VIDYANKSHINI\\AppData\\Local\\Programs\\Python\\Python313\\Lib\\site-packages\\_pytest\\main.py", line 318, in wrap_session\n    session.exitstatus = doit(config, session) or 0\n  File "C:\\Users\\VIDYANKSHINI\\AppData\\Local\\Programs\\Python\\Python313\\Lib\\site-packages\\_pytest\\main.py", line 372, in _main\n    config.hook.pytest_runtestloop(session=session)\n  File "C:\\Users\\VIDYANKSHINI\\AppData\\Local\\Programs\\Python\\Python313\\Lib\\site-packages\\pluggy\\_hooks.py", line 512, in __call__\n    return self._hookexec(self.name, self._hookimpls.copy(), kwargs, firstresult)\n  File "C:\\Users\\VIDYANKSHINI\\AppData\\Local\\Programs\\Python\\Python313\\Lib\\site-packages\\pluggy\\_manager.py", line 120, in _hookexec\n    return self._inner_hookexec(hook_name, methods, kwargs, firstresult)\n  File "C:\\Users\\VIDYANKSHINI\\AppData\\Local\\Programs\\Python\\Python313\\Lib\\site-packages\\pluggy\\_callers.py", line 121, in _multicall\n    res = hook_impl.function(*args)\n  File "C:\\Users\\VIDYANKSHINI\\AppData\\Local\\Programs\\Python\\Python313\\Lib\\site-packages\\_pytest\\main.py", line 396, in pytest_runtestloop\n    item.config.hook.pytest_runtest_protocol(item=item, nextitem=nextitem)\n  File "C:\\Users\\VIDYANKSHINI\\AppData\\Local\\Programs\\Python\\Python313\\Lib\\site-packages\\pluggy\\_hooks.py", line 512, in __call__\n    return self._hookexec(self.name, self._hookimpls.copy(), kwargs, firstresult)\n  File "C:\\Users\\VIDYANKSHINI\\AppData\\Local\\Programs\\Python\\Python313\\Lib\\site-packages\\pluggy\\_manager.py", line 120, in _hookexec\n    return self._inner_hookexec(hook_name, methods, kwargs, firstresult)\n  File "C:\\Users\\VIDYANKSHINI\\AppData\\Local\\Programs\\Python\\Python313\\Lib\\site-packages\\pluggy\\_callers.py", line 121, in _multicall\n    res = hook_impl.function(*args)\n  File "C:\\Users\\VIDYANKSHINI\\AppData\\Local\\Programs\\Python\\Python313\\Lib\\site-packages\\_pytest\\runner.py", line 118, in pytest_runtest_protocol\n    runtestprotocol(item, nextitem=nextitem)\n  File "C:\\Users\\VIDYANKSHINI\\AppData\\Local\\Programs\\Python\\Python313\\Lib\\site-packages\\_pytest\\runner.py", line 131, in runtestprotocol\n    rep = call_and_report(item, "setup", log)\n  File "C:\\Users\\VIDYANKSHINI\\AppData\\Local\\Programs\\Python\\Python313\\Lib\\site-packages\\_pytest\\runner.py", line 244, in call_and_report\n    call = CallInfo.from_call(\n  File "C:\\Users\\VIDYANKSHINI\\AppData\\Local\\Programs\\Python\\Python313\\Lib\\site-packages\\_pytest\\runner.py", line 353, in from_call\n    result: TResult | None = func()\n  File "C:\\Users\\VIDYANKSHINI\\AppData\\Local\\Programs\\Python\\Python313\\Lib\\site-packages\\_pytest\\runner.py", line 245, in <lambda>\n    lambda: runtest_hook(item=item, **kwds),\n  File "C:\\Users\\VIDYANKSHINI\\AppData\\Local\\Programs\\Python\\Python313\\Lib\\site-packages\\pluggy\\_hooks.py", line 512, in __call__\n    return self._hookexec(self.name, self._hookimpls.copy(), kwargs, firstresult)\n  File "C:\\Users\\VIDYANKSHINI\\AppData\\Local\\Programs\\Python\\Python313\\Lib\\site-packages\\pluggy\\_manager.py", line 120, in _hookexec\n    return self._inner_hookexec(hook_name, methods, kwargs, firstresult)\n  File "C:\\Users\\VIDYANKSHINI\\AppData\\Local\\Programs\\Python\\Python313\\Lib\\site-packages\\pluggy\\_callers.py", line 121, in _multicall\n    res = hook_impl.function(*args)\n  File "C:\\Users\\VIDYANKSHINI\\AppData\\Local\\Programs\\Python\\Python313\\Lib\\site-packages\\_pytest\\runner.py", line 165, in pytest_runtest_setup\n    item.session._setupstate.setup(item)\n  File "C:\\Users\\VIDYANKSHINI\\AppData\\Local\\Programs\\Python\\Python313\\Lib\\site-packages\\_pytest\\runner.py", line 523, in setup\n    col.setup()\n  File "C:\\Users\\VIDYANKSHINI\\AppData\\Local\\Programs\\Python\\Python313\\Lib\\site-packages\\_pytest\\python.py", line 1723, in setup\n    self._request._fillfixtures()\n  File "C:\\Users\\VIDYANKSHINI\\AppData\\Local\\Programs\\Python\\Python313\\Lib\\site-packages\\_pytest\\fixtures.py", line 707, in _fillfixtures\n    item.funcargs[argname] = self.getfixturevalue(argname)\n  File "C:\\Users\\VIDYANKSHINI\\AppData\\Local\\Programs\\Python\\Python313\\Lib\\site-packages\\_pytest\\fixtures.py", line 539, in getfixturevalue\n    fixturedef = self._get_active_fixturedef(argname)\n  File "C:\\Users\\VIDYANKSHINI\\AppData\\Local\\Programs\\Python\\Python313\\Lib\\site-packages\\_pytest\\fixtures.py", line 627, in _get_active_fixturedef\n    fixturedef.execute(request=subrequest)\n  File "C:\\Users\\VIDYANKSHINI\\AppData\\Local\\Programs\\Python\\Python313\\Lib\\site-packages\\_pytest\\fixtures.py", line 1110, in execute\n    result: FixtureValue = ihook.pytest_fixture_setup(\n  File "C:\\Users\\VIDYANKSHINI\\AppData\\Local\\Programs\\Python\\Python313\\Lib\\site-packages\\pluggy\\_hooks.py", line 512, in __call__\n    return self._hookexec(self.name, self._hookimpls.copy(), kwargs, firstresult)\n  File "C:\\Users\\VIDYANKSHINI\\AppData\\Local\\Programs\\Python\\Python313\\Lib\\site-packages\\pluggy\\_manager.py", line 120, in _hookexec\n    return self._inner_hookexec(hook_name, methods, kwargs, firstresult)\n  File "C:\\Users\\VIDYANKSHINI\\AppData\\Local\\Programs\\Python\\Python313\\Lib\\site-packages\\pluggy\\_callers.py", line 121, in _multicall\n    res = hook_impl.function(*args)\n  File "C:\\Users\\VIDYANKSHINI\\AppData\\Local\\Programs\\Python\\Python313\\Lib\\site-packages\\_pytest\\fixtures.py", line 1202, in pytest_fixture_setup\n    result = call_fixture_func(fixturefunc, request, kwargs)\n  File "C:\\Users\\VIDYANKSHINI\\AppData\\Local\\Programs\\Python\\Python313\\Lib\\site-packages\\_pytest\\fixtures.py", line 908, in call_fixture_func\n    fixture_result = next(generator)\n  File "C:\\Users\\VIDYANKSHINI\\Desktop\\project\\SecuScan\\testing\\backend\\conftest.py", line 57, in test_client\n    asyncio.run(setup())\n  File "C:\\Users\\VIDYANKSHINI\\AppData\\Local\\Programs\\Python\\Python313\\Lib\\asyncio\\runners.py", line 195, in run\n    return runner.run(main)\n  File "C:\\Users\\VIDYANKSHINI\\AppData\\Local\\Programs\\Python\\Python313\\Lib\\asyncio\\runners.py", line 118, in run\n    return self._loop.run_until_complete(task)\n  File "C:\\Users\\VIDYANKSHINI\\AppData\\Local\\Programs\\Python\\Python313\\Lib\\asyncio\\base_events.py", line 712, in run_until_complete\n    self.run_forever()\n  File "C:\\Users\\VIDYANKSHINI\\AppData\\Local\\Programs\\Python\\Python313\\Lib\\asyncio\\base_events.py", line 683, in run_forever\n    self._run_once()\n  File "C:\\Users\\VIDYANKSHINI\\AppData\\Local\\Programs\\Python\\Python313\\Lib\\asyncio\\base_events.py", line 2040, in _run_once\n    handle._run()\n  File "C:\\Users\\VIDYANKSHINI\\AppData\\Local\\Programs\\Python\\Python313\\Lib\\asyncio\\events.py", line 89, in _run\n    self._context.run(self._callback, *self._args)\n  File "C:\\Users\\VIDYANKSHINI\\Desktop\\project\\SecuScan\\testing\\backend\\conftest.py", line 55, in setup\n    await init_plugins(settings.plugins_dir)\n  File "C:\\Users\\VIDYANKSHINI\\Desktop\\project\\SecuScan\\backend\\secuscan\\plugins.py", line 382, in init_plugins\n    await plugin_manager.load_plugins()\n  File "C:\\Users\\VIDYANKSHINI\\Desktop\\project\\SecuScan\\backend\\secuscan\\plugins.py", line 59, in load_plugins\n    logger.info(f"\u2713 Loaded plugin: {plugin_meta.name} v{plugin_meta.version}")\nMessage: '\u2713 Loaded plugin: URL Fuzzer v1.0.0'\nArguments: ()\n--- Logging error ---\nTraceback (most recent call last):\n  File "C:\\Users\\VIDYANKSHINI\\AppData\\Local\\Programs\\Python\\Python313\\Lib\\logging\\__init__.py", line 1153, in emit\n    stream.write(msg + self.terminator)\n    ~~~~~~~~~~~~^^^^^^^^^^^^^^^^^^^^^^^\n  File "C:\\Users\\VIDYANKSHINI\\AppData\\Local\\Programs\\Python\\Python313\\Lib\\encodings\\cp1252.py", line 19, in encode\n    return codecs.charmap_encode(input,self.errors,encoding_table)[0]\n           ~~~~~~~~~~~~~~~~~~~~~^^^^^^^^^^^^^^^^^^^^^^^^^^^^^^^^^^\nUnicodeEncodeError: 'charmap' codec can't encode character '\\u2713' in position 60: character maps to <undefined>\nCall stack:\n  File "<frozen runpy>", line 198, in _run_module_as_main\n  File "<frozen runpy>", line 88, in _run_code\n  File "C:\\Users\\VIDYANKSHINI\\AppData\\Local\\Programs\\Python\\Python313\\Scripts\\pytest.exe\\__main__.py", line 7, in <module>\n    sys.exit(console_main())\n  File "C:\\Users\\VIDYANKSHINI\\AppData\\Local\\Programs\\Python\\Python313\\Lib\\site-packages\\_pytest\\config\\__init__.py", line 223, in console_main\n    code = main()\n  File "C:\\Users\\VIDYANKSHINI\\AppData\\Local\\Programs\\Python\\Python313\\Lib\\site-packages\\_pytest\\config\\__init__.py", line 199, in main\n    ret: ExitCode | int = config.hook.pytest_cmdline_main(config=config)\n  File "C:\\Users\\VIDYANKSHINI\\AppData\\Local\\Programs\\Python\\Python313\\Lib\\site-packages\\pluggy\\_hooks.py", line 512, in __call__\n    return self._hookexec(self.name, self._hookimpls.copy(), kwargs, firstresult)\n  File "C:\\Users\\VIDYANKSHINI\\AppData\\Local\\Programs\\Python\\Python313\\Lib\\site-packages\\pluggy\\_manager.py", line 120, in _hookexec\n    return self._inner_hookexec(hook_name, methods, kwargs, firstresult)\n  File "C:\\Users\\VIDYANKSHINI\\AppData\\Local\\Programs\\Python\\Python313\\Lib\\site-packages\\pluggy\\_callers.py", line 121, in _multicall\n    res = hook_impl.function(*args)\n  File "C:\\Users\\VIDYANKSHINI\\AppData\\Local\\Programs\\Python\\Python313\\Lib\\site-packages\\_pytest\\main.py", line 365, in pytest_cmdline_main\n    return wrap_session(config, _main)\n  File "C:\\Users\\VIDYANKSHINI\\AppData\\Local\\Programs\\Python\\Python313\\Lib\\site-packages\\_pytest\\main.py", line 318, in wrap_session\n    session.exitstatus = doit(config, session) or 0\n  File "C:\\Users\\VIDYANKSHINI\\AppData\\Local\\Programs\\Python\\Python313\\Lib\\site-packages\\_pytest\\main.py", line 372, in _main\n    config.hook.pytest_runtestloop(session=session)\n  File "C:\\Users\\VIDYANKSHINI\\AppData\\Local\\Programs\\Python\\Python313\\Lib\\site-packages\\pluggy\\_hooks.py", line 512, in __call__\n    return self._hookexec(self.name, self._hookimpls.copy(), kwargs, firstresult)\n  File "C:\\Users\\VIDYANKSHINI\\AppData\\Local\\Programs\\Python\\Python313\\Lib\\site-packages\\pluggy\\_manager.py", line 120, in _hookexec\n    return self._inner_hookexec(hook_name, methods, kwargs, firstresult)\n  File "C:\\Users\\VIDYANKSHINI\\AppData\\Local\\Programs\\Python\\Python313\\Lib\\site-packages\\pluggy\\_callers.py", line 121, in _multicall\n    res = hook_impl.function(*args)\n  File "C:\\Users\\VIDYANKSHINI\\AppData\\Local\\Programs\\Python\\Python313\\Lib\\site-packages\\_pytest\\main.py", line 396, in pytest_runtestloop\n    item.config.hook.pytest_runtest_protocol(item=item, nextitem=nextitem)\n  File "C:\\Users\\VIDYANKSHINI\\AppData\\Local\\Programs\\Python\\Python313\\Lib\\site-packages\\pluggy\\_hooks.py", line 512, in __call__\n    return self._hookexec(self.name, self._hookimpls.copy(), kwargs, firstresult)\n  File "C:\\Users\\VIDYANKSHINI\\AppData\\Local\\Programs\\Python\\Python313\\Lib\\site-packages\\pluggy\\_manager.py", line 120, in _hookexec\n    return self._inner_hookexec(hook_name, methods, kwargs, firstresult)\n  File "C:\\Users\\VIDYANKSHINI\\AppData\\Local\\Programs\\Python\\Python313\\Lib\\site-packages\\pluggy\\_callers.py", line 121, in _multicall\n    res = hook_impl.function(*args)\n  File "C:\\Users\\VIDYANKSHINI\\AppData\\Local\\Programs\\Python\\Python313\\Lib\\site-packages\\_pytest\\runner.py", line 118, in pytest_runtest_protocol\n    runtestprotocol(item, nextitem=nextitem)\n  File "C:\\Users\\VIDYANKSHINI\\AppData\\Local\\Programs\\Python\\Python313\\Lib\\site-packages\\_pytest\\runner.py", line 131, in runtestprotocol\n    rep = call_and_report(item, "setup", log)\n  File "C:\\Users\\VIDYANKSHINI\\AppData\\Local\\Programs\\Python\\Python313\\Lib\\site-packages\\_pytest\\runner.py", line 244, in call_and_report\n    call = CallInfo.from_call(\n  File "C:\\Users\\VIDYANKSHINI\\AppData\\Local\\Programs\\Python\\Python313\\Lib\\site-packages\\_pytest\\runner.py", line 353, in from_call\n    result: TResult | None = func()\n  File "C:\\Users\\VIDYANKSHINI\\AppData\\Local\\Programs\\Python\\Python313\\Lib\\site-packages\\_pytest\\runner.py", line 245, in <lambda>\n    lambda: runtest_hook(item=item, **kwds),\n  File "C:\\Users\\VIDYANKSHINI\\AppData\\Local\\Programs\\Python\\Python313\\Lib\\site-packages\\pluggy\\_hooks.py", line 512, in __call__\n    return self._hookexec(self.name, self._hookimpls.copy(), kwargs, firstresult)\n  File "C:\\Users\\VIDYANKSHINI\\AppData\\Local\\Programs\\Python\\Python313\\Lib\\site-packages\\pluggy\\_manager.py", line 120, in _hookexec\n    return self._inner_hookexec(hook_name, methods, kwargs, firstresult)\n  File "C:\\Users\\VIDYANKSHINI\\AppData\\Local\\Programs\\Python\\Python313\\Lib\\site-packages\\pluggy\\_callers.py", line 121, in _multicall\n    res = hook_impl.function(*args)\n  File "C:\\Users\\VIDYANKSHINI\\AppData\\Local\\Programs\\Python\\Python313\\Lib\\site-packages\\_pytest\\runner.py", line 165, in pytest_runtest_setup\n    item.session._setupstate.setup(item)\n  File "C:\\Users\\VIDYANKSHINI\\AppData\\Local\\Programs\\Python\\Python313\\Lib\\site-packages\\_pytest\\runner.py", line 523, in setup\n    col.setup()\n  File "C:\\Users\\VIDYANKSHINI\\AppData\\Local\\Programs\\Python\\Python313\\Lib\\site-packages\\_pytest\\python.py", line 1723, in setup\n    self._request._fillfixtures()\n  File "C:\\Users\\VIDYANKSHINI\\AppData\\Local\\Programs\\Python\\Python313\\Lib\\site-packages\\_pytest\\fixtures.py", line 707, in _fillfixtures\n    item.funcargs[argname] = self.getfixturevalue(argname)\n  File "C:\\Users\\VIDYANKSHINI\\AppData\\Local\\Programs\\Python\\Python313\\Lib\\site-packages\\_pytest\\fixtures.py", line 539, in getfixturevalue\n    fixturedef = self._get_active_fixturedef(argname)\n  File "C:\\Users\\VIDYANKSHINI\\AppData\\Local\\Programs\\Python\\Python313\\Lib\\site-packages\\_pytest\\fixtures.py", line 627, in _get_active_fixturedef\n    fixturedef.execute(request=subrequest)\n  File "C:\\Users\\VIDYANKSHINI\\AppData\\Local\\Programs\\Python\\Python313\\Lib\\site-packages\\_pytest\\fixtures.py", line 1110, in execute\n    result: FixtureValue = ihook.pytest_fixture_setup(\n  File "C:\\Users\\VIDYANKSHINI\\AppData\\Local\\Programs\\Python\\Python313\\Lib\\site-packages\\pluggy\\_hooks.py", line 512, in __call__\n    return self._hookexec(self.name, self._hookimpls.copy(), kwargs, firstresult)\n  File "C:\\Users\\VIDYANKSHINI\\AppData\\Local\\Programs\\Python\\Python313\\Lib\\site-packages\\pluggy\\_manager.py", line 120, in _hookexec\n    return self._inner_hookexec(hook_name, methods, kwargs, firstresult)\n  File "C:\\Users\\VIDYANKSHINI\\AppData\\Local\\Programs\\Python\\Python313\\Lib\\site-packages\\pluggy\\_callers.py", line 121, in _multicall\n    res = hook_impl.function(*args)\n  File "C:\\Users\\VIDYANKSHINI\\AppData\\Local\\Programs\\Python\\Python313\\Lib\\site-packages\\_pytest\\fixtures.py", line 1202, in pytest_fixture_setup\n    result = call_fixture_func(fixturefunc, request, kwargs)\n  File "C:\\Users\\VIDYANKSHINI\\AppData\\Local\\Programs\\Python\\Python313\\Lib\\site-packages\\_pytest\\fixtures.py", line 908, in call_fixture_func\n    fixture_result = next(generator)\n  File "C:\\Users\\VIDYANKSHINI\\Desktop\\project\\SecuScan\\testing\\backend\\conftest.py", line 57, in test_client\n    asyncio.run(setup())\n  File "C:\\Users\\VIDYANKSHINI\\AppData\\Local\\Programs\\Python\\Python313\\Lib\\asyncio\\runners.py", line 195, in run\n    return runner.run(main)\n  File "C:\\Users\\VIDYANKSHINI\\AppData\\Local\\Programs\\Python\\Python313\\Lib\\asyncio\\runners.py", line 118, in run\n    return self._loop.run_until_complete(task)\n  File "C:\\Users\\VIDYANKSHINI\\AppData\\Local\\Programs\\Python\\Python313\\Lib\\asyncio\\base_events.py", line 712, in run_until_complete\n    self.run_forever()\n  File "C:\\Users\\VIDYANKSHINI\\AppData\\Local\\Programs\\Python\\Python313\\Lib\\asyncio\\base_events.py", line 683, in run_forever\n    self._run_once()\n  File "C:\\Users\\VIDYANKSHINI\\AppData\\Local\\Programs\\Python\\Python313\\Lib\\asyncio\\base_events.py", line 2040, in _run_once\n    handle._run()\n  File "C:\\Users\\VIDYANKSHINI\\AppData\\Local\\Programs\\Python\\Python313\\Lib\\asyncio\\events.py", line 89, in _run\n    self._context.run(self._callback, *self._args)\n  File "C:\\Users\\VIDYANKSHINI\\Desktop\\project\\SecuScan\\testing\\backend\\conftest.py", line 55, in setup\n    await init_plugins(settings.plugins_dir)\n  File "C:\\Users\\VIDYANKSHINI\\Desktop\\project\\SecuScan\\backend\\secuscan\\plugins.py", line 382, in init_plugins\n    await plugin_manager.load_plugins()\n  File "C:\\Users\\VIDYANKSHINI\\Desktop\\project\\SecuScan\\backend\\secuscan\\plugins.py", line 59, in load_plugins\n    logger.info(f"\u2713 Loaded plugin: {plugin_meta.name} v{plugin_meta.version}")\nMessage: '\u2713 Loaded plugin: urlfinder v1.0.0'\nArguments: ()\n--- Logging error ---\nTraceback (most recent call last):\n  File "C:\\Users\\VIDYANKSHINI\\AppData\\Local\\Programs\\Python\\Python313\\Lib\\logging\\__init__.py", line 1153, in emit\n    stream.write(msg + self.terminator)\n    ~~~~~~~~~~~~^^^^^^^^^^^^^^^^^^^^^^^\n  File "C:\\Users\\VIDYANKSHINI\\AppData\\Local\\Programs\\Python\\Python313\\Lib\\encodings\\cp1252.py", line 19, in encode\n    return codecs.charmap_encode(input,self.errors,encoding_table)[0]\n           ~~~~~~~~~~~~~~~~~~~~~^^^^^^^^^^^^^^^^^^^^^^^^^^^^^^^^^^\nUnicodeEncodeError: 'charmap' codec can't encode character '\\u2713' in position 60: character maps to <undefined>\nCall stack:\n  File "<frozen runpy>", line 198, in _run_module_as_main\n  File "<frozen runpy>", line 88, in _run_code\n  File "C:\\Users\\VIDYANKSHINI\\AppData\\Local\\Programs\\Python\\Python313\\Scripts\\pytest.exe\\__main__.py", line 7, in <module>\n    sys.exit(console_main())\n  File "C:\\Users\\VIDYANKSHINI\\AppData\\Local\\Programs\\Python\\Python313\\Lib\\site-packages\\_pytest\\config\\__init__.py", line 223, in console_main\n    code = main()\n  File "C:\\Users\\VIDYANKSHINI\\AppData\\Local\\Programs\\Python\\Python313\\Lib\\site-packages\\_pytest\\config\\__init__.py", line 199, in main\n    ret: ExitCode | int = config.hook.pytest_cmdline_main(config=config)\n  File "C:\\Users\\VIDYANKSHINI\\AppData\\Local\\Programs\\Python\\Python313\\Lib\\site-packages\\pluggy\\_hooks.py", line 512, in __call__\n    return self._hookexec(self.name, self._hookimpls.copy(), kwargs, firstresult)\n  File "C:\\Users\\VIDYANKSHINI\\AppData\\Local\\Programs\\Python\\Python313\\Lib\\site-packages\\pluggy\\_manager.py", line 120, in _hookexec\n    return self._inner_hookexec(hook_name, methods, kwargs, firstresult)\n  File "C:\\Users\\VIDYANKSHINI\\AppData\\Local\\Programs\\Python\\Python313\\Lib\\site-packages\\pluggy\\_callers.py", line 121, in _multicall\n    res = hook_impl.function(*args)\n  File "C:\\Users\\VIDYANKSHINI\\AppData\\Local\\Programs\\Python\\Python313\\Lib\\site-packages\\_pytest\\main.py", line 365, in pytest_cmdline_main\n    return wrap_session(config, _main)\n  File "C:\\Users\\VIDYANKSHINI\\AppData\\Local\\Programs\\Python\\Python313\\Lib\\site-packages\\_pytest\\main.py", line 318, in wrap_session\n    session.exitstatus = doit(config, session) or 0\n  File "C:\\Users\\VIDYANKSHINI\\AppData\\Local\\Programs\\Python\\Python313\\Lib\\site-packages\\_pytest\\main.py", line 372, in _main\n    config.hook.pytest_runtestloop(session=session)\n  File "C:\\Users\\VIDYANKSHINI\\AppData\\Local\\Programs\\Python\\Python313\\Lib\\site-packages\\pluggy\\_hooks.py", line 512, in __call__\n    return self._hookexec(self.name, self._hookimpls.copy(), kwargs, firstresult)\n  File "C:\\Users\\VIDYANKSHINI\\AppData\\Local\\Programs\\Python\\Python313\\Lib\\site-packages\\pluggy\\_manager.py", line 120, in _hookexec\n    return self._inner_hookexec(hook_name, methods, kwargs, firstresult)\n  File "C:\\Users\\VIDYANKSHINI\\AppData\\Local\\Programs\\Python\\Python313\\Lib\\site-packages\\pluggy\\_callers.py", line 121, in _multicall\n    res = hook_impl.function(*args)\n  File "C:\\Users\\VIDYANKSHINI\\AppData\\Local\\Programs\\Python\\Python313\\Lib\\site-packages\\_pytest\\main.py", line 396, in pytest_runtestloop\n    item.config.hook.pytest_runtest_protocol(item=item, nextitem=nextitem)\n  File "C:\\Users\\VIDYANKSHINI\\AppData\\Local\\Programs\\Python\\Python313\\Lib\\site-packages\\pluggy\\_hooks.py", line 512, in __call__\n    return self._hookexec(self.name, self._hookimpls.copy(), kwargs, firstresult)\n  File "C:\\Users\\VIDYANKSHINI\\AppData\\Local\\Programs\\Python\\Python313\\Lib\\site-packages\\pluggy\\_manager.py", line 120, in _hookexec\n    return self._inner_hookexec(hook_name, methods, kwargs, firstresult)\n  File "C:\\Users\\VIDYANKSHINI\\AppData\\Local\\Programs\\Python\\Python313\\Lib\\site-packages\\pluggy\\_callers.py", line 121, in _multicall\n    res = hook_impl.function(*args)\n  File "C:\\Users\\VIDYANKSHINI\\AppData\\Local\\Programs\\Python\\Python313\\Lib\\site-packages\\_pytest\\runner.py", line 118, in pytest_runtest_protocol\n    runtestprotocol(item, nextitem=nextitem)\n  File "C:\\Users\\VIDYANKSHINI\\AppData\\Local\\Programs\\Python\\Python313\\Lib\\site-packages\\_pytest\\runner.py", line 131, in runtestprotocol\n    rep = call_and_report(item, "setup", log)\n  File "C:\\Users\\VIDYANKSHINI\\AppData\\Local\\Programs\\Python\\Python313\\Lib\\site-packages\\_pytest\\runner.py", line 244, in call_and_report\n    call = CallInfo.from_call(\n  File "C:\\Users\\VIDYANKSHINI\\AppData\\Local\\Programs\\Python\\Python313\\Lib\\site-packages\\_pytest\\runner.py", line 353, in from_call\n    result: TResult | None = func()\n  File "C:\\Users\\VIDYANKSHINI\\AppData\\Local\\Programs\\Python\\Python313\\Lib\\site-packages\\_pytest\\runner.py", line 245, in <lambda>\n    lambda: runtest_hook(item=item, **kwds),\n  File "C:\\Users\\VIDYANKSHINI\\AppData\\Local\\Programs\\Python\\Python313\\Lib\\site-packages\\pluggy\\_hooks.py", line 512, in __call__\n    return self._hookexec(self.name, self._hookimpls.copy(), kwargs, firstresult)\n  File "C:\\Users\\VIDYANKSHINI\\AppData\\Local\\Programs\\Python\\Python313\\Lib\\site-packages\\pluggy\\_manager.py", line 120, in _hookexec\n    return self._inner_hookexec(hook_name, methods, kwargs, firstresult)\n  File "C:\\Users\\VIDYANKSHINI\\AppData\\Local\\Programs\\Python\\Python313\\Lib\\site-packages\\pluggy\\_callers.py", line 121, in _multicall\n    res = hook_impl.function(*args)\n  File "C:\\Users\\VIDYANKSHINI\\AppData\\Local\\Programs\\Python\\Python313\\Lib\\site-packages\\_pytest\\runner.py", line 165, in pytest_runtest_setup\n    item.session._setupstate.setup(item)\n  File "C:\\Users\\VIDYANKSHINI\\AppData\\Local\\Programs\\Python\\Python313\\Lib\\site-packages\\_pytest\\runner.py", line 523, in setup\n    col.setup()\n  File "C:\\Users\\VIDYANKSHINI\\AppData\\Local\\Programs\\Python\\Python313\\Lib\\site-packages\\_pytest\\python.py", line 1723, in setup\n    self._request._fillfixtures()\n  File "C:\\Users\\VIDYANKSHINI\\AppData\\Local\\Programs\\Python\\Python313\\Lib\\site-packages\\_pytest\\fixtures.py", line 707, in _fillfixtures\n    item.funcargs[argname] = self.getfixturevalue(argname)\n  File "C:\\Users\\VIDYANKSHINI\\AppData\\Local\\Programs\\Python\\Python313\\Lib\\site-packages\\_pytest\\fixtures.py", line 539, in getfixturevalue\n    fixturedef = self._get_active_fixturedef(argname)\n  File "C:\\Users\\VIDYANKSHINI\\AppData\\Local\\Programs\\Python\\Python313\\Lib\\site-packages\\_pytest\\fixtures.py", line 627, in _get_active_fixturedef\n    fixturedef.execute(request=subrequest)\n  File "C:\\Users\\VIDYANKSHINI\\AppData\\Local\\Programs\\Python\\Python313\\Lib\\site-packages\\_pytest\\fixtures.py", line 1110, in execute\n    result: FixtureValue = ihook.pytest_fixture_setup(\n  File "C:\\Users\\VIDYANKSHINI\\AppData\\Local\\Programs\\Python\\Python313\\Lib\\site-packages\\pluggy\\_hooks.py", line 512, in __call__\n    return self._hookexec(self.name, self._hookimpls.copy(), kwargs, firstresult)\n  File "C:\\Users\\VIDYANKSHINI\\AppData\\Local\\Programs\\Python\\Python313\\Lib\\site-packages\\pluggy\\_manager.py", line 120, in _hookexec\n    return self._inner_hookexec(hook_name, methods, kwargs, firstresult)\n  File "C:\\Users\\VIDYANKSHINI\\AppData\\Local\\Programs\\Python\\Python313\\Lib\\site-packages\\pluggy\\_callers.py", line 121, in _multicall\n    res = hook_impl.function(*args)\n  File "C:\\Users\\VIDYANKSHINI\\AppData\\Local\\Programs\\Python\\Python313\\Lib\\site-packages\\_pytest\\fixtures.py", line 1202, in pytest_fixture_setup\n    result = call_fixture_func(fixturefunc, request, kwargs)\n  File "C:\\Users\\VIDYANKSHINI\\AppData\\Local\\Programs\\Python\\Python313\\Lib\\site-packages\\_pytest\\fixtures.py", line 908, in call_fixture_func\n    fixture_result = next(generator)\n  File "C:\\Users\\VIDYANKSHINI\\Desktop\\project\\SecuScan\\testing\\backend\\conftest.py", line 57, in test_client\n    asyncio.run(setup())\n  File "C:\\Users\\VIDYANKSHINI\\AppData\\Local\\Programs\\Python\\Python313\\Lib\\asyncio\\runners.py", line 195, in run\n    return runner.run(main)\n  File "C:\\Users\\VIDYANKSHINI\\AppData\\Local\\Programs\\Python\\Python313\\Lib\\asyncio\\runners.py", line 118, in run\n    return self._loop.run_until_complete(task)\n  File "C:\\Users\\VIDYANKSHINI\\AppData\\Local\\Programs\\Python\\Python313\\Lib\\asyncio\\base_events.py", line 712, in run_until_complete\n    self.run_forever()\n  File "C:\\Users\\VIDYANKSHINI\\AppData\\Local\\Programs\\Python\\Python313\\Lib\\asyncio\\base_events.py", line 683, in run_forever\n    self._run_once()\n  File "C:\\Users\\VIDYANKSHINI\\AppData\\Local\\Programs\\Python\\Python313\\Lib\\asyncio\\base_events.py", line 2040, in _run_once\n    handle._run()\n  File "C:\\Users\\VIDYANKSHINI\\AppData\\Local\\Programs\\Python\\Python313\\Lib\\asyncio\\events.py", line 89, in _run\n    self._context.run(self._callback, *self._args)\n  File "C:\\Users\\VIDYANKSHINI\\Desktop\\project\\SecuScan\\testing\\backend\\conftest.py", line 55, in setup\n    await init_plugins(settings.plugins_dir)\n  File "C:\\Users\\VIDYANKSHINI\\Desktop\\project\\SecuScan\\backend\\secuscan\\plugins.py", line 382, in init_plugins\n    await plugin_manager.load_plugins()\n  File "C:\\Users\\VIDYANKSHINI\\Desktop\\project\\SecuScan\\backend\\secuscan\\plugins.py", line 59, in load_plugins\n    logger.info(f"\u2713 Loaded plugin: {plugin_meta.name} v{plugin_meta.version}")\nMessage: '\u2713 Loaded plugin: Virtual Hosts Finder v1.0.0'\nArguments: ()\n--- Logging error ---\nTraceback (most recent call last):\n  File "C:\\Users\\VIDYANKSHINI\\AppData\\Local\\Programs\\Python\\Python313\\Lib\\logging\\__init__.py", line 1153, in emit\n    stream.write(msg + self.terminator)\n    ~~~~~~~~~~~~^^^^^^^^^^^^^^^^^^^^^^^\n  File "C:\\Users\\VIDYANKSHINI\\AppData\\Local\\Programs\\Python\\Python313\\Lib\\encodings\\cp1252.py", line 19, in encode\n    return codecs.charmap_encode(input,self.errors,encoding_table)[0]\n           ~~~~~~~~~~~~~~~~~~~~~^^^^^^^^^^^^^^^^^^^^^^^^^^^^^^^^^^\nUnicodeEncodeError: 'charmap' codec can't encode character '\\u2713' in position 60: character maps to <undefined>\nCall stack:\n  File "<frozen runpy>", line 198, in _run_module_as_main\n  File "<frozen runpy>", line 88, in _run_code\n  File "C:\\Users\\VIDYANKSHINI\\AppData\\Local\\Programs\\Python\\Python313\\Scripts\\pytest.exe\\__main__.py", line 7, in <module>\n    sys.exit(console_main())\n  File "C:\\Users\\VIDYANKSHINI\\AppData\\Local\\Programs\\Python\\Python313\\Lib\\site-packages\\_pytest\\config\\__init__.py", line 223, in console_main\n    code = main()\n  File "C:\\Users\\VIDYANKSHINI\\AppData\\Local\\Programs\\Python\\Python313\\Lib\\site-packages\\_pytest\\config\\__init__.py", line 199, in main\n    ret: ExitCode | int = config.hook.pytest_cmdline_main(config=config)\n  File "C:\\Users\\VIDYANKSHINI\\AppData\\Local\\Programs\\Python\\Python313\\Lib\\site-packages\\pluggy\\_hooks.py", line 512, in __call__\n    return self._hookexec(self.name, self._hookimpls.copy(), kwargs, firstresult)\n  File "C:\\Users\\VIDYANKSHINI\\AppData\\Local\\Programs\\Python\\Python313\\Lib\\site-packages\\pluggy\\_manager.py", line 120, in _hookexec\n    return self._inner_hookexec(hook_name, methods, kwargs, firstresult)\n  File "C:\\Users\\VIDYANKSHINI\\AppData\\Local\\Programs\\Python\\Python313\\Lib\\site-packages\\pluggy\\_callers.py", line 121, in _multicall\n    res = hook_impl.function(*args)\n  File "C:\\Users\\VIDYANKSHINI\\AppData\\Local\\Programs\\Python\\Python313\\Lib\\site-packages\\_pytest\\main.py", line 365, in pytest_cmdline_main\n    return wrap_session(config, _main)\n  File "C:\\Users\\VIDYANKSHINI\\AppData\\Local\\Programs\\Python\\Python313\\Lib\\site-packages\\_pytest\\main.py", line 318, in wrap_session\n    session.exitstatus = doit(config, session) or 0\n  File "C:\\Users\\VIDYANKSHINI\\AppData\\Local\\Programs\\Python\\Python313\\Lib\\site-packages\\_pytest\\main.py", line 372, in _main\n    config.hook.pytest_runtestloop(session=session)\n  File "C:\\Users\\VIDYANKSHINI\\AppData\\Local\\Programs\\Python\\Python313\\Lib\\site-packages\\pluggy\\_hooks.py", line 512, in __call__\n    return self._hookexec(self.name, self._hookimpls.copy(), kwargs, firstresult)\n  File "C:\\Users\\VIDYANKSHINI\\AppData\\Local\\Programs\\Python\\Python313\\Lib\\site-packages\\pluggy\\_manager.py", line 120, in _hookexec\n    return self._inner_hookexec(hook_name, methods, kwargs, firstresult)\n  File "C:\\Users\\VIDYANKSHINI\\AppData\\Local\\Programs\\Python\\Python313\\Lib\\site-packages\\pluggy\\_callers.py", line 121, in _multicall\n    res = hook_impl.function(*args)\n  File "C:\\Users\\VIDYANKSHINI\\AppData\\Local\\Programs\\Python\\Python313\\Lib\\site-packages\\_pytest\\main.py", line 396, in pytest_runtestloop\n    item.config.hook.pytest_runtest_protocol(item=item, nextitem=nextitem)\n  File "C:\\Users\\VIDYANKSHINI\\AppData\\Local\\Programs\\Python\\Python313\\Lib\\site-packages\\pluggy\\_hooks.py", line 512, in __call__\n    return self._hookexec(self.name, self._hookimpls.copy(), kwargs, firstresult)\n  File "C:\\Users\\VIDYANKSHINI\\AppData\\Local\\Programs\\Python\\Python313\\Lib\\site-packages\\pluggy\\_manager.py", line 120, in _hookexec\n    return self._inner_hookexec(hook_name, methods, kwargs, firstresult)\n  File "C:\\Users\\VIDYANKSHINI\\AppData\\Local\\Programs\\Python\\Python313\\Lib\\site-packages\\pluggy\\_callers.py", line 121, in _multicall\n    res = hook_impl.function(*args)\n  File "C:\\Users\\VIDYANKSHINI\\AppData\\Local\\Programs\\Python\\Python313\\Lib\\site-packages\\_pytest\\runner.py", line 118, in pytest_runtest_protocol\n    runtestprotocol(item, nextitem=nextitem)\n  File "C:\\Users\\VIDYANKSHINI\\AppData\\Local\\Programs\\Python\\Python313\\Lib\\site-packages\\_pytest\\runner.py", line 131, in runtestprotocol\n    rep = call_and_report(item, "setup", log)\n  File "C:\\Users\\VIDYANKSHINI\\AppData\\Local\\Programs\\Python\\Python313\\Lib\\site-packages\\_pytest\\runner.py", line 244, in call_and_report\n    call = CallInfo.from_call(\n  File "C:\\Users\\VIDYANKSHINI\\AppData\\Local\\Programs\\Python\\Python313\\Lib\\site-packages\\_pytest\\runner.py", line 353, in from_call\n    result: TResult | None = func()\n  File "C:\\Users\\VIDYANKSHINI\\AppData\\Local\\Programs\\Python\\Python313\\Lib\\site-packages\\_pytest\\runner.py", line 245, in <lambda>\n    lambda: runtest_hook(item=item, **kwds),\n  File "C:\\Users\\VIDYANKSHINI\\AppData\\Local\\Programs\\Python\\Python313\\Lib\\site-packages\\pluggy\\_hooks.py", line 512, in __call__\n    return self._hookexec(self.name, self._hookimpls.copy(), kwargs, firstresult)\n  File "C:\\Users\\VIDYANKSHINI\\AppData\\Local\\Programs\\Python\\Python313\\Lib\\site-packages\\pluggy\\_manager.py", line 120, in _hookexec\n    return self._inner_hookexec(hook_name, methods, kwargs, firstresult)\n  File "C:\\Users\\VIDYANKSHINI\\AppData\\Local\\Programs\\Python\\Python313\\Lib\\site-packages\\pluggy\\_callers.py", line 121, in _multicall\n    res = hook_impl.function(*args)\n  File "C:\\Users\\VIDYANKSHINI\\AppData\\Local\\Programs\\Python\\Python313\\Lib\\site-packages\\_pytest\\runner.py", line 165, in pytest_runtest_setup\n    item.session._setupstate.setup(item)\n  File "C:\\Users\\VIDYANKSHINI\\AppData\\Local\\Programs\\Python\\Python313\\Lib\\site-packages\\_pytest\\runner.py", line 523, in setup\n    col.setup()\n  File "C:\\Users\\VIDYANKSHINI\\AppData\\Local\\Programs\\Python\\Python313\\Lib\\site-packages\\_pytest\\python.py", line 1723, in setup\n    self._request._fillfixtures()\n  File "C:\\Users\\VIDYANKSHINI\\AppData\\Local\\Programs\\Python\\Python313\\Lib\\site-packages\\_pytest\\fixtures.py", line 707, in _fillfixtures\n    item.funcargs[argname] = self.getfixturevalue(argname)\n  File "C:\\Users\\VIDYANKSHINI\\AppData\\Local\\Programs\\Python\\Python313\\Lib\\site-packages\\_pytest\\fixtures.py", line 539, in getfixturevalue\n    fixturedef = self._get_active_fixturedef(argname)\n  File "C:\\Users\\VIDYANKSHINI\\AppData\\Local\\Programs\\Python\\Python313\\Lib\\site-packages\\_pytest\\fixtures.py", line 627, in _get_active_fixturedef\n    fixturedef.execute(request=subrequest)\n  File "C:\\Users\\VIDYANKSHINI\\AppData\\Local\\Programs\\Python\\Python313\\Lib\\site-packages\\_pytest\\fixtures.py", line 1110, in execute\n    result: FixtureValue = ihook.pytest_fixture_setup(\n  File "C:\\Users\\VIDYANKSHINI\\AppData\\Local\\Programs\\Python\\Python313\\Lib\\site-packages\\pluggy\\_hooks.py", line 512, in __call__\n    return self._hookexec(self.name, self._hookimpls.copy(), kwargs, firstresult)\n  File "C:\\Users\\VIDYANKSHINI\\AppData\\Local\\Programs\\Python\\Python313\\Lib\\site-packages\\pluggy\\_manager.py", line 120, in _hookexec\n    return self._inner_hookexec(hook_name, methods, kwargs, firstresult)\n  File "C:\\Users\\VIDYANKSHINI\\AppData\\Local\\Programs\\Python\\Python313\\Lib\\site-packages\\pluggy\\_callers.py", line 121, in _multicall\n    res = hook_impl.function(*args)\n  File "C:\\Users\\VIDYANKSHINI\\AppData\\Local\\Programs\\Python\\Python313\\Lib\\site-packages\\_pytest\\fixtures.py", line 1202, in pytest_fixture_setup\n    result = call_fixture_func(fixturefunc, request, kwargs)\n  File "C:\\Users\\VIDYANKSHINI\\AppData\\Local\\Programs\\Python\\Python313\\Lib\\site-packages\\_pytest\\fixtures.py", line 908, in call_fixture_func\n    fixture_result = next(generator)\n  File "C:\\Users\\VIDYANKSHINI\\Desktop\\project\\SecuScan\\testing\\backend\\conftest.py", line 57, in test_client\n    asyncio.run(setup())\n  File "C:\\Users\\VIDYANKSHINI\\AppData\\Local\\Programs\\Python\\Python313\\Lib\\asyncio\\runners.py", line 195, in run\n    return runner.run(main)\n  File "C:\\Users\\VIDYANKSHINI\\AppData\\Local\\Programs\\Python\\Python313\\Lib\\asyncio\\runners.py", line 118, in run\n    return self._loop.run_until_complete(task)\n  File "C:\\Users\\VIDYANKSHINI\\AppData\\Local\\Programs\\Python\\Python313\\Lib\\asyncio\\base_events.py", line 712, in run_until_complete\n    self.run_forever()\n  File "C:\\Users\\VIDYANKSHINI\\AppData\\Local\\Programs\\Python\\Python313\\Lib\\asyncio\\base_events.py", line 683, in run_forever\n    self._run_once()\n  File "C:\\Users\\VIDYANKSHINI\\AppData\\Local\\Programs\\Python\\Python313\\Lib\\asyncio\\base_events.py", line 2040, in _run_once\n    handle._run()\n  File "C:\\Users\\VIDYANKSHINI\\AppData\\Local\\Programs\\Python\\Python313\\Lib\\asyncio\\events.py", line 89, in _run\n    self._context.run(self._callback, *self._args)\n  File "C:\\Users\\VIDYANKSHINI\\Desktop\\project\\SecuScan\\testing\\backend\\conftest.py", line 55, in setup\n    await init_plugins(settings.plugins_dir)\n  File "C:\\Users\\VIDYANKSHINI\\Desktop\\project\\SecuScan\\backend\\secuscan\\plugins.py", line 382, in init_plugins\n    await plugin_manager.load_plugins()\n  File "C:\\Users\\VIDYANKSHINI\\Desktop\\project\\SecuScan\\backend\\secuscan\\plugins.py", line 59, in load_plugins\n    logger.info(f"\u2713 Loaded plugin: {plugin_meta.name} v{plugin_meta.version}")\nMessage: '\u2713 Loaded plugin: Volatility v1.0.0'\nArguments: ()\n--- Logging error ---\nTraceback (most recent call last):\n  File "C:\\Users\\VIDYANKSHINI\\AppData\\Local\\Programs\\Python\\Python313\\Lib\\logging\\__init__.py", line 1153, in emit\n    stream.write(msg + self.terminator)\n    ~~~~~~~~~~~~^^^^^^^^^^^^^^^^^^^^^^^\n  File "C:\\Users\\VIDYANKSHINI\\AppData\\Local\\Programs\\Python\\Python313\\Lib\\encodings\\cp1252.py", line 19, in encode\n    return codecs.charmap_encode(input,self.errors,encoding_table)[0]\n           ~~~~~~~~~~~~~~~~~~~~~^^^^^^^^^^^^^^^^^^^^^^^^^^^^^^^^^^\nUnicodeEncodeError: 'charmap' codec can't encode character '\\u2713' in position 60: character maps to <undefined>\nCall stack:\n  File "<frozen runpy>", line 198, in _run_module_as_main\n  File "<frozen runpy>", line 88, in _run_code\n  File "C:\\Users\\VIDYANKSHINI\\AppData\\Local\\Programs\\Python\\Python313\\Scripts\\pytest.exe\\__main__.py", line 7, in <module>\n    sys.exit(console_main())\n  File "C:\\Users\\VIDYANKSHINI\\AppData\\Local\\Programs\\Python\\Python313\\Lib\\site-packages\\_pytest\\config\\__init__.py", line 223, in console_main\n    code = main()\n  File "C:\\Users\\VIDYANKSHINI\\AppData\\Local\\Programs\\Python\\Python313\\Lib\\site-packages\\_pytest\\config\\__init__.py", line 199, in main\n    ret: ExitCode | int = config.hook.pytest_cmdline_main(config=config)\n  File "C:\\Users\\VIDYANKSHINI\\AppData\\Local\\Programs\\Python\\Python313\\Lib\\site-packages\\pluggy\\_hooks.py", line 512, in __call__\n    return self._hookexec(self.name, self._hookimpls.copy(), kwargs, firstresult)\n  File "C:\\Users\\VIDYANKSHINI\\AppData\\Local\\Programs\\Python\\Python313\\Lib\\site-packages\\pluggy\\_manager.py", line 120, in _hookexec\n    return self._inner_hookexec(hook_name, methods, kwargs, firstresult)\n  File "C:\\Users\\VIDYANKSHINI\\AppData\\Local\\Programs\\Python\\Python313\\Lib\\site-packages\\pluggy\\_callers.py", line 121, in _multicall\n    res = hook_impl.function(*args)\n  File "C:\\Users\\VIDYANKSHINI\\AppData\\Local\\Programs\\Python\\Python313\\Lib\\site-packages\\_pytest\\main.py", line 365, in pytest_cmdline_main\n    return wrap_session(config, _main)\n  File "C:\\Users\\VIDYANKSHINI\\AppData\\Local\\Programs\\Python\\Python313\\Lib\\site-packages\\_pytest\\main.py", line 318, in wrap_session\n    session.exitstatus = doit(config, session) or 0\n  File "C:\\Users\\VIDYANKSHINI\\AppData\\Local\\Programs\\Python\\Python313\\Lib\\site-packages\\_pytest\\main.py", line 372, in _main\n    config.hook.pytest_runtestloop(session=session)\n  File "C:\\Users\\VIDYANKSHINI\\AppData\\Local\\Programs\\Python\\Python313\\Lib\\site-packages\\pluggy\\_hooks.py", line 512, in __call__\n    return self._hookexec(self.name, self._hookimpls.copy(), kwargs, firstresult)\n  File "C:\\Users\\VIDYANKSHINI\\AppData\\Local\\Programs\\Python\\Python313\\Lib\\site-packages\\pluggy\\_manager.py", line 120, in _hookexec\n    return self._inner_hookexec(hook_name, methods, kwargs, firstresult)\n  File "C:\\Users\\VIDYANKSHINI\\AppData\\Local\\Programs\\Python\\Python313\\Lib\\site-packages\\pluggy\\_callers.py", line 121, in _multicall\n    res = hook_impl.function(*args)\n  File "C:\\Users\\VIDYANKSHINI\\AppData\\Local\\Programs\\Python\\Python313\\Lib\\site-packages\\_pytest\\main.py", line 396, in pytest_runtestloop\n    item.config.hook.pytest_runtest_protocol(item=item, nextitem=nextitem)\n  File "C:\\Users\\VIDYANKSHINI\\AppData\\Local\\Programs\\Python\\Python313\\Lib\\site-packages\\pluggy\\_hooks.py", line 512, in __call__\n    return self._hookexec(self.name, self._hookimpls.copy(), kwargs, firstresult)\n  File "C:\\Users\\VIDYANKSHINI\\AppData\\Local\\Programs\\Python\\Python313\\Lib\\site-packages\\pluggy\\_manager.py", line 120, in _hookexec\n    return self._inner_hookexec(hook_name, methods, kwargs, firstresult)\n  File "C:\\Users\\VIDYANKSHINI\\AppData\\Local\\Programs\\Python\\Python313\\Lib\\site-packages\\pluggy\\_callers.py", line 121, in _multicall\n    res = hook_impl.function(*args)\n  File "C:\\Users\\VIDYANKSHINI\\AppData\\Local\\Programs\\Python\\Python313\\Lib\\site-packages\\_pytest\\runner.py", line 118, in pytest_runtest_protocol\n    runtestprotocol(item, nextitem=nextitem)\n  File "C:\\Users\\VIDYANKSHINI\\AppData\\Local\\Programs\\Python\\Python313\\Lib\\site-packages\\_pytest\\runner.py", line 131, in runtestprotocol\n    rep = call_and_report(item, "setup", log)\n  File "C:\\Users\\VIDYANKSHINI\\AppData\\Local\\Programs\\Python\\Python313\\Lib\\site-packages\\_pytest\\runner.py", line 244, in call_and_report\n    call = CallInfo.from_call(\n  File "C:\\Users\\VIDYANKSHINI\\AppData\\Local\\Programs\\Python\\Python313\\Lib\\site-packages\\_pytest\\runner.py", line 353, in from_call\n    result: TResult | None = func()\n  File "C:\\Users\\VIDYANKSHINI\\AppData\\Local\\Programs\\Python\\Python313\\Lib\\site-packages\\_pytest\\runner.py", line 245, in <lambda>\n    lambda: runtest_hook(item=item, **kwds),\n  File "C:\\Users\\VIDYANKSHINI\\AppData\\Local\\Programs\\Python\\Python313\\Lib\\site-packages\\pluggy\\_hooks.py", line 512, in __call__\n    return self._hookexec(self.name, self._hookimpls.copy(), kwargs, firstresult)\n  File "C:\\Users\\VIDYANKSHINI\\AppData\\Local\\Programs\\Python\\Python313\\Lib\\site-packages\\pluggy\\_manager.py", line 120, in _hookexec\n    return self._inner_hookexec(hook_name, methods, kwargs, firstresult)\n  File "C:\\Users\\VIDYANKSHINI\\AppData\\Local\\Programs\\Python\\Python313\\Lib\\site-packages\\pluggy\\_callers.py", line 121, in _multicall\n    res = hook_impl.function(*args)\n  File "C:\\Users\\VIDYANKSHINI\\AppData\\Local\\Programs\\Python\\Python313\\Lib\\site-packages\\_pytest\\runner.py", line 165, in pytest_runtest_setup\n    item.session._setupstate.setup(item)\n  File "C:\\Users\\VIDYANKSHINI\\AppData\\Local\\Programs\\Python\\Python313\\Lib\\site-packages\\_pytest\\runner.py", line 523, in setup\n    col.setup()\n  File "C:\\Users\\VIDYANKSHINI\\AppData\\Local\\Programs\\Python\\Python313\\Lib\\site-packages\\_pytest\\python.py", line 1723, in setup\n    self._request._fillfixtures()\n  File "C:\\Users\\VIDYANKSHINI\\AppData\\Local\\Programs\\Python\\Python313\\Lib\\site-packages\\_pytest\\fixtures.py", line 707, in _fillfixtures\n    item.funcargs[argname] = self.getfixturevalue(argname)\n  File "C:\\Users\\VIDYANKSHINI\\AppData\\Local\\Programs\\Python\\Python313\\Lib\\site-packages\\_pytest\\fixtures.py", line 539, in getfixturevalue\n    fixturedef = self._get_active_fixturedef(argname)\n  File "C:\\Users\\VIDYANKSHINI\\AppData\\Local\\Programs\\Python\\Python313\\Lib\\site-packages\\_pytest\\fixtures.py", line 627, in _get_active_fixturedef\n    fixturedef.execute(request=subrequest)\n  File "C:\\Users\\VIDYANKSHINI\\AppData\\Local\\Programs\\Python\\Python313\\Lib\\site-packages\\_pytest\\fixtures.py", line 1110, in execute\n    result: FixtureValue = ihook.pytest_fixture_setup(\n  File "C:\\Users\\VIDYANKSHINI\\AppData\\Local\\Programs\\Python\\Python313\\Lib\\site-packages\\pluggy\\_hooks.py", line 512, in __call__\n    return self._hookexec(self.name, self._hookimpls.copy(), kwargs, firstresult)\n  File "C:\\Users\\VIDYANKSHINI\\AppData\\Local\\Programs\\Python\\Python313\\Lib\\site-packages\\pluggy\\_manager.py", line 120, in _hookexec\n    return self._inner_hookexec(hook_name, methods, kwargs, firstresult)\n  File "C:\\Users\\VIDYANKSHINI\\AppData\\Local\\Programs\\Python\\Python313\\Lib\\site-packages\\pluggy\\_callers.py", line 121, in _multicall\n    res = hook_impl.function(*args)\n  File "C:\\Users\\VIDYANKSHINI\\AppData\\Local\\Programs\\Python\\Python313\\Lib\\site-packages\\_pytest\\fixtures.py", line 1202, in pytest_fixture_setup\n    result = call_fixture_func(fixturefunc, request, kwargs)\n  File "C:\\Users\\VIDYANKSHINI\\AppData\\Local\\Programs\\Python\\Python313\\Lib\\site-packages\\_pytest\\fixtures.py", line 908, in call_fixture_func\n    fixture_result = next(generator)\n  File "C:\\Users\\VIDYANKSHINI\\Desktop\\project\\SecuScan\\testing\\backend\\conftest.py", line 57, in test_client\n    asyncio.run(setup())\n  File "C:\\Users\\VIDYANKSHINI\\AppData\\Local\\Programs\\Python\\Python313\\Lib\\asyncio\\runners.py", line 195, in run\n    return runner.run(main)\n  File "C:\\Users\\VIDYANKSHINI\\AppData\\Local\\Programs\\Python\\Python313\\Lib\\asyncio\\runners.py", line 118, in run\n    return self._loop.run_until_complete(task)\n  File "C:\\Users\\VIDYANKSHINI\\AppData\\Local\\Programs\\Python\\Python313\\Lib\\asyncio\\base_events.py", line 712, in run_until_complete\n    self.run_forever()\n  File "C:\\Users\\VIDYANKSHINI\\AppData\\Local\\Programs\\Python\\Python313\\Lib\\asyncio\\base_events.py", line 683, in run_forever\n    self._run_once()\n  File "C:\\Users\\VIDYANKSHINI\\AppData\\Local\\Programs\\Python\\Python313\\Lib\\asyncio\\base_events.py", line 2040, in _run_once\n    handle._run()\n  File "C:\\Users\\VIDYANKSHINI\\AppData\\Local\\Programs\\Python\\Python313\\Lib\\asyncio\\events.py", line 89, in _run\n    self._context.run(self._callback, *self._args)\n  File "C:\\Users\\VIDYANKSHINI\\Desktop\\project\\SecuScan\\testing\\backend\\conftest.py", line 55, in setup\n    await init_plugins(settings.plugins_dir)\n  File "C:\\Users\\VIDYANKSHINI\\Desktop\\project\\SecuScan\\backend\\secuscan\\plugins.py", line 382, in init_plugins\n    await plugin_manager.load_plugins()\n  File "C:\\Users\\VIDYANKSHINI\\Desktop\\project\\SecuScan\\backend\\secuscan\\plugins.py", line 59, in load_plugins\n    logger.info(f"\u2713 Loaded plugin: {plugin_meta.name} v{plugin_meta.version}")\nMessage: '\u2713 Loaded plugin: WAF Detector v1.0.0'\nArguments: ()\n--- Logging error ---\nTraceback (most recent call last):\n  File "C:\\Users\\VIDYANKSHINI\\AppData\\Local\\Programs\\Python\\Python313\\Lib\\logging\\__init__.py", line 1153, in emit\n    stream.write(msg + self.terminator)\n    ~~~~~~~~~~~~^^^^^^^^^^^^^^^^^^^^^^^\n  File "C:\\Users\\VIDYANKSHINI\\AppData\\Local\\Programs\\Python\\Python313\\Lib\\encodings\\cp1252.py", line 19, in encode\n    return codecs.charmap_encode(input,self.errors,encoding_table)[0]\n           ~~~~~~~~~~~~~~~~~~~~~^^^^^^^^^^^^^^^^^^^^^^^^^^^^^^^^^^\nUnicodeEncodeError: 'charmap' codec can't encode character '\\u2713' in position 60: character maps to <undefined>\nCall stack:\n  File "<frozen runpy>", line 198, in _run_module_as_main\n  File "<frozen runpy>", line 88, in _run_code\n  File "C:\\Users\\VIDYANKSHINI\\AppData\\Local\\Programs\\Python\\Python313\\Scripts\\pytest.exe\\__main__.py", line 7, in <module>\n    sys.exit(console_main())\n  File "C:\\Users\\VIDYANKSHINI\\AppData\\Local\\Programs\\Python\\Python313\\Lib\\site-packages\\_pytest\\config\\__init__.py", line 223, in console_main\n    code = main()\n  File "C:\\Users\\VIDYANKSHINI\\AppData\\Local\\Programs\\Python\\Python313\\Lib\\site-packages\\_pytest\\config\\__init__.py", line 199, in main\n    ret: ExitCode | int = config.hook.pytest_cmdline_main(config=config)\n  File "C:\\Users\\VIDYANKSHINI\\AppData\\Local\\Programs\\Python\\Python313\\Lib\\site-packages\\pluggy\\_hooks.py", line 512, in __call__\n    return self._hookexec(self.name, self._hookimpls.copy(), kwargs, firstresult)\n  File "C:\\Users\\VIDYANKSHINI\\AppData\\Local\\Programs\\Python\\Python313\\Lib\\site-packages\\pluggy\\_manager.py", line 120, in _hookexec\n    return self._inner_hookexec(hook_name, methods, kwargs, firstresult)\n  File "C:\\Users\\VIDYANKSHINI\\AppData\\Local\\Programs\\Python\\Python313\\Lib\\site-packages\\pluggy\\_callers.py", line 121, in _multicall\n    res = hook_impl.function(*args)\n  File "C:\\Users\\VIDYANKSHINI\\AppData\\Local\\Programs\\Python\\Python313\\Lib\\site-packages\\_pytest\\main.py", line 365, in pytest_cmdline_main\n    return wrap_session(config, _main)\n  File "C:\\Users\\VIDYANKSHINI\\AppData\\Local\\Programs\\Python\\Python313\\Lib\\site-packages\\_pytest\\main.py", line 318, in wrap_session\n    session.exitstatus = doit(config, session) or 0\n  File "C:\\Users\\VIDYANKSHINI\\AppData\\Local\\Programs\\Python\\Python313\\Lib\\site-packages\\_pytest\\main.py", line 372, in _main\n    config.hook.pytest_runtestloop(session=session)\n  File "C:\\Users\\VIDYANKSHINI\\AppData\\Local\\Programs\\Python\\Python313\\Lib\\site-packages\\pluggy\\_hooks.py", line 512, in __call__\n    return self._hookexec(self.name, self._hookimpls.copy(), kwargs, firstresult)\n  File "C:\\Users\\VIDYANKSHINI\\AppData\\Local\\Programs\\Python\\Python313\\Lib\\site-packages\\pluggy\\_manager.py", line 120, in _hookexec\n    return self._inner_hookexec(hook_name, methods, kwargs, firstresult)\n  File "C:\\Users\\VIDYANKSHINI\\AppData\\Local\\Programs\\Python\\Python313\\Lib\\site-packages\\pluggy\\_callers.py", line 121, in _multicall\n    res = hook_impl.function(*args)\n  File "C:\\Users\\VIDYANKSHINI\\AppData\\Local\\Programs\\Python\\Python313\\Lib\\site-packages\\_pytest\\main.py", line 396, in pytest_runtestloop\n    item.config.hook.pytest_runtest_protocol(item=item, nextitem=nextitem)\n  File "C:\\Users\\VIDYANKSHINI\\AppData\\Local\\Programs\\Python\\Python313\\Lib\\site-packages\\pluggy\\_hooks.py", line 512, in __call__\n    return self._hookexec(self.name, self._hookimpls.copy(), kwargs, firstresult)\n  File "C:\\Users\\VIDYANKSHINI\\AppData\\Local\\Programs\\Python\\Python313\\Lib\\site-packages\\pluggy\\_manager.py", line 120, in _hookexec\n    return self._inner_hookexec(hook_name, methods, kwargs, firstresult)\n  File "C:\\Users\\VIDYANKSHINI\\AppData\\Local\\Programs\\Python\\Python313\\Lib\\site-packages\\pluggy\\_callers.py", line 121, in _multicall\n    res = hook_impl.function(*args)\n  File "C:\\Users\\VIDYANKSHINI\\AppData\\Local\\Programs\\Python\\Python313\\Lib\\site-packages\\_pytest\\runner.py", line 118, in pytest_runtest_protocol\n    runtestprotocol(item, nextitem=nextitem)\n  File "C:\\Users\\VIDYANKSHINI\\AppData\\Local\\Programs\\Python\\Python313\\Lib\\site-packages\\_pytest\\runner.py", line 131, in runtestprotocol\n    rep = call_and_report(item, "setup", log)\n  File "C:\\Users\\VIDYANKSHINI\\AppData\\Local\\Programs\\Python\\Python313\\Lib\\site-packages\\_pytest\\runner.py", line 244, in call_and_report\n    call = CallInfo.from_call(\n  File "C:\\Users\\VIDYANKSHINI\\AppData\\Local\\Programs\\Python\\Python313\\Lib\\site-packages\\_pytest\\runner.py", line 353, in from_call\n    result: TResult | None = func()\n  File "C:\\Users\\VIDYANKSHINI\\AppData\\Local\\Programs\\Python\\Python313\\Lib\\site-packages\\_pytest\\runner.py", line 245, in <lambda>\n    lambda: runtest_hook(item=item, **kwds),\n  File "C:\\Users\\VIDYANKSHINI\\AppData\\Local\\Programs\\Python\\Python313\\Lib\\site-packages\\pluggy\\_hooks.py", line 512, in __call__\n    return self._hookexec(self.name, self._hookimpls.copy(), kwargs, firstresult)\n  File "C:\\Users\\VIDYANKSHINI\\AppData\\Local\\Programs\\Python\\Python313\\Lib\\site-packages\\pluggy\\_manager.py", line 120, in _hookexec\n    return self._inner_hookexec(hook_name, methods, kwargs, firstresult)\n  File "C:\\Users\\VIDYANKSHINI\\AppData\\Local\\Programs\\Python\\Python313\\Lib\\site-packages\\pluggy\\_callers.py", line 121, in _multicall\n    res = hook_impl.function(*args)\n  File "C:\\Users\\VIDYANKSHINI\\AppData\\Local\\Programs\\Python\\Python313\\Lib\\site-packages\\_pytest\\runner.py", line 165, in pytest_runtest_setup\n    item.session._setupstate.setup(item)\n  File "C:\\Users\\VIDYANKSHINI\\AppData\\Local\\Programs\\Python\\Python313\\Lib\\site-packages\\_pytest\\runner.py", line 523, in setup\n    col.setup()\n  File "C:\\Users\\VIDYANKSHINI\\AppData\\Local\\Programs\\Python\\Python313\\Lib\\site-packages\\_pytest\\python.py", line 1723, in setup\n    self._request._fillfixtures()\n  File "C:\\Users\\VIDYANKSHINI\\AppData\\Local\\Programs\\Python\\Python313\\Lib\\site-packages\\_pytest\\fixtures.py", line 707, in _fillfixtures\n    item.funcargs[argname] = self.getfixturevalue(argname)\n  File "C:\\Users\\VIDYANKSHINI\\AppData\\Local\\Programs\\Python\\Python313\\Lib\\site-packages\\_pytest\\fixtures.py", line 539, in getfixturevalue\n    fixturedef = self._get_active_fixturedef(argname)\n  File "C:\\Users\\VIDYANKSHINI\\AppData\\Local\\Programs\\Python\\Python313\\Lib\\site-packages\\_pytest\\fixtures.py", line 627, in _get_active_fixturedef\n    fixturedef.execute(request=subrequest)\n  File "C:\\Users\\VIDYANKSHINI\\AppData\\Local\\Programs\\Python\\Python313\\Lib\\site-packages\\_pytest\\fixtures.py", line 1110, in execute\n    result: FixtureValue = ihook.pytest_fixture_setup(\n  File "C:\\Users\\VIDYANKSHINI\\AppData\\Local\\Programs\\Python\\Python313\\Lib\\site-packages\\pluggy\\_hooks.py", line 512, in __call__\n    return self._hookexec(self.name, self._hookimpls.copy(), kwargs, firstresult)\n  File "C:\\Users\\VIDYANKSHINI\\AppData\\Local\\Programs\\Python\\Python313\\Lib\\site-packages\\pluggy\\_manager.py", line 120, in _hookexec\n    return self._inner_hookexec(hook_name, methods, kwargs, firstresult)\n  File "C:\\Users\\VIDYANKSHINI\\AppData\\Local\\Programs\\Python\\Python313\\Lib\\site-packages\\pluggy\\_callers.py", line 121, in _multicall\n    res = hook_impl.function(*args)\n  File "C:\\Users\\VIDYANKSHINI\\AppData\\Local\\Programs\\Python\\Python313\\Lib\\site-packages\\_pytest\\fixtures.py", line 1202, in pytest_fixture_setup\n    result = call_fixture_func(fixturefunc, request, kwargs)\n  File "C:\\Users\\VIDYANKSHINI\\AppData\\Local\\Programs\\Python\\Python313\\Lib\\site-packages\\_pytest\\fixtures.py", line 908, in call_fixture_func\n    fixture_result = next(generator)\n  File "C:\\Users\\VIDYANKSHINI\\Desktop\\project\\SecuScan\\testing\\backend\\conftest.py", line 57, in test_client\n    asyncio.run(setup())\n  File "C:\\Users\\VIDYANKSHINI\\AppData\\Local\\Programs\\Python\\Python313\\Lib\\asyncio\\runners.py", line 195, in run\n    return runner.run(main)\n  File "C:\\Users\\VIDYANKSHINI\\AppData\\Local\\Programs\\Python\\Python313\\Lib\\asyncio\\runners.py", line 118, in run\n    return self._loop.run_until_complete(task)\n  File "C:\\Users\\VIDYANKSHINI\\AppData\\Local\\Programs\\Python\\Python313\\Lib\\asyncio\\base_events.py", line 712, in run_until_complete\n    self.run_forever()\n  File "C:\\Users\\VIDYANKSHINI\\AppData\\Local\\Programs\\Python\\Python313\\Lib\\asyncio\\base_events.py", line 683, in run_forever\n    self._run_once()\n  File "C:\\Users\\VIDYANKSHINI\\AppData\\Local\\Programs\\Python\\Python313\\Lib\\asyncio\\base_events.py", line 2040, in _run_once\n    handle._run()\n  File "C:\\Users\\VIDYANKSHINI\\AppData\\Local\\Programs\\Python\\Python313\\Lib\\asyncio\\events.py", line 89, in _run\n    self._context.run(self._callback, *self._args)\n  File "C:\\Users\\VIDYANKSHINI\\Desktop\\project\\SecuScan\\testing\\backend\\conftest.py", line 55, in setup\n    await init_plugins(settings.plugins_dir)\n  File "C:\\Users\\VIDYANKSHINI\\Desktop\\project\\SecuScan\\backend\\secuscan\\plugins.py", line 382, in init_plugins\n    await plugin_manager.load_plugins()\n  File "C:\\Users\\VIDYANKSHINI\\Desktop\\project\\SecuScan\\backend\\secuscan\\plugins.py", line 59, in load_plugins\n    logger.info(f"\u2713 Loaded plugin: {plugin_meta.name} v{plugin_meta.version}")\nMessage: '\u2713 Loaded plugin: Website Recon v1.0.0'\nArguments: ()\n--- Logging error ---\nTraceback (most recent call last):\n  File "C:\\Users\\VIDYANKSHINI\\AppData\\Local\\Programs\\Python\\Python313\\Lib\\logging\\__init__.py", line 1153, in emit\n    stream.write(msg + self.terminator)\n    ~~~~~~~~~~~~^^^^^^^^^^^^^^^^^^^^^^^\n  File "C:\\Users\\VIDYANKSHINI\\AppData\\Local\\Programs\\Python\\Python313\\Lib\\encodings\\cp1252.py", line 19, in encode\n    return codecs.charmap_encode(input,self.errors,encoding_table)[0]\n           ~~~~~~~~~~~~~~~~~~~~~^^^^^^^^^^^^^^^^^^^^^^^^^^^^^^^^^^\nUnicodeEncodeError: 'charmap' codec can't encode character '\\u2713' in position 60: character maps to <undefined>\nCall stack:\n  File "<frozen runpy>", line 198, in _run_module_as_main\n  File "<frozen runpy>", line 88, in _run_code\n  File "C:\\Users\\VIDYANKSHINI\\AppData\\Local\\Programs\\Python\\Python313\\Scripts\\pytest.exe\\__main__.py", line 7, in <module>\n    sys.exit(console_main())\n  File "C:\\Users\\VIDYANKSHINI\\AppData\\Local\\Programs\\Python\\Python313\\Lib\\site-packages\\_pytest\\config\\__init__.py", line 223, in console_main\n    code = main()\n  File "C:\\Users\\VIDYANKSHINI\\AppData\\Local\\Programs\\Python\\Python313\\Lib\\site-packages\\_pytest\\config\\__init__.py", line 199, in main\n    ret: ExitCode | int = config.hook.pytest_cmdline_main(config=config)\n  File "C:\\Users\\VIDYANKSHINI\\AppData\\Local\\Programs\\Python\\Python313\\Lib\\site-packages\\pluggy\\_hooks.py", line 512, in __call__\n    return self._hookexec(self.name, self._hookimpls.copy(), kwargs, firstresult)\n  File "C:\\Users\\VIDYANKSHINI\\AppData\\Local\\Programs\\Python\\Python313\\Lib\\site-packages\\pluggy\\_manager.py", line 120, in _hookexec\n    return self._inner_hookexec(hook_name, methods, kwargs, firstresult)\n  File "C:\\Users\\VIDYANKSHINI\\AppData\\Local\\Programs\\Python\\Python313\\Lib\\site-packages\\pluggy\\_callers.py", line 121, in _multicall\n    res = hook_impl.function(*args)\n  File "C:\\Users\\VIDYANKSHINI\\AppData\\Local\\Programs\\Python\\Python313\\Lib\\site-packages\\_pytest\\main.py", line 365, in pytest_cmdline_main\n    return wrap_session(config, _main)\n  File "C:\\Users\\VIDYANKSHINI\\AppData\\Local\\Programs\\Python\\Python313\\Lib\\site-packages\\_pytest\\main.py", line 318, in wrap_session\n    session.exitstatus = doit(config, session) or 0\n  File "C:\\Users\\VIDYANKSHINI\\AppData\\Local\\Programs\\Python\\Python313\\Lib\\site-packages\\_pytest\\main.py", line 372, in _main\n    config.hook.pytest_runtestloop(session=session)\n  File "C:\\Users\\VIDYANKSHINI\\AppData\\Local\\Programs\\Python\\Python313\\Lib\\site-packages\\pluggy\\_hooks.py", line 512, in __call__\n    return self._hookexec(self.name, self._hookimpls.copy(), kwargs, firstresult)\n  File "C:\\Users\\VIDYANKSHINI\\AppData\\Local\\Programs\\Python\\Python313\\Lib\\site-packages\\pluggy\\_manager.py", line 120, in _hookexec\n    return self._inner_hookexec(hook_name, methods, kwargs, firstresult)\n  File "C:\\Users\\VIDYANKSHINI\\AppData\\Local\\Programs\\Python\\Python313\\Lib\\site-packages\\pluggy\\_callers.py", line 121, in _multicall\n    res = hook_impl.function(*args)\n  File "C:\\Users\\VIDYANKSHINI\\AppData\\Local\\Programs\\Python\\Python313\\Lib\\site-packages\\_pytest\\main.py", line 396, in pytest_runtestloop\n    item.config.hook.pytest_runtest_protocol(item=item, nextitem=nextitem)\n  File "C:\\Users\\VIDYANKSHINI\\AppData\\Local\\Programs\\Python\\Python313\\Lib\\site-packages\\pluggy\\_hooks.py", line 512, in __call__\n    return self._hookexec(self.name, self._hookimpls.copy(), kwargs, firstresult)\n  File "C:\\Users\\VIDYANKSHINI\\AppData\\Local\\Programs\\Python\\Python313\\Lib\\site-packages\\pluggy\\_manager.py", line 120, in _hookexec\n    return self._inner_hookexec(hook_name, methods, kwargs, firstresult)\n  File "C:\\Users\\VIDYANKSHINI\\AppData\\Local\\Programs\\Python\\Python313\\Lib\\site-packages\\pluggy\\_callers.py", line 121, in _multicall\n    res = hook_impl.function(*args)\n  File "C:\\Users\\VIDYANKSHINI\\AppData\\Local\\Programs\\Python\\Python313\\Lib\\site-packages\\_pytest\\runner.py", line 118, in pytest_runtest_protocol\n    runtestprotocol(item, nextitem=nextitem)\n  File "C:\\Users\\VIDYANKSHINI\\AppData\\Local\\Programs\\Python\\Python313\\Lib\\site-packages\\_pytest\\runner.py", line 131, in runtestprotocol\n    rep = call_and_report(item, "setup", log)\n  File "C:\\Users\\VIDYANKSHINI\\AppData\\Local\\Programs\\Python\\Python313\\Lib\\site-packages\\_pytest\\runner.py", line 244, in call_and_report\n    call = CallInfo.from_call(\n  File "C:\\Users\\VIDYANKSHINI\\AppData\\Local\\Programs\\Python\\Python313\\Lib\\site-packages\\_pytest\\runner.py", line 353, in from_call\n    result: TResult | None = func()\n  File "C:\\Users\\VIDYANKSHINI\\AppData\\Local\\Programs\\Python\\Python313\\Lib\\site-packages\\_pytest\\runner.py", line 245, in <lambda>\n    lambda: runtest_hook(item=item, **kwds),\n  File "C:\\Users\\VIDYANKSHINI\\AppData\\Local\\Programs\\Python\\Python313\\Lib\\site-packages\\pluggy\\_hooks.py", line 512, in __call__\n    return self._hookexec(self.name, self._hookimpls.copy(), kwargs, firstresult)\n  File "C:\\Users\\VIDYANKSHINI\\AppData\\Local\\Programs\\Python\\Python313\\Lib\\site-packages\\pluggy\\_manager.py", line 120, in _hookexec\n    return self._inner_hookexec(hook_name, methods, kwargs, firstresult)\n  File "C:\\Users\\VIDYANKSHINI\\AppData\\Local\\Programs\\Python\\Python313\\Lib\\site-packages\\pluggy\\_callers.py", line 121, in _multicall\n    res = hook_impl.function(*args)\n  File "C:\\Users\\VIDYANKSHINI\\AppData\\Local\\Programs\\Python\\Python313\\Lib\\site-packages\\_pytest\\runner.py", line 165, in pytest_runtest_setup\n    item.session._setupstate.setup(item)\n  File "C:\\Users\\VIDYANKSHINI\\AppData\\Local\\Programs\\Python\\Python313\\Lib\\site-packages\\_pytest\\runner.py", line 523, in setup\n    col.setup()\n  File "C:\\Users\\VIDYANKSHINI\\AppData\\Local\\Programs\\Python\\Python313\\Lib\\site-packages\\_pytest\\python.py", line 1723, in setup\n    self._request._fillfixtures()\n  File "C:\\Users\\VIDYANKSHINI\\AppData\\Local\\Programs\\Python\\Python313\\Lib\\site-packages\\_pytest\\fixtures.py", line 707, in _fillfixtures\n    item.funcargs[argname] = self.getfixturevalue(argname)\n  File "C:\\Users\\VIDYANKSHINI\\AppData\\Local\\Programs\\Python\\Python313\\Lib\\site-packages\\_pytest\\fixtures.py", line 539, in getfixturevalue\n    fixturedef = self._get_active_fixturedef(argname)\n  File "C:\\Users\\VIDYANKSHINI\\AppData\\Local\\Programs\\Python\\Python313\\Lib\\site-packages\\_pytest\\fixtures.py", line 627, in _get_active_fixturedef\n    fixturedef.execute(request=subrequest)\n  File "C:\\Users\\VIDYANKSHINI\\AppData\\Local\\Programs\\Python\\Python313\\Lib\\site-packages\\_pytest\\fixtures.py", line 1110, in execute\n    result: FixtureValue = ihook.pytest_fixture_setup(\n  File "C:\\Users\\VIDYANKSHINI\\AppData\\Local\\Programs\\Python\\Python313\\Lib\\site-packages\\pluggy\\_hooks.py", line 512, in __call__\n    return self._hookexec(self.name, self._hookimpls.copy(), kwargs, firstresult)\n  File "C:\\Users\\VIDYANKSHINI\\AppData\\Local\\Programs\\Python\\Python313\\Lib\\site-packages\\pluggy\\_manager.py", line 120, in _hookexec\n    return self._inner_hookexec(hook_name, methods, kwargs, firstresult)\n  File "C:\\Users\\VIDYANKSHINI\\AppData\\Local\\Programs\\Python\\Python313\\Lib\\site-packages\\pluggy\\_callers.py", line 121, in _multicall\n    res = hook_impl.function(*args)\n  File "C:\\Users\\VIDYANKSHINI\\AppData\\Local\\Programs\\Python\\Python313\\Lib\\site-packages\\_pytest\\fixtures.py", line 1202, in pytest_fixture_setup\n    result = call_fixture_func(fixturefunc, request, kwargs)\n  File "C:\\Users\\VIDYANKSHINI\\AppData\\Local\\Programs\\Python\\Python313\\Lib\\site-packages\\_pytest\\fixtures.py", line 908, in call_fixture_func\n    fixture_result = next(generator)\n  File "C:\\Users\\VIDYANKSHINI\\Desktop\\project\\SecuScan\\testing\\backend\\conftest.py", line 57, in test_client\n    asyncio.run(setup())\n  File "C:\\Users\\VIDYANKSHINI\\AppData\\Local\\Programs\\Python\\Python313\\Lib\\asyncio\\runners.py", line 195, in run\n    return runner.run(main)\n  File "C:\\Users\\VIDYANKSHINI\\AppData\\Local\\Programs\\Python\\Python313\\Lib\\asyncio\\runners.py", line 118, in run\n    return self._loop.run_until_complete(task)\n  File "C:\\Users\\VIDYANKSHINI\\AppData\\Local\\Programs\\Python\\Python313\\Lib\\asyncio\\base_events.py", line 712, in run_until_complete\n    self.run_forever()\n  File "C:\\Users\\VIDYANKSHINI\\AppData\\Local\\Programs\\Python\\Python313\\Lib\\asyncio\\base_events.py", line 683, in run_forever\n    self._run_once()\n  File "C:\\Users\\VIDYANKSHINI\\AppData\\Local\\Programs\\Python\\Python313\\Lib\\asyncio\\base_events.py", line 2040, in _run_once\n    handle._run()\n  File "C:\\Users\\VIDYANKSHINI\\AppData\\Local\\Programs\\Python\\Python313\\Lib\\asyncio\\events.py", line 89, in _run\n    self._context.run(self._callback, *self._args)\n  File "C:\\Users\\VIDYANKSHINI\\Desktop\\project\\SecuScan\\testing\\backend\\conftest.py", line 55, in setup\n    await init_plugins(settings.plugins_dir)\n  File "C:\\Users\\VIDYANKSHINI\\Desktop\\project\\SecuScan\\backend\\secuscan\\plugins.py", line 382, in init_plugins\n    await plugin_manager.load_plugins()\n  File "C:\\Users\\VIDYANKSHINI\\Desktop\\project\\SecuScan\\backend\\secuscan\\plugins.py", line 59, in load_plugins\n    logger.info(f"\u2713 Loaded plugin: {plugin_meta.name} v{plugin_meta.version}")\nMessage: '\u2713 Loaded plugin: Domain Registration Lookup v1.0.0'\nArguments: ()\n--- Logging error ---\nTraceback (most recent call last):\n  File "C:\\Users\\VIDYANKSHINI\\AppData\\Local\\Programs\\Python\\Python313\\Lib\\logging\\__init__.py", line 1153, in emit\n    stream.write(msg + self.terminator)\n    ~~~~~~~~~~~~^^^^^^^^^^^^^^^^^^^^^^^\n  File "C:\\Users\\VIDYANKSHINI\\AppData\\Local\\Programs\\Python\\Python313\\Lib\\encodings\\cp1252.py", line 19, in encode\n    return codecs.charmap_encode(input,self.errors,encoding_table)[0]\n           ~~~~~~~~~~~~~~~~~~~~~^^^^^^^^^^^^^^^^^^^^^^^^^^^^^^^^^^\nUnicodeEncodeError: 'charmap' codec can't encode character '\\u2713' in position 60: character maps to <undefined>\nCall stack:\n  File "<frozen runpy>", line 198, in _run_module_as_main\n  File "<frozen runpy>", line 88, in _run_code\n  File "C:\\Users\\VIDYANKSHINI\\AppData\\Local\\Programs\\Python\\Python313\\Scripts\\pytest.exe\\__main__.py", line 7, in <module>\n    sys.exit(console_main())\n  File "C:\\Users\\VIDYANKSHINI\\AppData\\Local\\Programs\\Python\\Python313\\Lib\\site-packages\\_pytest\\config\\__init__.py", line 223, in console_main\n    code = main()\n  File "C:\\Users\\VIDYANKSHINI\\AppData\\Local\\Programs\\Python\\Python313\\Lib\\site-packages\\_pytest\\config\\__init__.py", line 199, in main\n    ret: ExitCode | int = config.hook.pytest_cmdline_main(config=config)\n  File "C:\\Users\\VIDYANKSHINI\\AppData\\Local\\Programs\\Python\\Python313\\Lib\\site-packages\\pluggy\\_hooks.py", line 512, in __call__\n    return self._hookexec(self.name, self._hookimpls.copy(), kwargs, firstresult)\n  File "C:\\Users\\VIDYANKSHINI\\AppData\\Local\\Programs\\Python\\Python313\\Lib\\site-packages\\pluggy\\_manager.py", line 120, in _hookexec\n    return self._inner_hookexec(hook_name, methods, kwargs, firstresult)\n  File "C:\\Users\\VIDYANKSHINI\\AppData\\Local\\Programs\\Python\\Python313\\Lib\\site-packages\\pluggy\\_callers.py", line 121, in _multicall\n    res = hook_impl.function(*args)\n  File "C:\\Users\\VIDYANKSHINI\\AppData\\Local\\Programs\\Python\\Python313\\Lib\\site-packages\\_pytest\\main.py", line 365, in pytest_cmdline_main\n    return wrap_session(config, _main)\n  File "C:\\Users\\VIDYANKSHINI\\AppData\\Local\\Programs\\Python\\Python313\\Lib\\site-packages\\_pytest\\main.py", line 318, in wrap_session\n    session.exitstatus = doit(config, session) or 0\n  File "C:\\Users\\VIDYANKSHINI\\AppData\\Local\\Programs\\Python\\Python313\\Lib\\site-packages\\_pytest\\main.py", line 372, in _main\n    config.hook.pytest_runtestloop(session=session)\n  File "C:\\Users\\VIDYANKSHINI\\AppData\\Local\\Programs\\Python\\Python313\\Lib\\site-packages\\pluggy\\_hooks.py", line 512, in __call__\n    return self._hookexec(self.name, self._hookimpls.copy(), kwargs, firstresult)\n  File "C:\\Users\\VIDYANKSHINI\\AppData\\Local\\Programs\\Python\\Python313\\Lib\\site-packages\\pluggy\\_manager.py", line 120, in _hookexec\n    return self._inner_hookexec(hook_name, methods, kwargs, firstresult)\n  File "C:\\Users\\VIDYANKSHINI\\AppData\\Local\\Programs\\Python\\Python313\\Lib\\site-packages\\pluggy\\_callers.py", line 121, in _multicall\n    res = hook_impl.function(*args)\n  File "C:\\Users\\VIDYANKSHINI\\AppData\\Local\\Programs\\Python\\Python313\\Lib\\site-packages\\_pytest\\main.py", line 396, in pytest_runtestloop\n    item.config.hook.pytest_runtest_protocol(item=item, nextitem=nextitem)\n  File "C:\\Users\\VIDYANKSHINI\\AppData\\Local\\Programs\\Python\\Python313\\Lib\\site-packages\\pluggy\\_hooks.py", line 512, in __call__\n    return self._hookexec(self.name, self._hookimpls.copy(), kwargs, firstresult)\n  File "C:\\Users\\VIDYANKSHINI\\AppData\\Local\\Programs\\Python\\Python313\\Lib\\site-packages\\pluggy\\_manager.py", line 120, in _hookexec\n    return self._inner_hookexec(hook_name, methods, kwargs, firstresult)\n  File "C:\\Users\\VIDYANKSHINI\\AppData\\Local\\Programs\\Python\\Python313\\Lib\\site-packages\\pluggy\\_callers.py", line 121, in _multicall\n    res = hook_impl.function(*args)\n  File "C:\\Users\\VIDYANKSHINI\\AppData\\Local\\Programs\\Python\\Python313\\Lib\\site-packages\\_pytest\\runner.py", line 118, in pytest_runtest_protocol\n    runtestprotocol(item, nextitem=nextitem)\n  File "C:\\Users\\VIDYANKSHINI\\AppData\\Local\\Programs\\Python\\Python313\\Lib\\site-packages\\_pytest\\runner.py", line 131, in runtestprotocol\n    rep = call_and_report(item, "setup", log)\n  File "C:\\Users\\VIDYANKSHINI\\AppData\\Local\\Programs\\Python\\Python313\\Lib\\site-packages\\_pytest\\runner.py", line 244, in call_and_report\n    call = CallInfo.from_call(\n  File "C:\\Users\\VIDYANKSHINI\\AppData\\Local\\Programs\\Python\\Python313\\Lib\\site-packages\\_pytest\\runner.py", line 353, in from_call\n    result: TResult | None = func()\n  File "C:\\Users\\VIDYANKSHINI\\AppData\\Local\\Programs\\Python\\Python313\\Lib\\site-packages\\_pytest\\runner.py", line 245, in <lambda>\n    lambda: runtest_hook(item=item, **kwds),\n  File "C:\\Users\\VIDYANKSHINI\\AppData\\Local\\Programs\\Python\\Python313\\Lib\\site-packages\\pluggy\\_hooks.py", line 512, in __call__\n    return self._hookexec(self.name, self._hookimpls.copy(), kwargs, firstresult)\n  File "C:\\Users\\VIDYANKSHINI\\AppData\\Local\\Programs\\Python\\Python313\\Lib\\site-packages\\pluggy\\_manager.py", line 120, in _hookexec\n    return self._inner_hookexec(hook_name, methods, kwargs, firstresult)\n  File "C:\\Users\\VIDYANKSHINI\\AppData\\Local\\Programs\\Python\\Python313\\Lib\\site-packages\\pluggy\\_callers.py", line 121, in _multicall\n    res = hook_impl.function(*args)\n  File "C:\\Users\\VIDYANKSHINI\\AppData\\Local\\Programs\\Python\\Python313\\Lib\\site-packages\\_pytest\\runner.py", line 165, in pytest_runtest_setup\n    item.session._setupstate.setup(item)\n  File "C:\\Users\\VIDYANKSHINI\\AppData\\Local\\Programs\\Python\\Python313\\Lib\\site-packages\\_pytest\\runner.py", line 523, in setup\n    col.setup()\n  File "C:\\Users\\VIDYANKSHINI\\AppData\\Local\\Programs\\Python\\Python313\\Lib\\site-packages\\_pytest\\python.py", line 1723, in setup\n    self._request._fillfixtures()\n  File "C:\\Users\\VIDYANKSHINI\\AppData\\Local\\Programs\\Python\\Python313\\Lib\\site-packages\\_pytest\\fixtures.py", line 707, in _fillfixtures\n    item.funcargs[argname] = self.getfixturevalue(argname)\n  File "C:\\Users\\VIDYANKSHINI\\AppData\\Local\\Programs\\Python\\Python313\\Lib\\site-packages\\_pytest\\fixtures.py", line 539, in getfixturevalue\n    fixturedef = self._get_active_fixturedef(argname)\n  File "C:\\Users\\VIDYANKSHINI\\AppData\\Local\\Programs\\Python\\Python313\\Lib\\site-packages\\_pytest\\fixtures.py", line 627, in _get_active_fixturedef\n    fixturedef.execute(request=subrequest)\n  File "C:\\Users\\VIDYANKSHINI\\AppData\\Local\\Programs\\Python\\Python313\\Lib\\site-packages\\_pytest\\fixtures.py", line 1110, in execute\n    result: FixtureValue = ihook.pytest_fixture_setup(\n  File "C:\\Users\\VIDYANKSHINI\\AppData\\Local\\Programs\\Python\\Python313\\Lib\\site-packages\\pluggy\\_hooks.py", line 512, in __call__\n    return self._hookexec(self.name, self._hookimpls.copy(), kwargs, firstresult)\n  File "C:\\Users\\VIDYANKSHINI\\AppData\\Local\\Programs\\Python\\Python313\\Lib\\site-packages\\pluggy\\_manager.py", line 120, in _hookexec\n    return self._inner_hookexec(hook_name, methods, kwargs, firstresult)\n  File "C:\\Users\\VIDYANKSHINI\\AppData\\Local\\Programs\\Python\\Python313\\Lib\\site-packages\\pluggy\\_callers.py", line 121, in _multicall\n    res = hook_impl.function(*args)\n  File "C:\\Users\\VIDYANKSHINI\\AppData\\Local\\Programs\\Python\\Python313\\Lib\\site-packages\\_pytest\\fixtures.py", line 1202, in pytest_fixture_setup\n    result = call_fixture_func(fixturefunc, request, kwargs)\n  File "C:\\Users\\VIDYANKSHINI\\AppData\\Local\\Programs\\Python\\Python313\\Lib\\site-packages\\_pytest\\fixtures.py", line 908, in call_fixture_func\n    fixture_result = next(generator)\n  File "C:\\Users\\VIDYANKSHINI\\Desktop\\project\\SecuScan\\testing\\backend\\conftest.py", line 57, in test_client\n    asyncio.run(setup())\n  File "C:\\Users\\VIDYANKSHINI\\AppData\\Local\\Programs\\Python\\Python313\\Lib\\asyncio\\runners.py", line 195, in run\n    return runner.run(main)\n  File "C:\\Users\\VIDYANKSHINI\\AppData\\Local\\Programs\\Python\\Python313\\Lib\\asyncio\\runners.py", line 118, in run\n    return self._loop.run_until_complete(task)\n  File "C:\\Users\\VIDYANKSHINI\\AppData\\Local\\Programs\\Python\\Python313\\Lib\\asyncio\\base_events.py", line 712, in run_until_complete\n    self.run_forever()\n  File "C:\\Users\\VIDYANKSHINI\\AppData\\Local\\Programs\\Python\\Python313\\Lib\\asyncio\\base_events.py", line 683, in run_forever\n    self._run_once()\n  File "C:\\Users\\VIDYANKSHINI\\AppData\\Local\\Programs\\Python\\Python313\\Lib\\asyncio\\base_events.py", line 2040, in _run_once\n    handle._run()\n  File "C:\\Users\\VIDYANKSHINI\\AppData\\Local\\Programs\\Python\\Python313\\Lib\\asyncio\\events.py", line 89, in _run\n    self._context.run(self._callback, *self._args)\n  File "C:\\Users\\VIDYANKSHINI\\Desktop\\project\\SecuScan\\testing\\backend\\conftest.py", line 55, in setup\n    await init_plugins(settings.plugins_dir)\n  File "C:\\Users\\VIDYANKSHINI\\Desktop\\project\\SecuScan\\backend\\secuscan\\plugins.py", line 382, in init_plugins\n    await plugin_manager.load_plugins()\n  File "C:\\Users\\VIDYANKSHINI\\Desktop\\project\\SecuScan\\backend\\secuscan\\plugins.py", line 59, in load_plugins\n    logger.info(f"\u2713 Loaded plugin: {plugin_meta.name} v{plugin_meta.version}")\nMessage: '\u2713 Loaded plugin: WordPress Security Scan v1.0.0'\nArguments: ()\n--- Logging error ---\nTraceback (most recent call last):\n  File "C:\\Users\\VIDYANKSHINI\\AppData\\Local\\Programs\\Python\\Python313\\Lib\\logging\\__init__.py", line 1153, in emit\n    stream.write(msg + self.terminator)\n    ~~~~~~~~~~~~^^^^^^^^^^^^^^^^^^^^^^^\n  File "C:\\Users\\VIDYANKSHINI\\AppData\\Local\\Programs\\Python\\Python313\\Lib\\encodings\\cp1252.py", line 19, in encode\n    return codecs.charmap_encode(input,self.errors,encoding_table)[0]\n           ~~~~~~~~~~~~~~~~~~~~~^^^^^^^^^^^^^^^^^^^^^^^^^^^^^^^^^^\nUnicodeEncodeError: 'charmap' codec can't encode character '\\u2713' in position 60: character maps to <undefined>\nCall stack:\n  File "<frozen runpy>", line 198, in _run_module_as_main\n  File "<frozen runpy>", line 88, in _run_code\n  File "C:\\Users\\VIDYANKSHINI\\AppData\\Local\\Programs\\Python\\Python313\\Scripts\\pytest.exe\\__main__.py", line 7, in <module>\n    sys.exit(console_main())\n  File "C:\\Users\\VIDYANKSHINI\\AppData\\Local\\Programs\\Python\\Python313\\Lib\\site-packages\\_pytest\\config\\__init__.py", line 223, in console_main\n    code = main()\n  File "C:\\Users\\VIDYANKSHINI\\AppData\\Local\\Programs\\Python\\Python313\\Lib\\site-packages\\_pytest\\config\\__init__.py", line 199, in main\n    ret: ExitCode | int = config.hook.pytest_cmdline_main(config=config)\n  File "C:\\Users\\VIDYANKSHINI\\AppData\\Local\\Programs\\Python\\Python313\\Lib\\site-packages\\pluggy\\_hooks.py", line 512, in __call__\n    return self._hookexec(self.name, self._hookimpls.copy(), kwargs, firstresult)\n  File "C:\\Users\\VIDYANKSHINI\\AppData\\Local\\Programs\\Python\\Python313\\Lib\\site-packages\\pluggy\\_manager.py", line 120, in _hookexec\n    return self._inner_hookexec(hook_name, methods, kwargs, firstresult)\n  File "C:\\Users\\VIDYANKSHINI\\AppData\\Local\\Programs\\Python\\Python313\\Lib\\site-packages\\pluggy\\_callers.py", line 121, in _multicall\n    res = hook_impl.function(*args)\n  File "C:\\Users\\VIDYANKSHINI\\AppData\\Local\\Programs\\Python\\Python313\\Lib\\site-packages\\_pytest\\main.py", line 365, in pytest_cmdline_main\n    return wrap_session(config, _main)\n  File "C:\\Users\\VIDYANKSHINI\\AppData\\Local\\Programs\\Python\\Python313\\Lib\\site-packages\\_pytest\\main.py", line 318, in wrap_session\n    session.exitstatus = doit(config, session) or 0\n  File "C:\\Users\\VIDYANKSHINI\\AppData\\Local\\Programs\\Python\\Python313\\Lib\\site-packages\\_pytest\\main.py", line 372, in _main\n    config.hook.pytest_runtestloop(session=session)\n  File "C:\\Users\\VIDYANKSHINI\\AppData\\Local\\Programs\\Python\\Python313\\Lib\\site-packages\\pluggy\\_hooks.py", line 512, in __call__\n    return self._hookexec(self.name, self._hookimpls.copy(), kwargs, firstresult)\n  File "C:\\Users\\VIDYANKSHINI\\AppData\\Local\\Programs\\Python\\Python313\\Lib\\site-packages\\pluggy\\_manager.py", line 120, in _hookexec\n    return self._inner_hookexec(hook_name, methods, kwargs, firstresult)\n  File "C:\\Users\\VIDYANKSHINI\\AppData\\Local\\Programs\\Python\\Python313\\Lib\\site-packages\\pluggy\\_callers.py", line 121, in _multicall\n    res = hook_impl.function(*args)\n  File "C:\\Users\\VIDYANKSHINI\\AppData\\Local\\Programs\\Python\\Python313\\Lib\\site-packages\\_pytest\\main.py", line 396, in pytest_runtestloop\n    item.config.hook.pytest_runtest_protocol(item=item, nextitem=nextitem)\n  File "C:\\Users\\VIDYANKSHINI\\AppData\\Local\\Programs\\Python\\Python313\\Lib\\site-packages\\pluggy\\_hooks.py", line 512, in __call__\n    return self._hookexec(self.name, self._hookimpls.copy(), kwargs, firstresult)\n  File "C:\\Users\\VIDYANKSHINI\\AppData\\Local\\Programs\\Python\\Python313\\Lib\\site-packages\\pluggy\\_manager.py", line 120, in _hookexec\n    return self._inner_hookexec(hook_name, methods, kwargs, firstresult)\n  File "C:\\Users\\VIDYANKSHINI\\AppData\\Local\\Programs\\Python\\Python313\\Lib\\site-packages\\pluggy\\_callers.py", line 121, in _multicall\n    res = hook_impl.function(*args)\n  File "C:\\Users\\VIDYANKSHINI\\AppData\\Local\\Programs\\Python\\Python313\\Lib\\site-packages\\_pytest\\runner.py", line 118, in pytest_runtest_protocol\n    runtestprotocol(item, nextitem=nextitem)\n  File "C:\\Users\\VIDYANKSHINI\\AppData\\Local\\Programs\\Python\\Python313\\Lib\\site-packages\\_pytest\\runner.py", line 131, in runtestprotocol\n    rep = call_and_report(item, "setup", log)\n  File "C:\\Users\\VIDYANKSHINI\\AppData\\Local\\Programs\\Python\\Python313\\Lib\\site-packages\\_pytest\\runner.py", line 244, in call_and_report\n    call = CallInfo.from_call(\n  File "C:\\Users\\VIDYANKSHINI\\AppData\\Local\\Programs\\Python\\Python313\\Lib\\site-packages\\_pytest\\runner.py", line 353, in from_call\n    result: TResult | None = func()\n  File "C:\\Users\\VIDYANKSHINI\\AppData\\Local\\Programs\\Python\\Python313\\Lib\\site-packages\\_pytest\\runner.py", line 245, in <lambda>\n    lambda: runtest_hook(item=item, **kwds),\n  File "C:\\Users\\VIDYANKSHINI\\AppData\\Local\\Programs\\Python\\Python313\\Lib\\site-packages\\pluggy\\_hooks.py", line 512, in __call__\n    return self._hookexec(self.name, self._hookimpls.copy(), kwargs, firstresult)\n  File "C:\\Users\\VIDYANKSHINI\\AppData\\Local\\Programs\\Python\\Python313\\Lib\\site-packages\\pluggy\\_manager.py", line 120, in _hookexec\n    return self._inner_hookexec(hook_name, methods, kwargs, firstresult)\n  File "C:\\Users\\VIDYANKSHINI\\AppData\\Local\\Programs\\Python\\Python313\\Lib\\site-packages\\pluggy\\_callers.py", line 121, in _multicall\n    res = hook_impl.function(*args)\n  File "C:\\Users\\VIDYANKSHINI\\AppData\\Local\\Programs\\Python\\Python313\\Lib\\site-packages\\_pytest\\runner.py", line 165, in pytest_runtest_setup\n    item.session._setupstate.setup(item)\n  File "C:\\Users\\VIDYANKSHINI\\AppData\\Local\\Programs\\Python\\Python313\\Lib\\site-packages\\_pytest\\runner.py", line 523, in setup\n    col.setup()\n  File "C:\\Users\\VIDYANKSHINI\\AppData\\Local\\Programs\\Python\\Python313\\Lib\\site-packages\\_pytest\\python.py", line 1723, in setup\n    self._request._fillfixtures()\n  File "C:\\Users\\VIDYANKSHINI\\AppData\\Local\\Programs\\Python\\Python313\\Lib\\site-packages\\_pytest\\fixtures.py", line 707, in _fillfixtures\n    item.funcargs[argname] = self.getfixturevalue(argname)\n  File "C:\\Users\\VIDYANKSHINI\\AppData\\Local\\Programs\\Python\\Python313\\Lib\\site-packages\\_pytest\\fixtures.py", line 539, in getfixturevalue\n    fixturedef = self._get_active_fixturedef(argname)\n  File "C:\\Users\\VIDYANKSHINI\\AppData\\Local\\Programs\\Python\\Python313\\Lib\\site-packages\\_pytest\\fixtures.py", line 627, in _get_active_fixturedef\n    fixturedef.execute(request=subrequest)\n  File "C:\\Users\\VIDYANKSHINI\\AppData\\Local\\Programs\\Python\\Python313\\Lib\\site-packages\\_pytest\\fixtures.py", line 1110, in execute\n    result: FixtureValue = ihook.pytest_fixture_setup(\n  File "C:\\Users\\VIDYANKSHINI\\AppData\\Local\\Programs\\Python\\Python313\\Lib\\site-packages\\pluggy\\_hooks.py", line 512, in __call__\n    return self._hookexec(self.name, self._hookimpls.copy(), kwargs, firstresult)\n  File "C:\\Users\\VIDYANKSHINI\\AppData\\Local\\Programs\\Python\\Python313\\Lib\\site-packages\\pluggy\\_manager.py", line 120, in _hookexec\n    return self._inner_hookexec(hook_name, methods, kwargs, firstresult)\n  File "C:\\Users\\VIDYANKSHINI\\AppData\\Local\\Programs\\Python\\Python313\\Lib\\site-packages\\pluggy\\_callers.py", line 121, in _multicall\n    res = hook_impl.function(*args)\n  File "C:\\Users\\VIDYANKSHINI\\AppData\\Local\\Programs\\Python\\Python313\\Lib\\site-packages\\_pytest\\fixtures.py", line 1202, in pytest_fixture_setup\n    result = call_fixture_func(fixturefunc, request, kwargs)\n  File "C:\\Users\\VIDYANKSHINI\\AppData\\Local\\Programs\\Python\\Python313\\Lib\\site-packages\\_pytest\\fixtures.py", line 908, in call_fixture_func\n    fixture_result = next(generator)\n  File "C:\\Users\\VIDYANKSHINI\\Desktop\\project\\SecuScan\\testing\\backend\\conftest.py", line 57, in test_client\n    asyncio.run(setup())\n  File "C:\\Users\\VIDYANKSHINI\\AppData\\Local\\Programs\\Python\\Python313\\Lib\\asyncio\\runners.py", line 195, in run\n    return runner.run(main)\n  File "C:\\Users\\VIDYANKSHINI\\AppData\\Local\\Programs\\Python\\Python313\\Lib\\asyncio\\runners.py", line 118, in run\n    return self._loop.run_until_complete(task)\n  File "C:\\Users\\VIDYANKSHINI\\AppData\\Local\\Programs\\Python\\Python313\\Lib\\asyncio\\base_events.py", line 712, in run_until_complete\n    self.run_forever()\n  File "C:\\Users\\VIDYANKSHINI\\AppData\\Local\\Programs\\Python\\Python313\\Lib\\asyncio\\base_events.py", line 683, in run_forever\n    self._run_once()\n  File "C:\\Users\\VIDYANKSHINI\\AppData\\Local\\Programs\\Python\\Python313\\Lib\\asyncio\\base_events.py", line 2040, in _run_once\n    handle._run()\n  File "C:\\Users\\VIDYANKSHINI\\AppData\\Local\\Programs\\Python\\Python313\\Lib\\asyncio\\events.py", line 89, in _run\n    self._context.run(self._callback, *self._args)\n  File "C:\\Users\\VIDYANKSHINI\\Desktop\\project\\SecuScan\\testing\\backend\\conftest.py", line 55, in setup\n    await init_plugins(settings.plugins_dir)\n  File "C:\\Users\\VIDYANKSHINI\\Desktop\\project\\SecuScan\\backend\\secuscan\\plugins.py", line 382, in init_plugins\n    await plugin_manager.load_plugins()\n  File "C:\\Users\\VIDYANKSHINI\\Desktop\\project\\SecuScan\\backend\\secuscan\\plugins.py", line 59, in load_plugins\n    logger.info(f"\u2713 Loaded plugin: {plugin_meta.name} v{plugin_meta.version}")\nMessage: '\u2713 Loaded plugin: XSS Exploiter v1.0.0'\nArguments: ()\n--- Logging error ---\nTraceback (most recent call last):\n  File "C:\\Users\\VIDYANKSHINI\\AppData\\Local\\Programs\\Python\\Python313\\Lib\\logging\\__init__.py", line 1153, in emit\n    stream.write(msg + self.terminator)\n    ~~~~~~~~~~~~^^^^^^^^^^^^^^^^^^^^^^^\n  File "C:\\Users\\VIDYANKSHINI\\AppData\\Local\\Programs\\Python\\Python313\\Lib\\encodings\\cp1252.py", line 19, in encode\n    return codecs.charmap_encode(input,self.errors,encoding_table)[0]\n           ~~~~~~~~~~~~~~~~~~~~~^^^^^^^^^^^^^^^^^^^^^^^^^^^^^^^^^^\nUnicodeEncodeError: 'charmap' codec can't encode character '\\u2713' in position 60: character maps to <undefined>\nCall stack:\n  File "<frozen runpy>", line 198, in _run_module_as_main\n  File "<frozen runpy>", line 88, in _run_code\n  File "C:\\Users\\VIDYANKSHINI\\AppData\\Local\\Programs\\Python\\Python313\\Scripts\\pytest.exe\\__main__.py", line 7, in <module>\n    sys.exit(console_main())\n  File "C:\\Users\\VIDYANKSHINI\\AppData\\Local\\Programs\\Python\\Python313\\Lib\\site-packages\\_pytest\\config\\__init__.py", line 223, in console_main\n    code = main()\n  File "C:\\Users\\VIDYANKSHINI\\AppData\\Local\\Programs\\Python\\Python313\\Lib\\site-packages\\_pytest\\config\\__init__.py", line 199, in main\n    ret: ExitCode | int = config.hook.pytest_cmdline_main(config=config)\n  File "C:\\Users\\VIDYANKSHINI\\AppData\\Local\\Programs\\Python\\Python313\\Lib\\site-packages\\pluggy\\_hooks.py", line 512, in __call__\n    return self._hookexec(self.name, self._hookimpls.copy(), kwargs, firstresult)\n  File "C:\\Users\\VIDYANKSHINI\\AppData\\Local\\Programs\\Python\\Python313\\Lib\\site-packages\\pluggy\\_manager.py", line 120, in _hookexec\n    return self._inner_hookexec(hook_name, methods, kwargs, firstresult)\n  File "C:\\Users\\VIDYANKSHINI\\AppData\\Local\\Programs\\Python\\Python313\\Lib\\site-packages\\pluggy\\_callers.py", line 121, in _multicall\n    res = hook_impl.function(*args)\n  File "C:\\Users\\VIDYANKSHINI\\AppData\\Local\\Programs\\Python\\Python313\\Lib\\site-packages\\_pytest\\main.py", line 365, in pytest_cmdline_main\n    return wrap_session(config, _main)\n  File "C:\\Users\\VIDYANKSHINI\\AppData\\Local\\Programs\\Python\\Python313\\Lib\\site-packages\\_pytest\\main.py", line 318, in wrap_session\n    session.exitstatus = doit(config, session) or 0\n  File "C:\\Users\\VIDYANKSHINI\\AppData\\Local\\Programs\\Python\\Python313\\Lib\\site-packages\\_pytest\\main.py", line 372, in _main\n    config.hook.pytest_runtestloop(session=session)\n  File "C:\\Users\\VIDYANKSHINI\\AppData\\Local\\Programs\\Python\\Python313\\Lib\\site-packages\\pluggy\\_hooks.py", line 512, in __call__\n    return self._hookexec(self.name, self._hookimpls.copy(), kwargs, firstresult)\n  File "C:\\Users\\VIDYANKSHINI\\AppData\\Local\\Programs\\Python\\Python313\\Lib\\site-packages\\pluggy\\_manager.py", line 120, in _hookexec\n    return self._inner_hookexec(hook_name, methods, kwargs, firstresult)\n  File "C:\\Users\\VIDYANKSHINI\\AppData\\Local\\Programs\\Python\\Python313\\Lib\\site-packages\\pluggy\\_callers.py", line 121, in _multicall\n    res = hook_impl.function(*args)\n  File "C:\\Users\\VIDYANKSHINI\\AppData\\Local\\Programs\\Python\\Python313\\Lib\\site-packages\\_pytest\\main.py", line 396, in pytest_runtestloop\n    item.config.hook.pytest_runtest_protocol(item=item, nextitem=nextitem)\n  File "C:\\Users\\VIDYANKSHINI\\AppData\\Local\\Programs\\Python\\Python313\\Lib\\site-packages\\pluggy\\_hooks.py", line 512, in __call__\n    return self._hookexec(self.name, self._hookimpls.copy(), kwargs, firstresult)\n  File "C:\\Users\\VIDYANKSHINI\\AppData\\Local\\Programs\\Python\\Python313\\Lib\\site-packages\\pluggy\\_manager.py", line 120, in _hookexec\n    return self._inner_hookexec(hook_name, methods, kwargs, firstresult)\n  File "C:\\Users\\VIDYANKSHINI\\AppData\\Local\\Programs\\Python\\Python313\\Lib\\site-packages\\pluggy\\_callers.py", line 121, in _multicall\n    res = hook_impl.function(*args)\n  File "C:\\Users\\VIDYANKSHINI\\AppData\\Local\\Programs\\Python\\Python313\\Lib\\site-packages\\_pytest\\runner.py", line 118, in pytest_runtest_protocol\n    runtestprotocol(item, nextitem=nextitem)\n  File "C:\\Users\\VIDYANKSHINI\\AppData\\Local\\Programs\\Python\\Python313\\Lib\\site-packages\\_pytest\\runner.py", line 131, in runtestprotocol\n    rep = call_and_report(item, "setup", log)\n  File "C:\\Users\\VIDYANKSHINI\\AppData\\Local\\Programs\\Python\\Python313\\Lib\\site-packages\\_pytest\\runner.py", line 244, in call_and_report\n    call = CallInfo.from_call(\n  File "C:\\Users\\VIDYANKSHINI\\AppData\\Local\\Programs\\Python\\Python313\\Lib\\site-packages\\_pytest\\runner.py", line 353, in from_call\n    result: TResult | None = func()\n  File "C:\\Users\\VIDYANKSHINI\\AppData\\Local\\Programs\\Python\\Python313\\Lib\\site-packages\\_pytest\\runner.py", line 245, in <lambda>\n    lambda: runtest_hook(item=item, **kwds),\n  File "C:\\Users\\VIDYANKSHINI\\AppData\\Local\\Programs\\Python\\Python313\\Lib\\site-packages\\pluggy\\_hooks.py", line 512, in __call__\n    return self._hookexec(self.name, self._hookimpls.copy(), kwargs, firstresult)\n  File "C:\\Users\\VIDYANKSHINI\\AppData\\Local\\Programs\\Python\\Python313\\Lib\\site-packages\\pluggy\\_manager.py", line 120, in _hookexec\n    return self._inner_hookexec(hook_name, methods, kwargs, firstresult)\n  File "C:\\Users\\VIDYANKSHINI\\AppData\\Local\\Programs\\Python\\Python313\\Lib\\site-packages\\pluggy\\_callers.py", line 121, in _multicall\n    res = hook_impl.function(*args)\n  File "C:\\Users\\VIDYANKSHINI\\AppData\\Local\\Programs\\Python\\Python313\\Lib\\site-packages\\_pytest\\runner.py", line 165, in pytest_runtest_setup\n    item.session._setupstate.setup(item)\n  File "C:\\Users\\VIDYANKSHINI\\AppData\\Local\\Programs\\Python\\Python313\\Lib\\site-packages\\_pytest\\runner.py", line 523, in setup\n    col.setup()\n  File "C:\\Users\\VIDYANKSHINI\\AppData\\Local\\Programs\\Python\\Python313\\Lib\\site-packages\\_pytest\\python.py", line 1723, in setup\n    self._request._fillfixtures()\n  File "C:\\Users\\VIDYANKSHINI\\AppData\\Local\\Programs\\Python\\Python313\\Lib\\site-packages\\_pytest\\fixtures.py", line 707, in _fillfixtures\n    item.funcargs[argname] = self.getfixturevalue(argname)\n  File "C:\\Users\\VIDYANKSHINI\\AppData\\Local\\Programs\\Python\\Python313\\Lib\\site-packages\\_pytest\\fixtures.py", line 539, in getfixturevalue\n    fixturedef = self._get_active_fixturedef(argname)\n  File "C:\\Users\\VIDYANKSHINI\\AppData\\Local\\Programs\\Python\\Python313\\Lib\\site-packages\\_pytest\\fixtures.py", line 627, in _get_active_fixturedef\n    fixturedef.execute(request=subrequest)\n  File "C:\\Users\\VIDYANKSHINI\\AppData\\Local\\Programs\\Python\\Python313\\Lib\\site-packages\\_pytest\\fixtures.py", line 1110, in execute\n    result: FixtureValue = ihook.pytest_fixture_setup(\n  File "C:\\Users\\VIDYANKSHINI\\AppData\\Local\\Programs\\Python\\Python313\\Lib\\site-packages\\pluggy\\_hooks.py", line 512, in __call__\n    return self._hookexec(self.name, self._hookimpls.copy(), kwargs, firstresult)\n  File "C:\\Users\\VIDYANKSHINI\\AppData\\Local\\Programs\\Python\\Python313\\Lib\\site-packages\\pluggy\\_manager.py", line 120, in _hookexec\n    return self._inner_hookexec(hook_name, methods, kwargs, firstresult)\n  File "C:\\Users\\VIDYANKSHINI\\AppData\\Local\\Programs\\Python\\Python313\\Lib\\site-packages\\pluggy\\_callers.py", line 121, in _multicall\n    res = hook_impl.function(*args)\n  File "C:\\Users\\VIDYANKSHINI\\AppData\\Local\\Programs\\Python\\Python313\\Lib\\site-packages\\_pytest\\fixtures.py", line 1202, in pytest_fixture_setup\n    result = call_fixture_func(fixturefunc, request, kwargs)\n  File "C:\\Users\\VIDYANKSHINI\\AppData\\Local\\Programs\\Python\\Python313\\Lib\\site-packages\\_pytest\\fixtures.py", line 908, in call_fixture_func\n    fixture_result = next(generator)\n  File "C:\\Users\\VIDYANKSHINI\\Desktop\\project\\SecuScan\\testing\\backend\\conftest.py", line 57, in test_client\n    asyncio.run(setup())\n  File "C:\\Users\\VIDYANKSHINI\\AppData\\Local\\Programs\\Python\\Python313\\Lib\\asyncio\\runners.py", line 195, in run\n    return runner.run(main)\n  File "C:\\Users\\VIDYANKSHINI\\AppData\\Local\\Programs\\Python\\Python313\\Lib\\asyncio\\runners.py", line 118, in run\n    return self._loop.run_until_complete(task)\n  File "C:\\Users\\VIDYANKSHINI\\AppData\\Local\\Programs\\Python\\Python313\\Lib\\asyncio\\base_events.py", line 712, in run_until_complete\n    self.run_forever()\n  File "C:\\Users\\VIDYANKSHINI\\AppData\\Local\\Programs\\Python\\Python313\\Lib\\asyncio\\base_events.py", line 683, in run_forever\n    self._run_once()\n  File "C:\\Users\\VIDYANKSHINI\\AppData\\Local\\Programs\\Python\\Python313\\Lib\\asyncio\\base_events.py", line 2040, in _run_once\n    handle._run()\n  File "C:\\Users\\VIDYANKSHINI\\AppData\\Local\\Programs\\Python\\Python313\\Lib\\asyncio\\events.py", line 89, in _run\n    self._context.run(self._callback, *self._args)\n  File "C:\\Users\\VIDYANKSHINI\\Desktop\\project\\SecuScan\\testing\\backend\\conftest.py", line 55, in setup\n    await init_plugins(settings.plugins_dir)\n  File "C:\\Users\\VIDYANKSHINI\\Desktop\\project\\SecuScan\\backend\\secuscan\\plugins.py", line 382, in init_plugins\n    await plugin_manager.load_plugins()\n  File "C:\\Users\\VIDYANKSHINI\\Desktop\\project\\SecuScan\\backend\\secuscan\\plugins.py", line 59, in load_plugins\n    logger.info(f"\u2713 Loaded plugin: {plugin_meta.name} v{plugin_meta.version}")\nMessage: '\u2713 Loaded plugin: Binary Signature Scan v1.0.0'\nArguments: ()\n--- Logging error ---\nTraceback (most recent call last):\n  File "C:\\Users\\VIDYANKSHINI\\AppData\\Local\\Programs\\Python\\Python313\\Lib\\logging\\__init__.py", line 1153, in emit\n    stream.write(msg + self.terminator)\n    ~~~~~~~~~~~~^^^^^^^^^^^^^^^^^^^^^^^\n  File "C:\\Users\\VIDYANKSHINI\\AppData\\Local\\Programs\\Python\\Python313\\Lib\\encodings\\cp1252.py", line 19, in encode\n    return codecs.charmap_encode(input,self.errors,encoding_table)[0]\n           ~~~~~~~~~~~~~~~~~~~~~^^^^^^^^^^^^^^^^^^^^^^^^^^^^^^^^^^\nUnicodeEncodeError: 'charmap' codec can't encode character '\\u2713' in position 60: character maps to <undefined>\nCall stack:\n  File "<frozen runpy>", line 198, in _run_module_as_main\n  File "<frozen runpy>", line 88, in _run_code\n  File "C:\\Users\\VIDYANKSHINI\\AppData\\Local\\Programs\\Python\\Python313\\Scripts\\pytest.exe\\__main__.py", line 7, in <module>\n    sys.exit(console_main())\n  File "C:\\Users\\VIDYANKSHINI\\AppData\\Local\\Programs\\Python\\Python313\\Lib\\site-packages\\_pytest\\config\\__init__.py", line 223, in console_main\n    code = main()\n  File "C:\\Users\\VIDYANKSHINI\\AppData\\Local\\Programs\\Python\\Python313\\Lib\\site-packages\\_pytest\\config\\__init__.py", line 199, in main\n    ret: ExitCode | int = config.hook.pytest_cmdline_main(config=config)\n  File "C:\\Users\\VIDYANKSHINI\\AppData\\Local\\Programs\\Python\\Python313\\Lib\\site-packages\\pluggy\\_hooks.py", line 512, in __call__\n    return self._hookexec(self.name, self._hookimpls.copy(), kwargs, firstresult)\n  File "C:\\Users\\VIDYANKSHINI\\AppData\\Local\\Programs\\Python\\Python313\\Lib\\site-packages\\pluggy\\_manager.py", line 120, in _hookexec\n    return self._inner_hookexec(hook_name, methods, kwargs, firstresult)\n  File "C:\\Users\\VIDYANKSHINI\\AppData\\Local\\Programs\\Python\\Python313\\Lib\\site-packages\\pluggy\\_callers.py", line 121, in _multicall\n    res = hook_impl.function(*args)\n  File "C:\\Users\\VIDYANKSHINI\\AppData\\Local\\Programs\\Python\\Python313\\Lib\\site-packages\\_pytest\\main.py", line 365, in pytest_cmdline_main\n    return wrap_session(config, _main)\n  File "C:\\Users\\VIDYANKSHINI\\AppData\\Local\\Programs\\Python\\Python313\\Lib\\site-packages\\_pytest\\main.py", line 318, in wrap_session\n    session.exitstatus = doit(config, session) or 0\n  File "C:\\Users\\VIDYANKSHINI\\AppData\\Local\\Programs\\Python\\Python313\\Lib\\site-packages\\_pytest\\main.py", line 372, in _main\n    config.hook.pytest_runtestloop(session=session)\n  File "C:\\Users\\VIDYANKSHINI\\AppData\\Local\\Programs\\Python\\Python313\\Lib\\site-packages\\pluggy\\_hooks.py", line 512, in __call__\n    return self._hookexec(self.name, self._hookimpls.copy(), kwargs, firstresult)\n  File "C:\\Users\\VIDYANKSHINI\\AppData\\Local\\Programs\\Python\\Python313\\Lib\\site-packages\\pluggy\\_manager.py", line 120, in _hookexec\n    return self._inner_hookexec(hook_name, methods, kwargs, firstresult)\n  File "C:\\Users\\VIDYANKSHINI\\AppData\\Local\\Programs\\Python\\Python313\\Lib\\site-packages\\pluggy\\_callers.py", line 121, in _multicall\n    res = hook_impl.function(*args)\n  File "C:\\Users\\VIDYANKSHINI\\AppData\\Local\\Programs\\Python\\Python313\\Lib\\site-packages\\_pytest\\main.py", line 396, in pytest_runtestloop\n    item.config.hook.pytest_runtest_protocol(item=item, nextitem=nextitem)\n  File "C:\\Users\\VIDYANKSHINI\\AppData\\Local\\Programs\\Python\\Python313\\Lib\\site-packages\\pluggy\\_hooks.py", line 512, in __call__\n    return self._hookexec(self.name, self._hookimpls.copy(), kwargs, firstresult)\n  File "C:\\Users\\VIDYANKSHINI\\AppData\\Local\\Programs\\Python\\Python313\\Lib\\site-packages\\pluggy\\_manager.py", line 120, in _hookexec\n    return self._inner_hookexec(hook_name, methods, kwargs, firstresult)\n  File "C:\\Users\\VIDYANKSHINI\\AppData\\Local\\Programs\\Python\\Python313\\Lib\\site-packages\\pluggy\\_callers.py", line 121, in _multicall\n    res = hook_impl.function(*args)\n  File "C:\\Users\\VIDYANKSHINI\\AppData\\Local\\Programs\\Python\\Python313\\Lib\\site-packages\\_pytest\\runner.py", line 118, in pytest_runtest_protocol\n    runtestprotocol(item, nextitem=nextitem)\n  File "C:\\Users\\VIDYANKSHINI\\AppData\\Local\\Programs\\Python\\Python313\\Lib\\site-packages\\_pytest\\runner.py", line 131, in runtestprotocol\n    rep = call_and_report(item, "setup", log)\n  File "C:\\Users\\VIDYANKSHINI\\AppData\\Local\\Programs\\Python\\Python313\\Lib\\site-packages\\_pytest\\runner.py", line 244, in call_and_report\n    call = CallInfo.from_call(\n  File "C:\\Users\\VIDYANKSHINI\\AppData\\Local\\Programs\\Python\\Python313\\Lib\\site-packages\\_pytest\\runner.py", line 353, in from_call\n    result: TResult | None = func()\n  File "C:\\Users\\VIDYANKSHINI\\AppData\\Local\\Programs\\Python\\Python313\\Lib\\site-packages\\_pytest\\runner.py", line 245, in <lambda>\n    lambda: runtest_hook(item=item, **kwds),\n  File "C:\\Users\\VIDYANKSHINI\\AppData\\Local\\Programs\\Python\\Python313\\Lib\\site-packages\\pluggy\\_hooks.py", line 512, in __call__\n    return self._hookexec(self.name, self._hookimpls.copy(), kwargs, firstresult)\n  File "C:\\Users\\VIDYANKSHINI\\AppData\\Local\\Programs\\Python\\Python313\\Lib\\site-packages\\pluggy\\_manager.py", line 120, in _hookexec\n    return self._inner_hookexec(hook_name, methods, kwargs, firstresult)\n  File "C:\\Users\\VIDYANKSHINI\\AppData\\Local\\Programs\\Python\\Python313\\Lib\\site-packages\\pluggy\\_callers.py", line 121, in _multicall\n    res = hook_impl.function(*args)\n  File "C:\\Users\\VIDYANKSHINI\\AppData\\Local\\Programs\\Python\\Python313\\Lib\\site-packages\\_pytest\\runner.py", line 165, in pytest_runtest_setup\n    item.session._setupstate.setup(item)\n  File "C:\\Users\\VIDYANKSHINI\\AppData\\Local\\Programs\\Python\\Python313\\Lib\\site-packages\\_pytest\\runner.py", line 523, in setup\n    col.setup()\n  File "C:\\Users\\VIDYANKSHINI\\AppData\\Local\\Programs\\Python\\Python313\\Lib\\site-packages\\_pytest\\python.py", line 1723, in setup\n    self._request._fillfixtures()\n  File "C:\\Users\\VIDYANKSHINI\\AppData\\Local\\Programs\\Python\\Python313\\Lib\\site-packages\\_pytest\\fixtures.py", line 707, in _fillfixtures\n    item.funcargs[argname] = self.getfixturevalue(argname)\n  File "C:\\Users\\VIDYANKSHINI\\AppData\\Local\\Programs\\Python\\Python313\\Lib\\site-packages\\_pytest\\fixtures.py", line 539, in getfixturevalue\n    fixturedef = self._get_active_fixturedef(argname)\n  File "C:\\Users\\VIDYANKSHINI\\AppData\\Local\\Programs\\Python\\Python313\\Lib\\site-packages\\_pytest\\fixtures.py", line 627, in _get_active_fixturedef\n    fixturedef.execute(request=subrequest)\n  File "C:\\Users\\VIDYANKSHINI\\AppData\\Local\\Programs\\Python\\Python313\\Lib\\site-packages\\_pytest\\fixtures.py", line 1110, in execute\n    result: FixtureValue = ihook.pytest_fixture_setup(\n  File "C:\\Users\\VIDYANKSHINI\\AppData\\Local\\Programs\\Python\\Python313\\Lib\\site-packages\\pluggy\\_hooks.py", line 512, in __call__\n    return self._hookexec(self.name, self._hookimpls.copy(), kwargs, firstresult)\n  File "C:\\Users\\VIDYANKSHINI\\AppData\\Local\\Programs\\Python\\Python313\\Lib\\site-packages\\pluggy\\_manager.py", line 120, in _hookexec\n    return self._inner_hookexec(hook_name, methods, kwargs, firstresult)\n  File "C:\\Users\\VIDYANKSHINI\\AppData\\Local\\Programs\\Python\\Python313\\Lib\\site-packages\\pluggy\\_callers.py", line 121, in _multicall\n    res = hook_impl.function(*args)\n  File "C:\\Users\\VIDYANKSHINI\\AppData\\Local\\Programs\\Python\\Python313\\Lib\\site-packages\\_pytest\\fixtures.py", line 1202, in pytest_fixture_setup\n    result = call_fixture_func(fixturefunc, request, kwargs)\n  File "C:\\Users\\VIDYANKSHINI\\AppData\\Local\\Programs\\Python\\Python313\\Lib\\site-packages\\_pytest\\fixtures.py", line 908, in call_fixture_func\n    fixture_result = next(generator)\n  File "C:\\Users\\VIDYANKSHINI\\Desktop\\project\\SecuScan\\testing\\backend\\conftest.py", line 57, in test_client\n    asyncio.run(setup())\n  File "C:\\Users\\VIDYANKSHINI\\AppData\\Local\\Programs\\Python\\Python313\\Lib\\asyncio\\runners.py", line 195, in run\n    return runner.run(main)\n  File "C:\\Users\\VIDYANKSHINI\\AppData\\Local\\Programs\\Python\\Python313\\Lib\\asyncio\\runners.py", line 118, in run\n    return self._loop.run_until_complete(task)\n  File "C:\\Users\\VIDYANKSHINI\\AppData\\Local\\Programs\\Python\\Python313\\Lib\\asyncio\\base_events.py", line 712, in run_until_complete\n    self.run_forever()\n  File "C:\\Users\\VIDYANKSHINI\\AppData\\Local\\Programs\\Python\\Python313\\Lib\\asyncio\\base_events.py", line 683, in run_forever\n    self._run_once()\n  File "C:\\Users\\VIDYANKSHINI\\AppData\\Local\\Programs\\Python\\Python313\\Lib\\asyncio\\base_events.py", line 2040, in _run_once\n    handle._run()\n  File "C:\\Users\\VIDYANKSHINI\\AppData\\Local\\Programs\\Python\\Python313\\Lib\\asyncio\\events.py", line 89, in _run\n    self._context.run(self._callback, *self._args)\n  File "C:\\Users\\VIDYANKSHINI\\Desktop\\project\\SecuScan\\testing\\backend\\conftest.py", line 55, in setup\n    await init_plugins(settings.plugins_dir)\n  File "C:\\Users\\VIDYANKSHINI\\Desktop\\project\\SecuScan\\backend\\secuscan\\plugins.py", line 382, in init_plugins\n    await plugin_manager.load_plugins()\n  File "C:\\Users\\VIDYANKSHINI\\Desktop\\project\\SecuScan\\backend\\secuscan\\plugins.py", line 59, in load_plugins\n    logger.info(f"\u2713 Loaded plugin: {plugin_meta.name} v{plugin_meta.version}")\nMessage: '\u2713 Loaded plugin: DAST Web Proxy (ZAP) v1.0.0'\nArguments: ()\n--- Logging error ---\nTraceback (most recent call last):\n  File "C:\\Users\\VIDYANKSHINI\\AppData\\Local\\Programs\\Python\\Python313\\Lib\\logging\\__init__.py", line 1153, in emit\n    stream.write(msg + self.terminator)\n    ~~~~~~~~~~~~^^^^^^^^^^^^^^^^^^^^^^^\n  File "C:\\Users\\VIDYANKSHINI\\AppData\\Local\\Programs\\Python\\Python313\\Lib\\encodings\\cp1252.py", line 19, in encode\n    return codecs.charmap_encode(input,self.errors,encoding_table)[0]\n           ~~~~~~~~~~~~~~~~~~~~~^^^^^^^^^^^^^^^^^^^^^^^^^^^^^^^^^^\nUnicodeEncodeError: 'charmap' codec can't encode character '\\U0001f680' in position 57: character maps to <undefined>\nCall stack:\n  File "C:\\Users\\VIDYANKSHINI\\AppData\\Local\\Programs\\Python\\Python313\\Lib\\threading.py", line 1012, in _bootstrap\n    self._bootstrap_inner()\n  File "C:\\Users\\VIDYANKSHINI\\AppData\\Local\\Programs\\Python\\Python313\\Lib\\threading.py", line 1041, in _bootstrap_inner\n    self.run()\n  File "C:\\Users\\VIDYANKSHINI\\AppData\\Local\\Programs\\Python\\Python313\\Lib\\threading.py", line 992, in run\n    self._target(*self._args, **self._kwargs)\n  File "C:\\Users\\VIDYANKSHINI\\AppData\\Local\\Programs\\Python\\Python313\\Lib\\site-packages\\anyio\\from_thread.py", line 532, in run_blocking_portal\n    run_eventloop(\n  File "C:\\Users\\VIDYANKSHINI\\AppData\\Local\\Programs\\Python\\Python313\\Lib\\site-packages\\anyio\\_core\\_eventloop.py", line 77, in run\n    return async_backend.run(func, args, {}, backend_options)\n  File "C:\\Users\\VIDYANKSHINI\\AppData\\Local\\Programs\\Python\\Python313\\Lib\\site-packages\\anyio\\_backends\\_asyncio.py", line 2358, in run\n    return runner.run(wrapper())\n  File "C:\\Users\\VIDYANKSHINI\\AppData\\Local\\Programs\\Python\\Python313\\Lib\\asyncio\\runners.py", line 118, in run\n    return self._loop.run_until_complete(task)\n  File "C:\\Users\\VIDYANKSHINI\\AppData\\Local\\Programs\\Python\\Python313\\Lib\\asyncio\\base_events.py", line 712, in run_until_complete\n    self.run_forever()\n  File "C:\\Users\\VIDYANKSHINI\\AppData\\Local\\Programs\\Python\\Python313\\Lib\\asyncio\\base_events.py", line 683, in run_forever\n    self._run_once()\n  File "C:\\Users\\VIDYANKSHINI\\AppData\\Local\\Programs\\Python\\Python313\\Lib\\asyncio\\base_events.py", line 2040, in _run_once\n    handle._run()\n  File "C:\\Users\\VIDYANKSHINI\\AppData\\Local\\Programs\\Python\\Python313\\Lib\\asyncio\\events.py", line 89, in _run\n    self._context.run(self._callback, *self._args)\n  File "C:\\Users\\VIDYANKSHINI\\AppData\\Local\\Programs\\Python\\Python313\\Lib\\site-packages\\anyio\\from_thread.py", line 259, in _call_func\n    retval = await retval_or_awaitable\n  File "C:\\Users\\VIDYANKSHINI\\AppData\\Local\\Programs\\Python\\Python313\\Lib\\site-packages\\starlette\\testclient.py", line 704, in lifespan\n    await self.app(scope, self.stream_receive.receive, self.stream_send.send)\n  File "C:\\Users\\VIDYANKSHINI\\AppData\\Local\\Programs\\Python\\Python313\\Lib\\site-packages\\fastapi\\applications.py", line 1159, in __call__\n    await super().__call__(scope, receive, send)\n  File "C:\\Users\\VIDYANKSHINI\\AppData\\Local\\Programs\\Python\\Python313\\Lib\\site-packages\\starlette\\applications.py", line 107, in __call__\n    await self.middleware_stack(scope, receive, send)\n  File "C:\\Users\\VIDYANKSHINI\\AppData\\Local\\Programs\\Python\\Python313\\Lib\\site-packages\\starlette\\middleware\\errors.py", line 151, in __call__\n    await self.app(scope, receive, send)\n  File "C:\\Users\\VIDYANKSHINI\\AppData\\Local\\Programs\\Python\\Python313\\Lib\\site-packages\\starlette\\middleware\\cors.py", line 79, in __call__\n    await self.app(scope, receive, send)\n  File "C:\\Users\\VIDYANKSHINI\\AppData\\Local\\Programs\\Python\\Python313\\Lib\\site-packages\\starlette\\middleware\\exceptions.py", line 49, in __call__\n    await self.app(scope, receive, send)\n  File "C:\\Users\\VIDYANKSHINI\\AppData\\Local\\Programs\\Python\\Python313\\Lib\\site-packages\\fastapi\\middleware\\asyncexitstack.py", line 18, in __call__\n    await self.app(scope, receive, send)\n  File "C:\\Users\\VIDYANKSHINI\\AppData\\Local\\Programs\\Python\\Python313\\Lib\\site-packages\\starlette\\routing.py", line 716, in __call__\n    await self.middleware_stack(scope, receive, send)\n  File "C:\\Users\\VIDYANKSHINI\\AppData\\Local\\Programs\\Python\\Python313\\Lib\\site-packages\\starlette\\routing.py", line 725, in app\n    await self.lifespan(scope, receive, send)\n  File "C:\\Users\\VIDYANKSHINI\\AppData\\Local\\Programs\\Python\\Python313\\Lib\\site-packages\\starlette\\routing.py", line 694, in lifespan\n    async with self.lifespan_context(app) as maybe_state:\n  File "C:\\Users\\VIDYANKSHINI\\AppData\\Local\\Programs\\Python\\Python313\\Lib\\contextlib.py", line 214, in __aenter__\n    return await anext(self.gen)\n  File "C:\\Users\\VIDYANKSHINI\\AppData\\Local\\Programs\\Python\\Python313\\Lib\\site-packages\\fastapi\\routing.py", line 216, in merged_lifespan\n    async with original_context(app) as maybe_original_state:\n  File "C:\\Users\\VIDYANKSHINI\\AppData\\Local\\Programs\\Python\\Python313\\Lib\\contextlib.py", line 214, in __aenter__\n    return await anext(self.gen)\n  File "C:\\Users\\VIDYANKSHINI\\Desktop\\project\\SecuScan\\backend\\secuscan\\main.py", line 41, in lifespan\n    logger.info("\U0001f680 Starting SecuScan backend...")\nMessage: '\U0001f680 Starting SecuScan backend...'\nArguments: ()\n--- Logging error ---\nTraceback (most recent call last):\n  File "C:\\Users\\VIDYANKSHINI\\AppData\\Local\\Programs\\Python\\Python313\\Lib\\logging\\__init__.py", line 1153, in emit\n    stream.write(msg + self.terminator)\n    ~~~~~~~~~~~~^^^^^^^^^^^^^^^^^^^^^^^\n  File "C:\\Users\\VIDYANKSHINI\\AppData\\Local\\Programs\\Python\\Python313\\Lib\\encodings\\cp1252.py", line 19, in encode\n    return codecs.charmap_encode(input,self.errors,encoding_table)[0]\n           ~~~~~~~~~~~~~~~~~~~~~^^^^^^^^^^^^^^^^^^^^^^^^^^^^^^^^^^\nUnicodeEncodeError: 'charmap' codec can't encode character '\\u2713' in position 57: character maps to <undefined>\nCall stack:\n  File "C:\\Users\\VIDYANKSHINI\\AppData\\Local\\Programs\\Python\\Python313\\Lib\\threading.py", line 1012, in _bootstrap\n    self._bootstrap_inner()\n  File "C:\\Users\\VIDYANKSHINI\\AppData\\Local\\Programs\\Python\\Python313\\Lib\\threading.py", line 1041, in _bootstrap_inner\n    self.run()\n  File "C:\\Users\\VIDYANKSHINI\\AppData\\Local\\Programs\\Python\\Python313\\Lib\\threading.py", line 992, in run\n    self._target(*self._args, **self._kwargs)\n  File "C:\\Users\\VIDYANKSHINI\\AppData\\Local\\Programs\\Python\\Python313\\Lib\\site-packages\\anyio\\from_thread.py", line 532, in run_blocking_portal\n    run_eventloop(\n  File "C:\\Users\\VIDYANKSHINI\\AppData\\Local\\Programs\\Python\\Python313\\Lib\\site-packages\\anyio\\_core\\_eventloop.py", line 77, in run\n    return async_backend.run(func, args, {}, backend_options)\n  File "C:\\Users\\VIDYANKSHINI\\AppData\\Local\\Programs\\Python\\Python313\\Lib\\site-packages\\anyio\\_backends\\_asyncio.py", line 2358, in run\n    return runner.run(wrapper())\n  File "C:\\Users\\VIDYANKSHINI\\AppData\\Local\\Programs\\Python\\Python313\\Lib\\asyncio\\runners.py", line 118, in run\n    return self._loop.run_until_complete(task)\n  File "C:\\Users\\VIDYANKSHINI\\AppData\\Local\\Programs\\Python\\Python313\\Lib\\asyncio\\base_events.py", line 712, in run_until_complete\n    self.run_forever()\n  File "C:\\Users\\VIDYANKSHINI\\AppData\\Local\\Programs\\Python\\Python313\\Lib\\asyncio\\base_events.py", line 683, in run_forever\n    self._run_once()\n  File "C:\\Users\\VIDYANKSHINI\\AppData\\Local\\Programs\\Python\\Python313\\Lib\\asyncio\\base_events.py", line 2040, in _run_once\n    handle._run()\n  File "C:\\Users\\VIDYANKSHINI\\AppData\\Local\\Programs\\Python\\Python313\\Lib\\asyncio\\events.py", line 89, in _run\n    self._context.run(self._callback, *self._args)\n  File "C:\\Users\\VIDYANKSHINI\\AppData\\Local\\Programs\\Python\\Python313\\Lib\\site-packages\\anyio\\from_thread.py", line 259, in _call_func\n    retval = await retval_or_awaitable\n  File "C:\\Users\\VIDYANKSHINI\\AppData\\Local\\Programs\\Python\\Python313\\Lib\\site-packages\\starlette\\testclient.py", line 704, in lifespan\n    await self.app(scope, self.stream_receive.receive, self.stream_send.send)\n  File "C:\\Users\\VIDYANKSHINI\\AppData\\Local\\Programs\\Python\\Python313\\Lib\\site-packages\\fastapi\\applications.py", line 1159, in __call__\n    await super().__call__(scope, receive, send)\n  File "C:\\Users\\VIDYANKSHINI\\AppData\\Local\\Programs\\Python\\Python313\\Lib\\site-packages\\starlette\\applications.py", line 107, in __call__\n    await self.middleware_stack(scope, receive, send)\n  File "C:\\Users\\VIDYANKSHINI\\AppData\\Local\\Programs\\Python\\Python313\\Lib\\site-packages\\starlette\\middleware\\errors.py", line 151, in __call__\n    await self.app(scope, receive, send)\n  File "C:\\Users\\VIDYANKSHINI\\AppData\\Local\\Programs\\Python\\Python313\\Lib\\site-packages\\starlette\\middleware\\cors.py", line 79, in __call__\n    await self.app(scope, receive, send)\n  File "C:\\Users\\VIDYANKSHINI\\AppData\\Local\\Programs\\Python\\Python313\\Lib\\site-packages\\starlette\\middleware\\exceptions.py", line 49, in __call__\n    await self.app(scope, receive, send)\n  File "C:\\Users\\VIDYANKSHINI\\AppData\\Local\\Programs\\Python\\Python313\\Lib\\site-packages\\fastapi\\middleware\\asyncexitstack.py", line 18, in __call__\n    await self.app(scope, receive, send)\n  File "C:\\Users\\VIDYANKSHINI\\AppData\\Local\\Programs\\Python\\Python313\\Lib\\site-packages\\starlette\\routing.py", line 716, in __call__\n    await self.middleware_stack(scope, receive, send)\n  File "C:\\Users\\VIDYANKSHINI\\AppData\\Local\\Programs\\Python\\Python313\\Lib\\site-packages\\starlette\\routing.py", line 725, in app\n    await self.lifespan(scope, receive, send)\n  File "C:\\Users\\VIDYANKSHINI\\AppData\\Local\\Programs\\Python\\Python313\\Lib\\site-packages\\starlette\\routing.py", line 694, in lifespan\n    async with self.lifespan_context(app) as maybe_state:\n  File "C:\\Users\\VIDYANKSHINI\\AppData\\Local\\Programs\\Python\\Python313\\Lib\\contextlib.py", line 214, in __aenter__\n    return await anext(self.gen)\n  File "C:\\Users\\VIDYANKSHINI\\AppData\\Local\\Programs\\Python\\Python313\\Lib\\site-packages\\fastapi\\routing.py", line 216, in merged_lifespan\n    async with original_context(app) as maybe_original_state:\n  File "C:\\Users\\VIDYANKSHINI\\AppData\\Local\\Programs\\Python\\Python313\\Lib\\contextlib.py", line 214, in __aenter__\n    return await anext(self.gen)\n  File "C:\\Users\\VIDYANKSHINI\\Desktop\\project\\SecuScan\\backend\\secuscan\\main.py", line 45, in lifespan\n    logger.info("\u2713 Directories initialized")\nMessage: '\u2713 Directories initialized'\nArguments: ()\n--- Logging error ---\nTraceback (most recent call last):\n  File "C:\\Users\\VIDYANKSHINI\\AppData\\Local\\Programs\\Python\\Python313\\Lib\\logging\\__init__.py", line 1153, in emit\n    stream.write(msg + self.terminator)\n    ~~~~~~~~~~~~^^^^^^^^^^^^^^^^^^^^^^^\n  File "C:\\Users\\VIDYANKSHINI\\AppData\\Local\\Programs\\Python\\Python313\\Lib\\encodings\\cp1252.py", line 19, in encode\n    return codecs.charmap_encode(input,self.errors,encoding_table)[0]\n           ~~~~~~~~~~~~~~~~~~~~~^^^^^^^^^^^^^^^^^^^^^^^^^^^^^^^^^^\nUnicodeEncodeError: 'charmap' codec can't encode character '\\u2713' in position 57: character maps to <undefined>\nCall stack:\n  File "C:\\Users\\VIDYANKSHINI\\AppData\\Local\\Programs\\Python\\Python313\\Lib\\threading.py", line 1012, in _bootstrap\n    self._bootstrap_inner()\n  File "C:\\Users\\VIDYANKSHINI\\AppData\\Local\\Programs\\Python\\Python313\\Lib\\threading.py", line 1041, in _bootstrap_inner\n    self.run()\n  File "C:\\Users\\VIDYANKSHINI\\AppData\\Local\\Programs\\Python\\Python313\\Lib\\threading.py", line 992, in run\n    self._target(*self._args, **self._kwargs)\n  File "C:\\Users\\VIDYANKSHINI\\AppData\\Local\\Programs\\Python\\Python313\\Lib\\site-packages\\anyio\\from_thread.py", line 532, in run_blocking_portal\n    run_eventloop(\n  File "C:\\Users\\VIDYANKSHINI\\AppData\\Local\\Programs\\Python\\Python313\\Lib\\site-packages\\anyio\\_core\\_eventloop.py", line 77, in run\n    return async_backend.run(func, args, {}, backend_options)\n  File "C:\\Users\\VIDYANKSHINI\\AppData\\Local\\Programs\\Python\\Python313\\Lib\\site-packages\\anyio\\_backends\\_asyncio.py", line 2358, in run\n    return runner.run(wrapper())\n  File "C:\\Users\\VIDYANKSHINI\\AppData\\Local\\Programs\\Python\\Python313\\Lib\\asyncio\\runners.py", line 118, in run\n    return self._loop.run_until_complete(task)\n  File "C:\\Users\\VIDYANKSHINI\\AppData\\Local\\Programs\\Python\\Python313\\Lib\\asyncio\\base_events.py", line 712, in run_until_complete\n    self.run_forever()\n  File "C:\\Users\\VIDYANKSHINI\\AppData\\Local\\Programs\\Python\\Python313\\Lib\\asyncio\\base_events.py", line 683, in run_forever\n    self._run_once()\n  File "C:\\Users\\VIDYANKSHINI\\AppData\\Local\\Programs\\Python\\Python313\\Lib\\asyncio\\base_events.py", line 2040, in _run_once\n    handle._run()\n  File "C:\\Users\\VIDYANKSHINI\\AppData\\Local\\Programs\\Python\\Python313\\Lib\\asyncio\\events.py", line 89, in _run\n    self._context.run(self._callback, *self._args)\n  File "C:\\Users\\VIDYANKSHINI\\AppData\\Local\\Programs\\Python\\Python313\\Lib\\site-packages\\anyio\\from_thread.py", line 259, in _call_func\n    retval = await retval_or_awaitable\n  File "C:\\Users\\VIDYANKSHINI\\AppData\\Local\\Programs\\Python\\Python313\\Lib\\site-packages\\starlette\\testclient.py", line 704, in lifespan\n    await self.app(scope, self.stream_receive.receive, self.stream_send.send)\n  File "C:\\Users\\VIDYANKSHINI\\AppData\\Local\\Programs\\Python\\Python313\\Lib\\site-packages\\fastapi\\applications.py", line 1159, in __call__\n    await super().__call__(scope, receive, send)\n  File "C:\\Users\\VIDYANKSHINI\\AppData\\Local\\Programs\\Python\\Python313\\Lib\\site-packages\\starlette\\applications.py", line 107, in __call__\n    await self.middleware_stack(scope, receive, send)\n  File "C:\\Users\\VIDYANKSHINI\\AppData\\Local\\Programs\\Python\\Python313\\Lib\\site-packages\\starlette\\middleware\\errors.py", line 151, in __call__\n    await self.app(scope, receive, send)\n  File "C:\\Users\\VIDYANKSHINI\\AppData\\Local\\Programs\\Python\\Python313\\Lib\\site-packages\\starlette\\middleware\\cors.py", line 79, in __call__\n    await self.app(scope, receive, send)\n  File "C:\\Users\\VIDYANKSHINI\\AppData\\Local\\Programs\\Python\\Python313\\Lib\\site-packages\\starlette\\middleware\\exceptions.py", line 49, in __call__\n    await self.app(scope, receive, send)\n  File "C:\\Users\\VIDYANKSHINI\\AppData\\Local\\Programs\\Python\\Python313\\Lib\\site-packages\\fastapi\\middleware\\asyncexitstack.py", line 18, in __call__\n    await self.app(scope, receive, send)\n  File "C:\\Users\\VIDYANKSHINI\\AppData\\Local\\Programs\\Python\\Python313\\Lib\\site-packages\\starlette\\routing.py", line 716, in __call__\n    await self.middleware_stack(scope, receive, send)\n  File "C:\\Users\\VIDYANKSHINI\\AppData\\Local\\Programs\\Python\\Python313\\Lib\\site-packages\\starlette\\routing.py", line 725, in app\n    await self.lifespan(scope, receive, send)\n  File "C:\\Users\\VIDYANKSHINI\\AppData\\Local\\Programs\\Python\\Python313\\Lib\\site-packages\\starlette\\routing.py", line 694, in lifespan\n    async with self.lifespan_context(app) as maybe_state:\n  File "C:\\Users\\VIDYANKSHINI\\AppData\\Local\\Programs\\Python\\Python313\\Lib\\contextlib.py", line 214, in __aenter__\n    return await anext(self.gen)\n  File "C:\\Users\\VIDYANKSHINI\\AppData\\Local\\Programs\\Python\\Python313\\Lib\\site-packages\\fastapi\\routing.py", line 216, in merged_lifespan\n    async with original_context(app) as maybe_original_state:\n  File "C:\\Users\\VIDYANKSHINI\\AppData\\Local\\Programs\\Python\\Python313\\Lib\\contextlib.py", line 214, in __aenter__\n    return await anext(self.gen)\n  File "C:\\Users\\VIDYANKSHINI\\Desktop\\project\\SecuScan\\backend\\secuscan\\main.py", line 49, in lifespan\n    logger.info("\u2713 SQLite connected")\nMessage: '\u2713 SQLite connected'\nArguments: ()\n--- Logging error ---\nTraceback (most recent call last):\n  File "C:\\Users\\VIDYANKSHINI\\AppData\\Local\\Programs\\Python\\Python313\\Lib\\logging\\__init__.py", line 1153, in emit\n    stream.write(msg + self.terminator)\n    ~~~~~~~~~~~~^^^^^^^^^^^^^^^^^^^^^^^\n  File "C:\\Users\\VIDYANKSHINI\\AppData\\Local\\Programs\\Python\\Python313\\Lib\\encodings\\cp1252.py", line 19, in encode\n    return codecs.charmap_encode(input,self.errors,encoding_table)[0]\n           ~~~~~~~~~~~~~~~~~~~~~^^^^^^^^^^^^^^^^^^^^^^^^^^^^^^^^^^\nUnicodeEncodeError: 'charmap' codec can't encode character '\\u2713' in position 57: character maps to <undefined>\nCall stack:\n  File "C:\\Users\\VIDYANKSHINI\\AppData\\Local\\Programs\\Python\\Python313\\Lib\\threading.py", line 1012, in _bootstrap\n    self._bootstrap_inner()\n  File "C:\\Users\\VIDYANKSHINI\\AppData\\Local\\Programs\\Python\\Python313\\Lib\\threading.py", line 1041, in _bootstrap_inner\n    self.run()\n  File "C:\\Users\\VIDYANKSHINI\\AppData\\Local\\Programs\\Python\\Python313\\Lib\\threading.py", line 992, in run\n    self._target(*self._args, **self._kwargs)\n  File "C:\\Users\\VIDYANKSHINI\\AppData\\Local\\Programs\\Python\\Python313\\Lib\\site-packages\\anyio\\from_thread.py", line 532, in run_blocking_portal\n    run_eventloop(\n  File "C:\\Users\\VIDYANKSHINI\\AppData\\Local\\Programs\\Python\\Python313\\Lib\\site-packages\\anyio\\_core\\_eventloop.py", line 77, in run\n    return async_backend.run(func, args, {}, backend_options)\n  File "C:\\Users\\VIDYANKSHINI\\AppData\\Local\\Programs\\Python\\Python313\\Lib\\site-packages\\anyio\\_backends\\_asyncio.py", line 2358, in run\n    return runner.run(wrapper())\n  File "C:\\Users\\VIDYANKSHINI\\AppData\\Local\\Programs\\Python\\Python313\\Lib\\asyncio\\runners.py", line 118, in run\n    return self._loop.run_until_complete(task)\n  File "C:\\Users\\VIDYANKSHINI\\AppData\\Local\\Programs\\Python\\Python313\\Lib\\asyncio\\base_events.py", line 712, in run_until_complete\n    self.run_forever()\n  File "C:\\Users\\VIDYANKSHINI\\AppData\\Local\\Programs\\Python\\Python313\\Lib\\asyncio\\base_events.py", line 683, in run_forever\n    self._run_once()\n  File "C:\\Users\\VIDYANKSHINI\\AppData\\Local\\Programs\\Python\\Python313\\Lib\\asyncio\\base_events.py", line 2040, in _run_once\n    handle._run()\n  File "C:\\Users\\VIDYANKSHINI\\AppData\\Local\\Programs\\Python\\Python313\\Lib\\asyncio\\events.py", line 89, in _run\n    self._context.run(self._callback, *self._args)\n  File "C:\\Users\\VIDYANKSHINI\\AppData\\Local\\Programs\\Python\\Python313\\Lib\\site-packages\\anyio\\from_thread.py", line 259, in _call_func\n    retval = await retval_or_awaitable\n  File "C:\\Users\\VIDYANKSHINI\\AppData\\Local\\Programs\\Python\\Python313\\Lib\\site-packages\\starlette\\testclient.py", line 704, in lifespan\n    await self.app(scope, self.stream_receive.receive, self.stream_send.send)\n  File "C:\\Users\\VIDYANKSHINI\\AppData\\Local\\Programs\\Python\\Python313\\Lib\\site-packages\\fastapi\\applications.py", line 1159, in __call__\n    await super().__call__(scope, receive, send)\n  File "C:\\Users\\VIDYANKSHINI\\AppData\\Local\\Programs\\Python\\Python313\\Lib\\site-packages\\starlette\\applications.py", line 107, in __call__\n    await self.middleware_stack(scope, receive, send)\n  File "C:\\Users\\VIDYANKSHINI\\AppData\\Local\\Programs\\Python\\Python313\\Lib\\site-packages\\starlette\\middleware\\errors.py", line 151, in __call__\n    await self.app(scope, receive, send)\n  File "C:\\Users\\VIDYANKSHINI\\AppData\\Local\\Programs\\Python\\Python313\\Lib\\site-packages\\starlette\\middleware\\cors.py", line 79, in __call__\n    await self.app(scope, receive, send)\n  File "C:\\Users\\VIDYANKSHINI\\AppData\\Local\\Programs\\Python\\Python313\\Lib\\site-packages\\starlette\\middleware\\exceptions.py", line 49, in __call__\n    await self.app(scope, receive, send)\n  File "C:\\Users\\VIDYANKSHINI\\AppData\\Local\\Programs\\Python\\Python313\\Lib\\site-packages\\fastapi\\middleware\\asyncexitstack.py", line 18, in __call__\n    await self.app(scope, receive, send)\n  File "C:\\Users\\VIDYANKSHINI\\AppData\\Local\\Programs\\Python\\Python313\\Lib\\site-packages\\starlette\\routing.py", line 716, in __call__\n    await self.middleware_stack(scope, receive, send)\n  File "C:\\Users\\VIDYANKSHINI\\AppData\\Local\\Programs\\Python\\Python313\\Lib\\site-packages\\starlette\\routing.py", line 725, in app\n    await self.lifespan(scope, receive, send)\n  File "C:\\Users\\VIDYANKSHINI\\AppData\\Local\\Programs\\Python\\Python313\\Lib\\site-packages\\starlette\\routing.py", line 694, in lifespan\n    async with self.lifespan_context(app) as maybe_state:\n  File "C:\\Users\\VIDYANKSHINI\\AppData\\Local\\Programs\\Python\\Python313\\Lib\\contextlib.py", line 214, in __aenter__\n    return await anext(self.gen)\n  File "C:\\Users\\VIDYANKSHINI\\AppData\\Local\\Programs\\Python\\Python313\\Lib\\site-packages\\fastapi\\routing.py", line 216, in merged_lifespan\n    async with original_context(app) as maybe_original_state:\n  File "C:\\Users\\VIDYANKSHINI\\AppData\\Local\\Programs\\Python\\Python313\\Lib\\contextlib.py", line 214, in __aenter__\n    return await anext(self.gen)\n  File "C:\\Users\\VIDYANKSHINI\\Desktop\\project\\SecuScan\\backend\\secuscan\\main.py", line 52, in lifespan\n    logger.info("\u2713 In-memory cache initialized")\nMessage: '\u2713 In-memory cache initialized'\nArguments: ()\n--- Logging error ---\nTraceback (most recent call last):\n  File "C:\\Users\\VIDYANKSHINI\\AppData\\Local\\Programs\\Python\\Python313\\Lib\\logging\\__init__.py", line 1153, in emit\n    stream.write(msg + self.terminator)\n    ~~~~~~~~~~~~^^^^^^^^^^^^^^^^^^^^^^^\n  File "C:\\Users\\VIDYANKSHINI\\AppData\\Local\\Programs\\Python\\Python313\\Lib\\encodings\\cp1252.py", line 19, in encode\n    return codecs.charmap_encode(input,self.errors,encoding_table)[0]\n           ~~~~~~~~~~~~~~~~~~~~~^^^^^^^^^^^^^^^^^^^^^^^^^^^^^^^^^^\nUnicodeEncodeError: 'charmap' codec can't encode character '\\u2713' in position 60: character maps to <undefined>\nCall stack:\n  File "C:\\Users\\VIDYANKSHINI\\AppData\\Local\\Programs\\Python\\Python313\\Lib\\threading.py", line 1012, in _bootstrap\n    self._bootstrap_inner()\n  File "C:\\Users\\VIDYANKSHINI\\AppData\\Local\\Programs\\Python\\Python313\\Lib\\threading.py", line 1041, in _bootstrap_inner\n    self.run()\n  File "C:\\Users\\VIDYANKSHINI\\AppData\\Local\\Programs\\Python\\Python313\\Lib\\threading.py", line 992, in run\n    self._target(*self._args, **self._kwargs)\n  File "C:\\Users\\VIDYANKSHINI\\AppData\\Local\\Programs\\Python\\Python313\\Lib\\site-packages\\anyio\\from_thread.py", line 532, in run_blocking_portal\n    run_eventloop(\n  File "C:\\Users\\VIDYANKSHINI\\AppData\\Local\\Programs\\Python\\Python313\\Lib\\site-packages\\anyio\\_core\\_eventloop.py", line 77, in run\n    return async_backend.run(func, args, {}, backend_options)\n  File "C:\\Users\\VIDYANKSHINI\\AppData\\Local\\Programs\\Python\\Python313\\Lib\\site-packages\\anyio\\_backends\\_asyncio.py", line 2358, in run\n    return runner.run(wrapper())\n  File "C:\\Users\\VIDYANKSHINI\\AppData\\Local\\Programs\\Python\\Python313\\Lib\\asyncio\\runners.py", line 118, in run\n    return self._loop.run_until_complete(task)\n  File "C:\\Users\\VIDYANKSHINI\\AppData\\Local\\Programs\\Python\\Python313\\Lib\\asyncio\\base_events.py", line 712, in run_until_complete\n    self.run_forever()\n  File "C:\\Users\\VIDYANKSHINI\\AppData\\Local\\Programs\\Python\\Python313\\Lib\\asyncio\\base_events.py", line 683, in run_forever\n    self._run_once()\n  File "C:\\Users\\VIDYANKSHINI\\AppData\\Local\\Programs\\Python\\Python313\\Lib\\asyncio\\base_events.py", line 2040, in _run_once\n    handle._run()\n  File "C:\\Users\\VIDYANKSHINI\\AppData\\Local\\Programs\\Python\\Python313\\Lib\\asyncio\\events.py", line 89, in _run\n    self._context.run(self._callback, *self._args)\n  File "C:\\Users\\VIDYANKSHINI\\AppData\\Local\\Programs\\Python\\Python313\\Lib\\site-packages\\anyio\\from_thread.py", line 259, in _call_func\n    retval = await retval_or_awaitable\n  File "C:\\Users\\VIDYANKSHINI\\AppData\\Local\\Programs\\Python\\Python313\\Lib\\site-packages\\starlette\\testclient.py", line 704, in lifespan\n    await self.app(scope, self.stream_receive.receive, self.stream_send.send)\n  File "C:\\Users\\VIDYANKSHINI\\AppData\\Local\\Programs\\Python\\Python313\\Lib\\site-packages\\fastapi\\applications.py", line 1159, in __call__\n    await super().__call__(scope, receive, send)\n  File "C:\\Users\\VIDYANKSHINI\\AppData\\Local\\Programs\\Python\\Python313\\Lib\\site-packages\\starlette\\applications.py", line 107, in __call__\n    await self.middleware_stack(scope, receive, send)\n  File "C:\\Users\\VIDYANKSHINI\\AppData\\Local\\Programs\\Python\\Python313\\Lib\\site-packages\\starlette\\middleware\\errors.py", line 151, in __call__\n    await self.app(scope, receive, send)\n  File "C:\\Users\\VIDYANKSHINI\\AppData\\Local\\Programs\\Python\\Python313\\Lib\\site-packages\\starlette\\middleware\\cors.py", line 79, in __call__\n    await self.app(scope, receive, send)\n  File "C:\\Users\\VIDYANKSHINI\\AppData\\Local\\Programs\\Python\\Python313\\Lib\\site-packages\\starlette\\middleware\\exceptions.py", line 49, in __call__\n    await self.app(scope, receive, send)\n  File "C:\\Users\\VIDYANKSHINI\\AppData\\Local\\Programs\\Python\\Python313\\Lib\\site-packages\\fastapi\\middleware\\asyncexitstack.py", line 18, in __call__\n    await self.app(scope, receive, send)\n  File "C:\\Users\\VIDYANKSHINI\\AppData\\Local\\Programs\\Python\\Python313\\Lib\\site-packages\\starlette\\routing.py", line 716, in __call__\n    await self.middleware_stack(scope, receive, send)\n  File "C:\\Users\\VIDYANKSHINI\\AppData\\Local\\Programs\\Python\\Python313\\Lib\\site-packages\\starlette\\routing.py", line 725, in app\n    await self.lifespan(scope, receive, send)\n  File "C:\\Users\\VIDYANKSHINI\\AppData\\Local\\Programs\\Python\\Python313\\Lib\\site-packages\\starlette\\routing.py", line 694, in lifespan\n    async with self.lifespan_context(app) as maybe_state:\n  File "C:\\Users\\VIDYANKSHINI\\AppData\\Local\\Programs\\Python\\Python313\\Lib\\contextlib.py", line 214, in __aenter__\n    return await anext(self.gen)\n  File "C:\\Users\\VIDYANKSHINI\\AppData\\Local\\Programs\\Python\\Python313\\Lib\\site-packages\\fastapi\\routing.py", line 216, in merged_lifespan\n    async with original_context(app) as maybe_original_state:\n  File "C:\\Users\\VIDYANKSHINI\\AppData\\Local\\Programs\\Python\\Python313\\Lib\\contextlib.py", line 214, in __aenter__\n    return await anext(self.gen)\n  File "C:\\Users\\VIDYANKSHINI\\Desktop\\project\\SecuScan\\backend\\secuscan\\main.py", line 55, in lifespan\n    await init_plugins(settings.plugins_dir)\n  File "C:\\Users\\VIDYANKSHINI\\Desktop\\project\\SecuScan\\backend\\secuscan\\plugins.py", line 382, in init_plugins\n    await plugin_manager.load_plugins()\n  File "C:\\Users\\VIDYANKSHINI\\Desktop\\project\\SecuScan\\backend\\secuscan\\plugins.py", line 59, in load_plugins\n    logger.info(f"\u2713 Loaded plugin: {plugin_meta.name} v{plugin_meta.version}")\nMessage: '\u2713 Loaded plugin: Amass v1.0.0'\nArguments: ()\n--- Logging error ---\nTraceback (most recent call last):\n  File "C:\\Users\\VIDYANKSHINI\\AppData\\Local\\Programs\\Python\\Python313\\Lib\\logging\\__init__.py", line 1153, in emit\n    stream.write(msg + self.terminator)\n    ~~~~~~~~~~~~^^^^^^^^^^^^^^^^^^^^^^^\n  File "C:\\Users\\VIDYANKSHINI\\AppData\\Local\\Programs\\Python\\Python313\\Lib\\encodings\\cp1252.py", line 19, in encode\n    return codecs.charmap_encode(input,self.errors,encoding_table)[0]\n           ~~~~~~~~~~~~~~~~~~~~~^^^^^^^^^^^^^^^^^^^^^^^^^^^^^^^^^^\nUnicodeEncodeError: 'charmap' codec can't encode character '\\u2713' in position 60: character maps to <undefined>\nCall stack:\n  File "C:\\Users\\VIDYANKSHINI\\AppData\\Local\\Programs\\Python\\Python313\\Lib\\threading.py", line 1012, in _bootstrap\n    self._bootstrap_inner()\n  File "C:\\Users\\VIDYANKSHINI\\AppData\\Local\\Programs\\Python\\Python313\\Lib\\threading.py", line 1041, in _bootstrap_inner\n    self.run()\n  File "C:\\Users\\VIDYANKSHINI\\AppData\\Local\\Programs\\Python\\Python313\\Lib\\threading.py", line 992, in run\n    self._target(*self._args, **self._kwargs)\n  File "C:\\Users\\VIDYANKSHINI\\AppData\\Local\\Programs\\Python\\Python313\\Lib\\site-packages\\anyio\\from_thread.py", line 532, in run_blocking_portal\n    run_eventloop(\n  File "C:\\Users\\VIDYANKSHINI\\AppData\\Local\\Programs\\Python\\Python313\\Lib\\site-packages\\anyio\\_core\\_eventloop.py", line 77, in run\n    return async_backend.run(func, args, {}, backend_options)\n  File "C:\\Users\\VIDYANKSHINI\\AppData\\Local\\Programs\\Python\\Python313\\Lib\\site-packages\\anyio\\_backends\\_asyncio.py", line 2358, in run\n    return runner.run(wrapper())\n  File "C:\\Users\\VIDYANKSHINI\\AppData\\Local\\Programs\\Python\\Python313\\Lib\\asyncio\\runners.py", line 118, in run\n    return self._loop.run_until_complete(task)\n  File "C:\\Users\\VIDYANKSHINI\\AppData\\Local\\Programs\\Python\\Python313\\Lib\\asyncio\\base_events.py", line 712, in run_until_complete\n    self.run_forever()\n  File "C:\\Users\\VIDYANKSHINI\\AppData\\Local\\Programs\\Python\\Python313\\Lib\\asyncio\\base_events.py", line 683, in run_forever\n    self._run_once()\n  File "C:\\Users\\VIDYANKSHINI\\AppData\\Local\\Programs\\Python\\Python313\\Lib\\asyncio\\base_events.py", line 2040, in _run_once\n    handle._run()\n  File "C:\\Users\\VIDYANKSHINI\\AppData\\Local\\Programs\\Python\\Python313\\Lib\\asyncio\\events.py", line 89, in _run\n    self._context.run(self._callback, *self._args)\n  File "C:\\Users\\VIDYANKSHINI\\AppData\\Local\\Programs\\Python\\Python313\\Lib\\site-packages\\anyio\\from_thread.py", line 259, in _call_func\n    retval = await retval_or_awaitable\n  File "C:\\Users\\VIDYANKSHINI\\AppData\\Local\\Programs\\Python\\Python313\\Lib\\site-packages\\starlette\\testclient.py", line 704, in lifespan\n    await self.app(scope, self.stream_receive.receive, self.stream_send.send)\n  File "C:\\Users\\VIDYANKSHINI\\AppData\\Local\\Programs\\Python\\Python313\\Lib\\site-packages\\fastapi\\applications.py", line 1159, in __call__\n    await super().__call__(scope, receive, send)\n  File "C:\\Users\\VIDYANKSHINI\\AppData\\Local\\Programs\\Python\\Python313\\Lib\\site-packages\\starlette\\applications.py", line 107, in __call__\n    await self.middleware_stack(scope, receive, send)\n  File "C:\\Users\\VIDYANKSHINI\\AppData\\Local\\Programs\\Python\\Python313\\Lib\\site-packages\\starlette\\middleware\\errors.py", line 151, in __call__\n    await self.app(scope, receive, send)\n  File "C:\\Users\\VIDYANKSHINI\\AppData\\Local\\Programs\\Python\\Python313\\Lib\\site-packages\\starlette\\middleware\\cors.py", line 79, in __call__\n    await self.app(scope, receive, send)\n  File "C:\\Users\\VIDYANKSHINI\\AppData\\Local\\Programs\\Python\\Python313\\Lib\\site-packages\\starlette\\middleware\\exceptions.py", line 49, in __call__\n    await self.app(scope, receive, send)\n  File "C:\\Users\\VIDYANKSHINI\\AppData\\Local\\Programs\\Python\\Python313\\Lib\\site-packages\\fastapi\\middleware\\asyncexitstack.py", line 18, in __call__\n    await self.app(scope, receive, send)\n  File "C:\\Users\\VIDYANKSHINI\\AppData\\Local\\Programs\\Python\\Python313\\Lib\\site-packages\\starlette\\routing.py", line 716, in __call__\n    await self.middleware_stack(scope, receive, send)\n  File "C:\\Users\\VIDYANKSHINI\\AppData\\Local\\Programs\\Python\\Python313\\Lib\\site-packages\\starlette\\routing.py", line 725, in app\n    await self.lifespan(scope, receive, send)\n  File "C:\\Users\\VIDYANKSHINI\\AppData\\Local\\Programs\\Python\\Python313\\Lib\\site-packages\\starlette\\routing.py", line 694, in lifespan\n    async with self.lifespan_context(app) as maybe_state:\n  File "C:\\Users\\VIDYANKSHINI\\AppData\\Local\\Programs\\Python\\Python313\\Lib\\contextlib.py", line 214, in __aenter__\n    return await anext(self.gen)\n  File "C:\\Users\\VIDYANKSHINI\\AppData\\Local\\Programs\\Python\\Python313\\Lib\\site-packages\\fastapi\\routing.py", line 216, in merged_lifespan\n    async with original_context(app) as maybe_original_state:\n  File "C:\\Users\\VIDYANKSHINI\\AppData\\Local\\Programs\\Python\\Python313\\Lib\\contextlib.py", line 214, in __aenter__\n    return await anext(self.gen)\n  File "C:\\Users\\VIDYANKSHINI\\Desktop\\project\\SecuScan\\backend\\secuscan\\main.py", line 55, in lifespan\n    await init_plugins(settings.plugins_dir)\n  File "C:\\Users\\VIDYANKSHINI\\Desktop\\project\\SecuScan\\backend\\secuscan\\plugins.py", line 382, in init_plugins\n    await plugin_manager.load_plugins()\n  File "C:\\Users\\VIDYANKSHINI\\Desktop\\project\\SecuScan\\backend\\secuscan\\plugins.py", line 59, in load_plugins\n    logger.info(f"\u2713 Loaded plugin: {plugin_meta.name} v{plugin_meta.version}")\nMessage: '\u2713 Loaded plugin: API Scanner v1.0.0'\nArguments: ()\n--- Logging error ---\nTraceback (most recent call last):\n  File "C:\\Users\\VIDYANKSHINI\\AppData\\Local\\Programs\\Python\\Python313\\Lib\\logging\\__init__.py", line 1153, in emit\n    stream.write(msg + self.terminator)\n    ~~~~~~~~~~~~^^^^^^^^^^^^^^^^^^^^^^^\n  File "C:\\Users\\VIDYANKSHINI\\AppData\\Local\\Programs\\Python\\Python313\\Lib\\encodings\\cp1252.py", line 19, in encode\n    return codecs.charmap_encode(input,self.errors,encoding_table)[0]\n           ~~~~~~~~~~~~~~~~~~~~~^^^^^^^^^^^^^^^^^^^^^^^^^^^^^^^^^^\nUnicodeEncodeError: 'charmap' codec can't encode character '\\u2713' in position 60: character maps to <undefined>\nCall stack:\n  File "C:\\Users\\VIDYANKSHINI\\AppData\\Local\\Programs\\Python\\Python313\\Lib\\threading.py", line 1012, in _bootstrap\n    self._bootstrap_inner()\n  File "C:\\Users\\VIDYANKSHINI\\AppData\\Local\\Programs\\Python\\Python313\\Lib\\threading.py", line 1041, in _bootstrap_inner\n    self.run()\n  File "C:\\Users\\VIDYANKSHINI\\AppData\\Local\\Programs\\Python\\Python313\\Lib\\threading.py", line 992, in run\n    self._target(*self._args, **self._kwargs)\n  File "C:\\Users\\VIDYANKSHINI\\AppData\\Local\\Programs\\Python\\Python313\\Lib\\site-packages\\anyio\\from_thread.py", line 532, in run_blocking_portal\n    run_eventloop(\n  File "C:\\Users\\VIDYANKSHINI\\AppData\\Local\\Programs\\Python\\Python313\\Lib\\site-packages\\anyio\\_core\\_eventloop.py", line 77, in run\n    return async_backend.run(func, args, {}, backend_options)\n  File "C:\\Users\\VIDYANKSHINI\\AppData\\Local\\Programs\\Python\\Python313\\Lib\\site-packages\\anyio\\_backends\\_asyncio.py", line 2358, in run\n    return runner.run(wrapper())\n  File "C:\\Users\\VIDYANKSHINI\\AppData\\Local\\Programs\\Python\\Python313\\Lib\\asyncio\\runners.py", line 118, in run\n    return self._loop.run_until_complete(task)\n  File "C:\\Users\\VIDYANKSHINI\\AppData\\Local\\Programs\\Python\\Python313\\Lib\\asyncio\\base_events.py", line 712, in run_until_complete\n    self.run_forever()\n  File "C:\\Users\\VIDYANKSHINI\\AppData\\Local\\Programs\\Python\\Python313\\Lib\\asyncio\\base_events.py", line 683, in run_forever\n    self._run_once()\n  File "C:\\Users\\VIDYANKSHINI\\AppData\\Local\\Programs\\Python\\Python313\\Lib\\asyncio\\base_events.py", line 2040, in _run_once\n    handle._run()\n  File "C:\\Users\\VIDYANKSHINI\\AppData\\Local\\Programs\\Python\\Python313\\Lib\\asyncio\\events.py", line 89, in _run\n    self._context.run(self._callback, *self._args)\n  File "C:\\Users\\VIDYANKSHINI\\AppData\\Local\\Programs\\Python\\Python313\\Lib\\site-packages\\anyio\\from_thread.py", line 259, in _call_func\n    retval = await retval_or_awaitable\n  File "C:\\Users\\VIDYANKSHINI\\AppData\\Local\\Programs\\Python\\Python313\\Lib\\site-packages\\starlette\\testclient.py", line 704, in lifespan\n    await self.app(scope, self.stream_receive.receive, self.stream_send.send)\n  File "C:\\Users\\VIDYANKSHINI\\AppData\\Local\\Programs\\Python\\Python313\\Lib\\site-packages\\fastapi\\applications.py", line 1159, in __call__\n    await super().__call__(scope, receive, send)\n  File "C:\\Users\\VIDYANKSHINI\\AppData\\Local\\Programs\\Python\\Python313\\Lib\\site-packages\\starlette\\applications.py", line 107, in __call__\n    await self.middleware_stack(scope, receive, send)\n  File "C:\\Users\\VIDYANKSHINI\\AppData\\Local\\Programs\\Python\\Python313\\Lib\\site-packages\\starlette\\middleware\\errors.py", line 151, in __call__\n    await self.app(scope, receive, send)\n  File "C:\\Users\\VIDYANKSHINI\\AppData\\Local\\Programs\\Python\\Python313\\Lib\\site-packages\\starlette\\middleware\\cors.py", line 79, in __call__\n    await self.app(scope, receive, send)\n  File "C:\\Users\\VIDYANKSHINI\\AppData\\Local\\Programs\\Python\\Python313\\Lib\\site-packages\\starlette\\middleware\\exceptions.py", line 49, in __call__\n    await self.app(scope, receive, send)\n  File "C:\\Users\\VIDYANKSHINI\\AppData\\Local\\Programs\\Python\\Python313\\Lib\\site-packages\\fastapi\\middleware\\asyncexitstack.py", line 18, in __call__\n    await self.app(scope, receive, send)\n  File "C:\\Users\\VIDYANKSHINI\\AppData\\Local\\Programs\\Python\\Python313\\Lib\\site-packages\\starlette\\routing.py", line 716, in __call__\n    await self.middleware_stack(scope, receive, send)\n  File "C:\\Users\\VIDYANKSHINI\\AppData\\Local\\Programs\\Python\\Python313\\Lib\\site-packages\\starlette\\routing.py", line 725, in app\n    await self.lifespan(scope, receive, send)\n  File "C:\\Users\\VIDYANKSHINI\\AppData\\Local\\Programs\\Python\\Python313\\Lib\\site-packages\\starlette\\routing.py", line 694, in lifespan\n    async with self.lifespan_context(app) as maybe_state:\n  File "C:\\Users\\VIDYANKSHINI\\AppData\\Local\\Programs\\Python\\Python313\\Lib\\contextlib.py", line 214, in __aenter__\n    return await anext(self.gen)\n  File "C:\\Users\\VIDYANKSHINI\\AppData\\Local\\Programs\\Python\\Python313\\Lib\\site-packages\\fastapi\\routing.py", line 216, in merged_lifespan\n    async with original_context(app) as maybe_original_state:\n  File "C:\\Users\\VIDYANKSHINI\\AppData\\Local\\Programs\\Python\\Python313\\Lib\\contextlib.py", line 214, in __aenter__\n    return await anext(self.gen)\n  File "C:\\Users\\VIDYANKSHINI\\Desktop\\project\\SecuScan\\backend\\secuscan\\main.py", line 55, in lifespan\n    await init_plugins(settings.plugins_dir)\n  File "C:\\Users\\VIDYANKSHINI\\Desktop\\project\\SecuScan\\backend\\secuscan\\plugins.py", line 382, in init_plugins\n    await plugin_manager.load_plugins()\n  File "C:\\Users\\VIDYANKSHINI\\Desktop\\project\\SecuScan\\backend\\secuscan\\plugins.py", line 59, in load_plugins\n    logger.info(f"\u2713 Loaded plugin: {plugin_meta.name} v{plugin_meta.version}")\nMessage: '\u2713 Loaded plugin: Cloud Scanner v1.0.0'\nArguments: ()\n--- Logging error ---\nTraceback (most recent call last):\n  File "C:\\Users\\VIDYANKSHINI\\AppData\\Local\\Programs\\Python\\Python313\\Lib\\logging\\__init__.py", line 1153, in emit\n    stream.write(msg + self.terminator)\n    ~~~~~~~~~~~~^^^^^^^^^^^^^^^^^^^^^^^\n  File "C:\\Users\\VIDYANKSHINI\\AppData\\Local\\Programs\\Python\\Python313\\Lib\\encodings\\cp1252.py", line 19, in encode\n    return codecs.charmap_encode(input,self.errors,encoding_table)[0]\n           ~~~~~~~~~~~~~~~~~~~~~^^^^^^^^^^^^^^^^^^^^^^^^^^^^^^^^^^\nUnicodeEncodeError: 'charmap' codec can't encode character '\\u2713' in position 60: character maps to <undefined>\nCall stack:\n  File "C:\\Users\\VIDYANKSHINI\\AppData\\Local\\Programs\\Python\\Python313\\Lib\\threading.py", line 1012, in _bootstrap\n    self._bootstrap_inner()\n  File "C:\\Users\\VIDYANKSHINI\\AppData\\Local\\Programs\\Python\\Python313\\Lib\\threading.py", line 1041, in _bootstrap_inner\n    self.run()\n  File "C:\\Users\\VIDYANKSHINI\\AppData\\Local\\Programs\\Python\\Python313\\Lib\\threading.py", line 992, in run\n    self._target(*self._args, **self._kwargs)\n  File "C:\\Users\\VIDYANKSHINI\\AppData\\Local\\Programs\\Python\\Python313\\Lib\\site-packages\\anyio\\from_thread.py", line 532, in run_blocking_portal\n    run_eventloop(\n  File "C:\\Users\\VIDYANKSHINI\\AppData\\Local\\Programs\\Python\\Python313\\Lib\\site-packages\\anyio\\_core\\_eventloop.py", line 77, in run\n    return async_backend.run(func, args, {}, backend_options)\n  File "C:\\Users\\VIDYANKSHINI\\AppData\\Local\\Programs\\Python\\Python313\\Lib\\site-packages\\anyio\\_backends\\_asyncio.py", line 2358, in run\n    return runner.run(wrapper())\n  File "C:\\Users\\VIDYANKSHINI\\AppData\\Local\\Programs\\Python\\Python313\\Lib\\asyncio\\runners.py", line 118, in run\n    return self._loop.run_until_complete(task)\n  File "C:\\Users\\VIDYANKSHINI\\AppData\\Local\\Programs\\Python\\Python313\\Lib\\asyncio\\base_events.py", line 712, in run_until_complete\n    self.run_forever()\n  File "C:\\Users\\VIDYANKSHINI\\AppData\\Local\\Programs\\Python\\Python313\\Lib\\asyncio\\base_events.py", line 683, in run_forever\n    self._run_once()\n  File "C:\\Users\\VIDYANKSHINI\\AppData\\Local\\Programs\\Python\\Python313\\Lib\\asyncio\\base_events.py", line 2040, in _run_once\n    handle._run()\n  File "C:\\Users\\VIDYANKSHINI\\AppData\\Local\\Programs\\Python\\Python313\\Lib\\asyncio\\events.py", line 89, in _run\n    self._context.run(self._callback, *self._args)\n  File "C:\\Users\\VIDYANKSHINI\\AppData\\Local\\Programs\\Python\\Python313\\Lib\\site-packages\\anyio\\from_thread.py", line 259, in _call_func\n    retval = await retval_or_awaitable\n  File "C:\\Users\\VIDYANKSHINI\\AppData\\Local\\Programs\\Python\\Python313\\Lib\\site-packages\\starlette\\testclient.py", line 704, in lifespan\n    await self.app(scope, self.stream_receive.receive, self.stream_send.send)\n  File "C:\\Users\\VIDYANKSHINI\\AppData\\Local\\Programs\\Python\\Python313\\Lib\\site-packages\\fastapi\\applications.py", line 1159, in __call__\n    await super().__call__(scope, receive, send)\n  File "C:\\Users\\VIDYANKSHINI\\AppData\\Local\\Programs\\Python\\Python313\\Lib\\site-packages\\starlette\\applications.py", line 107, in __call__\n    await self.middleware_stack(scope, receive, send)\n  File "C:\\Users\\VIDYANKSHINI\\AppData\\Local\\Programs\\Python\\Python313\\Lib\\site-packages\\starlette\\middleware\\errors.py", line 151, in __call__\n    await self.app(scope, receive, send)\n  File "C:\\Users\\VIDYANKSHINI\\AppData\\Local\\Programs\\Python\\Python313\\Lib\\site-packages\\starlette\\middleware\\cors.py", line 79, in __call__\n    await self.app(scope, receive, send)\n  File "C:\\Users\\VIDYANKSHINI\\AppData\\Local\\Programs\\Python\\Python313\\Lib\\site-packages\\starlette\\middleware\\exceptions.py", line 49, in __call__\n    await self.app(scope, receive, send)\n  File "C:\\Users\\VIDYANKSHINI\\AppData\\Local\\Programs\\Python\\Python313\\Lib\\site-packages\\fastapi\\middleware\\asyncexitstack.py", line 18, in __call__\n    await self.app(scope, receive, send)\n  File "C:\\Users\\VIDYANKSHINI\\AppData\\Local\\Programs\\Python\\Python313\\Lib\\site-packages\\starlette\\routing.py", line 716, in __call__\n    await self.middleware_stack(scope, receive, send)\n  File "C:\\Users\\VIDYANKSHINI\\AppData\\Local\\Programs\\Python\\Python313\\Lib\\site-packages\\starlette\\routing.py", line 725, in app\n    await self.lifespan(scope, receive, send)\n  File "C:\\Users\\VIDYANKSHINI\\AppData\\Local\\Programs\\Python\\Python313\\Lib\\site-packages\\starlette\\routing.py", line 694, in lifespan\n    async with self.lifespan_context(app) as maybe_state:\n  File "C:\\Users\\VIDYANKSHINI\\AppData\\Local\\Programs\\Python\\Python313\\Lib\\contextlib.py", line 214, in __aenter__\n    return await anext(self.gen)\n  File "C:\\Users\\VIDYANKSHINI\\AppData\\Local\\Programs\\Python\\Python313\\Lib\\site-packages\\fastapi\\routing.py", line 216, in merged_lifespan\n    async with original_context(app) as maybe_original_state:\n  File "C:\\Users\\VIDYANKSHINI\\AppData\\Local\\Programs\\Python\\Python313\\Lib\\contextlib.py", line 214, in __aenter__\n    return await anext(self.gen)\n  File "C:\\Users\\VIDYANKSHINI\\Desktop\\project\\SecuScan\\backend\\secuscan\\main.py", line 55, in lifespan\n    await init_plugins(settings.plugins_dir)\n  File "C:\\Users\\VIDYANKSHINI\\Desktop\\project\\SecuScan\\backend\\secuscan\\plugins.py", line 382, in init_plugins\n    await plugin_manager.load_plugins()\n  File "C:\\Users\\VIDYANKSHINI\\Desktop\\project\\SecuScan\\backend\\secuscan\\plugins.py", line 59, in load_plugins\n    logger.info(f"\u2713 Loaded plugin: {plugin_meta.name} v{plugin_meta.version}")\nMessage: '\u2713 Loaded plugin: S3 / Blob Auditor v1.0.0'\nArguments: ()\n--- Logging error ---\nTraceback (most recent call last):\n  File "C:\\Users\\VIDYANKSHINI\\AppData\\Local\\Programs\\Python\\Python313\\Lib\\logging\\__init__.py", line 1153, in emit\n    stream.write(msg + self.terminator)\n    ~~~~~~~~~~~~^^^^^^^^^^^^^^^^^^^^^^^\n  File "C:\\Users\\VIDYANKSHINI\\AppData\\Local\\Programs\\Python\\Python313\\Lib\\encodings\\cp1252.py", line 19, in encode\n    return codecs.charmap_encode(input,self.errors,encoding_table)[0]\n           ~~~~~~~~~~~~~~~~~~~~~^^^^^^^^^^^^^^^^^^^^^^^^^^^^^^^^^^\nUnicodeEncodeError: 'charmap' codec can't encode character '\\u2713' in position 60: character maps to <undefined>\nCall stack:\n  File "C:\\Users\\VIDYANKSHINI\\AppData\\Local\\Programs\\Python\\Python313\\Lib\\threading.py", line 1012, in _bootstrap\n    self._bootstrap_inner()\n  File "C:\\Users\\VIDYANKSHINI\\AppData\\Local\\Programs\\Python\\Python313\\Lib\\threading.py", line 1041, in _bootstrap_inner\n    self.run()\n  File "C:\\Users\\VIDYANKSHINI\\AppData\\Local\\Programs\\Python\\Python313\\Lib\\threading.py", line 992, in run\n    self._target(*self._args, **self._kwargs)\n  File "C:\\Users\\VIDYANKSHINI\\AppData\\Local\\Programs\\Python\\Python313\\Lib\\site-packages\\anyio\\from_thread.py", line 532, in run_blocking_portal\n    run_eventloop(\n  File "C:\\Users\\VIDYANKSHINI\\AppData\\Local\\Programs\\Python\\Python313\\Lib\\site-packages\\anyio\\_core\\_eventloop.py", line 77, in run\n    return async_backend.run(func, args, {}, backend_options)\n  File "C:\\Users\\VIDYANKSHINI\\AppData\\Local\\Programs\\Python\\Python313\\Lib\\site-packages\\anyio\\_backends\\_asyncio.py", line 2358, in run\n    return runner.run(wrapper())\n  File "C:\\Users\\VIDYANKSHINI\\AppData\\Local\\Programs\\Python\\Python313\\Lib\\asyncio\\runners.py", line 118, in run\n    return self._loop.run_until_complete(task)\n  File "C:\\Users\\VIDYANKSHINI\\AppData\\Local\\Programs\\Python\\Python313\\Lib\\asyncio\\base_events.py", line 712, in run_until_complete\n    self.run_forever()\n  File "C:\\Users\\VIDYANKSHINI\\AppData\\Local\\Programs\\Python\\Python313\\Lib\\asyncio\\base_events.py", line 683, in run_forever\n    self._run_once()\n  File "C:\\Users\\VIDYANKSHINI\\AppData\\Local\\Programs\\Python\\Python313\\Lib\\asyncio\\base_events.py", line 2040, in _run_once\n    handle._run()\n  File "C:\\Users\\VIDYANKSHINI\\AppData\\Local\\Programs\\Python\\Python313\\Lib\\asyncio\\events.py", line 89, in _run\n    self._context.run(self._callback, *self._args)\n  File "C:\\Users\\VIDYANKSHINI\\AppData\\Local\\Programs\\Python\\Python313\\Lib\\site-packages\\anyio\\from_thread.py", line 259, in _call_func\n    retval = await retval_or_awaitable\n  File "C:\\Users\\VIDYANKSHINI\\AppData\\Local\\Programs\\Python\\Python313\\Lib\\site-packages\\starlette\\testclient.py", line 704, in lifespan\n    await self.app(scope, self.stream_receive.receive, self.stream_send.send)\n  File "C:\\Users\\VIDYANKSHINI\\AppData\\Local\\Programs\\Python\\Python313\\Lib\\site-packages\\fastapi\\applications.py", line 1159, in __call__\n    await super().__call__(scope, receive, send)\n  File "C:\\Users\\VIDYANKSHINI\\AppData\\Local\\Programs\\Python\\Python313\\Lib\\site-packages\\starlette\\applications.py", line 107, in __call__\n    await self.middleware_stack(scope, receive, send)\n  File "C:\\Users\\VIDYANKSHINI\\AppData\\Local\\Programs\\Python\\Python313\\Lib\\site-packages\\starlette\\middleware\\errors.py", line 151, in __call__\n    await self.app(scope, receive, send)\n  File "C:\\Users\\VIDYANKSHINI\\AppData\\Local\\Programs\\Python\\Python313\\Lib\\site-packages\\starlette\\middleware\\cors.py", line 79, in __call__\n    await self.app(scope, receive, send)\n  File "C:\\Users\\VIDYANKSHINI\\AppData\\Local\\Programs\\Python\\Python313\\Lib\\site-packages\\starlette\\middleware\\exceptions.py", line 49, in __call__\n    await self.app(scope, receive, send)\n  File "C:\\Users\\VIDYANKSHINI\\AppData\\Local\\Programs\\Python\\Python313\\Lib\\site-packages\\fastapi\\middleware\\asyncexitstack.py", line 18, in __call__\n    await self.app(scope, receive, send)\n  File "C:\\Users\\VIDYANKSHINI\\AppData\\Local\\Programs\\Python\\Python313\\Lib\\site-packages\\starlette\\routing.py", line 716, in __call__\n    await self.middleware_stack(scope, receive, send)\n  File "C:\\Users\\VIDYANKSHINI\\AppData\\Local\\Programs\\Python\\Python313\\Lib\\site-packages\\starlette\\routing.py", line 725, in app\n    await self.lifespan(scope, receive, send)\n  File "C:\\Users\\VIDYANKSHINI\\AppData\\Local\\Programs\\Python\\Python313\\Lib\\site-packages\\starlette\\routing.py", line 694, in lifespan\n    async with self.lifespan_context(app) as maybe_state:\n  File "C:\\Users\\VIDYANKSHINI\\AppData\\Local\\Programs\\Python\\Python313\\Lib\\contextlib.py", line 214, in __aenter__\n    return await anext(self.gen)\n  File "C:\\Users\\VIDYANKSHINI\\AppData\\Local\\Programs\\Python\\Python313\\Lib\\site-packages\\fastapi\\routing.py", line 216, in merged_lifespan\n    async with original_context(app) as maybe_original_state:\n  File "C:\\Users\\VIDYANKSHINI\\AppData\\Local\\Programs\\Python\\Python313\\Lib\\contextlib.py", line 214, in __aenter__\n    return await anext(self.gen)\n  File "C:\\Users\\VIDYANKSHINI\\Desktop\\project\\SecuScan\\backend\\secuscan\\main.py", line 55, in lifespan\n    await init_plugins(settings.plugins_dir)\n  File "C:\\Users\\VIDYANKSHINI\\Desktop\\project\\SecuScan\\backend\\secuscan\\plugins.py", line 382, in init_plugins\n    await plugin_manager.load_plugins()\n  File "C:\\Users\\VIDYANKSHINI\\Desktop\\project\\SecuScan\\backend\\secuscan\\plugins.py", line 59, in load_plugins\n    logger.info(f"\u2713 Loaded plugin: {plugin_meta.name} v{plugin_meta.version}")\nMessage: '\u2713 Loaded plugin: Code Analyzer (Bandit) v1.0.0'\nArguments: ()\n--- Logging error ---\nTraceback (most recent call last):\n  File "C:\\Users\\VIDYANKSHINI\\AppData\\Local\\Programs\\Python\\Python313\\Lib\\logging\\__init__.py", line 1153, in emit\n    stream.write(msg + self.terminator)\n    ~~~~~~~~~~~~^^^^^^^^^^^^^^^^^^^^^^^\n  File "C:\\Users\\VIDYANKSHINI\\AppData\\Local\\Programs\\Python\\Python313\\Lib\\encodings\\cp1252.py", line 19, in encode\n    return codecs.charmap_encode(input,self.errors,encoding_table)[0]\n           ~~~~~~~~~~~~~~~~~~~~~^^^^^^^^^^^^^^^^^^^^^^^^^^^^^^^^^^\nUnicodeEncodeError: 'charmap' codec can't encode character '\\u2713' in position 60: character maps to <undefined>\nCall stack:\n  File "C:\\Users\\VIDYANKSHINI\\AppData\\Local\\Programs\\Python\\Python313\\Lib\\threading.py", line 1012, in _bootstrap\n    self._bootstrap_inner()\n  File "C:\\Users\\VIDYANKSHINI\\AppData\\Local\\Programs\\Python\\Python313\\Lib\\threading.py", line 1041, in _bootstrap_inner\n    self.run()\n  File "C:\\Users\\VIDYANKSHINI\\AppData\\Local\\Programs\\Python\\Python313\\Lib\\threading.py", line 992, in run\n    self._target(*self._args, **self._kwargs)\n  File "C:\\Users\\VIDYANKSHINI\\AppData\\Local\\Programs\\Python\\Python313\\Lib\\site-packages\\anyio\\from_thread.py", line 532, in run_blocking_portal\n    run_eventloop(\n  File "C:\\Users\\VIDYANKSHINI\\AppData\\Local\\Programs\\Python\\Python313\\Lib\\site-packages\\anyio\\_core\\_eventloop.py", line 77, in run\n    return async_backend.run(func, args, {}, backend_options)\n  File "C:\\Users\\VIDYANKSHINI\\AppData\\Local\\Programs\\Python\\Python313\\Lib\\site-packages\\anyio\\_backends\\_asyncio.py", line 2358, in run\n    return runner.run(wrapper())\n  File "C:\\Users\\VIDYANKSHINI\\AppData\\Local\\Programs\\Python\\Python313\\Lib\\asyncio\\runners.py", line 118, in run\n    return self._loop.run_until_complete(task)\n  File "C:\\Users\\VIDYANKSHINI\\AppData\\Local\\Programs\\Python\\Python313\\Lib\\asyncio\\base_events.py", line 712, in run_until_complete\n    self.run_forever()\n  File "C:\\Users\\VIDYANKSHINI\\AppData\\Local\\Programs\\Python\\Python313\\Lib\\asyncio\\base_events.py", line 683, in run_forever\n    self._run_once()\n  File "C:\\Users\\VIDYANKSHINI\\AppData\\Local\\Programs\\Python\\Python313\\Lib\\asyncio\\base_events.py", line 2040, in _run_once\n    handle._run()\n  File "C:\\Users\\VIDYANKSHINI\\AppData\\Local\\Programs\\Python\\Python313\\Lib\\asyncio\\events.py", line 89, in _run\n    self._context.run(self._callback, *self._args)\n  File "C:\\Users\\VIDYANKSHINI\\AppData\\Local\\Programs\\Python\\Python313\\Lib\\site-packages\\anyio\\from_thread.py", line 259, in _call_func\n    retval = await retval_or_awaitable\n  File "C:\\Users\\VIDYANKSHINI\\AppData\\Local\\Programs\\Python\\Python313\\Lib\\site-packages\\starlette\\testclient.py", line 704, in lifespan\n    await self.app(scope, self.stream_receive.receive, self.stream_send.send)\n  File "C:\\Users\\VIDYANKSHINI\\AppData\\Local\\Programs\\Python\\Python313\\Lib\\site-packages\\fastapi\\applications.py", line 1159, in __call__\n    await super().__call__(scope, receive, send)\n  File "C:\\Users\\VIDYANKSHINI\\AppData\\Local\\Programs\\Python\\Python313\\Lib\\site-packages\\starlette\\applications.py", line 107, in __call__\n    await self.middleware_stack(scope, receive, send)\n  File "C:\\Users\\VIDYANKSHINI\\AppData\\Local\\Programs\\Python\\Python313\\Lib\\site-packages\\starlette\\middleware\\errors.py", line 151, in __call__\n    await self.app(scope, receive, send)\n  File "C:\\Users\\VIDYANKSHINI\\AppData\\Local\\Programs\\Python\\Python313\\Lib\\site-packages\\starlette\\middleware\\cors.py", line 79, in __call__\n    await self.app(scope, receive, send)\n  File "C:\\Users\\VIDYANKSHINI\\AppData\\Local\\Programs\\Python\\Python313\\Lib\\site-packages\\starlette\\middleware\\exceptions.py", line 49, in __call__\n    await self.app(scope, receive, send)\n  File "C:\\Users\\VIDYANKSHINI\\AppData\\Local\\Programs\\Python\\Python313\\Lib\\site-packages\\fastapi\\middleware\\asyncexitstack.py", line 18, in __call__\n    await self.app(scope, receive, send)\n  File "C:\\Users\\VIDYANKSHINI\\AppData\\Local\\Programs\\Python\\Python313\\Lib\\site-packages\\starlette\\routing.py", line 716, in __call__\n    await self.middleware_stack(scope, receive, send)\n  File "C:\\Users\\VIDYANKSHINI\\AppData\\Local\\Programs\\Python\\Python313\\Lib\\site-packages\\starlette\\routing.py", line 725, in app\n    await self.lifespan(scope, receive, send)\n  File "C:\\Users\\VIDYANKSHINI\\AppData\\Local\\Programs\\Python\\Python313\\Lib\\site-packages\\starlette\\routing.py", line 694, in lifespan\n    async with self.lifespan_context(app) as maybe_state:\n  File "C:\\Users\\VIDYANKSHINI\\AppData\\Local\\Programs\\Python\\Python313\\Lib\\contextlib.py", line 214, in __aenter__\n    return await anext(self.gen)\n  File "C:\\Users\\VIDYANKSHINI\\AppData\\Local\\Programs\\Python\\Python313\\Lib\\site-packages\\fastapi\\routing.py", line 216, in merged_lifespan\n    async with original_context(app) as maybe_original_state:\n  File "C:\\Users\\VIDYANKSHINI\\AppData\\Local\\Programs\\Python\\Python313\\Lib\\contextlib.py", line 214, in __aenter__\n    return await anext(self.gen)\n  File "C:\\Users\\VIDYANKSHINI\\Desktop\\project\\SecuScan\\backend\\secuscan\\main.py", line 55, in lifespan\n    await init_plugins(settings.plugins_dir)\n  File "C:\\Users\\VIDYANKSHINI\\Desktop\\project\\SecuScan\\backend\\secuscan\\plugins.py", line 382, in init_plugins\n    await plugin_manager.load_plugins()\n  File "C:\\Users\\VIDYANKSHINI\\Desktop\\project\\SecuScan\\backend\\secuscan\\plugins.py", line 59, in load_plugins\n    logger.info(f"\u2713 Loaded plugin: {plugin_meta.name} v{plugin_meta.version}")\nMessage: '\u2713 Loaded plugin: Container Scan (Trivy) v1.0.0'\nArguments: ()\n--- Logging error ---\nTraceback (most recent call last):\n  File "C:\\Users\\VIDYANKSHINI\\AppData\\Local\\Programs\\Python\\Python313\\Lib\\logging\\__init__.py", line 1153, in emit\n    stream.write(msg + self.terminator)\n    ~~~~~~~~~~~~^^^^^^^^^^^^^^^^^^^^^^^\n  File "C:\\Users\\VIDYANKSHINI\\AppData\\Local\\Programs\\Python\\Python313\\Lib\\encodings\\cp1252.py", line 19, in encode\n    return codecs.charmap_encode(input,self.errors,encoding_table)[0]\n           ~~~~~~~~~~~~~~~~~~~~~^^^^^^^^^^^^^^^^^^^^^^^^^^^^^^^^^^\nUnicodeEncodeError: 'charmap' codec can't encode character '\\u2713' in position 60: character maps to <undefined>\nCall stack:\n  File "C:\\Users\\VIDYANKSHINI\\AppData\\Local\\Programs\\Python\\Python313\\Lib\\threading.py", line 1012, in _bootstrap\n    self._bootstrap_inner()\n  File "C:\\Users\\VIDYANKSHINI\\AppData\\Local\\Programs\\Python\\Python313\\Lib\\threading.py", line 1041, in _bootstrap_inner\n    self.run()\n  File "C:\\Users\\VIDYANKSHINI\\AppData\\Local\\Programs\\Python\\Python313\\Lib\\threading.py", line 992, in run\n    self._target(*self._args, **self._kwargs)\n  File "C:\\Users\\VIDYANKSHINI\\AppData\\Local\\Programs\\Python\\Python313\\Lib\\site-packages\\anyio\\from_thread.py", line 532, in run_blocking_portal\n    run_eventloop(\n  File "C:\\Users\\VIDYANKSHINI\\AppData\\Local\\Programs\\Python\\Python313\\Lib\\site-packages\\anyio\\_core\\_eventloop.py", line 77, in run\n    return async_backend.run(func, args, {}, backend_options)\n  File "C:\\Users\\VIDYANKSHINI\\AppData\\Local\\Programs\\Python\\Python313\\Lib\\site-packages\\anyio\\_backends\\_asyncio.py", line 2358, in run\n    return runner.run(wrapper())\n  File "C:\\Users\\VIDYANKSHINI\\AppData\\Local\\Programs\\Python\\Python313\\Lib\\asyncio\\runners.py", line 118, in run\n    return self._loop.run_until_complete(task)\n  File "C:\\Users\\VIDYANKSHINI\\AppData\\Local\\Programs\\Python\\Python313\\Lib\\asyncio\\base_events.py", line 712, in run_until_complete\n    self.run_forever()\n  File "C:\\Users\\VIDYANKSHINI\\AppData\\Local\\Programs\\Python\\Python313\\Lib\\asyncio\\base_events.py", line 683, in run_forever\n    self._run_once()\n  File "C:\\Users\\VIDYANKSHINI\\AppData\\Local\\Programs\\Python\\Python313\\Lib\\asyncio\\base_events.py", line 2040, in _run_once\n    handle._run()\n  File "C:\\Users\\VIDYANKSHINI\\AppData\\Local\\Programs\\Python\\Python313\\Lib\\asyncio\\events.py", line 89, in _run\n    self._context.run(self._callback, *self._args)\n  File "C:\\Users\\VIDYANKSHINI\\AppData\\Local\\Programs\\Python\\Python313\\Lib\\site-packages\\anyio\\from_thread.py", line 259, in _call_func\n    retval = await retval_or_awaitable\n  File "C:\\Users\\VIDYANKSHINI\\AppData\\Local\\Programs\\Python\\Python313\\Lib\\site-packages\\starlette\\testclient.py", line 704, in lifespan\n    await self.app(scope, self.stream_receive.receive, self.stream_send.send)\n  File "C:\\Users\\VIDYANKSHINI\\AppData\\Local\\Programs\\Python\\Python313\\Lib\\site-packages\\fastapi\\applications.py", line 1159, in __call__\n    await super().__call__(scope, receive, send)\n  File "C:\\Users\\VIDYANKSHINI\\AppData\\Local\\Programs\\Python\\Python313\\Lib\\site-packages\\starlette\\applications.py", line 107, in __call__\n    await self.middleware_stack(scope, receive, send)\n  File "C:\\Users\\VIDYANKSHINI\\AppData\\Local\\Programs\\Python\\Python313\\Lib\\site-packages\\starlette\\middleware\\errors.py", line 151, in __call__\n    await self.app(scope, receive, send)\n  File "C:\\Users\\VIDYANKSHINI\\AppData\\Local\\Programs\\Python\\Python313\\Lib\\site-packages\\starlette\\middleware\\cors.py", line 79, in __call__\n    await self.app(scope, receive, send)\n  File "C:\\Users\\VIDYANKSHINI\\AppData\\Local\\Programs\\Python\\Python313\\Lib\\site-packages\\starlette\\middleware\\exceptions.py", line 49, in __call__\n    await self.app(scope, receive, send)\n  File "C:\\Users\\VIDYANKSHINI\\AppData\\Local\\Programs\\Python\\Python313\\Lib\\site-packages\\fastapi\\middleware\\asyncexitstack.py", line 18, in __call__\n    await self.app(scope, receive, send)\n  File "C:\\Users\\VIDYANKSHINI\\AppData\\Local\\Programs\\Python\\Python313\\Lib\\site-packages\\starlette\\routing.py", line 716, in __call__\n    await self.middleware_stack(scope, receive, send)\n  File "C:\\Users\\VIDYANKSHINI\\AppData\\Local\\Programs\\Python\\Python313\\Lib\\site-packages\\starlette\\routing.py", line 725, in app\n    await self.lifespan(scope, receive, send)\n  File "C:\\Users\\VIDYANKSHINI\\AppData\\Local\\Programs\\Python\\Python313\\Lib\\site-packages\\starlette\\routing.py", line 694, in lifespan\n    async with self.lifespan_context(app) as maybe_state:\n  File "C:\\Users\\VIDYANKSHINI\\AppData\\Local\\Programs\\Python\\Python313\\Lib\\contextlib.py", line 214, in __aenter__\n    return await anext(self.gen)\n  File "C:\\Users\\VIDYANKSHINI\\AppData\\Local\\Programs\\Python\\Python313\\Lib\\site-packages\\fastapi\\routing.py", line 216, in merged_lifespan\n    async with original_context(app) as maybe_original_state:\n  File "C:\\Users\\VIDYANKSHINI\\AppData\\Local\\Programs\\Python\\Python313\\Lib\\contextlib.py", line 214, in __aenter__\n    return await anext(self.gen)\n  File "C:\\Users\\VIDYANKSHINI\\Desktop\\project\\SecuScan\\backend\\secuscan\\main.py", line 55, in lifespan\n    await init_plugins(settings.plugins_dir)\n  File "C:\\Users\\VIDYANKSHINI\\Desktop\\project\\SecuScan\\backend\\secuscan\\plugins.py", line 382, in init_plugins\n    await plugin_manager.load_plugins()\n  File "C:\\Users\\VIDYANKSHINI\\Desktop\\project\\SecuScan\\backend\\secuscan\\plugins.py", line 59, in load_plugins\n    logger.info(f"\u2713 Loaded plugin: {plugin_meta.name} v{plugin_meta.version}")\nMessage: '\u2713 Loaded plugin: Crawler v1.0.0'\nArguments: ()\n--- Logging error ---\nTraceback (most recent call last):\n  File "C:\\Users\\VIDYANKSHINI\\AppData\\Local\\Programs\\Python\\Python313\\Lib\\logging\\__init__.py", line 1153, in emit\n    stream.write(msg + self.terminator)\n    ~~~~~~~~~~~~^^^^^^^^^^^^^^^^^^^^^^^\n  File "C:\\Users\\VIDYANKSHINI\\AppData\\Local\\Programs\\Python\\Python313\\Lib\\encodings\\cp1252.py", line 19, in encode\n    return codecs.charmap_encode(input,self.errors,encoding_table)[0]\n           ~~~~~~~~~~~~~~~~~~~~~^^^^^^^^^^^^^^^^^^^^^^^^^^^^^^^^^^\nUnicodeEncodeError: 'charmap' codec can't encode character '\\u2713' in position 60: character maps to <undefined>\nCall stack:\n  File "C:\\Users\\VIDYANKSHINI\\AppData\\Local\\Programs\\Python\\Python313\\Lib\\threading.py", line 1012, in _bootstrap\n    self._bootstrap_inner()\n  File "C:\\Users\\VIDYANKSHINI\\AppData\\Local\\Programs\\Python\\Python313\\Lib\\threading.py", line 1041, in _bootstrap_inner\n    self.run()\n  File "C:\\Users\\VIDYANKSHINI\\AppData\\Local\\Programs\\Python\\Python313\\Lib\\threading.py", line 992, in run\n    self._target(*self._args, **self._kwargs)\n  File "C:\\Users\\VIDYANKSHINI\\AppData\\Local\\Programs\\Python\\Python313\\Lib\\site-packages\\anyio\\from_thread.py", line 532, in run_blocking_portal\n    run_eventloop(\n  File "C:\\Users\\VIDYANKSHINI\\AppData\\Local\\Programs\\Python\\Python313\\Lib\\site-packages\\anyio\\_core\\_eventloop.py", line 77, in run\n    return async_backend.run(func, args, {}, backend_options)\n  File "C:\\Users\\VIDYANKSHINI\\AppData\\Local\\Programs\\Python\\Python313\\Lib\\site-packages\\anyio\\_backends\\_asyncio.py", line 2358, in run\n    return runner.run(wrapper())\n  File "C:\\Users\\VIDYANKSHINI\\AppData\\Local\\Programs\\Python\\Python313\\Lib\\asyncio\\runners.py", line 118, in run\n    return self._loop.run_until_complete(task)\n  File "C:\\Users\\VIDYANKSHINI\\AppData\\Local\\Programs\\Python\\Python313\\Lib\\asyncio\\base_events.py", line 712, in run_until_complete\n    self.run_forever()\n  File "C:\\Users\\VIDYANKSHINI\\AppData\\Local\\Programs\\Python\\Python313\\Lib\\asyncio\\base_events.py", line 683, in run_forever\n    self._run_once()\n  File "C:\\Users\\VIDYANKSHINI\\AppData\\Local\\Programs\\Python\\Python313\\Lib\\asyncio\\base_events.py", line 2040, in _run_once\n    handle._run()\n  File "C:\\Users\\VIDYANKSHINI\\AppData\\Local\\Programs\\Python\\Python313\\Lib\\asyncio\\events.py", line 89, in _run\n    self._context.run(self._callback, *self._args)\n  File "C:\\Users\\VIDYANKSHINI\\AppData\\Local\\Programs\\Python\\Python313\\Lib\\site-packages\\anyio\\from_thread.py", line 259, in _call_func\n    retval = await retval_or_awaitable\n  File "C:\\Users\\VIDYANKSHINI\\AppData\\Local\\Programs\\Python\\Python313\\Lib\\site-packages\\starlette\\testclient.py", line 704, in lifespan\n    await self.app(scope, self.stream_receive.receive, self.stream_send.send)\n  File "C:\\Users\\VIDYANKSHINI\\AppData\\Local\\Programs\\Python\\Python313\\Lib\\site-packages\\fastapi\\applications.py", line 1159, in __call__\n    await super().__call__(scope, receive, send)\n  File "C:\\Users\\VIDYANKSHINI\\AppData\\Local\\Programs\\Python\\Python313\\Lib\\site-packages\\starlette\\applications.py", line 107, in __call__\n    await self.middleware_stack(scope, receive, send)\n  File "C:\\Users\\VIDYANKSHINI\\AppData\\Local\\Programs\\Python\\Python313\\Lib\\site-packages\\starlette\\middleware\\errors.py", line 151, in __call__\n    await self.app(scope, receive, send)\n  File "C:\\Users\\VIDYANKSHINI\\AppData\\Local\\Programs\\Python\\Python313\\Lib\\site-packages\\starlette\\middleware\\cors.py", line 79, in __call__\n    await self.app(scope, receive, send)\n  File "C:\\Users\\VIDYANKSHINI\\AppData\\Local\\Programs\\Python\\Python313\\Lib\\site-packages\\starlette\\middleware\\exceptions.py", line 49, in __call__\n    await self.app(scope, receive, send)\n  File "C:\\Users\\VIDYANKSHINI\\AppData\\Local\\Programs\\Python\\Python313\\Lib\\site-packages\\fastapi\\middleware\\asyncexitstack.py", line 18, in __call__\n    await self.app(scope, receive, send)\n  File "C:\\Users\\VIDYANKSHINI\\AppData\\Local\\Programs\\Python\\Python313\\Lib\\site-packages\\starlette\\routing.py", line 716, in __call__\n    await self.middleware_stack(scope, receive, send)\n  File "C:\\Users\\VIDYANKSHINI\\AppData\\Local\\Programs\\Python\\Python313\\Lib\\site-packages\\starlette\\routing.py", line 725, in app\n    await self.lifespan(scope, receive, send)\n  File "C:\\Users\\VIDYANKSHINI\\AppData\\Local\\Programs\\Python\\Python313\\Lib\\site-packages\\starlette\\routing.py", line 694, in lifespan\n    async with self.lifespan_context(app) as maybe_state:\n  File "C:\\Users\\VIDYANKSHINI\\AppData\\Local\\Programs\\Python\\Python313\\Lib\\contextlib.py", line 214, in __aenter__\n    return await anext(self.gen)\n  File "C:\\Users\\VIDYANKSHINI\\AppData\\Local\\Programs\\Python\\Python313\\Lib\\site-packages\\fastapi\\routing.py", line 216, in merged_lifespan\n    async with original_context(app) as maybe_original_state:\n  File "C:\\Users\\VIDYANKSHINI\\AppData\\Local\\Programs\\Python\\Python313\\Lib\\contextlib.py", line 214, in __aenter__\n    return await anext(self.gen)\n  File "C:\\Users\\VIDYANKSHINI\\Desktop\\project\\SecuScan\\backend\\secuscan\\main.py", line 55, in lifespan\n    await init_plugins(settings.plugins_dir)\n  File "C:\\Users\\VIDYANKSHINI\\Desktop\\project\\SecuScan\\backend\\secuscan\\plugins.py", line 382, in init_plugins\n    await plugin_manager.load_plugins()\n  File "C:\\Users\\VIDYANKSHINI\\Desktop\\project\\SecuScan\\backend\\secuscan\\plugins.py", line 59, in load_plugins\n    logger.info(f"\u2713 Loaded plugin: {plugin_meta.name} v{plugin_meta.version}")\nMessage: '\u2713 Loaded plugin: Directory Discovery v1.0.0'\nArguments: ()\n--- Logging error ---\nTraceback (most recent call last):\n  File "C:\\Users\\VIDYANKSHINI\\AppData\\Local\\Programs\\Python\\Python313\\Lib\\logging\\__init__.py", line 1153, in emit\n    stream.write(msg + self.terminator)\n    ~~~~~~~~~~~~^^^^^^^^^^^^^^^^^^^^^^^\n  File "C:\\Users\\VIDYANKSHINI\\AppData\\Local\\Programs\\Python\\Python313\\Lib\\encodings\\cp1252.py", line 19, in encode\n    return codecs.charmap_encode(input,self.errors,encoding_table)[0]\n           ~~~~~~~~~~~~~~~~~~~~~^^^^^^^^^^^^^^^^^^^^^^^^^^^^^^^^^^\nUnicodeEncodeError: 'charmap' codec can't encode character '\\u2713' in position 60: character maps to <undefined>\nCall stack:\n  File "C:\\Users\\VIDYANKSHINI\\AppData\\Local\\Programs\\Python\\Python313\\Lib\\threading.py", line 1012, in _bootstrap\n    self._bootstrap_inner()\n  File "C:\\Users\\VIDYANKSHINI\\AppData\\Local\\Programs\\Python\\Python313\\Lib\\threading.py", line 1041, in _bootstrap_inner\n    self.run()\n  File "C:\\Users\\VIDYANKSHINI\\AppData\\Local\\Programs\\Python\\Python313\\Lib\\threading.py", line 992, in run\n    self._target(*self._args, **self._kwargs)\n  File "C:\\Users\\VIDYANKSHINI\\AppData\\Local\\Programs\\Python\\Python313\\Lib\\site-packages\\anyio\\from_thread.py", line 532, in run_blocking_portal\n    run_eventloop(\n  File "C:\\Users\\VIDYANKSHINI\\AppData\\Local\\Programs\\Python\\Python313\\Lib\\site-packages\\anyio\\_core\\_eventloop.py", line 77, in run\n    return async_backend.run(func, args, {}, backend_options)\n  File "C:\\Users\\VIDYANKSHINI\\AppData\\Local\\Programs\\Python\\Python313\\Lib\\site-packages\\anyio\\_backends\\_asyncio.py", line 2358, in run\n    return runner.run(wrapper())\n  File "C:\\Users\\VIDYANKSHINI\\AppData\\Local\\Programs\\Python\\Python313\\Lib\\asyncio\\runners.py", line 118, in run\n    return self._loop.run_until_complete(task)\n  File "C:\\Users\\VIDYANKSHINI\\AppData\\Local\\Programs\\Python\\Python313\\Lib\\asyncio\\base_events.py", line 712, in run_until_complete\n    self.run_forever()\n  File "C:\\Users\\VIDYANKSHINI\\AppData\\Local\\Programs\\Python\\Python313\\Lib\\asyncio\\base_events.py", line 683, in run_forever\n    self._run_once()\n  File "C:\\Users\\VIDYANKSHINI\\AppData\\Local\\Programs\\Python\\Python313\\Lib\\asyncio\\base_events.py", line 2040, in _run_once\n    handle._run()\n  File "C:\\Users\\VIDYANKSHINI\\AppData\\Local\\Programs\\Python\\Python313\\Lib\\asyncio\\events.py", line 89, in _run\n    self._context.run(self._callback, *self._args)\n  File "C:\\Users\\VIDYANKSHINI\\AppData\\Local\\Programs\\Python\\Python313\\Lib\\site-packages\\anyio\\from_thread.py", line 259, in _call_func\n    retval = await retval_or_awaitable\n  File "C:\\Users\\VIDYANKSHINI\\AppData\\Local\\Programs\\Python\\Python313\\Lib\\site-packages\\starlette\\testclient.py", line 704, in lifespan\n    await self.app(scope, self.stream_receive.receive, self.stream_send.send)\n  File "C:\\Users\\VIDYANKSHINI\\AppData\\Local\\Programs\\Python\\Python313\\Lib\\site-packages\\fastapi\\applications.py", line 1159, in __call__\n    await super().__call__(scope, receive, send)\n  File "C:\\Users\\VIDYANKSHINI\\AppData\\Local\\Programs\\Python\\Python313\\Lib\\site-packages\\starlette\\applications.py", line 107, in __call__\n    await self.middleware_stack(scope, receive, send)\n  File "C:\\Users\\VIDYANKSHINI\\AppData\\Local\\Programs\\Python\\Python313\\Lib\\site-packages\\starlette\\middleware\\errors.py", line 151, in __call__\n    await self.app(scope, receive, send)\n  File "C:\\Users\\VIDYANKSHINI\\AppData\\Local\\Programs\\Python\\Python313\\Lib\\site-packages\\starlette\\middleware\\cors.py", line 79, in __call__\n    await self.app(scope, receive, send)\n  File "C:\\Users\\VIDYANKSHINI\\AppData\\Local\\Programs\\Python\\Python313\\Lib\\site-packages\\starlette\\middleware\\exceptions.py", line 49, in __call__\n    await self.app(scope, receive, send)\n  File "C:\\Users\\VIDYANKSHINI\\AppData\\Local\\Programs\\Python\\Python313\\Lib\\site-packages\\fastapi\\middleware\\asyncexitstack.py", line 18, in __call__\n    await self.app(scope, receive, send)\n  File "C:\\Users\\VIDYANKSHINI\\AppData\\Local\\Programs\\Python\\Python313\\Lib\\site-packages\\starlette\\routing.py", line 716, in __call__\n    await self.middleware_stack(scope, receive, send)\n  File "C:\\Users\\VIDYANKSHINI\\AppData\\Local\\Programs\\Python\\Python313\\Lib\\site-packages\\starlette\\routing.py", line 725, in app\n    await self.lifespan(scope, receive, send)\n  File "C:\\Users\\VIDYANKSHINI\\AppData\\Local\\Programs\\Python\\Python313\\Lib\\site-packages\\starlette\\routing.py", line 694, in lifespan\n    async with self.lifespan_context(app) as maybe_state:\n  File "C:\\Users\\VIDYANKSHINI\\AppData\\Local\\Programs\\Python\\Python313\\Lib\\contextlib.py", line 214, in __aenter__\n    return await anext(self.gen)\n  File "C:\\Users\\VIDYANKSHINI\\AppData\\Local\\Programs\\Python\\Python313\\Lib\\site-packages\\fastapi\\routing.py", line 216, in merged_lifespan\n    async with original_context(app) as maybe_original_state:\n  File "C:\\Users\\VIDYANKSHINI\\AppData\\Local\\Programs\\Python\\Python313\\Lib\\contextlib.py", line 214, in __aenter__\n    return await anext(self.gen)\n  File "C:\\Users\\VIDYANKSHINI\\Desktop\\project\\SecuScan\\backend\\secuscan\\main.py", line 55, in lifespan\n    await init_plugins(settings.plugins_dir)\n  File "C:\\Users\\VIDYANKSHINI\\Desktop\\project\\SecuScan\\backend\\secuscan\\plugins.py", line 382, in init_plugins\n    await plugin_manager.load_plugins()\n  File "C:\\Users\\VIDYANKSHINI\\Desktop\\project\\SecuScan\\backend\\secuscan\\plugins.py", line 59, in load_plugins\n    logger.info(f"\u2713 Loaded plugin: {plugin_meta.name} v{plugin_meta.version}")\nMessage: '\u2713 Loaded plugin: dnsx v1.0.0'\nArguments: ()\n--- Logging error ---\nTraceback (most recent call last):\n  File "C:\\Users\\VIDYANKSHINI\\AppData\\Local\\Programs\\Python\\Python313\\Lib\\logging\\__init__.py", line 1153, in emit\n    stream.write(msg + self.terminator)\n    ~~~~~~~~~~~~^^^^^^^^^^^^^^^^^^^^^^^\n  File "C:\\Users\\VIDYANKSHINI\\AppData\\Local\\Programs\\Python\\Python313\\Lib\\encodings\\cp1252.py", line 19, in encode\n    return codecs.charmap_encode(input,self.errors,encoding_table)[0]\n           ~~~~~~~~~~~~~~~~~~~~~^^^^^^^^^^^^^^^^^^^^^^^^^^^^^^^^^^\nUnicodeEncodeError: 'charmap' codec can't encode character '\\u2713' in position 60: character maps to <undefined>\nCall stack:\n  File "C:\\Users\\VIDYANKSHINI\\AppData\\Local\\Programs\\Python\\Python313\\Lib\\threading.py", line 1012, in _bootstrap\n    self._bootstrap_inner()\n  File "C:\\Users\\VIDYANKSHINI\\AppData\\Local\\Programs\\Python\\Python313\\Lib\\threading.py", line 1041, in _bootstrap_inner\n    self.run()\n  File "C:\\Users\\VIDYANKSHINI\\AppData\\Local\\Programs\\Python\\Python313\\Lib\\threading.py", line 992, in run\n    self._target(*self._args, **self._kwargs)\n  File "C:\\Users\\VIDYANKSHINI\\AppData\\Local\\Programs\\Python\\Python313\\Lib\\site-packages\\anyio\\from_thread.py", line 532, in run_blocking_portal\n    run_eventloop(\n  File "C:\\Users\\VIDYANKSHINI\\AppData\\Local\\Programs\\Python\\Python313\\Lib\\site-packages\\anyio\\_core\\_eventloop.py", line 77, in run\n    return async_backend.run(func, args, {}, backend_options)\n  File "C:\\Users\\VIDYANKSHINI\\AppData\\Local\\Programs\\Python\\Python313\\Lib\\site-packages\\anyio\\_backends\\_asyncio.py", line 2358, in run\n    return runner.run(wrapper())\n  File "C:\\Users\\VIDYANKSHINI\\AppData\\Local\\Programs\\Python\\Python313\\Lib\\asyncio\\runners.py", line 118, in run\n    return self._loop.run_until_complete(task)\n  File "C:\\Users\\VIDYANKSHINI\\AppData\\Local\\Programs\\Python\\Python313\\Lib\\asyncio\\base_events.py", line 712, in run_until_complete\n    self.run_forever()\n  File "C:\\Users\\VIDYANKSHINI\\AppData\\Local\\Programs\\Python\\Python313\\Lib\\asyncio\\base_events.py", line 683, in run_forever\n    self._run_once()\n  File "C:\\Users\\VIDYANKSHINI\\AppData\\Local\\Programs\\Python\\Python313\\Lib\\asyncio\\base_events.py", line 2040, in _run_once\n    handle._run()\n  File "C:\\Users\\VIDYANKSHINI\\AppData\\Local\\Programs\\Python\\Python313\\Lib\\asyncio\\events.py", line 89, in _run\n    self._context.run(self._callback, *self._args)\n  File "C:\\Users\\VIDYANKSHINI\\AppData\\Local\\Programs\\Python\\Python313\\Lib\\site-packages\\anyio\\from_thread.py", line 259, in _call_func\n    retval = await retval_or_awaitable\n  File "C:\\Users\\VIDYANKSHINI\\AppData\\Local\\Programs\\Python\\Python313\\Lib\\site-packages\\starlette\\testclient.py", line 704, in lifespan\n    await self.app(scope, self.stream_receive.receive, self.stream_send.send)\n  File "C:\\Users\\VIDYANKSHINI\\AppData\\Local\\Programs\\Python\\Python313\\Lib\\site-packages\\fastapi\\applications.py", line 1159, in __call__\n    await super().__call__(scope, receive, send)\n  File "C:\\Users\\VIDYANKSHINI\\AppData\\Local\\Programs\\Python\\Python313\\Lib\\site-packages\\starlette\\applications.py", line 107, in __call__\n    await self.middleware_stack(scope, receive, send)\n  File "C:\\Users\\VIDYANKSHINI\\AppData\\Local\\Programs\\Python\\Python313\\Lib\\site-packages\\starlette\\middleware\\errors.py", line 151, in __call__\n    await self.app(scope, receive, send)\n  File "C:\\Users\\VIDYANKSHINI\\AppData\\Local\\Programs\\Python\\Python313\\Lib\\site-packages\\starlette\\middleware\\cors.py", line 79, in __call__\n    await self.app(scope, receive, send)\n  File "C:\\Users\\VIDYANKSHINI\\AppData\\Local\\Programs\\Python\\Python313\\Lib\\site-packages\\starlette\\middleware\\exceptions.py", line 49, in __call__\n    await self.app(scope, receive, send)\n  File "C:\\Users\\VIDYANKSHINI\\AppData\\Local\\Programs\\Python\\Python313\\Lib\\site-packages\\fastapi\\middleware\\asyncexitstack.py", line 18, in __call__\n    await self.app(scope, receive, send)\n  File "C:\\Users\\VIDYANKSHINI\\AppData\\Local\\Programs\\Python\\Python313\\Lib\\site-packages\\starlette\\routing.py", line 716, in __call__\n    await self.middleware_stack(scope, receive, send)\n  File "C:\\Users\\VIDYANKSHINI\\AppData\\Local\\Programs\\Python\\Python313\\Lib\\site-packages\\starlette\\routing.py", line 725, in app\n    await self.lifespan(scope, receive, send)\n  File "C:\\Users\\VIDYANKSHINI\\AppData\\Local\\Programs\\Python\\Python313\\Lib\\site-packages\\starlette\\routing.py", line 694, in lifespan\n    async with self.lifespan_context(app) as maybe_state:\n  File "C:\\Users\\VIDYANKSHINI\\AppData\\Local\\Programs\\Python\\Python313\\Lib\\contextlib.py", line 214, in __aenter__\n    return await anext(self.gen)\n  File "C:\\Users\\VIDYANKSHINI\\AppData\\Local\\Programs\\Python\\Python313\\Lib\\site-packages\\fastapi\\routing.py", line 216, in merged_lifespan\n    async with original_context(app) as maybe_original_state:\n  File "C:\\Users\\VIDYANKSHINI\\AppData\\Local\\Programs\\Python\\Python313\\Lib\\contextlib.py", line 214, in __aenter__\n    return await anext(self.gen)\n  File "C:\\Users\\VIDYANKSHINI\\Desktop\\project\\SecuScan\\backend\\secuscan\\main.py", line 55, in lifespan\n    await init_plugins(settings.plugins_dir)\n  File "C:\\Users\\VIDYANKSHINI\\Desktop\\project\\SecuScan\\backend\\secuscan\\plugins.py", line 382, in init_plugins\n    await plugin_manager.load_plugins()\n  File "C:\\Users\\VIDYANKSHINI\\Desktop\\project\\SecuScan\\backend\\secuscan\\plugins.py", line 59, in load_plugins\n    logger.info(f"\u2713 Loaded plugin: {plugin_meta.name} v{plugin_meta.version}")\nMessage: '\u2713 Loaded plugin: DNS Reconnaissance v1.0.0'\nArguments: ()\n--- Logging error ---\nTraceback (most recent call last):\n  File "C:\\Users\\VIDYANKSHINI\\AppData\\Local\\Programs\\Python\\Python313\\Lib\\logging\\__init__.py", line 1153, in emit\n    stream.write(msg + self.terminator)\n    ~~~~~~~~~~~~^^^^^^^^^^^^^^^^^^^^^^^\n  File "C:\\Users\\VIDYANKSHINI\\AppData\\Local\\Programs\\Python\\Python313\\Lib\\encodings\\cp1252.py", line 19, in encode\n    return codecs.charmap_encode(input,self.errors,encoding_table)[0]\n           ~~~~~~~~~~~~~~~~~~~~~^^^^^^^^^^^^^^^^^^^^^^^^^^^^^^^^^^\nUnicodeEncodeError: 'charmap' codec can't encode character '\\u2713' in position 60: character maps to <undefined>\nCall stack:\n  File "C:\\Users\\VIDYANKSHINI\\AppData\\Local\\Programs\\Python\\Python313\\Lib\\threading.py", line 1012, in _bootstrap\n    self._bootstrap_inner()\n  File "C:\\Users\\VIDYANKSHINI\\AppData\\Local\\Programs\\Python\\Python313\\Lib\\threading.py", line 1041, in _bootstrap_inner\n    self.run()\n  File "C:\\Users\\VIDYANKSHINI\\AppData\\Local\\Programs\\Python\\Python313\\Lib\\threading.py", line 992, in run\n    self._target(*self._args, **self._kwargs)\n  File "C:\\Users\\VIDYANKSHINI\\AppData\\Local\\Programs\\Python\\Python313\\Lib\\site-packages\\anyio\\from_thread.py", line 532, in run_blocking_portal\n    run_eventloop(\n  File "C:\\Users\\VIDYANKSHINI\\AppData\\Local\\Programs\\Python\\Python313\\Lib\\site-packages\\anyio\\_core\\_eventloop.py", line 77, in run\n    return async_backend.run(func, args, {}, backend_options)\n  File "C:\\Users\\VIDYANKSHINI\\AppData\\Local\\Programs\\Python\\Python313\\Lib\\site-packages\\anyio\\_backends\\_asyncio.py", line 2358, in run\n    return runner.run(wrapper())\n  File "C:\\Users\\VIDYANKSHINI\\AppData\\Local\\Programs\\Python\\Python313\\Lib\\asyncio\\runners.py", line 118, in run\n    return self._loop.run_until_complete(task)\n  File "C:\\Users\\VIDYANKSHINI\\AppData\\Local\\Programs\\Python\\Python313\\Lib\\asyncio\\base_events.py", line 712, in run_until_complete\n    self.run_forever()\n  File "C:\\Users\\VIDYANKSHINI\\AppData\\Local\\Programs\\Python\\Python313\\Lib\\asyncio\\base_events.py", line 683, in run_forever\n    self._run_once()\n  File "C:\\Users\\VIDYANKSHINI\\AppData\\Local\\Programs\\Python\\Python313\\Lib\\asyncio\\base_events.py", line 2040, in _run_once\n    handle._run()\n  File "C:\\Users\\VIDYANKSHINI\\AppData\\Local\\Programs\\Python\\Python313\\Lib\\asyncio\\events.py", line 89, in _run\n    self._context.run(self._callback, *self._args)\n  File "C:\\Users\\VIDYANKSHINI\\AppData\\Local\\Programs\\Python\\Python313\\Lib\\site-packages\\anyio\\from_thread.py", line 259, in _call_func\n    retval = await retval_or_awaitable\n  File "C:\\Users\\VIDYANKSHINI\\AppData\\Local\\Programs\\Python\\Python313\\Lib\\site-packages\\starlette\\testclient.py", line 704, in lifespan\n    await self.app(scope, self.stream_receive.receive, self.stream_send.send)\n  File "C:\\Users\\VIDYANKSHINI\\AppData\\Local\\Programs\\Python\\Python313\\Lib\\site-packages\\fastapi\\applications.py", line 1159, in __call__\n    await super().__call__(scope, receive, send)\n  File "C:\\Users\\VIDYANKSHINI\\AppData\\Local\\Programs\\Python\\Python313\\Lib\\site-packages\\starlette\\applications.py", line 107, in __call__\n    await self.middleware_stack(scope, receive, send)\n  File "C:\\Users\\VIDYANKSHINI\\AppData\\Local\\Programs\\Python\\Python313\\Lib\\site-packages\\starlette\\middleware\\errors.py", line 151, in __call__\n    await self.app(scope, receive, send)\n  File "C:\\Users\\VIDYANKSHINI\\AppData\\Local\\Programs\\Python\\Python313\\Lib\\site-packages\\starlette\\middleware\\cors.py", line 79, in __call__\n    await self.app(scope, receive, send)\n  File "C:\\Users\\VIDYANKSHINI\\AppData\\Local\\Programs\\Python\\Python313\\Lib\\site-packages\\starlette\\middleware\\exceptions.py", line 49, in __call__\n    await self.app(scope, receive, send)\n  File "C:\\Users\\VIDYANKSHINI\\AppData\\Local\\Programs\\Python\\Python313\\Lib\\site-packages\\fastapi\\middleware\\asyncexitstack.py", line 18, in __call__\n    await self.app(scope, receive, send)\n  File "C:\\Users\\VIDYANKSHINI\\AppData\\Local\\Programs\\Python\\Python313\\Lib\\site-packages\\starlette\\routing.py", line 716, in __call__\n    await self.middleware_stack(scope, receive, send)\n  File "C:\\Users\\VIDYANKSHINI\\AppData\\Local\\Programs\\Python\\Python313\\Lib\\site-packages\\starlette\\routing.py", line 725, in app\n    await self.lifespan(scope, receive, send)\n  File "C:\\Users\\VIDYANKSHINI\\AppData\\Local\\Programs\\Python\\Python313\\Lib\\site-packages\\starlette\\routing.py", line 694, in lifespan\n    async with self.lifespan_context(app) as maybe_state:\n  File "C:\\Users\\VIDYANKSHINI\\AppData\\Local\\Programs\\Python\\Python313\\Lib\\contextlib.py", line 214, in __aenter__\n    return await anext(self.gen)\n  File "C:\\Users\\VIDYANKSHINI\\AppData\\Local\\Programs\\Python\\Python313\\Lib\\site-packages\\fastapi\\routing.py", line 216, in merged_lifespan\n    async with original_context(app) as maybe_original_state:\n  File "C:\\Users\\VIDYANKSHINI\\AppData\\Local\\Programs\\Python\\Python313\\Lib\\contextlib.py", line 214, in __aenter__\n    return await anext(self.gen)\n  File "C:\\Users\\VIDYANKSHINI\\Desktop\\project\\SecuScan\\backend\\secuscan\\main.py", line 55, in lifespan\n    await init_plugins(settings.plugins_dir)\n  File "C:\\Users\\VIDYANKSHINI\\Desktop\\project\\SecuScan\\backend\\secuscan\\plugins.py", line 382, in init_plugins\n    await plugin_manager.load_plugins()\n  File "C:\\Users\\VIDYANKSHINI\\Desktop\\project\\SecuScan\\backend\\secuscan\\plugins.py", line 59, in load_plugins\n    logger.info(f"\u2713 Loaded plugin: {plugin_meta.name} v{plugin_meta.version}")\nMessage: '\u2713 Loaded plugin: Domain Finder v1.0.0'\nArguments: ()\n--- Logging error ---\nTraceback (most recent call last):\n  File "C:\\Users\\VIDYANKSHINI\\AppData\\Local\\Programs\\Python\\Python313\\Lib\\logging\\__init__.py", line 1153, in emit\n    stream.write(msg + self.terminator)\n    ~~~~~~~~~~~~^^^^^^^^^^^^^^^^^^^^^^^\n  File "C:\\Users\\VIDYANKSHINI\\AppData\\Local\\Programs\\Python\\Python313\\Lib\\encodings\\cp1252.py", line 19, in encode\n    return codecs.charmap_encode(input,self.errors,encoding_table)[0]\n           ~~~~~~~~~~~~~~~~~~~~~^^^^^^^^^^^^^^^^^^^^^^^^^^^^^^^^^^\nUnicodeEncodeError: 'charmap' codec can't encode character '\\u2713' in position 60: character maps to <undefined>\nCall stack:\n  File "C:\\Users\\VIDYANKSHINI\\AppData\\Local\\Programs\\Python\\Python313\\Lib\\threading.py", line 1012, in _bootstrap\n    self._bootstrap_inner()\n  File "C:\\Users\\VIDYANKSHINI\\AppData\\Local\\Programs\\Python\\Python313\\Lib\\threading.py", line 1041, in _bootstrap_inner\n    self.run()\n  File "C:\\Users\\VIDYANKSHINI\\AppData\\Local\\Programs\\Python\\Python313\\Lib\\threading.py", line 992, in run\n    self._target(*self._args, **self._kwargs)\n  File "C:\\Users\\VIDYANKSHINI\\AppData\\Local\\Programs\\Python\\Python313\\Lib\\site-packages\\anyio\\from_thread.py", line 532, in run_blocking_portal\n    run_eventloop(\n  File "C:\\Users\\VIDYANKSHINI\\AppData\\Local\\Programs\\Python\\Python313\\Lib\\site-packages\\anyio\\_core\\_eventloop.py", line 77, in run\n    return async_backend.run(func, args, {}, backend_options)\n  File "C:\\Users\\VIDYANKSHINI\\AppData\\Local\\Programs\\Python\\Python313\\Lib\\site-packages\\anyio\\_backends\\_asyncio.py", line 2358, in run\n    return runner.run(wrapper())\n  File "C:\\Users\\VIDYANKSHINI\\AppData\\Local\\Programs\\Python\\Python313\\Lib\\asyncio\\runners.py", line 118, in run\n    return self._loop.run_until_complete(task)\n  File "C:\\Users\\VIDYANKSHINI\\AppData\\Local\\Programs\\Python\\Python313\\Lib\\asyncio\\base_events.py", line 712, in run_until_complete\n    self.run_forever()\n  File "C:\\Users\\VIDYANKSHINI\\AppData\\Local\\Programs\\Python\\Python313\\Lib\\asyncio\\base_events.py", line 683, in run_forever\n    self._run_once()\n  File "C:\\Users\\VIDYANKSHINI\\AppData\\Local\\Programs\\Python\\Python313\\Lib\\asyncio\\base_events.py", line 2040, in _run_once\n    handle._run()\n  File "C:\\Users\\VIDYANKSHINI\\AppData\\Local\\Programs\\Python\\Python313\\Lib\\asyncio\\events.py", line 89, in _run\n    self._context.run(self._callback, *self._args)\n  File "C:\\Users\\VIDYANKSHINI\\AppData\\Local\\Programs\\Python\\Python313\\Lib\\site-packages\\anyio\\from_thread.py", line 259, in _call_func\n    retval = await retval_or_awaitable\n  File "C:\\Users\\VIDYANKSHINI\\AppData\\Local\\Programs\\Python\\Python313\\Lib\\site-packages\\starlette\\testclient.py", line 704, in lifespan\n    await self.app(scope, self.stream_receive.receive, self.stream_send.send)\n  File "C:\\Users\\VIDYANKSHINI\\AppData\\Local\\Programs\\Python\\Python313\\Lib\\site-packages\\fastapi\\applications.py", line 1159, in __call__\n    await super().__call__(scope, receive, send)\n  File "C:\\Users\\VIDYANKSHINI\\AppData\\Local\\Programs\\Python\\Python313\\Lib\\site-packages\\starlette\\applications.py", line 107, in __call__\n    await self.middleware_stack(scope, receive, send)\n  File "C:\\Users\\VIDYANKSHINI\\AppData\\Local\\Programs\\Python\\Python313\\Lib\\site-packages\\starlette\\middleware\\errors.py", line 151, in __call__\n    await self.app(scope, receive, send)\n  File "C:\\Users\\VIDYANKSHINI\\AppData\\Local\\Programs\\Python\\Python313\\Lib\\site-packages\\starlette\\middleware\\cors.py", line 79, in __call__\n    await self.app(scope, receive, send)\n  File "C:\\Users\\VIDYANKSHINI\\AppData\\Local\\Programs\\Python\\Python313\\Lib\\site-packages\\starlette\\middleware\\exceptions.py", line 49, in __call__\n    await self.app(scope, receive, send)\n  File "C:\\Users\\VIDYANKSHINI\\AppData\\Local\\Programs\\Python\\Python313\\Lib\\site-packages\\fastapi\\middleware\\asyncexitstack.py", line 18, in __call__\n    await self.app(scope, receive, send)\n  File "C:\\Users\\VIDYANKSHINI\\AppData\\Local\\Programs\\Python\\Python313\\Lib\\site-packages\\starlette\\routing.py", line 716, in __call__\n    await self.middleware_stack(scope, receive, send)\n  File "C:\\Users\\VIDYANKSHINI\\AppData\\Local\\Programs\\Python\\Python313\\Lib\\site-packages\\starlette\\routing.py", line 725, in app\n    await self.lifespan(scope, receive, send)\n  File "C:\\Users\\VIDYANKSHINI\\AppData\\Local\\Programs\\Python\\Python313\\Lib\\site-packages\\starlette\\routing.py", line 694, in lifespan\n    async with self.lifespan_context(app) as maybe_state:\n  File "C:\\Users\\VIDYANKSHINI\\AppData\\Local\\Programs\\Python\\Python313\\Lib\\contextlib.py", line 214, in __aenter__\n    return await anext(self.gen)\n  File "C:\\Users\\VIDYANKSHINI\\AppData\\Local\\Programs\\Python\\Python313\\Lib\\site-packages\\fastapi\\routing.py", line 216, in merged_lifespan\n    async with original_context(app) as maybe_original_state:\n  File "C:\\Users\\VIDYANKSHINI\\AppData\\Local\\Programs\\Python\\Python313\\Lib\\contextlib.py", line 214, in __aenter__\n    return await anext(self.gen)\n  File "C:\\Users\\VIDYANKSHINI\\Desktop\\project\\SecuScan\\backend\\secuscan\\main.py", line 55, in lifespan\n    await init_plugins(settings.plugins_dir)\n  File "C:\\Users\\VIDYANKSHINI\\Desktop\\project\\SecuScan\\backend\\secuscan\\plugins.py", line 382, in init_plugins\n    await plugin_manager.load_plugins()\n  File "C:\\Users\\VIDYANKSHINI\\Desktop\\project\\SecuScan\\backend\\secuscan\\plugins.py", line 59, in load_plugins\n    logger.info(f"\u2713 Loaded plugin: {plugin_meta.name} v{plugin_meta.version}")\nMessage: '\u2713 Loaded plugin: Drupal Security Scan v1.0.0'\nArguments: ()\n--- Logging error ---\nTraceback (most recent call last):\n  File "C:\\Users\\VIDYANKSHINI\\AppData\\Local\\Programs\\Python\\Python313\\Lib\\logging\\__init__.py", line 1153, in emit\n    stream.write(msg + self.terminator)\n    ~~~~~~~~~~~~^^^^^^^^^^^^^^^^^^^^^^^\n  File "C:\\Users\\VIDYANKSHINI\\AppData\\Local\\Programs\\Python\\Python313\\Lib\\encodings\\cp1252.py", line 19, in encode\n    return codecs.charmap_encode(input,self.errors,encoding_table)[0]\n           ~~~~~~~~~~~~~~~~~~~~~^^^^^^^^^^^^^^^^^^^^^^^^^^^^^^^^^^\nUnicodeEncodeError: 'charmap' codec can't encode character '\\u2713' in position 60: character maps to <undefined>\nCall stack:\n  File "C:\\Users\\VIDYANKSHINI\\AppData\\Local\\Programs\\Python\\Python313\\Lib\\threading.py", line 1012, in _bootstrap\n    self._bootstrap_inner()\n  File "C:\\Users\\VIDYANKSHINI\\AppData\\Local\\Programs\\Python\\Python313\\Lib\\threading.py", line 1041, in _bootstrap_inner\n    self.run()\n  File "C:\\Users\\VIDYANKSHINI\\AppData\\Local\\Programs\\Python\\Python313\\Lib\\threading.py", line 992, in run\n    self._target(*self._args, **self._kwargs)\n  File "C:\\Users\\VIDYANKSHINI\\AppData\\Local\\Programs\\Python\\Python313\\Lib\\site-packages\\anyio\\from_thread.py", line 532, in run_blocking_portal\n    run_eventloop(\n  File "C:\\Users\\VIDYANKSHINI\\AppData\\Local\\Programs\\Python\\Python313\\Lib\\site-packages\\anyio\\_core\\_eventloop.py", line 77, in run\n    return async_backend.run(func, args, {}, backend_options)\n  File "C:\\Users\\VIDYANKSHINI\\AppData\\Local\\Programs\\Python\\Python313\\Lib\\site-packages\\anyio\\_backends\\_asyncio.py", line 2358, in run\n    return runner.run(wrapper())\n  File "C:\\Users\\VIDYANKSHINI\\AppData\\Local\\Programs\\Python\\Python313\\Lib\\asyncio\\runners.py", line 118, in run\n    return self._loop.run_until_complete(task)\n  File "C:\\Users\\VIDYANKSHINI\\AppData\\Local\\Programs\\Python\\Python313\\Lib\\asyncio\\base_events.py", line 712, in run_until_complete\n    self.run_forever()\n  File "C:\\Users\\VIDYANKSHINI\\AppData\\Local\\Programs\\Python\\Python313\\Lib\\asyncio\\base_events.py", line 683, in run_forever\n    self._run_once()\n  File "C:\\Users\\VIDYANKSHINI\\AppData\\Local\\Programs\\Python\\Python313\\Lib\\asyncio\\base_events.py", line 2040, in _run_once\n    handle._run()\n  File "C:\\Users\\VIDYANKSHINI\\AppData\\Local\\Programs\\Python\\Python313\\Lib\\asyncio\\events.py", line 89, in _run\n    self._context.run(self._callback, *self._args)\n  File "C:\\Users\\VIDYANKSHINI\\AppData\\Local\\Programs\\Python\\Python313\\Lib\\site-packages\\anyio\\from_thread.py", line 259, in _call_func\n    retval = await retval_or_awaitable\n  File "C:\\Users\\VIDYANKSHINI\\AppData\\Local\\Programs\\Python\\Python313\\Lib\\site-packages\\starlette\\testclient.py", line 704, in lifespan\n    await self.app(scope, self.stream_receive.receive, self.stream_send.send)\n  File "C:\\Users\\VIDYANKSHINI\\AppData\\Local\\Programs\\Python\\Python313\\Lib\\site-packages\\fastapi\\applications.py", line 1159, in __call__\n    await super().__call__(scope, receive, send)\n  File "C:\\Users\\VIDYANKSHINI\\AppData\\Local\\Programs\\Python\\Python313\\Lib\\site-packages\\starlette\\applications.py", line 107, in __call__\n    await self.middleware_stack(scope, receive, send)\n  File "C:\\Users\\VIDYANKSHINI\\AppData\\Local\\Programs\\Python\\Python313\\Lib\\site-packages\\starlette\\middleware\\errors.py", line 151, in __call__\n    await self.app(scope, receive, send)\n  File "C:\\Users\\VIDYANKSHINI\\AppData\\Local\\Programs\\Python\\Python313\\Lib\\site-packages\\starlette\\middleware\\cors.py", line 79, in __call__\n    await self.app(scope, receive, send)\n  File "C:\\Users\\VIDYANKSHINI\\AppData\\Local\\Programs\\Python\\Python313\\Lib\\site-packages\\starlette\\middleware\\exceptions.py", line 49, in __call__\n    await self.app(scope, receive, send)\n  File "C:\\Users\\VIDYANKSHINI\\AppData\\Local\\Programs\\Python\\Python313\\Lib\\site-packages\\fastapi\\middleware\\asyncexitstack.py", line 18, in __call__\n    await self.app(scope, receive, send)\n  File "C:\\Users\\VIDYANKSHINI\\AppData\\Local\\Programs\\Python\\Python313\\Lib\\site-packages\\starlette\\routing.py", line 716, in __call__\n    await self.middleware_stack(scope, receive, send)\n  File "C:\\Users\\VIDYANKSHINI\\AppData\\Local\\Programs\\Python\\Python313\\Lib\\site-packages\\starlette\\routing.py", line 725, in app\n    await self.lifespan(scope, receive, send)\n  File "C:\\Users\\VIDYANKSHINI\\AppData\\Local\\Programs\\Python\\Python313\\Lib\\site-packages\\starlette\\routing.py", line 694, in lifespan\n    async with self.lifespan_context(app) as maybe_state:\n  File "C:\\Users\\VIDYANKSHINI\\AppData\\Local\\Programs\\Python\\Python313\\Lib\\contextlib.py", line 214, in __aenter__\n    return await anext(self.gen)\n  File "C:\\Users\\VIDYANKSHINI\\AppData\\Local\\Programs\\Python\\Python313\\Lib\\site-packages\\fastapi\\routing.py", line 216, in merged_lifespan\n    async with original_context(app) as maybe_original_state:\n  File "C:\\Users\\VIDYANKSHINI\\AppData\\Local\\Programs\\Python\\Python313\\Lib\\contextlib.py", line 214, in __aenter__\n    return await anext(self.gen)\n  File "C:\\Users\\VIDYANKSHINI\\Desktop\\project\\SecuScan\\backend\\secuscan\\main.py", line 55, in lifespan\n    await init_plugins(settings.plugins_dir)\n  File "C:\\Users\\VIDYANKSHINI\\Desktop\\project\\SecuScan\\backend\\secuscan\\plugins.py", line 382, in init_plugins\n    await plugin_manager.load_plugins()\n  File "C:\\Users\\VIDYANKSHINI\\Desktop\\project\\SecuScan\\backend\\secuscan\\plugins.py", line 59, in load_plugins\n    logger.info(f"\u2713 Loaded plugin: {plugin_meta.name} v{plugin_meta.version}")\nMessage: '\u2713 Loaded plugin: Payload Fuzzer v1.0.0'\nArguments: ()\n--- Logging error ---\nTraceback (most recent call last):\n  File "C:\\Users\\VIDYANKSHINI\\AppData\\Local\\Programs\\Python\\Python313\\Lib\\logging\\__init__.py", line 1153, in emit\n    stream.write(msg + self.terminator)\n    ~~~~~~~~~~~~^^^^^^^^^^^^^^^^^^^^^^^\n  File "C:\\Users\\VIDYANKSHINI\\AppData\\Local\\Programs\\Python\\Python313\\Lib\\encodings\\cp1252.py", line 19, in encode\n    return codecs.charmap_encode(input,self.errors,encoding_table)[0]\n           ~~~~~~~~~~~~~~~~~~~~~^^^^^^^^^^^^^^^^^^^^^^^^^^^^^^^^^^\nUnicodeEncodeError: 'charmap' codec can't encode character '\\u2713' in position 60: character maps to <undefined>\nCall stack:\n  File "C:\\Users\\VIDYANKSHINI\\AppData\\Local\\Programs\\Python\\Python313\\Lib\\threading.py", line 1012, in _bootstrap\n    self._bootstrap_inner()\n  File "C:\\Users\\VIDYANKSHINI\\AppData\\Local\\Programs\\Python\\Python313\\Lib\\threading.py", line 1041, in _bootstrap_inner\n    self.run()\n  File "C:\\Users\\VIDYANKSHINI\\AppData\\Local\\Programs\\Python\\Python313\\Lib\\threading.py", line 992, in run\n    self._target(*self._args, **self._kwargs)\n  File "C:\\Users\\VIDYANKSHINI\\AppData\\Local\\Programs\\Python\\Python313\\Lib\\site-packages\\anyio\\from_thread.py", line 532, in run_blocking_portal\n    run_eventloop(\n  File "C:\\Users\\VIDYANKSHINI\\AppData\\Local\\Programs\\Python\\Python313\\Lib\\site-packages\\anyio\\_core\\_eventloop.py", line 77, in run\n    return async_backend.run(func, args, {}, backend_options)\n  File "C:\\Users\\VIDYANKSHINI\\AppData\\Local\\Programs\\Python\\Python313\\Lib\\site-packages\\anyio\\_backends\\_asyncio.py", line 2358, in run\n    return runner.run(wrapper())\n  File "C:\\Users\\VIDYANKSHINI\\AppData\\Local\\Programs\\Python\\Python313\\Lib\\asyncio\\runners.py", line 118, in run\n    return self._loop.run_until_complete(task)\n  File "C:\\Users\\VIDYANKSHINI\\AppData\\Local\\Programs\\Python\\Python313\\Lib\\asyncio\\base_events.py", line 712, in run_until_complete\n    self.run_forever()\n  File "C:\\Users\\VIDYANKSHINI\\AppData\\Local\\Programs\\Python\\Python313\\Lib\\asyncio\\base_events.py", line 683, in run_forever\n    self._run_once()\n  File "C:\\Users\\VIDYANKSHINI\\AppData\\Local\\Programs\\Python\\Python313\\Lib\\asyncio\\base_events.py", line 2040, in _run_once\n    handle._run()\n  File "C:\\Users\\VIDYANKSHINI\\AppData\\Local\\Programs\\Python\\Python313\\Lib\\asyncio\\events.py", line 89, in _run\n    self._context.run(self._callback, *self._args)\n  File "C:\\Users\\VIDYANKSHINI\\AppData\\Local\\Programs\\Python\\Python313\\Lib\\site-packages\\anyio\\from_thread.py", line 259, in _call_func\n    retval = await retval_or_awaitable\n  File "C:\\Users\\VIDYANKSHINI\\AppData\\Local\\Programs\\Python\\Python313\\Lib\\site-packages\\starlette\\testclient.py", line 704, in lifespan\n    await self.app(scope, self.stream_receive.receive, self.stream_send.send)\n  File "C:\\Users\\VIDYANKSHINI\\AppData\\Local\\Programs\\Python\\Python313\\Lib\\site-packages\\fastapi\\applications.py", line 1159, in __call__\n    await super().__call__(scope, receive, send)\n  File "C:\\Users\\VIDYANKSHINI\\AppData\\Local\\Programs\\Python\\Python313\\Lib\\site-packages\\starlette\\applications.py", line 107, in __call__\n    await self.middleware_stack(scope, receive, send)\n  File "C:\\Users\\VIDYANKSHINI\\AppData\\Local\\Programs\\Python\\Python313\\Lib\\site-packages\\starlette\\middleware\\errors.py", line 151, in __call__\n    await self.app(scope, receive, send)\n  File "C:\\Users\\VIDYANKSHINI\\AppData\\Local\\Programs\\Python\\Python313\\Lib\\site-packages\\starlette\\middleware\\cors.py", line 79, in __call__\n    await self.app(scope, receive, send)\n  File "C:\\Users\\VIDYANKSHINI\\AppData\\Local\\Programs\\Python\\Python313\\Lib\\site-packages\\starlette\\middleware\\exceptions.py", line 49, in __call__\n    await self.app(scope, receive, send)\n  File "C:\\Users\\VIDYANKSHINI\\AppData\\Local\\Programs\\Python\\Python313\\Lib\\site-packages\\fastapi\\middleware\\asyncexitstack.py", line 18, in __call__\n    await self.app(scope, receive, send)\n  File "C:\\Users\\VIDYANKSHINI\\AppData\\Local\\Programs\\Python\\Python313\\Lib\\site-packages\\starlette\\routing.py", line 716, in __call__\n    await self.middleware_stack(scope, receive, send)\n  File "C:\\Users\\VIDYANKSHINI\\AppData\\Local\\Programs\\Python\\Python313\\Lib\\site-packages\\starlette\\routing.py", line 725, in app\n    await self.lifespan(scope, receive, send)\n  File "C:\\Users\\VIDYANKSHINI\\AppData\\Local\\Programs\\Python\\Python313\\Lib\\site-packages\\starlette\\routing.py", line 694, in lifespan\n    async with self.lifespan_context(app) as maybe_state:\n  File "C:\\Users\\VIDYANKSHINI\\AppData\\Local\\Programs\\Python\\Python313\\Lib\\contextlib.py", line 214, in __aenter__\n    return await anext(self.gen)\n  File "C:\\Users\\VIDYANKSHINI\\AppData\\Local\\Programs\\Python\\Python313\\Lib\\site-packages\\fastapi\\routing.py", line 216, in merged_lifespan\n    async with original_context(app) as maybe_original_state:\n  File "C:\\Users\\VIDYANKSHINI\\AppData\\Local\\Programs\\Python\\Python313\\Lib\\contextlib.py", line 214, in __aenter__\n    return await anext(self.gen)\n  File "C:\\Users\\VIDYANKSHINI\\Desktop\\project\\SecuScan\\backend\\secuscan\\main.py", line 55, in lifespan\n    await init_plugins(settings.plugins_dir)\n  File "C:\\Users\\VIDYANKSHINI\\Desktop\\project\\SecuScan\\backend\\secuscan\\plugins.py", line 382, in init_plugins\n    await plugin_manager.load_plugins()\n  File "C:\\Users\\VIDYANKSHINI\\Desktop\\project\\SecuScan\\backend\\secuscan\\plugins.py", line 59, in load_plugins\n    logger.info(f"\u2713 Loaded plugin: {plugin_meta.name} v{plugin_meta.version}")\nMessage: '\u2713 Loaded plugin: Google Hacking v1.0.0'\nArguments: ()\n--- Logging error ---\nTraceback (most recent call last):\n  File "C:\\Users\\VIDYANKSHINI\\AppData\\Local\\Programs\\Python\\Python313\\Lib\\logging\\__init__.py", line 1153, in emit\n    stream.write(msg + self.terminator)\n    ~~~~~~~~~~~~^^^^^^^^^^^^^^^^^^^^^^^\n  File "C:\\Users\\VIDYANKSHINI\\AppData\\Local\\Programs\\Python\\Python313\\Lib\\encodings\\cp1252.py", line 19, in encode\n    return codecs.charmap_encode(input,self.errors,encoding_table)[0]\n           ~~~~~~~~~~~~~~~~~~~~~^^^^^^^^^^^^^^^^^^^^^^^^^^^^^^^^^^\nUnicodeEncodeError: 'charmap' codec can't encode character '\\u2713' in position 60: character maps to <undefined>\nCall stack:\n  File "C:\\Users\\VIDYANKSHINI\\AppData\\Local\\Programs\\Python\\Python313\\Lib\\threading.py", line 1012, in _bootstrap\n    self._bootstrap_inner()\n  File "C:\\Users\\VIDYANKSHINI\\AppData\\Local\\Programs\\Python\\Python313\\Lib\\threading.py", line 1041, in _bootstrap_inner\n    self.run()\n  File "C:\\Users\\VIDYANKSHINI\\AppData\\Local\\Programs\\Python\\Python313\\Lib\\threading.py", line 992, in run\n    self._target(*self._args, **self._kwargs)\n  File "C:\\Users\\VIDYANKSHINI\\AppData\\Local\\Programs\\Python\\Python313\\Lib\\site-packages\\anyio\\from_thread.py", line 532, in run_blocking_portal\n    run_eventloop(\n  File "C:\\Users\\VIDYANKSHINI\\AppData\\Local\\Programs\\Python\\Python313\\Lib\\site-packages\\anyio\\_core\\_eventloop.py", line 77, in run\n    return async_backend.run(func, args, {}, backend_options)\n  File "C:\\Users\\VIDYANKSHINI\\AppData\\Local\\Programs\\Python\\Python313\\Lib\\site-packages\\anyio\\_backends\\_asyncio.py", line 2358, in run\n    return runner.run(wrapper())\n  File "C:\\Users\\VIDYANKSHINI\\AppData\\Local\\Programs\\Python\\Python313\\Lib\\asyncio\\runners.py", line 118, in run\n    return self._loop.run_until_complete(task)\n  File "C:\\Users\\VIDYANKSHINI\\AppData\\Local\\Programs\\Python\\Python313\\Lib\\asyncio\\base_events.py", line 712, in run_until_complete\n    self.run_forever()\n  File "C:\\Users\\VIDYANKSHINI\\AppData\\Local\\Programs\\Python\\Python313\\Lib\\asyncio\\base_events.py", line 683, in run_forever\n    self._run_once()\n  File "C:\\Users\\VIDYANKSHINI\\AppData\\Local\\Programs\\Python\\Python313\\Lib\\asyncio\\base_events.py", line 2040, in _run_once\n    handle._run()\n  File "C:\\Users\\VIDYANKSHINI\\AppData\\Local\\Programs\\Python\\Python313\\Lib\\asyncio\\events.py", line 89, in _run\n    self._context.run(self._callback, *self._args)\n  File "C:\\Users\\VIDYANKSHINI\\AppData\\Local\\Programs\\Python\\Python313\\Lib\\site-packages\\anyio\\from_thread.py", line 259, in _call_func\n    retval = await retval_or_awaitable\n  File "C:\\Users\\VIDYANKSHINI\\AppData\\Local\\Programs\\Python\\Python313\\Lib\\site-packages\\starlette\\testclient.py", line 704, in lifespan\n    await self.app(scope, self.stream_receive.receive, self.stream_send.send)\n  File "C:\\Users\\VIDYANKSHINI\\AppData\\Local\\Programs\\Python\\Python313\\Lib\\site-packages\\fastapi\\applications.py", line 1159, in __call__\n    await super().__call__(scope, receive, send)\n  File "C:\\Users\\VIDYANKSHINI\\AppData\\Local\\Programs\\Python\\Python313\\Lib\\site-packages\\starlette\\applications.py", line 107, in __call__\n    await self.middleware_stack(scope, receive, send)\n  File "C:\\Users\\VIDYANKSHINI\\AppData\\Local\\Programs\\Python\\Python313\\Lib\\site-packages\\starlette\\middleware\\errors.py", line 151, in __call__\n    await self.app(scope, receive, send)\n  File "C:\\Users\\VIDYANKSHINI\\AppData\\Local\\Programs\\Python\\Python313\\Lib\\site-packages\\starlette\\middleware\\cors.py", line 79, in __call__\n    await self.app(scope, receive, send)\n  File "C:\\Users\\VIDYANKSHINI\\AppData\\Local\\Programs\\Python\\Python313\\Lib\\site-packages\\starlette\\middleware\\exceptions.py", line 49, in __call__\n    await self.app(scope, receive, send)\n  File "C:\\Users\\VIDYANKSHINI\\AppData\\Local\\Programs\\Python\\Python313\\Lib\\site-packages\\fastapi\\middleware\\asyncexitstack.py", line 18, in __call__\n    await self.app(scope, receive, send)\n  File "C:\\Users\\VIDYANKSHINI\\AppData\\Local\\Programs\\Python\\Python313\\Lib\\site-packages\\starlette\\routing.py", line 716, in __call__\n    await self.middleware_stack(scope, receive, send)\n  File "C:\\Users\\VIDYANKSHINI\\AppData\\Local\\Programs\\Python\\Python313\\Lib\\site-packages\\starlette\\routing.py", line 725, in app\n    await self.lifespan(scope, receive, send)\n  File "C:\\Users\\VIDYANKSHINI\\AppData\\Local\\Programs\\Python\\Python313\\Lib\\site-packages\\starlette\\routing.py", line 694, in lifespan\n    async with self.lifespan_context(app) as maybe_state:\n  File "C:\\Users\\VIDYANKSHINI\\AppData\\Local\\Programs\\Python\\Python313\\Lib\\contextlib.py", line 214, in __aenter__\n    return await anext(self.gen)\n  File "C:\\Users\\VIDYANKSHINI\\AppData\\Local\\Programs\\Python\\Python313\\Lib\\site-packages\\fastapi\\routing.py", line 216, in merged_lifespan\n    async with original_context(app) as maybe_original_state:\n  File "C:\\Users\\VIDYANKSHINI\\AppData\\Local\\Programs\\Python\\Python313\\Lib\\contextlib.py", line 214, in __aenter__\n    return await anext(self.gen)\n  File "C:\\Users\\VIDYANKSHINI\\Desktop\\project\\SecuScan\\backend\\secuscan\\main.py", line 55, in lifespan\n    await init_plugins(settings.plugins_dir)\n  File "C:\\Users\\VIDYANKSHINI\\Desktop\\project\\SecuScan\\backend\\secuscan\\plugins.py", line 382, in init_plugins\n    await plugin_manager.load_plugins()\n  File "C:\\Users\\VIDYANKSHINI\\Desktop\\project\\SecuScan\\backend\\secuscan\\plugins.py", line 59, in load_plugins\n    logger.info(f"\u2713 Loaded plugin: {plugin_meta.name} v{plugin_meta.version}")\nMessage: '\u2713 Loaded plugin: Password Recovery Audit v1.0.0'\nArguments: ()\n--- Logging error ---\nTraceback (most recent call last):\n  File "C:\\Users\\VIDYANKSHINI\\AppData\\Local\\Programs\\Python\\Python313\\Lib\\logging\\__init__.py", line 1153, in emit\n    stream.write(msg + self.terminator)\n    ~~~~~~~~~~~~^^^^^^^^^^^^^^^^^^^^^^^\n  File "C:\\Users\\VIDYANKSHINI\\AppData\\Local\\Programs\\Python\\Python313\\Lib\\encodings\\cp1252.py", line 19, in encode\n    return codecs.charmap_encode(input,self.errors,encoding_table)[0]\n           ~~~~~~~~~~~~~~~~~~~~~^^^^^^^^^^^^^^^^^^^^^^^^^^^^^^^^^^\nUnicodeEncodeError: 'charmap' codec can't encode character '\\u2713' in position 60: character maps to <undefined>\nCall stack:\n  File "C:\\Users\\VIDYANKSHINI\\AppData\\Local\\Programs\\Python\\Python313\\Lib\\threading.py", line 1012, in _bootstrap\n    self._bootstrap_inner()\n  File "C:\\Users\\VIDYANKSHINI\\AppData\\Local\\Programs\\Python\\Python313\\Lib\\threading.py", line 1041, in _bootstrap_inner\n    self.run()\n  File "C:\\Users\\VIDYANKSHINI\\AppData\\Local\\Programs\\Python\\Python313\\Lib\\threading.py", line 992, in run\n    self._target(*self._args, **self._kwargs)\n  File "C:\\Users\\VIDYANKSHINI\\AppData\\Local\\Programs\\Python\\Python313\\Lib\\site-packages\\anyio\\from_thread.py", line 532, in run_blocking_portal\n    run_eventloop(\n  File "C:\\Users\\VIDYANKSHINI\\AppData\\Local\\Programs\\Python\\Python313\\Lib\\site-packages\\anyio\\_core\\_eventloop.py", line 77, in run\n    return async_backend.run(func, args, {}, backend_options)\n  File "C:\\Users\\VIDYANKSHINI\\AppData\\Local\\Programs\\Python\\Python313\\Lib\\site-packages\\anyio\\_backends\\_asyncio.py", line 2358, in run\n    return runner.run(wrapper())\n  File "C:\\Users\\VIDYANKSHINI\\AppData\\Local\\Programs\\Python\\Python313\\Lib\\asyncio\\runners.py", line 118, in run\n    return self._loop.run_until_complete(task)\n  File "C:\\Users\\VIDYANKSHINI\\AppData\\Local\\Programs\\Python\\Python313\\Lib\\asyncio\\base_events.py", line 712, in run_until_complete\n    self.run_forever()\n  File "C:\\Users\\VIDYANKSHINI\\AppData\\Local\\Programs\\Python\\Python313\\Lib\\asyncio\\base_events.py", line 683, in run_forever\n    self._run_once()\n  File "C:\\Users\\VIDYANKSHINI\\AppData\\Local\\Programs\\Python\\Python313\\Lib\\asyncio\\base_events.py", line 2040, in _run_once\n    handle._run()\n  File "C:\\Users\\VIDYANKSHINI\\AppData\\Local\\Programs\\Python\\Python313\\Lib\\asyncio\\events.py", line 89, in _run\n    self._context.run(self._callback, *self._args)\n  File "C:\\Users\\VIDYANKSHINI\\AppData\\Local\\Programs\\Python\\Python313\\Lib\\site-packages\\anyio\\from_thread.py", line 259, in _call_func\n    retval = await retval_or_awaitable\n  File "C:\\Users\\VIDYANKSHINI\\AppData\\Local\\Programs\\Python\\Python313\\Lib\\site-packages\\starlette\\testclient.py", line 704, in lifespan\n    await self.app(scope, self.stream_receive.receive, self.stream_send.send)\n  File "C:\\Users\\VIDYANKSHINI\\AppData\\Local\\Programs\\Python\\Python313\\Lib\\site-packages\\fastapi\\applications.py", line 1159, in __call__\n    await super().__call__(scope, receive, send)\n  File "C:\\Users\\VIDYANKSHINI\\AppData\\Local\\Programs\\Python\\Python313\\Lib\\site-packages\\starlette\\applications.py", line 107, in __call__\n    await self.middleware_stack(scope, receive, send)\n  File "C:\\Users\\VIDYANKSHINI\\AppData\\Local\\Programs\\Python\\Python313\\Lib\\site-packages\\starlette\\middleware\\errors.py", line 151, in __call__\n    await self.app(scope, receive, send)\n  File "C:\\Users\\VIDYANKSHINI\\AppData\\Local\\Programs\\Python\\Python313\\Lib\\site-packages\\starlette\\middleware\\cors.py", line 79, in __call__\n    await self.app(scope, receive, send)\n  File "C:\\Users\\VIDYANKSHINI\\AppData\\Local\\Programs\\Python\\Python313\\Lib\\site-packages\\starlette\\middleware\\exceptions.py", line 49, in __call__\n    await self.app(scope, receive, send)\n  File "C:\\Users\\VIDYANKSHINI\\AppData\\Local\\Programs\\Python\\Python313\\Lib\\site-packages\\fastapi\\middleware\\asyncexitstack.py", line 18, in __call__\n    await self.app(scope, receive, send)\n  File "C:\\Users\\VIDYANKSHINI\\AppData\\Local\\Programs\\Python\\Python313\\Lib\\site-packages\\starlette\\routing.py", line 716, in __call__\n    await self.middleware_stack(scope, receive, send)\n  File "C:\\Users\\VIDYANKSHINI\\AppData\\Local\\Programs\\Python\\Python313\\Lib\\site-packages\\starlette\\routing.py", line 725, in app\n    await self.lifespan(scope, receive, send)\n  File "C:\\Users\\VIDYANKSHINI\\AppData\\Local\\Programs\\Python\\Python313\\Lib\\site-packages\\starlette\\routing.py", line 694, in lifespan\n    async with self.lifespan_context(app) as maybe_state:\n  File "C:\\Users\\VIDYANKSHINI\\AppData\\Local\\Programs\\Python\\Python313\\Lib\\contextlib.py", line 214, in __aenter__\n    return await anext(self.gen)\n  File "C:\\Users\\VIDYANKSHINI\\AppData\\Local\\Programs\\Python\\Python313\\Lib\\site-packages\\fastapi\\routing.py", line 216, in merged_lifespan\n    async with original_context(app) as maybe_original_state:\n  File "C:\\Users\\VIDYANKSHINI\\AppData\\Local\\Programs\\Python\\Python313\\Lib\\contextlib.py", line 214, in __aenter__\n    return await anext(self.gen)\n  File "C:\\Users\\VIDYANKSHINI\\Desktop\\project\\SecuScan\\backend\\secuscan\\main.py", line 55, in lifespan\n    await init_plugins(settings.plugins_dir)\n  File "C:\\Users\\VIDYANKSHINI\\Desktop\\project\\SecuScan\\backend\\secuscan\\plugins.py", line 382, in init_plugins\n    await plugin_manager.load_plugins()\n  File "C:\\Users\\VIDYANKSHINI\\Desktop\\project\\SecuScan\\backend\\secuscan\\plugins.py", line 59, in load_plugins\n    logger.info(f"\u2713 Loaded plugin: {plugin_meta.name} v{plugin_meta.version}")\nMessage: '\u2713 Loaded plugin: httpx v1.0.0'\nArguments: ()\n--- Logging error ---\nTraceback (most recent call last):\n  File "C:\\Users\\VIDYANKSHINI\\AppData\\Local\\Programs\\Python\\Python313\\Lib\\logging\\__init__.py", line 1153, in emit\n    stream.write(msg + self.terminator)\n    ~~~~~~~~~~~~^^^^^^^^^^^^^^^^^^^^^^^\n  File "C:\\Users\\VIDYANKSHINI\\AppData\\Local\\Programs\\Python\\Python313\\Lib\\encodings\\cp1252.py", line 19, in encode\n    return codecs.charmap_encode(input,self.errors,encoding_table)[0]\n           ~~~~~~~~~~~~~~~~~~~~~^^^^^^^^^^^^^^^^^^^^^^^^^^^^^^^^^^\nUnicodeEncodeError: 'charmap' codec can't encode character '\\u2713' in position 60: character maps to <undefined>\nCall stack:\n  File "C:\\Users\\VIDYANKSHINI\\AppData\\Local\\Programs\\Python\\Python313\\Lib\\threading.py", line 1012, in _bootstrap\n    self._bootstrap_inner()\n  File "C:\\Users\\VIDYANKSHINI\\AppData\\Local\\Programs\\Python\\Python313\\Lib\\threading.py", line 1041, in _bootstrap_inner\n    self.run()\n  File "C:\\Users\\VIDYANKSHINI\\AppData\\Local\\Programs\\Python\\Python313\\Lib\\threading.py", line 992, in run\n    self._target(*self._args, **self._kwargs)\n  File "C:\\Users\\VIDYANKSHINI\\AppData\\Local\\Programs\\Python\\Python313\\Lib\\site-packages\\anyio\\from_thread.py", line 532, in run_blocking_portal\n    run_eventloop(\n  File "C:\\Users\\VIDYANKSHINI\\AppData\\Local\\Programs\\Python\\Python313\\Lib\\site-packages\\anyio\\_core\\_eventloop.py", line 77, in run\n    return async_backend.run(func, args, {}, backend_options)\n  File "C:\\Users\\VIDYANKSHINI\\AppData\\Local\\Programs\\Python\\Python313\\Lib\\site-packages\\anyio\\_backends\\_asyncio.py", line 2358, in run\n    return runner.run(wrapper())\n  File "C:\\Users\\VIDYANKSHINI\\AppData\\Local\\Programs\\Python\\Python313\\Lib\\asyncio\\runners.py", line 118, in run\n    return self._loop.run_until_complete(task)\n  File "C:\\Users\\VIDYANKSHINI\\AppData\\Local\\Programs\\Python\\Python313\\Lib\\asyncio\\base_events.py", line 712, in run_until_complete\n    self.run_forever()\n  File "C:\\Users\\VIDYANKSHINI\\AppData\\Local\\Programs\\Python\\Python313\\Lib\\asyncio\\base_events.py", line 683, in run_forever\n    self._run_once()\n  File "C:\\Users\\VIDYANKSHINI\\AppData\\Local\\Programs\\Python\\Python313\\Lib\\asyncio\\base_events.py", line 2040, in _run_once\n    handle._run()\n  File "C:\\Users\\VIDYANKSHINI\\AppData\\Local\\Programs\\Python\\Python313\\Lib\\asyncio\\events.py", line 89, in _run\n    self._context.run(self._callback, *self._args)\n  File "C:\\Users\\VIDYANKSHINI\\AppData\\Local\\Programs\\Python\\Python313\\Lib\\site-packages\\anyio\\from_thread.py", line 259, in _call_func\n    retval = await retval_or_awaitable\n  File "C:\\Users\\VIDYANKSHINI\\AppData\\Local\\Programs\\Python\\Python313\\Lib\\site-packages\\starlette\\testclient.py", line 704, in lifespan\n    await self.app(scope, self.stream_receive.receive, self.stream_send.send)\n  File "C:\\Users\\VIDYANKSHINI\\AppData\\Local\\Programs\\Python\\Python313\\Lib\\site-packages\\fastapi\\applications.py", line 1159, in __call__\n    await super().__call__(scope, receive, send)\n  File "C:\\Users\\VIDYANKSHINI\\AppData\\Local\\Programs\\Python\\Python313\\Lib\\site-packages\\starlette\\applications.py", line 107, in __call__\n    await self.middleware_stack(scope, receive, send)\n  File "C:\\Users\\VIDYANKSHINI\\AppData\\Local\\Programs\\Python\\Python313\\Lib\\site-packages\\starlette\\middleware\\errors.py", line 151, in __call__\n    await self.app(scope, receive, send)\n  File "C:\\Users\\VIDYANKSHINI\\AppData\\Local\\Programs\\Python\\Python313\\Lib\\site-packages\\starlette\\middleware\\cors.py", line 79, in __call__\n    await self.app(scope, receive, send)\n  File "C:\\Users\\VIDYANKSHINI\\AppData\\Local\\Programs\\Python\\Python313\\Lib\\site-packages\\starlette\\middleware\\exceptions.py", line 49, in __call__\n    await self.app(scope, receive, send)\n  File "C:\\Users\\VIDYANKSHINI\\AppData\\Local\\Programs\\Python\\Python313\\Lib\\site-packages\\fastapi\\middleware\\asyncexitstack.py", line 18, in __call__\n    await self.app(scope, receive, send)\n  File "C:\\Users\\VIDYANKSHINI\\AppData\\Local\\Programs\\Python\\Python313\\Lib\\site-packages\\starlette\\routing.py", line 716, in __call__\n    await self.middleware_stack(scope, receive, send)\n  File "C:\\Users\\VIDYANKSHINI\\AppData\\Local\\Programs\\Python\\Python313\\Lib\\site-packages\\starlette\\routing.py", line 725, in app\n    await self.lifespan(scope, receive, send)\n  File "C:\\Users\\VIDYANKSHINI\\AppData\\Local\\Programs\\Python\\Python313\\Lib\\site-packages\\starlette\\routing.py", line 694, in lifespan\n    async with self.lifespan_context(app) as maybe_state:\n  File "C:\\Users\\VIDYANKSHINI\\AppData\\Local\\Programs\\Python\\Python313\\Lib\\contextlib.py", line 214, in __aenter__\n    return await anext(self.gen)\n  File "C:\\Users\\VIDYANKSHINI\\AppData\\Local\\Programs\\Python\\Python313\\Lib\\site-packages\\fastapi\\routing.py", line 216, in merged_lifespan\n    async with original_context(app) as maybe_original_state:\n  File "C:\\Users\\VIDYANKSHINI\\AppData\\Local\\Programs\\Python\\Python313\\Lib\\contextlib.py", line 214, in __aenter__\n    return await anext(self.gen)\n  File "C:\\Users\\VIDYANKSHINI\\Desktop\\project\\SecuScan\\backend\\secuscan\\main.py", line 55, in lifespan\n    await init_plugins(settings.plugins_dir)\n  File "C:\\Users\\VIDYANKSHINI\\Desktop\\project\\SecuScan\\backend\\secuscan\\plugins.py", line 382, in init_plugins\n    await plugin_manager.load_plugins()\n  File "C:\\Users\\VIDYANKSHINI\\Desktop\\project\\SecuScan\\backend\\secuscan\\plugins.py", line 59, in load_plugins\n    logger.info(f"\u2713 Loaded plugin: {plugin_meta.name} v{plugin_meta.version}")\nMessage: '\u2713 Loaded plugin: HTTP Inspector v1.0.0'\nArguments: ()\n--- Logging error ---\nTraceback (most recent call last):\n  File "C:\\Users\\VIDYANKSHINI\\AppData\\Local\\Programs\\Python\\Python313\\Lib\\logging\\__init__.py", line 1153, in emit\n    stream.write(msg + self.terminator)\n    ~~~~~~~~~~~~^^^^^^^^^^^^^^^^^^^^^^^\n  File "C:\\Users\\VIDYANKSHINI\\AppData\\Local\\Programs\\Python\\Python313\\Lib\\encodings\\cp1252.py", line 19, in encode\n    return codecs.charmap_encode(input,self.errors,encoding_table)[0]\n           ~~~~~~~~~~~~~~~~~~~~~^^^^^^^^^^^^^^^^^^^^^^^^^^^^^^^^^^\nUnicodeEncodeError: 'charmap' codec can't encode character '\\u2713' in position 60: character maps to <undefined>\nCall stack:\n  File "C:\\Users\\VIDYANKSHINI\\AppData\\Local\\Programs\\Python\\Python313\\Lib\\threading.py", line 1012, in _bootstrap\n    self._bootstrap_inner()\n  File "C:\\Users\\VIDYANKSHINI\\AppData\\Local\\Programs\\Python\\Python313\\Lib\\threading.py", line 1041, in _bootstrap_inner\n    self.run()\n  File "C:\\Users\\VIDYANKSHINI\\AppData\\Local\\Programs\\Python\\Python313\\Lib\\threading.py", line 992, in run\n    self._target(*self._args, **self._kwargs)\n  File "C:\\Users\\VIDYANKSHINI\\AppData\\Local\\Programs\\Python\\Python313\\Lib\\site-packages\\anyio\\from_thread.py", line 532, in run_blocking_portal\n    run_eventloop(\n  File "C:\\Users\\VIDYANKSHINI\\AppData\\Local\\Programs\\Python\\Python313\\Lib\\site-packages\\anyio\\_core\\_eventloop.py", line 77, in run\n    return async_backend.run(func, args, {}, backend_options)\n  File "C:\\Users\\VIDYANKSHINI\\AppData\\Local\\Programs\\Python\\Python313\\Lib\\site-packages\\anyio\\_backends\\_asyncio.py", line 2358, in run\n    return runner.run(wrapper())\n  File "C:\\Users\\VIDYANKSHINI\\AppData\\Local\\Programs\\Python\\Python313\\Lib\\asyncio\\runners.py", line 118, in run\n    return self._loop.run_until_complete(task)\n  File "C:\\Users\\VIDYANKSHINI\\AppData\\Local\\Programs\\Python\\Python313\\Lib\\asyncio\\base_events.py", line 712, in run_until_complete\n    self.run_forever()\n  File "C:\\Users\\VIDYANKSHINI\\AppData\\Local\\Programs\\Python\\Python313\\Lib\\asyncio\\base_events.py", line 683, in run_forever\n    self._run_once()\n  File "C:\\Users\\VIDYANKSHINI\\AppData\\Local\\Programs\\Python\\Python313\\Lib\\asyncio\\base_events.py", line 2040, in _run_once\n    handle._run()\n  File "C:\\Users\\VIDYANKSHINI\\AppData\\Local\\Programs\\Python\\Python313\\Lib\\asyncio\\events.py", line 89, in _run\n    self._context.run(self._callback, *self._args)\n  File "C:\\Users\\VIDYANKSHINI\\AppData\\Local\\Programs\\Python\\Python313\\Lib\\site-packages\\anyio\\from_thread.py", line 259, in _call_func\n    retval = await retval_or_awaitable\n  File "C:\\Users\\VIDYANKSHINI\\AppData\\Local\\Programs\\Python\\Python313\\Lib\\site-packages\\starlette\\testclient.py", line 704, in lifespan\n    await self.app(scope, self.stream_receive.receive, self.stream_send.send)\n  File "C:\\Users\\VIDYANKSHINI\\AppData\\Local\\Programs\\Python\\Python313\\Lib\\site-packages\\fastapi\\applications.py", line 1159, in __call__\n    await super().__call__(scope, receive, send)\n  File "C:\\Users\\VIDYANKSHINI\\AppData\\Local\\Programs\\Python\\Python313\\Lib\\site-packages\\starlette\\applications.py", line 107, in __call__\n    await self.middleware_stack(scope, receive, send)\n  File "C:\\Users\\VIDYANKSHINI\\AppData\\Local\\Programs\\Python\\Python313\\Lib\\site-packages\\starlette\\middleware\\errors.py", line 151, in __call__\n    await self.app(scope, receive, send)\n  File "C:\\Users\\VIDYANKSHINI\\AppData\\Local\\Programs\\Python\\Python313\\Lib\\site-packages\\starlette\\middleware\\cors.py", line 79, in __call__\n    await self.app(scope, receive, send)\n  File "C:\\Users\\VIDYANKSHINI\\AppData\\Local\\Programs\\Python\\Python313\\Lib\\site-packages\\starlette\\middleware\\exceptions.py", line 49, in __call__\n    await self.app(scope, receive, send)\n  File "C:\\Users\\VIDYANKSHINI\\AppData\\Local\\Programs\\Python\\Python313\\Lib\\site-packages\\fastapi\\middleware\\asyncexitstack.py", line 18, in __call__\n    await self.app(scope, receive, send)\n  File "C:\\Users\\VIDYANKSHINI\\AppData\\Local\\Programs\\Python\\Python313\\Lib\\site-packages\\starlette\\routing.py", line 716, in __call__\n    await self.middleware_stack(scope, receive, send)\n  File "C:\\Users\\VIDYANKSHINI\\AppData\\Local\\Programs\\Python\\Python313\\Lib\\site-packages\\starlette\\routing.py", line 725, in app\n    await self.lifespan(scope, receive, send)\n  File "C:\\Users\\VIDYANKSHINI\\AppData\\Local\\Programs\\Python\\Python313\\Lib\\site-packages\\starlette\\routing.py", line 694, in lifespan\n    async with self.lifespan_context(app) as maybe_state:\n  File "C:\\Users\\VIDYANKSHINI\\AppData\\Local\\Programs\\Python\\Python313\\Lib\\contextlib.py", line 214, in __aenter__\n    return await anext(self.gen)\n  File "C:\\Users\\VIDYANKSHINI\\AppData\\Local\\Programs\\Python\\Python313\\Lib\\site-packages\\fastapi\\routing.py", line 216, in merged_lifespan\n    async with original_context(app) as maybe_original_state:\n  File "C:\\Users\\VIDYANKSHINI\\AppData\\Local\\Programs\\Python\\Python313\\Lib\\contextlib.py", line 214, in __aenter__\n    return await anext(self.gen)\n  File "C:\\Users\\VIDYANKSHINI\\Desktop\\project\\SecuScan\\backend\\secuscan\\main.py", line 55, in lifespan\n    await init_plugins(settings.plugins_dir)\n  File "C:\\Users\\VIDYANKSHINI\\Desktop\\project\\SecuScan\\backend\\secuscan\\plugins.py", line 382, in init_plugins\n    await plugin_manager.load_plugins()\n  File "C:\\Users\\VIDYANKSHINI\\Desktop\\project\\SecuScan\\backend\\secuscan\\plugins.py", line 59, in load_plugins\n    logger.info(f"\u2713 Loaded plugin: {plugin_meta.name} v{plugin_meta.version}")\nMessage: '\u2713 Loaded plugin: HTTP Request Logger v1.0.0'\nArguments: ()\n--- Logging error ---\nTraceback (most recent call last):\n  File "C:\\Users\\VIDYANKSHINI\\AppData\\Local\\Programs\\Python\\Python313\\Lib\\logging\\__init__.py", line 1153, in emit\n    stream.write(msg + self.terminator)\n    ~~~~~~~~~~~~^^^^^^^^^^^^^^^^^^^^^^^\n  File "C:\\Users\\VIDYANKSHINI\\AppData\\Local\\Programs\\Python\\Python313\\Lib\\encodings\\cp1252.py", line 19, in encode\n    return codecs.charmap_encode(input,self.errors,encoding_table)[0]\n           ~~~~~~~~~~~~~~~~~~~~~^^^^^^^^^^^^^^^^^^^^^^^^^^^^^^^^^^\nUnicodeEncodeError: 'charmap' codec can't encode character '\\u2713' in position 60: character maps to <undefined>\nCall stack:\n  File "C:\\Users\\VIDYANKSHINI\\AppData\\Local\\Programs\\Python\\Python313\\Lib\\threading.py", line 1012, in _bootstrap\n    self._bootstrap_inner()\n  File "C:\\Users\\VIDYANKSHINI\\AppData\\Local\\Programs\\Python\\Python313\\Lib\\threading.py", line 1041, in _bootstrap_inner\n    self.run()\n  File "C:\\Users\\VIDYANKSHINI\\AppData\\Local\\Programs\\Python\\Python313\\Lib\\threading.py", line 992, in run\n    self._target(*self._args, **self._kwargs)\n  File "C:\\Users\\VIDYANKSHINI\\AppData\\Local\\Programs\\Python\\Python313\\Lib\\site-packages\\anyio\\from_thread.py", line 532, in run_blocking_portal\n    run_eventloop(\n  File "C:\\Users\\VIDYANKSHINI\\AppData\\Local\\Programs\\Python\\Python313\\Lib\\site-packages\\anyio\\_core\\_eventloop.py", line 77, in run\n    return async_backend.run(func, args, {}, backend_options)\n  File "C:\\Users\\VIDYANKSHINI\\AppData\\Local\\Programs\\Python\\Python313\\Lib\\site-packages\\anyio\\_backends\\_asyncio.py", line 2358, in run\n    return runner.run(wrapper())\n  File "C:\\Users\\VIDYANKSHINI\\AppData\\Local\\Programs\\Python\\Python313\\Lib\\asyncio\\runners.py", line 118, in run\n    return self._loop.run_until_complete(task)\n  File "C:\\Users\\VIDYANKSHINI\\AppData\\Local\\Programs\\Python\\Python313\\Lib\\asyncio\\base_events.py", line 712, in run_until_complete\n    self.run_forever()\n  File "C:\\Users\\VIDYANKSHINI\\AppData\\Local\\Programs\\Python\\Python313\\Lib\\asyncio\\base_events.py", line 683, in run_forever\n    self._run_once()\n  File "C:\\Users\\VIDYANKSHINI\\AppData\\Local\\Programs\\Python\\Python313\\Lib\\asyncio\\base_events.py", line 2040, in _run_once\n    handle._run()\n  File "C:\\Users\\VIDYANKSHINI\\AppData\\Local\\Programs\\Python\\Python313\\Lib\\asyncio\\events.py", line 89, in _run\n    self._context.run(self._callback, *self._args)\n  File "C:\\Users\\VIDYANKSHINI\\AppData\\Local\\Programs\\Python\\Python313\\Lib\\site-packages\\anyio\\from_thread.py", line 259, in _call_func\n    retval = await retval_or_awaitable\n  File "C:\\Users\\VIDYANKSHINI\\AppData\\Local\\Programs\\Python\\Python313\\Lib\\site-packages\\starlette\\testclient.py", line 704, in lifespan\n    await self.app(scope, self.stream_receive.receive, self.stream_send.send)\n  File "C:\\Users\\VIDYANKSHINI\\AppData\\Local\\Programs\\Python\\Python313\\Lib\\site-packages\\fastapi\\applications.py", line 1159, in __call__\n    await super().__call__(scope, receive, send)\n  File "C:\\Users\\VIDYANKSHINI\\AppData\\Local\\Programs\\Python\\Python313\\Lib\\site-packages\\starlette\\applications.py", line 107, in __call__\n    await self.middleware_stack(scope, receive, send)\n  File "C:\\Users\\VIDYANKSHINI\\AppData\\Local\\Programs\\Python\\Python313\\Lib\\site-packages\\starlette\\middleware\\errors.py", line 151, in __call__\n    await self.app(scope, receive, send)\n  File "C:\\Users\\VIDYANKSHINI\\AppData\\Local\\Programs\\Python\\Python313\\Lib\\site-packages\\starlette\\middleware\\cors.py", line 79, in __call__\n    await self.app(scope, receive, send)\n  File "C:\\Users\\VIDYANKSHINI\\AppData\\Local\\Programs\\Python\\Python313\\Lib\\site-packages\\starlette\\middleware\\exceptions.py", line 49, in __call__\n    await self.app(scope, receive, send)\n  File "C:\\Users\\VIDYANKSHINI\\AppData\\Local\\Programs\\Python\\Python313\\Lib\\site-packages\\fastapi\\middleware\\asyncexitstack.py", line 18, in __call__\n    await self.app(scope, receive, send)\n  File "C:\\Users\\VIDYANKSHINI\\AppData\\Local\\Programs\\Python\\Python313\\Lib\\site-packages\\starlette\\routing.py", line 716, in __call__\n    await self.middleware_stack(scope, receive, send)\n  File "C:\\Users\\VIDYANKSHINI\\AppData\\Local\\Programs\\Python\\Python313\\Lib\\site-packages\\starlette\\routing.py", line 725, in app\n    await self.lifespan(scope, receive, send)\n  File "C:\\Users\\VIDYANKSHINI\\AppData\\Local\\Programs\\Python\\Python313\\Lib\\site-packages\\starlette\\routing.py", line 694, in lifespan\n    async with self.lifespan_context(app) as maybe_state:\n  File "C:\\Users\\VIDYANKSHINI\\AppData\\Local\\Programs\\Python\\Python313\\Lib\\contextlib.py", line 214, in __aenter__\n    return await anext(self.gen)\n  File "C:\\Users\\VIDYANKSHINI\\AppData\\Local\\Programs\\Python\\Python313\\Lib\\site-packages\\fastapi\\routing.py", line 216, in merged_lifespan\n    async with original_context(app) as maybe_original_state:\n  File "C:\\Users\\VIDYANKSHINI\\AppData\\Local\\Programs\\Python\\Python313\\Lib\\contextlib.py", line 214, in __aenter__\n    return await anext(self.gen)\n  File "C:\\Users\\VIDYANKSHINI\\Desktop\\project\\SecuScan\\backend\\secuscan\\main.py", line 55, in lifespan\n    await init_plugins(settings.plugins_dir)\n  File "C:\\Users\\VIDYANKSHINI\\Desktop\\project\\SecuScan\\backend\\secuscan\\plugins.py", line 382, in init_plugins\n    await plugin_manager.load_plugins()\n  File "C:\\Users\\VIDYANKSHINI\\Desktop\\project\\SecuScan\\backend\\secuscan\\plugins.py", line 59, in load_plugins\n    logger.info(f"\u2713 Loaded plugin: {plugin_meta.name} v{plugin_meta.version}")\nMessage: '\u2713 Loaded plugin: IaC Scanner (Checkov) v1.0.0'\nArguments: ()\n--- Logging error ---\nTraceback (most recent call last):\n  File "C:\\Users\\VIDYANKSHINI\\AppData\\Local\\Programs\\Python\\Python313\\Lib\\logging\\__init__.py", line 1153, in emit\n    stream.write(msg + self.terminator)\n    ~~~~~~~~~~~~^^^^^^^^^^^^^^^^^^^^^^^\n  File "C:\\Users\\VIDYANKSHINI\\AppData\\Local\\Programs\\Python\\Python313\\Lib\\encodings\\cp1252.py", line 19, in encode\n    return codecs.charmap_encode(input,self.errors,encoding_table)[0]\n           ~~~~~~~~~~~~~~~~~~~~~^^^^^^^^^^^^^^^^^^^^^^^^^^^^^^^^^^\nUnicodeEncodeError: 'charmap' codec can't encode character '\\u2713' in position 60: character maps to <undefined>\nCall stack:\n  File "C:\\Users\\VIDYANKSHINI\\AppData\\Local\\Programs\\Python\\Python313\\Lib\\threading.py", line 1012, in _bootstrap\n    self._bootstrap_inner()\n  File "C:\\Users\\VIDYANKSHINI\\AppData\\Local\\Programs\\Python\\Python313\\Lib\\threading.py", line 1041, in _bootstrap_inner\n    self.run()\n  File "C:\\Users\\VIDYANKSHINI\\AppData\\Local\\Programs\\Python\\Python313\\Lib\\threading.py", line 992, in run\n    self._target(*self._args, **self._kwargs)\n  File "C:\\Users\\VIDYANKSHINI\\AppData\\Local\\Programs\\Python\\Python313\\Lib\\site-packages\\anyio\\from_thread.py", line 532, in run_blocking_portal\n    run_eventloop(\n  File "C:\\Users\\VIDYANKSHINI\\AppData\\Local\\Programs\\Python\\Python313\\Lib\\site-packages\\anyio\\_core\\_eventloop.py", line 77, in run\n    return async_backend.run(func, args, {}, backend_options)\n  File "C:\\Users\\VIDYANKSHINI\\AppData\\Local\\Programs\\Python\\Python313\\Lib\\site-packages\\anyio\\_backends\\_asyncio.py", line 2358, in run\n    return runner.run(wrapper())\n  File "C:\\Users\\VIDYANKSHINI\\AppData\\Local\\Programs\\Python\\Python313\\Lib\\asyncio\\runners.py", line 118, in run\n    return self._loop.run_until_complete(task)\n  File "C:\\Users\\VIDYANKSHINI\\AppData\\Local\\Programs\\Python\\Python313\\Lib\\asyncio\\base_events.py", line 712, in run_until_complete\n    self.run_forever()\n  File "C:\\Users\\VIDYANKSHINI\\AppData\\Local\\Programs\\Python\\Python313\\Lib\\asyncio\\base_events.py", line 683, in run_forever\n    self._run_once()\n  File "C:\\Users\\VIDYANKSHINI\\AppData\\Local\\Programs\\Python\\Python313\\Lib\\asyncio\\base_events.py", line 2040, in _run_once\n    handle._run()\n  File "C:\\Users\\VIDYANKSHINI\\AppData\\Local\\Programs\\Python\\Python313\\Lib\\asyncio\\events.py", line 89, in _run\n    self._context.run(self._callback, *self._args)\n  File "C:\\Users\\VIDYANKSHINI\\AppData\\Local\\Programs\\Python\\Python313\\Lib\\site-packages\\anyio\\from_thread.py", line 259, in _call_func\n    retval = await retval_or_awaitable\n  File "C:\\Users\\VIDYANKSHINI\\AppData\\Local\\Programs\\Python\\Python313\\Lib\\site-packages\\starlette\\testclient.py", line 704, in lifespan\n    await self.app(scope, self.stream_receive.receive, self.stream_send.send)\n  File "C:\\Users\\VIDYANKSHINI\\AppData\\Local\\Programs\\Python\\Python313\\Lib\\site-packages\\fastapi\\applications.py", line 1159, in __call__\n    await super().__call__(scope, receive, send)\n  File "C:\\Users\\VIDYANKSHINI\\AppData\\Local\\Programs\\Python\\Python313\\Lib\\site-packages\\starlette\\applications.py", line 107, in __call__\n    await self.middleware_stack(scope, receive, send)\n  File "C:\\Users\\VIDYANKSHINI\\AppData\\Local\\Programs\\Python\\Python313\\Lib\\site-packages\\starlette\\middleware\\errors.py", line 151, in __call__\n    await self.app(scope, receive, send)\n  File "C:\\Users\\VIDYANKSHINI\\AppData\\Local\\Programs\\Python\\Python313\\Lib\\site-packages\\starlette\\middleware\\cors.py", line 79, in __call__\n    await self.app(scope, receive, send)\n  File "C:\\Users\\VIDYANKSHINI\\AppData\\Local\\Programs\\Python\\Python313\\Lib\\site-packages\\starlette\\middleware\\exceptions.py", line 49, in __call__\n    await self.app(scope, receive, send)\n  File "C:\\Users\\VIDYANKSHINI\\AppData\\Local\\Programs\\Python\\Python313\\Lib\\site-packages\\fastapi\\middleware\\asyncexitstack.py", line 18, in __call__\n    await self.app(scope, receive, send)\n  File "C:\\Users\\VIDYANKSHINI\\AppData\\Local\\Programs\\Python\\Python313\\Lib\\site-packages\\starlette\\routing.py", line 716, in __call__\n    await self.middleware_stack(scope, receive, send)\n  File "C:\\Users\\VIDYANKSHINI\\AppData\\Local\\Programs\\Python\\Python313\\Lib\\site-packages\\starlette\\routing.py", line 725, in app\n    await self.lifespan(scope, receive, send)\n  File "C:\\Users\\VIDYANKSHINI\\AppData\\Local\\Programs\\Python\\Python313\\Lib\\site-packages\\starlette\\routing.py", line 694, in lifespan\n    async with self.lifespan_context(app) as maybe_state:\n  File "C:\\Users\\VIDYANKSHINI\\AppData\\Local\\Programs\\Python\\Python313\\Lib\\contextlib.py", line 214, in __aenter__\n    return await anext(self.gen)\n  File "C:\\Users\\VIDYANKSHINI\\AppData\\Local\\Programs\\Python\\Python313\\Lib\\site-packages\\fastapi\\routing.py", line 216, in merged_lifespan\n    async with original_context(app) as maybe_original_state:\n  File "C:\\Users\\VIDYANKSHINI\\AppData\\Local\\Programs\\Python\\Python313\\Lib\\contextlib.py", line 214, in __aenter__\n    return await anext(self.gen)\n  File "C:\\Users\\VIDYANKSHINI\\Desktop\\project\\SecuScan\\backend\\secuscan\\main.py", line 55, in lifespan\n    await init_plugins(settings.plugins_dir)\n  File "C:\\Users\\VIDYANKSHINI\\Desktop\\project\\SecuScan\\backend\\secuscan\\plugins.py", line 382, in init_plugins\n    await plugin_manager.load_plugins()\n  File "C:\\Users\\VIDYANKSHINI\\Desktop\\project\\SecuScan\\backend\\secuscan\\plugins.py", line 59, in load_plugins\n    logger.info(f"\u2713 Loaded plugin: {plugin_meta.name} v{plugin_meta.version}")\nMessage: '\u2713 Loaded plugin: ICMP Ping v1.0.0'\nArguments: ()\n--- Logging error ---\nTraceback (most recent call last):\n  File "C:\\Users\\VIDYANKSHINI\\AppData\\Local\\Programs\\Python\\Python313\\Lib\\logging\\__init__.py", line 1153, in emit\n    stream.write(msg + self.terminator)\n    ~~~~~~~~~~~~^^^^^^^^^^^^^^^^^^^^^^^\n  File "C:\\Users\\VIDYANKSHINI\\AppData\\Local\\Programs\\Python\\Python313\\Lib\\encodings\\cp1252.py", line 19, in encode\n    return codecs.charmap_encode(input,self.errors,encoding_table)[0]\n           ~~~~~~~~~~~~~~~~~~~~~^^^^^^^^^^^^^^^^^^^^^^^^^^^^^^^^^^\nUnicodeEncodeError: 'charmap' codec can't encode character '\\u2713' in position 60: character maps to <undefined>\nCall stack:\n  File "C:\\Users\\VIDYANKSHINI\\AppData\\Local\\Programs\\Python\\Python313\\Lib\\threading.py", line 1012, in _bootstrap\n    self._bootstrap_inner()\n  File "C:\\Users\\VIDYANKSHINI\\AppData\\Local\\Programs\\Python\\Python313\\Lib\\threading.py", line 1041, in _bootstrap_inner\n    self.run()\n  File "C:\\Users\\VIDYANKSHINI\\AppData\\Local\\Programs\\Python\\Python313\\Lib\\threading.py", line 992, in run\n    self._target(*self._args, **self._kwargs)\n  File "C:\\Users\\VIDYANKSHINI\\AppData\\Local\\Programs\\Python\\Python313\\Lib\\site-packages\\anyio\\from_thread.py", line 532, in run_blocking_portal\n    run_eventloop(\n  File "C:\\Users\\VIDYANKSHINI\\AppData\\Local\\Programs\\Python\\Python313\\Lib\\site-packages\\anyio\\_core\\_eventloop.py", line 77, in run\n    return async_backend.run(func, args, {}, backend_options)\n  File "C:\\Users\\VIDYANKSHINI\\AppData\\Local\\Programs\\Python\\Python313\\Lib\\site-packages\\anyio\\_backends\\_asyncio.py", line 2358, in run\n    return runner.run(wrapper())\n  File "C:\\Users\\VIDYANKSHINI\\AppData\\Local\\Programs\\Python\\Python313\\Lib\\asyncio\\runners.py", line 118, in run\n    return self._loop.run_until_complete(task)\n  File "C:\\Users\\VIDYANKSHINI\\AppData\\Local\\Programs\\Python\\Python313\\Lib\\asyncio\\base_events.py", line 712, in run_until_complete\n    self.run_forever()\n  File "C:\\Users\\VIDYANKSHINI\\AppData\\Local\\Programs\\Python\\Python313\\Lib\\asyncio\\base_events.py", line 683, in run_forever\n    self._run_once()\n  File "C:\\Users\\VIDYANKSHINI\\AppData\\Local\\Programs\\Python\\Python313\\Lib\\asyncio\\base_events.py", line 2040, in _run_once\n    handle._run()\n  File "C:\\Users\\VIDYANKSHINI\\AppData\\Local\\Programs\\Python\\Python313\\Lib\\asyncio\\events.py", line 89, in _run\n    self._context.run(self._callback, *self._args)\n  File "C:\\Users\\VIDYANKSHINI\\AppData\\Local\\Programs\\Python\\Python313\\Lib\\site-packages\\anyio\\from_thread.py", line 259, in _call_func\n    retval = await retval_or_awaitable\n  File "C:\\Users\\VIDYANKSHINI\\AppData\\Local\\Programs\\Python\\Python313\\Lib\\site-packages\\starlette\\testclient.py", line 704, in lifespan\n    await self.app(scope, self.stream_receive.receive, self.stream_send.send)\n  File "C:\\Users\\VIDYANKSHINI\\AppData\\Local\\Programs\\Python\\Python313\\Lib\\site-packages\\fastapi\\applications.py", line 1159, in __call__\n    await super().__call__(scope, receive, send)\n  File "C:\\Users\\VIDYANKSHINI\\AppData\\Local\\Programs\\Python\\Python313\\Lib\\site-packages\\starlette\\applications.py", line 107, in __call__\n    await self.middleware_stack(scope, receive, send)\n  File "C:\\Users\\VIDYANKSHINI\\AppData\\Local\\Programs\\Python\\Python313\\Lib\\site-packages\\starlette\\middleware\\errors.py", line 151, in __call__\n    await self.app(scope, receive, send)\n  File "C:\\Users\\VIDYANKSHINI\\AppData\\Local\\Programs\\Python\\Python313\\Lib\\site-packages\\starlette\\middleware\\cors.py", line 79, in __call__\n    await self.app(scope, receive, send)\n  File "C:\\Users\\VIDYANKSHINI\\AppData\\Local\\Programs\\Python\\Python313\\Lib\\site-packages\\starlette\\middleware\\exceptions.py", line 49, in __call__\n    await self.app(scope, receive, send)\n  File "C:\\Users\\VIDYANKSHINI\\AppData\\Local\\Programs\\Python\\Python313\\Lib\\site-packages\\fastapi\\middleware\\asyncexitstack.py", line 18, in __call__\n    await self.app(scope, receive, send)\n  File "C:\\Users\\VIDYANKSHINI\\AppData\\Local\\Programs\\Python\\Python313\\Lib\\site-packages\\starlette\\routing.py", line 716, in __call__\n    await self.middleware_stack(scope, receive, send)\n  File "C:\\Users\\VIDYANKSHINI\\AppData\\Local\\Programs\\Python\\Python313\\Lib\\site-packages\\starlette\\routing.py", line 725, in app\n    await self.lifespan(scope, receive, send)\n  File "C:\\Users\\VIDYANKSHINI\\AppData\\Local\\Programs\\Python\\Python313\\Lib\\site-packages\\starlette\\routing.py", line 694, in lifespan\n    async with self.lifespan_context(app) as maybe_state:\n  File "C:\\Users\\VIDYANKSHINI\\AppData\\Local\\Programs\\Python\\Python313\\Lib\\contextlib.py", line 214, in __aenter__\n    return await anext(self.gen)\n  File "C:\\Users\\VIDYANKSHINI\\AppData\\Local\\Programs\\Python\\Python313\\Lib\\site-packages\\fastapi\\routing.py", line 216, in merged_lifespan\n    async with original_context(app) as maybe_original_state:\n  File "C:\\Users\\VIDYANKSHINI\\AppData\\Local\\Programs\\Python\\Python313\\Lib\\contextlib.py", line 214, in __aenter__\n    return await anext(self.gen)\n  File "C:\\Users\\VIDYANKSHINI\\Desktop\\project\\SecuScan\\backend\\secuscan\\main.py", line 55, in lifespan\n    await init_plugins(settings.plugins_dir)\n  File "C:\\Users\\VIDYANKSHINI\\Desktop\\project\\SecuScan\\backend\\secuscan\\plugins.py", line 382, in init_plugins\n    await plugin_manager.load_plugins()\n  File "C:\\Users\\VIDYANKSHINI\\Desktop\\project\\SecuScan\\backend\\secuscan\\plugins.py", line 59, in load_plugins\n    logger.info(f"\u2713 Loaded plugin: {plugin_meta.name} v{plugin_meta.version}")\nMessage: '\u2713 Loaded plugin: Joomla Security Scan v1.0.0'\nArguments: ()\n--- Logging error ---\nTraceback (most recent call last):\n  File "C:\\Users\\VIDYANKSHINI\\AppData\\Local\\Programs\\Python\\Python313\\Lib\\logging\\__init__.py", line 1153, in emit\n    stream.write(msg + self.terminator)\n    ~~~~~~~~~~~~^^^^^^^^^^^^^^^^^^^^^^^\n  File "C:\\Users\\VIDYANKSHINI\\AppData\\Local\\Programs\\Python\\Python313\\Lib\\encodings\\cp1252.py", line 19, in encode\n    return codecs.charmap_encode(input,self.errors,encoding_table)[0]\n           ~~~~~~~~~~~~~~~~~~~~~^^^^^^^^^^^^^^^^^^^^^^^^^^^^^^^^^^\nUnicodeEncodeError: 'charmap' codec can't encode character '\\u2713' in position 60: character maps to <undefined>\nCall stack:\n  File "C:\\Users\\VIDYANKSHINI\\AppData\\Local\\Programs\\Python\\Python313\\Lib\\threading.py", line 1012, in _bootstrap\n    self._bootstrap_inner()\n  File "C:\\Users\\VIDYANKSHINI\\AppData\\Local\\Programs\\Python\\Python313\\Lib\\threading.py", line 1041, in _bootstrap_inner\n    self.run()\n  File "C:\\Users\\VIDYANKSHINI\\AppData\\Local\\Programs\\Python\\Python313\\Lib\\threading.py", line 992, in run\n    self._target(*self._args, **self._kwargs)\n  File "C:\\Users\\VIDYANKSHINI\\AppData\\Local\\Programs\\Python\\Python313\\Lib\\site-packages\\anyio\\from_thread.py", line 532, in run_blocking_portal\n    run_eventloop(\n  File "C:\\Users\\VIDYANKSHINI\\AppData\\Local\\Programs\\Python\\Python313\\Lib\\site-packages\\anyio\\_core\\_eventloop.py", line 77, in run\n    return async_backend.run(func, args, {}, backend_options)\n  File "C:\\Users\\VIDYANKSHINI\\AppData\\Local\\Programs\\Python\\Python313\\Lib\\site-packages\\anyio\\_backends\\_asyncio.py", line 2358, in run\n    return runner.run(wrapper())\n  File "C:\\Users\\VIDYANKSHINI\\AppData\\Local\\Programs\\Python\\Python313\\Lib\\asyncio\\runners.py", line 118, in run\n    return self._loop.run_until_complete(task)\n  File "C:\\Users\\VIDYANKSHINI\\AppData\\Local\\Programs\\Python\\Python313\\Lib\\asyncio\\base_events.py", line 712, in run_until_complete\n    self.run_forever()\n  File "C:\\Users\\VIDYANKSHINI\\AppData\\Local\\Programs\\Python\\Python313\\Lib\\asyncio\\base_events.py", line 683, in run_forever\n    self._run_once()\n  File "C:\\Users\\VIDYANKSHINI\\AppData\\Local\\Programs\\Python\\Python313\\Lib\\asyncio\\base_events.py", line 2040, in _run_once\n    handle._run()\n  File "C:\\Users\\VIDYANKSHINI\\AppData\\Local\\Programs\\Python\\Python313\\Lib\\asyncio\\events.py", line 89, in _run\n    self._context.run(self._callback, *self._args)\n  File "C:\\Users\\VIDYANKSHINI\\AppData\\Local\\Programs\\Python\\Python313\\Lib\\site-packages\\anyio\\from_thread.py", line 259, in _call_func\n    retval = await retval_or_awaitable\n  File "C:\\Users\\VIDYANKSHINI\\AppData\\Local\\Programs\\Python\\Python313\\Lib\\site-packages\\starlette\\testclient.py", line 704, in lifespan\n    await self.app(scope, self.stream_receive.receive, self.stream_send.send)\n  File "C:\\Users\\VIDYANKSHINI\\AppData\\Local\\Programs\\Python\\Python313\\Lib\\site-packages\\fastapi\\applications.py", line 1159, in __call__\n    await super().__call__(scope, receive, send)\n  File "C:\\Users\\VIDYANKSHINI\\AppData\\Local\\Programs\\Python\\Python313\\Lib\\site-packages\\starlette\\applications.py", line 107, in __call__\n    await self.middleware_stack(scope, receive, send)\n  File "C:\\Users\\VIDYANKSHINI\\AppData\\Local\\Programs\\Python\\Python313\\Lib\\site-packages\\starlette\\middleware\\errors.py", line 151, in __call__\n    await self.app(scope, receive, send)\n  File "C:\\Users\\VIDYANKSHINI\\AppData\\Local\\Programs\\Python\\Python313\\Lib\\site-packages\\starlette\\middleware\\cors.py", line 79, in __call__\n    await self.app(scope, receive, send)\n  File "C:\\Users\\VIDYANKSHINI\\AppData\\Local\\Programs\\Python\\Python313\\Lib\\site-packages\\starlette\\middleware\\exceptions.py", line 49, in __call__\n    await self.app(scope, receive, send)\n  File "C:\\Users\\VIDYANKSHINI\\AppData\\Local\\Programs\\Python\\Python313\\Lib\\site-packages\\fastapi\\middleware\\asyncexitstack.py", line 18, in __call__\n    await self.app(scope, receive, send)\n  File "C:\\Users\\VIDYANKSHINI\\AppData\\Local\\Programs\\Python\\Python313\\Lib\\site-packages\\starlette\\routing.py", line 716, in __call__\n    await self.middleware_stack(scope, receive, send)\n  File "C:\\Users\\VIDYANKSHINI\\AppData\\Local\\Programs\\Python\\Python313\\Lib\\site-packages\\starlette\\routing.py", line 725, in app\n    await self.lifespan(scope, receive, send)\n  File "C:\\Users\\VIDYANKSHINI\\AppData\\Local\\Programs\\Python\\Python313\\Lib\\site-packages\\starlette\\routing.py", line 694, in lifespan\n    async with self.lifespan_context(app) as maybe_state:\n  File "C:\\Users\\VIDYANKSHINI\\AppData\\Local\\Programs\\Python\\Python313\\Lib\\contextlib.py", line 214, in __aenter__\n    return await anext(self.gen)\n  File "C:\\Users\\VIDYANKSHINI\\AppData\\Local\\Programs\\Python\\Python313\\Lib\\site-packages\\fastapi\\routing.py", line 216, in merged_lifespan\n    async with original_context(app) as maybe_original_state:\n  File "C:\\Users\\VIDYANKSHINI\\AppData\\Local\\Programs\\Python\\Python313\\Lib\\contextlib.py", line 214, in __aenter__\n    return await anext(self.gen)\n  File "C:\\Users\\VIDYANKSHINI\\Desktop\\project\\SecuScan\\backend\\secuscan\\main.py", line 55, in lifespan\n    await init_plugins(settings.plugins_dir)\n  File "C:\\Users\\VIDYANKSHINI\\Desktop\\project\\SecuScan\\backend\\secuscan\\plugins.py", line 382, in init_plugins\n    await plugin_manager.load_plugins()\n  File "C:\\Users\\VIDYANKSHINI\\Desktop\\project\\SecuScan\\backend\\secuscan\\plugins.py", line 59, in load_plugins\n    logger.info(f"\u2713 Loaded plugin: {plugin_meta.name} v{plugin_meta.version}")\nMessage: '\u2713 Loaded plugin: Katana v1.0.0'\nArguments: ()\n--- Logging error ---\nTraceback (most recent call last):\n  File "C:\\Users\\VIDYANKSHINI\\AppData\\Local\\Programs\\Python\\Python313\\Lib\\logging\\__init__.py", line 1153, in emit\n    stream.write(msg + self.terminator)\n    ~~~~~~~~~~~~^^^^^^^^^^^^^^^^^^^^^^^\n  File "C:\\Users\\VIDYANKSHINI\\AppData\\Local\\Programs\\Python\\Python313\\Lib\\encodings\\cp1252.py", line 19, in encode\n    return codecs.charmap_encode(input,self.errors,encoding_table)[0]\n           ~~~~~~~~~~~~~~~~~~~~~^^^^^^^^^^^^^^^^^^^^^^^^^^^^^^^^^^\nUnicodeEncodeError: 'charmap' codec can't encode character '\\u2713' in position 60: character maps to <undefined>\nCall stack:\n  File "C:\\Users\\VIDYANKSHINI\\AppData\\Local\\Programs\\Python\\Python313\\Lib\\threading.py", line 1012, in _bootstrap\n    self._bootstrap_inner()\n  File "C:\\Users\\VIDYANKSHINI\\AppData\\Local\\Programs\\Python\\Python313\\Lib\\threading.py", line 1041, in _bootstrap_inner\n    self.run()\n  File "C:\\Users\\VIDYANKSHINI\\AppData\\Local\\Programs\\Python\\Python313\\Lib\\threading.py", line 992, in run\n    self._target(*self._args, **self._kwargs)\n  File "C:\\Users\\VIDYANKSHINI\\AppData\\Local\\Programs\\Python\\Python313\\Lib\\site-packages\\anyio\\from_thread.py", line 532, in run_blocking_portal\n    run_eventloop(\n  File "C:\\Users\\VIDYANKSHINI\\AppData\\Local\\Programs\\Python\\Python313\\Lib\\site-packages\\anyio\\_core\\_eventloop.py", line 77, in run\n    return async_backend.run(func, args, {}, backend_options)\n  File "C:\\Users\\VIDYANKSHINI\\AppData\\Local\\Programs\\Python\\Python313\\Lib\\site-packages\\anyio\\_backends\\_asyncio.py", line 2358, in run\n    return runner.run(wrapper())\n  File "C:\\Users\\VIDYANKSHINI\\AppData\\Local\\Programs\\Python\\Python313\\Lib\\asyncio\\runners.py", line 118, in run\n    return self._loop.run_until_complete(task)\n  File "C:\\Users\\VIDYANKSHINI\\AppData\\Local\\Programs\\Python\\Python313\\Lib\\asyncio\\base_events.py", line 712, in run_until_complete\n    self.run_forever()\n  File "C:\\Users\\VIDYANKSHINI\\AppData\\Local\\Programs\\Python\\Python313\\Lib\\asyncio\\base_events.py", line 683, in run_forever\n    self._run_once()\n  File "C:\\Users\\VIDYANKSHINI\\AppData\\Local\\Programs\\Python\\Python313\\Lib\\asyncio\\base_events.py", line 2040, in _run_once\n    handle._run()\n  File "C:\\Users\\VIDYANKSHINI\\AppData\\Local\\Programs\\Python\\Python313\\Lib\\asyncio\\events.py", line 89, in _run\n    self._context.run(self._callback, *self._args)\n  File "C:\\Users\\VIDYANKSHINI\\AppData\\Local\\Programs\\Python\\Python313\\Lib\\site-packages\\anyio\\from_thread.py", line 259, in _call_func\n    retval = await retval_or_awaitable\n  File "C:\\Users\\VIDYANKSHINI\\AppData\\Local\\Programs\\Python\\Python313\\Lib\\site-packages\\starlette\\testclient.py", line 704, in lifespan\n    await self.app(scope, self.stream_receive.receive, self.stream_send.send)\n  File "C:\\Users\\VIDYANKSHINI\\AppData\\Local\\Programs\\Python\\Python313\\Lib\\site-packages\\fastapi\\applications.py", line 1159, in __call__\n    await super().__call__(scope, receive, send)\n  File "C:\\Users\\VIDYANKSHINI\\AppData\\Local\\Programs\\Python\\Python313\\Lib\\site-packages\\starlette\\applications.py", line 107, in __call__\n    await self.middleware_stack(scope, receive, send)\n  File "C:\\Users\\VIDYANKSHINI\\AppData\\Local\\Programs\\Python\\Python313\\Lib\\site-packages\\starlette\\middleware\\errors.py", line 151, in __call__\n    await self.app(scope, receive, send)\n  File "C:\\Users\\VIDYANKSHINI\\AppData\\Local\\Programs\\Python\\Python313\\Lib\\site-packages\\starlette\\middleware\\cors.py", line 79, in __call__\n    await self.app(scope, receive, send)\n  File "C:\\Users\\VIDYANKSHINI\\AppData\\Local\\Programs\\Python\\Python313\\Lib\\site-packages\\starlette\\middleware\\exceptions.py", line 49, in __call__\n    await self.app(scope, receive, send)\n  File "C:\\Users\\VIDYANKSHINI\\AppData\\Local\\Programs\\Python\\Python313\\Lib\\site-packages\\fastapi\\middleware\\asyncexitstack.py", line 18, in __call__\n    await self.app(scope, receive, send)\n  File "C:\\Users\\VIDYANKSHINI\\AppData\\Local\\Programs\\Python\\Python313\\Lib\\site-packages\\starlette\\routing.py", line 716, in __call__\n    await self.middleware_stack(scope, receive, send)\n  File "C:\\Users\\VIDYANKSHINI\\AppData\\Local\\Programs\\Python\\Python313\\Lib\\site-packages\\starlette\\routing.py", line 725, in app\n    await self.lifespan(scope, receive, send)\n  File "C:\\Users\\VIDYANKSHINI\\AppData\\Local\\Programs\\Python\\Python313\\Lib\\site-packages\\starlette\\routing.py", line 694, in lifespan\n    async with self.lifespan_context(app) as maybe_state:\n  File "C:\\Users\\VIDYANKSHINI\\AppData\\Local\\Programs\\Python\\Python313\\Lib\\contextlib.py", line 214, in __aenter__\n    return await anext(self.gen)\n  File "C:\\Users\\VIDYANKSHINI\\AppData\\Local\\Programs\\Python\\Python313\\Lib\\site-packages\\fastapi\\routing.py", line 216, in merged_lifespan\n    async with original_context(app) as maybe_original_state:\n  File "C:\\Users\\VIDYANKSHINI\\AppData\\Local\\Programs\\Python\\Python313\\Lib\\contextlib.py", line 214, in __aenter__\n    return await anext(self.gen)\n  File "C:\\Users\\VIDYANKSHINI\\Desktop\\project\\SecuScan\\backend\\secuscan\\main.py", line 55, in lifespan\n    await init_plugins(settings.plugins_dir)\n  File "C:\\Users\\VIDYANKSHINI\\Desktop\\project\\SecuScan\\backend\\secuscan\\plugins.py", line 382, in init_plugins\n    await plugin_manager.load_plugins()\n  File "C:\\Users\\VIDYANKSHINI\\Desktop\\project\\SecuScan\\backend\\secuscan\\plugins.py", line 59, in load_plugins\n    logger.info(f"\u2713 Loaded plugin: {plugin_meta.name} v{plugin_meta.version}")\nMessage: '\u2713 Loaded plugin: K8s Scanner v1.0.0'\nArguments: ()\n--- Logging error ---\nTraceback (most recent call last):\n  File "C:\\Users\\VIDYANKSHINI\\AppData\\Local\\Programs\\Python\\Python313\\Lib\\logging\\__init__.py", line 1153, in emit\n    stream.write(msg + self.terminator)\n    ~~~~~~~~~~~~^^^^^^^^^^^^^^^^^^^^^^^\n  File "C:\\Users\\VIDYANKSHINI\\AppData\\Local\\Programs\\Python\\Python313\\Lib\\encodings\\cp1252.py", line 19, in encode\n    return codecs.charmap_encode(input,self.errors,encoding_table)[0]\n           ~~~~~~~~~~~~~~~~~~~~~^^^^^^^^^^^^^^^^^^^^^^^^^^^^^^^^^^\nUnicodeEncodeError: 'charmap' codec can't encode character '\\u2713' in position 60: character maps to <undefined>\nCall stack:\n  File "C:\\Users\\VIDYANKSHINI\\AppData\\Local\\Programs\\Python\\Python313\\Lib\\threading.py", line 1012, in _bootstrap\n    self._bootstrap_inner()\n  File "C:\\Users\\VIDYANKSHINI\\AppData\\Local\\Programs\\Python\\Python313\\Lib\\threading.py", line 1041, in _bootstrap_inner\n    self.run()\n  File "C:\\Users\\VIDYANKSHINI\\AppData\\Local\\Programs\\Python\\Python313\\Lib\\threading.py", line 992, in run\n    self._target(*self._args, **self._kwargs)\n  File "C:\\Users\\VIDYANKSHINI\\AppData\\Local\\Programs\\Python\\Python313\\Lib\\site-packages\\anyio\\from_thread.py", line 532, in run_blocking_portal\n    run_eventloop(\n  File "C:\\Users\\VIDYANKSHINI\\AppData\\Local\\Programs\\Python\\Python313\\Lib\\site-packages\\anyio\\_core\\_eventloop.py", line 77, in run\n    return async_backend.run(func, args, {}, backend_options)\n  File "C:\\Users\\VIDYANKSHINI\\AppData\\Local\\Programs\\Python\\Python313\\Lib\\site-packages\\anyio\\_backends\\_asyncio.py", line 2358, in run\n    return runner.run(wrapper())\n  File "C:\\Users\\VIDYANKSHINI\\AppData\\Local\\Programs\\Python\\Python313\\Lib\\asyncio\\runners.py", line 118, in run\n    return self._loop.run_until_complete(task)\n  File "C:\\Users\\VIDYANKSHINI\\AppData\\Local\\Programs\\Python\\Python313\\Lib\\asyncio\\base_events.py", line 712, in run_until_complete\n    self.run_forever()\n  File "C:\\Users\\VIDYANKSHINI\\AppData\\Local\\Programs\\Python\\Python313\\Lib\\asyncio\\base_events.py", line 683, in run_forever\n    self._run_once()\n  File "C:\\Users\\VIDYANKSHINI\\AppData\\Local\\Programs\\Python\\Python313\\Lib\\asyncio\\base_events.py", line 2040, in _run_once\n    handle._run()\n  File "C:\\Users\\VIDYANKSHINI\\AppData\\Local\\Programs\\Python\\Python313\\Lib\\asyncio\\events.py", line 89, in _run\n    self._context.run(self._callback, *self._args)\n  File "C:\\Users\\VIDYANKSHINI\\AppData\\Local\\Programs\\Python\\Python313\\Lib\\site-packages\\anyio\\from_thread.py", line 259, in _call_func\n    retval = await retval_or_awaitable\n  File "C:\\Users\\VIDYANKSHINI\\AppData\\Local\\Programs\\Python\\Python313\\Lib\\site-packages\\starlette\\testclient.py", line 704, in lifespan\n    await self.app(scope, self.stream_receive.receive, self.stream_send.send)\n  File "C:\\Users\\VIDYANKSHINI\\AppData\\Local\\Programs\\Python\\Python313\\Lib\\site-packages\\fastapi\\applications.py", line 1159, in __call__\n    await super().__call__(scope, receive, send)\n  File "C:\\Users\\VIDYANKSHINI\\AppData\\Local\\Programs\\Python\\Python313\\Lib\\site-packages\\starlette\\applications.py", line 107, in __call__\n    await self.middleware_stack(scope, receive, send)\n  File "C:\\Users\\VIDYANKSHINI\\AppData\\Local\\Programs\\Python\\Python313\\Lib\\site-packages\\starlette\\middleware\\errors.py", line 151, in __call__\n    await self.app(scope, receive, send)\n  File "C:\\Users\\VIDYANKSHINI\\AppData\\Local\\Programs\\Python\\Python313\\Lib\\site-packages\\starlette\\middleware\\cors.py", line 79, in __call__\n    await self.app(scope, receive, send)\n  File "C:\\Users\\VIDYANKSHINI\\AppData\\Local\\Programs\\Python\\Python313\\Lib\\site-packages\\starlette\\middleware\\exceptions.py", line 49, in __call__\n    await self.app(scope, receive, send)\n  File "C:\\Users\\VIDYANKSHINI\\AppData\\Local\\Programs\\Python\\Python313\\Lib\\site-packages\\fastapi\\middleware\\asyncexitstack.py", line 18, in __call__\n    await self.app(scope, receive, send)\n  File "C:\\Users\\VIDYANKSHINI\\AppData\\Local\\Programs\\Python\\Python313\\Lib\\site-packages\\starlette\\routing.py", line 716, in __call__\n    await self.middleware_stack(scope, receive, send)\n  File "C:\\Users\\VIDYANKSHINI\\AppData\\Local\\Programs\\Python\\Python313\\Lib\\site-packages\\starlette\\routing.py", line 725, in app\n    await self.lifespan(scope, receive, send)\n  File "C:\\Users\\VIDYANKSHINI\\AppData\\Local\\Programs\\Python\\Python313\\Lib\\site-packages\\starlette\\routing.py", line 694, in lifespan\n    async with self.lifespan_context(app) as maybe_state:\n  File "C:\\Users\\VIDYANKSHINI\\AppData\\Local\\Programs\\Python\\Python313\\Lib\\contextlib.py", line 214, in __aenter__\n    return await anext(self.gen)\n  File "C:\\Users\\VIDYANKSHINI\\AppData\\Local\\Programs\\Python\\Python313\\Lib\\site-packages\\fastapi\\routing.py", line 216, in merged_lifespan\n    async with original_context(app) as maybe_original_state:\n  File "C:\\Users\\VIDYANKSHINI\\AppData\\Local\\Programs\\Python\\Python313\\Lib\\contextlib.py", line 214, in __aenter__\n    return await anext(self.gen)\n  File "C:\\Users\\VIDYANKSHINI\\Desktop\\project\\SecuScan\\backend\\secuscan\\main.py", line 55, in lifespan\n    await init_plugins(settings.plugins_dir)\n  File "C:\\Users\\VIDYANKSHINI\\Desktop\\project\\SecuScan\\backend\\secuscan\\plugins.py", line 382, in init_plugins\n    await plugin_manager.load_plugins()\n  File "C:\\Users\\VIDYANKSHINI\\Desktop\\project\\SecuScan\\backend\\secuscan\\plugins.py", line 59, in load_plugins\n    logger.info(f"\u2713 Loaded plugin: {plugin_meta.name} v{plugin_meta.version}")\nMessage: '\u2713 Loaded plugin: Exploitation Connector v1.0.0'\nArguments: ()\n--- Logging error ---\nTraceback (most recent call last):\n  File "C:\\Users\\VIDYANKSHINI\\AppData\\Local\\Programs\\Python\\Python313\\Lib\\logging\\__init__.py", line 1153, in emit\n    stream.write(msg + self.terminator)\n    ~~~~~~~~~~~~^^^^^^^^^^^^^^^^^^^^^^^\n  File "C:\\Users\\VIDYANKSHINI\\AppData\\Local\\Programs\\Python\\Python313\\Lib\\encodings\\cp1252.py", line 19, in encode\n    return codecs.charmap_encode(input,self.errors,encoding_table)[0]\n           ~~~~~~~~~~~~~~~~~~~~~^^^^^^^^^^^^^^^^^^^^^^^^^^^^^^^^^^\nUnicodeEncodeError: 'charmap' codec can't encode character '\\u2713' in position 60: character maps to <undefined>\nCall stack:\n  File "C:\\Users\\VIDYANKSHINI\\AppData\\Local\\Programs\\Python\\Python313\\Lib\\threading.py", line 1012, in _bootstrap\n    self._bootstrap_inner()\n  File "C:\\Users\\VIDYANKSHINI\\AppData\\Local\\Programs\\Python\\Python313\\Lib\\threading.py", line 1041, in _bootstrap_inner\n    self.run()\n  File "C:\\Users\\VIDYANKSHINI\\AppData\\Local\\Programs\\Python\\Python313\\Lib\\threading.py", line 992, in run\n    self._target(*self._args, **self._kwargs)\n  File "C:\\Users\\VIDYANKSHINI\\AppData\\Local\\Programs\\Python\\Python313\\Lib\\site-packages\\anyio\\from_thread.py", line 532, in run_blocking_portal\n    run_eventloop(\n  File "C:\\Users\\VIDYANKSHINI\\AppData\\Local\\Programs\\Python\\Python313\\Lib\\site-packages\\anyio\\_core\\_eventloop.py", line 77, in run\n    return async_backend.run(func, args, {}, backend_options)\n  File "C:\\Users\\VIDYANKSHINI\\AppData\\Local\\Programs\\Python\\Python313\\Lib\\site-packages\\anyio\\_backends\\_asyncio.py", line 2358, in run\n    return runner.run(wrapper())\n  File "C:\\Users\\VIDYANKSHINI\\AppData\\Local\\Programs\\Python\\Python313\\Lib\\asyncio\\runners.py", line 118, in run\n    return self._loop.run_until_complete(task)\n  File "C:\\Users\\VIDYANKSHINI\\AppData\\Local\\Programs\\Python\\Python313\\Lib\\asyncio\\base_events.py", line 712, in run_until_complete\n    self.run_forever()\n  File "C:\\Users\\VIDYANKSHINI\\AppData\\Local\\Programs\\Python\\Python313\\Lib\\asyncio\\base_events.py", line 683, in run_forever\n    self._run_once()\n  File "C:\\Users\\VIDYANKSHINI\\AppData\\Local\\Programs\\Python\\Python313\\Lib\\asyncio\\base_events.py", line 2040, in _run_once\n    handle._run()\n  File "C:\\Users\\VIDYANKSHINI\\AppData\\Local\\Programs\\Python\\Python313\\Lib\\asyncio\\events.py", line 89, in _run\n    self._context.run(self._callback, *self._args)\n  File "C:\\Users\\VIDYANKSHINI\\AppData\\Local\\Programs\\Python\\Python313\\Lib\\site-packages\\anyio\\from_thread.py", line 259, in _call_func\n    retval = await retval_or_awaitable\n  File "C:\\Users\\VIDYANKSHINI\\AppData\\Local\\Programs\\Python\\Python313\\Lib\\site-packages\\starlette\\testclient.py", line 704, in lifespan\n    await self.app(scope, self.stream_receive.receive, self.stream_send.send)\n  File "C:\\Users\\VIDYANKSHINI\\AppData\\Local\\Programs\\Python\\Python313\\Lib\\site-packages\\fastapi\\applications.py", line 1159, in __call__\n    await super().__call__(scope, receive, send)\n  File "C:\\Users\\VIDYANKSHINI\\AppData\\Local\\Programs\\Python\\Python313\\Lib\\site-packages\\starlette\\applications.py", line 107, in __call__\n    await self.middleware_stack(scope, receive, send)\n  File "C:\\Users\\VIDYANKSHINI\\AppData\\Local\\Programs\\Python\\Python313\\Lib\\site-packages\\starlette\\middleware\\errors.py", line 151, in __call__\n    await self.app(scope, receive, send)\n  File "C:\\Users\\VIDYANKSHINI\\AppData\\Local\\Programs\\Python\\Python313\\Lib\\site-packages\\starlette\\middleware\\cors.py", line 79, in __call__\n    await self.app(scope, receive, send)\n  File "C:\\Users\\VIDYANKSHINI\\AppData\\Local\\Programs\\Python\\Python313\\Lib\\site-packages\\starlette\\middleware\\exceptions.py", line 49, in __call__\n    await self.app(scope, receive, send)\n  File "C:\\Users\\VIDYANKSHINI\\AppData\\Local\\Programs\\Python\\Python313\\Lib\\site-packages\\fastapi\\middleware\\asyncexitstack.py", line 18, in __call__\n    await self.app(scope, receive, send)\n  File "C:\\Users\\VIDYANKSHINI\\AppData\\Local\\Programs\\Python\\Python313\\Lib\\site-packages\\starlette\\routing.py", line 716, in __call__\n    await self.middleware_stack(scope, receive, send)\n  File "C:\\Users\\VIDYANKSHINI\\AppData\\Local\\Programs\\Python\\Python313\\Lib\\site-packages\\starlette\\routing.py", line 725, in app\n    await self.lifespan(scope, receive, send)\n  File "C:\\Users\\VIDYANKSHINI\\AppData\\Local\\Programs\\Python\\Python313\\Lib\\site-packages\\starlette\\routing.py", line 694, in lifespan\n    async with self.lifespan_context(app) as maybe_state:\n  File "C:\\Users\\VIDYANKSHINI\\AppData\\Local\\Programs\\Python\\Python313\\Lib\\contextlib.py", line 214, in __aenter__\n    return await anext(self.gen)\n  File "C:\\Users\\VIDYANKSHINI\\AppData\\Local\\Programs\\Python\\Python313\\Lib\\site-packages\\fastapi\\routing.py", line 216, in merged_lifespan\n    async with original_context(app) as maybe_original_state:\n  File "C:\\Users\\VIDYANKSHINI\\AppData\\Local\\Programs\\Python\\Python313\\Lib\\contextlib.py", line 214, in __aenter__\n    return await anext(self.gen)\n  File "C:\\Users\\VIDYANKSHINI\\Desktop\\project\\SecuScan\\backend\\secuscan\\main.py", line 55, in lifespan\n    await init_plugins(settings.plugins_dir)\n  File "C:\\Users\\VIDYANKSHINI\\Desktop\\project\\SecuScan\\backend\\secuscan\\plugins.py", line 382, in init_plugins\n    await plugin_manager.load_plugins()\n  File "C:\\Users\\VIDYANKSHINI\\Desktop\\project\\SecuScan\\backend\\secuscan\\plugins.py", line 59, in load_plugins\n    logger.info(f"\u2713 Loaded plugin: {plugin_meta.name} v{plugin_meta.version}")\nMessage: '\u2713 Loaded plugin: Network Scanner v1.0.0'\nArguments: ()\n--- Logging error ---\nTraceback (most recent call last):\n  File "C:\\Users\\VIDYANKSHINI\\AppData\\Local\\Programs\\Python\\Python313\\Lib\\logging\\__init__.py", line 1153, in emit\n    stream.write(msg + self.terminator)\n    ~~~~~~~~~~~~^^^^^^^^^^^^^^^^^^^^^^^\n  File "C:\\Users\\VIDYANKSHINI\\AppData\\Local\\Programs\\Python\\Python313\\Lib\\encodings\\cp1252.py", line 19, in encode\n    return codecs.charmap_encode(input,self.errors,encoding_table)[0]\n           ~~~~~~~~~~~~~~~~~~~~~^^^^^^^^^^^^^^^^^^^^^^^^^^^^^^^^^^\nUnicodeEncodeError: 'charmap' codec can't encode character '\\u2713' in position 60: character maps to <undefined>\nCall stack:\n  File "C:\\Users\\VIDYANKSHINI\\AppData\\Local\\Programs\\Python\\Python313\\Lib\\threading.py", line 1012, in _bootstrap\n    self._bootstrap_inner()\n  File "C:\\Users\\VIDYANKSHINI\\AppData\\Local\\Programs\\Python\\Python313\\Lib\\threading.py", line 1041, in _bootstrap_inner\n    self.run()\n  File "C:\\Users\\VIDYANKSHINI\\AppData\\Local\\Programs\\Python\\Python313\\Lib\\threading.py", line 992, in run\n    self._target(*self._args, **self._kwargs)\n  File "C:\\Users\\VIDYANKSHINI\\AppData\\Local\\Programs\\Python\\Python313\\Lib\\site-packages\\anyio\\from_thread.py", line 532, in run_blocking_portal\n    run_eventloop(\n  File "C:\\Users\\VIDYANKSHINI\\AppData\\Local\\Programs\\Python\\Python313\\Lib\\site-packages\\anyio\\_core\\_eventloop.py", line 77, in run\n    return async_backend.run(func, args, {}, backend_options)\n  File "C:\\Users\\VIDYANKSHINI\\AppData\\Local\\Programs\\Python\\Python313\\Lib\\site-packages\\anyio\\_backends\\_asyncio.py", line 2358, in run\n    return runner.run(wrapper())\n  File "C:\\Users\\VIDYANKSHINI\\AppData\\Local\\Programs\\Python\\Python313\\Lib\\asyncio\\runners.py", line 118, in run\n    return self._loop.run_until_complete(task)\n  File "C:\\Users\\VIDYANKSHINI\\AppData\\Local\\Programs\\Python\\Python313\\Lib\\asyncio\\base_events.py", line 712, in run_until_complete\n    self.run_forever()\n  File "C:\\Users\\VIDYANKSHINI\\AppData\\Local\\Programs\\Python\\Python313\\Lib\\asyncio\\base_events.py", line 683, in run_forever\n    self._run_once()\n  File "C:\\Users\\VIDYANKSHINI\\AppData\\Local\\Programs\\Python\\Python313\\Lib\\asyncio\\base_events.py", line 2040, in _run_once\n    handle._run()\n  File "C:\\Users\\VIDYANKSHINI\\AppData\\Local\\Programs\\Python\\Python313\\Lib\\asyncio\\events.py", line 89, in _run\n    self._context.run(self._callback, *self._args)\n  File "C:\\Users\\VIDYANKSHINI\\AppData\\Local\\Programs\\Python\\Python313\\Lib\\site-packages\\anyio\\from_thread.py", line 259, in _call_func\n    retval = await retval_or_awaitable\n  File "C:\\Users\\VIDYANKSHINI\\AppData\\Local\\Programs\\Python\\Python313\\Lib\\site-packages\\starlette\\testclient.py", line 704, in lifespan\n    await self.app(scope, self.stream_receive.receive, self.stream_send.send)\n  File "C:\\Users\\VIDYANKSHINI\\AppData\\Local\\Programs\\Python\\Python313\\Lib\\site-packages\\fastapi\\applications.py", line 1159, in __call__\n    await super().__call__(scope, receive, send)\n  File "C:\\Users\\VIDYANKSHINI\\AppData\\Local\\Programs\\Python\\Python313\\Lib\\site-packages\\starlette\\applications.py", line 107, in __call__\n    await self.middleware_stack(scope, receive, send)\n  File "C:\\Users\\VIDYANKSHINI\\AppData\\Local\\Programs\\Python\\Python313\\Lib\\site-packages\\starlette\\middleware\\errors.py", line 151, in __call__\n    await self.app(scope, receive, send)\n  File "C:\\Users\\VIDYANKSHINI\\AppData\\Local\\Programs\\Python\\Python313\\Lib\\site-packages\\starlette\\middleware\\cors.py", line 79, in __call__\n    await self.app(scope, receive, send)\n  File "C:\\Users\\VIDYANKSHINI\\AppData\\Local\\Programs\\Python\\Python313\\Lib\\site-packages\\starlette\\middleware\\exceptions.py", line 49, in __call__\n    await self.app(scope, receive, send)\n  File "C:\\Users\\VIDYANKSHINI\\AppData\\Local\\Programs\\Python\\Python313\\Lib\\site-packages\\fastapi\\middleware\\asyncexitstack.py", line 18, in __call__\n    await self.app(scope, receive, send)\n  File "C:\\Users\\VIDYANKSHINI\\AppData\\Local\\Programs\\Python\\Python313\\Lib\\site-packages\\starlette\\routing.py", line 716, in __call__\n    await self.middleware_stack(scope, receive, send)\n  File "C:\\Users\\VIDYANKSHINI\\AppData\\Local\\Programs\\Python\\Python313\\Lib\\site-packages\\starlette\\routing.py", line 725, in app\n    await self.lifespan(scope, receive, send)\n  File "C:\\Users\\VIDYANKSHINI\\AppData\\Local\\Programs\\Python\\Python313\\Lib\\site-packages\\starlette\\routing.py", line 694, in lifespan\n    async with self.lifespan_context(app) as maybe_state:\n  File "C:\\Users\\VIDYANKSHINI\\AppData\\Local\\Programs\\Python\\Python313\\Lib\\contextlib.py", line 214, in __aenter__\n    return await anext(self.gen)\n  File "C:\\Users\\VIDYANKSHINI\\AppData\\Local\\Programs\\Python\\Python313\\Lib\\site-packages\\fastapi\\routing.py", line 216, in merged_lifespan\n    async with original_context(app) as maybe_original_state:\n  File "C:\\Users\\VIDYANKSHINI\\AppData\\Local\\Programs\\Python\\Python313\\Lib\\contextlib.py", line 214, in __aenter__\n    return await anext(self.gen)\n  File "C:\\Users\\VIDYANKSHINI\\Desktop\\project\\SecuScan\\backend\\secuscan\\main.py", line 55, in lifespan\n    await init_plugins(settings.plugins_dir)\n  File "C:\\Users\\VIDYANKSHINI\\Desktop\\project\\SecuScan\\backend\\secuscan\\plugins.py", line 382, in init_plugins\n    await plugin_manager.load_plugins()\n  File "C:\\Users\\VIDYANKSHINI\\Desktop\\project\\SecuScan\\backend\\secuscan\\plugins.py", line 59, in load_plugins\n    logger.info(f"\u2713 Loaded plugin: {plugin_meta.name} v{plugin_meta.version}")\nMessage: '\u2713 Loaded plugin: Nikto v1.1.0'\nArguments: ()\n--- Logging error ---\nTraceback (most recent call last):\n  File "C:\\Users\\VIDYANKSHINI\\AppData\\Local\\Programs\\Python\\Python313\\Lib\\logging\\__init__.py", line 1153, in emit\n    stream.write(msg + self.terminator)\n    ~~~~~~~~~~~~^^^^^^^^^^^^^^^^^^^^^^^\n  File "C:\\Users\\VIDYANKSHINI\\AppData\\Local\\Programs\\Python\\Python313\\Lib\\encodings\\cp1252.py", line 19, in encode\n    return codecs.charmap_encode(input,self.errors,encoding_table)[0]\n           ~~~~~~~~~~~~~~~~~~~~~^^^^^^^^^^^^^^^^^^^^^^^^^^^^^^^^^^\nUnicodeEncodeError: 'charmap' codec can't encode character '\\u2713' in position 60: character maps to <undefined>\nCall stack:\n  File "C:\\Users\\VIDYANKSHINI\\AppData\\Local\\Programs\\Python\\Python313\\Lib\\threading.py", line 1012, in _bootstrap\n    self._bootstrap_inner()\n  File "C:\\Users\\VIDYANKSHINI\\AppData\\Local\\Programs\\Python\\Python313\\Lib\\threading.py", line 1041, in _bootstrap_inner\n    self.run()\n  File "C:\\Users\\VIDYANKSHINI\\AppData\\Local\\Programs\\Python\\Python313\\Lib\\threading.py", line 992, in run\n    self._target(*self._args, **self._kwargs)\n  File "C:\\Users\\VIDYANKSHINI\\AppData\\Local\\Programs\\Python\\Python313\\Lib\\site-packages\\anyio\\from_thread.py", line 532, in run_blocking_portal\n    run_eventloop(\n  File "C:\\Users\\VIDYANKSHINI\\AppData\\Local\\Programs\\Python\\Python313\\Lib\\site-packages\\anyio\\_core\\_eventloop.py", line 77, in run\n    return async_backend.run(func, args, {}, backend_options)\n  File "C:\\Users\\VIDYANKSHINI\\AppData\\Local\\Programs\\Python\\Python313\\Lib\\site-packages\\anyio\\_backends\\_asyncio.py", line 2358, in run\n    return runner.run(wrapper())\n  File "C:\\Users\\VIDYANKSHINI\\AppData\\Local\\Programs\\Python\\Python313\\Lib\\asyncio\\runners.py", line 118, in run\n    return self._loop.run_until_complete(task)\n  File "C:\\Users\\VIDYANKSHINI\\AppData\\Local\\Programs\\Python\\Python313\\Lib\\asyncio\\base_events.py", line 712, in run_until_complete\n    self.run_forever()\n  File "C:\\Users\\VIDYANKSHINI\\AppData\\Local\\Programs\\Python\\Python313\\Lib\\asyncio\\base_events.py", line 683, in run_forever\n    self._run_once()\n  File "C:\\Users\\VIDYANKSHINI\\AppData\\Local\\Programs\\Python\\Python313\\Lib\\asyncio\\base_events.py", line 2040, in _run_once\n    handle._run()\n  File "C:\\Users\\VIDYANKSHINI\\AppData\\Local\\Programs\\Python\\Python313\\Lib\\asyncio\\events.py", line 89, in _run\n    self._context.run(self._callback, *self._args)\n  File "C:\\Users\\VIDYANKSHINI\\AppData\\Local\\Programs\\Python\\Python313\\Lib\\site-packages\\anyio\\from_thread.py", line 259, in _call_func\n    retval = await retval_or_awaitable\n  File "C:\\Users\\VIDYANKSHINI\\AppData\\Local\\Programs\\Python\\Python313\\Lib\\site-packages\\starlette\\testclient.py", line 704, in lifespan\n    await self.app(scope, self.stream_receive.receive, self.stream_send.send)\n  File "C:\\Users\\VIDYANKSHINI\\AppData\\Local\\Programs\\Python\\Python313\\Lib\\site-packages\\fastapi\\applications.py", line 1159, in __call__\n    await super().__call__(scope, receive, send)\n  File "C:\\Users\\VIDYANKSHINI\\AppData\\Local\\Programs\\Python\\Python313\\Lib\\site-packages\\starlette\\applications.py", line 107, in __call__\n    await self.middleware_stack(scope, receive, send)\n  File "C:\\Users\\VIDYANKSHINI\\AppData\\Local\\Programs\\Python\\Python313\\Lib\\site-packages\\starlette\\middleware\\errors.py", line 151, in __call__\n    await self.app(scope, receive, send)\n  File "C:\\Users\\VIDYANKSHINI\\AppData\\Local\\Programs\\Python\\Python313\\Lib\\site-packages\\starlette\\middleware\\cors.py", line 79, in __call__\n    await self.app(scope, receive, send)\n  File "C:\\Users\\VIDYANKSHINI\\AppData\\Local\\Programs\\Python\\Python313\\Lib\\site-packages\\starlette\\middleware\\exceptions.py", line 49, in __call__\n    await self.app(scope, receive, send)\n  File "C:\\Users\\VIDYANKSHINI\\AppData\\Local\\Programs\\Python\\Python313\\Lib\\site-packages\\fastapi\\middleware\\asyncexitstack.py", line 18, in __call__\n    await self.app(scope, receive, send)\n  File "C:\\Users\\VIDYANKSHINI\\AppData\\Local\\Programs\\Python\\Python313\\Lib\\site-packages\\starlette\\routing.py", line 716, in __call__\n    await self.middleware_stack(scope, receive, send)\n  File "C:\\Users\\VIDYANKSHINI\\AppData\\Local\\Programs\\Python\\Python313\\Lib\\site-packages\\starlette\\routing.py", line 725, in app\n    await self.lifespan(scope, receive, send)\n  File "C:\\Users\\VIDYANKSHINI\\AppData\\Local\\Programs\\Python\\Python313\\Lib\\site-packages\\starlette\\routing.py", line 694, in lifespan\n    async with self.lifespan_context(app) as maybe_state:\n  File "C:\\Users\\VIDYANKSHINI\\AppData\\Local\\Programs\\Python\\Python313\\Lib\\contextlib.py", line 214, in __aenter__\n    return await anext(self.gen)\n  File "C:\\Users\\VIDYANKSHINI\\AppData\\Local\\Programs\\Python\\Python313\\Lib\\site-packages\\fastapi\\routing.py", line 216, in merged_lifespan\n    async with original_context(app) as maybe_original_state:\n  File "C:\\Users\\VIDYANKSHINI\\AppData\\Local\\Programs\\Python\\Python313\\Lib\\contextlib.py", line 214, in __aenter__\n    return await anext(self.gen)\n  File "C:\\Users\\VIDYANKSHINI\\Desktop\\project\\SecuScan\\backend\\secuscan\\main.py", line 55, in lifespan\n    await init_plugins(settings.plugins_dir)\n  File "C:\\Users\\VIDYANKSHINI\\Desktop\\project\\SecuScan\\backend\\secuscan\\plugins.py", line 382, in init_plugins\n    await plugin_manager.load_plugins()\n  File "C:\\Users\\VIDYANKSHINI\\Desktop\\project\\SecuScan\\backend\\secuscan\\plugins.py", line 59, in load_plugins\n    logger.info(f"\u2713 Loaded plugin: {plugin_meta.name} v{plugin_meta.version}")\nMessage: '\u2713 Loaded plugin: Network Scanning v1.0.0'\nArguments: ()\n--- Logging error ---\nTraceback (most recent call last):\n  File "C:\\Users\\VIDYANKSHINI\\AppData\\Local\\Programs\\Python\\Python313\\Lib\\logging\\__init__.py", line 1153, in emit\n    stream.write(msg + self.terminator)\n    ~~~~~~~~~~~~^^^^^^^^^^^^^^^^^^^^^^^\n  File "C:\\Users\\VIDYANKSHINI\\AppData\\Local\\Programs\\Python\\Python313\\Lib\\encodings\\cp1252.py", line 19, in encode\n    return codecs.charmap_encode(input,self.errors,encoding_table)[0]\n           ~~~~~~~~~~~~~~~~~~~~~^^^^^^^^^^^^^^^^^^^^^^^^^^^^^^^^^^\nUnicodeEncodeError: 'charmap' codec can't encode character '\\u2713' in position 60: character maps to <undefined>\nCall stack:\n  File "C:\\Users\\VIDYANKSHINI\\AppData\\Local\\Programs\\Python\\Python313\\Lib\\threading.py", line 1012, in _bootstrap\n    self._bootstrap_inner()\n  File "C:\\Users\\VIDYANKSHINI\\AppData\\Local\\Programs\\Python\\Python313\\Lib\\threading.py", line 1041, in _bootstrap_inner\n    self.run()\n  File "C:\\Users\\VIDYANKSHINI\\AppData\\Local\\Programs\\Python\\Python313\\Lib\\threading.py", line 992, in run\n    self._target(*self._args, **self._kwargs)\n  File "C:\\Users\\VIDYANKSHINI\\AppData\\Local\\Programs\\Python\\Python313\\Lib\\site-packages\\anyio\\from_thread.py", line 532, in run_blocking_portal\n    run_eventloop(\n  File "C:\\Users\\VIDYANKSHINI\\AppData\\Local\\Programs\\Python\\Python313\\Lib\\site-packages\\anyio\\_core\\_eventloop.py", line 77, in run\n    return async_backend.run(func, args, {}, backend_options)\n  File "C:\\Users\\VIDYANKSHINI\\AppData\\Local\\Programs\\Python\\Python313\\Lib\\site-packages\\anyio\\_backends\\_asyncio.py", line 2358, in run\n    return runner.run(wrapper())\n  File "C:\\Users\\VIDYANKSHINI\\AppData\\Local\\Programs\\Python\\Python313\\Lib\\asyncio\\runners.py", line 118, in run\n    return self._loop.run_until_complete(task)\n  File "C:\\Users\\VIDYANKSHINI\\AppData\\Local\\Programs\\Python\\Python313\\Lib\\asyncio\\base_events.py", line 712, in run_until_complete\n    self.run_forever()\n  File "C:\\Users\\VIDYANKSHINI\\AppData\\Local\\Programs\\Python\\Python313\\Lib\\asyncio\\base_events.py", line 683, in run_forever\n    self._run_once()\n  File "C:\\Users\\VIDYANKSHINI\\AppData\\Local\\Programs\\Python\\Python313\\Lib\\asyncio\\base_events.py", line 2040, in _run_once\n    handle._run()\n  File "C:\\Users\\VIDYANKSHINI\\AppData\\Local\\Programs\\Python\\Python313\\Lib\\asyncio\\events.py", line 89, in _run\n    self._context.run(self._callback, *self._args)\n  File "C:\\Users\\VIDYANKSHINI\\AppData\\Local\\Programs\\Python\\Python313\\Lib\\site-packages\\anyio\\from_thread.py", line 259, in _call_func\n    retval = await retval_or_awaitable\n  File "C:\\Users\\VIDYANKSHINI\\AppData\\Local\\Programs\\Python\\Python313\\Lib\\site-packages\\starlette\\testclient.py", line 704, in lifespan\n    await self.app(scope, self.stream_receive.receive, self.stream_send.send)\n  File "C:\\Users\\VIDYANKSHINI\\AppData\\Local\\Programs\\Python\\Python313\\Lib\\site-packages\\fastapi\\applications.py", line 1159, in __call__\n    await super().__call__(scope, receive, send)\n  File "C:\\Users\\VIDYANKSHINI\\AppData\\Local\\Programs\\Python\\Python313\\Lib\\site-packages\\starlette\\applications.py", line 107, in __call__\n    await self.middleware_stack(scope, receive, send)\n  File "C:\\Users\\VIDYANKSHINI\\AppData\\Local\\Programs\\Python\\Python313\\Lib\\site-packages\\starlette\\middleware\\errors.py", line 151, in __call__\n    await self.app(scope, receive, send)\n  File "C:\\Users\\VIDYANKSHINI\\AppData\\Local\\Programs\\Python\\Python313\\Lib\\site-packages\\starlette\\middleware\\cors.py", line 79, in __call__\n    await self.app(scope, receive, send)\n  File "C:\\Users\\VIDYANKSHINI\\AppData\\Local\\Programs\\Python\\Python313\\Lib\\site-packages\\starlette\\middleware\\exceptions.py", line 49, in __call__\n    await self.app(scope, receive, send)\n  File "C:\\Users\\VIDYANKSHINI\\AppData\\Local\\Programs\\Python\\Python313\\Lib\\site-packages\\fastapi\\middleware\\asyncexitstack.py", line 18, in __call__\n    await self.app(scope, receive, send)\n  File "C:\\Users\\VIDYANKSHINI\\AppData\\Local\\Programs\\Python\\Python313\\Lib\\site-packages\\starlette\\routing.py", line 716, in __call__\n    await self.middleware_stack(scope, receive, send)\n  File "C:\\Users\\VIDYANKSHINI\\AppData\\Local\\Programs\\Python\\Python313\\Lib\\site-packages\\starlette\\routing.py", line 725, in app\n    await self.lifespan(scope, receive, send)\n  File "C:\\Users\\VIDYANKSHINI\\AppData\\Local\\Programs\\Python\\Python313\\Lib\\site-packages\\starlette\\routing.py", line 694, in lifespan\n    async with self.lifespan_context(app) as maybe_state:\n  File "C:\\Users\\VIDYANKSHINI\\AppData\\Local\\Programs\\Python\\Python313\\Lib\\contextlib.py", line 214, in __aenter__\n    return await anext(self.gen)\n  File "C:\\Users\\VIDYANKSHINI\\AppData\\Local\\Programs\\Python\\Python313\\Lib\\site-packages\\fastapi\\routing.py", line 216, in merged_lifespan\n    async with original_context(app) as maybe_original_state:\n  File "C:\\Users\\VIDYANKSHINI\\AppData\\Local\\Programs\\Python\\Python313\\Lib\\contextlib.py", line 214, in __aenter__\n    return await anext(self.gen)\n  File "C:\\Users\\VIDYANKSHINI\\Desktop\\project\\SecuScan\\backend\\secuscan\\main.py", line 55, in lifespan\n    await init_plugins(settings.plugins_dir)\n  File "C:\\Users\\VIDYANKSHINI\\Desktop\\project\\SecuScan\\backend\\secuscan\\plugins.py", line 382, in init_plugins\n    await plugin_manager.load_plugins()\n  File "C:\\Users\\VIDYANKSHINI\\Desktop\\project\\SecuScan\\backend\\secuscan\\plugins.py", line 59, in load_plugins\n    logger.info(f"\u2713 Loaded plugin: {plugin_meta.name} v{plugin_meta.version}")\nMessage: '\u2713 Loaded plugin: Template Vulnerability Scan v1.0.0'\nArguments: ()\n--- Logging error ---\nTraceback (most recent call last):\n  File "C:\\Users\\VIDYANKSHINI\\AppData\\Local\\Programs\\Python\\Python313\\Lib\\logging\\__init__.py", line 1153, in emit\n    stream.write(msg + self.terminator)\n    ~~~~~~~~~~~~^^^^^^^^^^^^^^^^^^^^^^^\n  File "C:\\Users\\VIDYANKSHINI\\AppData\\Local\\Programs\\Python\\Python313\\Lib\\encodings\\cp1252.py", line 19, in encode\n    return codecs.charmap_encode(input,self.errors,encoding_table)[0]\n           ~~~~~~~~~~~~~~~~~~~~~^^^^^^^^^^^^^^^^^^^^^^^^^^^^^^^^^^\nUnicodeEncodeError: 'charmap' codec can't encode character '\\u2713' in position 60: character maps to <undefined>\nCall stack:\n  File "C:\\Users\\VIDYANKSHINI\\AppData\\Local\\Programs\\Python\\Python313\\Lib\\threading.py", line 1012, in _bootstrap\n    self._bootstrap_inner()\n  File "C:\\Users\\VIDYANKSHINI\\AppData\\Local\\Programs\\Python\\Python313\\Lib\\threading.py", line 1041, in _bootstrap_inner\n    self.run()\n  File "C:\\Users\\VIDYANKSHINI\\AppData\\Local\\Programs\\Python\\Python313\\Lib\\threading.py", line 992, in run\n    self._target(*self._args, **self._kwargs)\n  File "C:\\Users\\VIDYANKSHINI\\AppData\\Local\\Programs\\Python\\Python313\\Lib\\site-packages\\anyio\\from_thread.py", line 532, in run_blocking_portal\n    run_eventloop(\n  File "C:\\Users\\VIDYANKSHINI\\AppData\\Local\\Programs\\Python\\Python313\\Lib\\site-packages\\anyio\\_core\\_eventloop.py", line 77, in run\n    return async_backend.run(func, args, {}, backend_options)\n  File "C:\\Users\\VIDYANKSHINI\\AppData\\Local\\Programs\\Python\\Python313\\Lib\\site-packages\\anyio\\_backends\\_asyncio.py", line 2358, in run\n    return runner.run(wrapper())\n  File "C:\\Users\\VIDYANKSHINI\\AppData\\Local\\Programs\\Python\\Python313\\Lib\\asyncio\\runners.py", line 118, in run\n    return self._loop.run_until_complete(task)\n  File "C:\\Users\\VIDYANKSHINI\\AppData\\Local\\Programs\\Python\\Python313\\Lib\\asyncio\\base_events.py", line 712, in run_until_complete\n    self.run_forever()\n  File "C:\\Users\\VIDYANKSHINI\\AppData\\Local\\Programs\\Python\\Python313\\Lib\\asyncio\\base_events.py", line 683, in run_forever\n    self._run_once()\n  File "C:\\Users\\VIDYANKSHINI\\AppData\\Local\\Programs\\Python\\Python313\\Lib\\asyncio\\base_events.py", line 2040, in _run_once\n    handle._run()\n  File "C:\\Users\\VIDYANKSHINI\\AppData\\Local\\Programs\\Python\\Python313\\Lib\\asyncio\\events.py", line 89, in _run\n    self._context.run(self._callback, *self._args)\n  File "C:\\Users\\VIDYANKSHINI\\AppData\\Local\\Programs\\Python\\Python313\\Lib\\site-packages\\anyio\\from_thread.py", line 259, in _call_func\n    retval = await retval_or_awaitable\n  File "C:\\Users\\VIDYANKSHINI\\AppData\\Local\\Programs\\Python\\Python313\\Lib\\site-packages\\starlette\\testclient.py", line 704, in lifespan\n    await self.app(scope, self.stream_receive.receive, self.stream_send.send)\n  File "C:\\Users\\VIDYANKSHINI\\AppData\\Local\\Programs\\Python\\Python313\\Lib\\site-packages\\fastapi\\applications.py", line 1159, in __call__\n    await super().__call__(scope, receive, send)\n  File "C:\\Users\\VIDYANKSHINI\\AppData\\Local\\Programs\\Python\\Python313\\Lib\\site-packages\\starlette\\applications.py", line 107, in __call__\n    await self.middleware_stack(scope, receive, send)\n  File "C:\\Users\\VIDYANKSHINI\\AppData\\Local\\Programs\\Python\\Python313\\Lib\\site-packages\\starlette\\middleware\\errors.py", line 151, in __call__\n    await self.app(scope, receive, send)\n  File "C:\\Users\\VIDYANKSHINI\\AppData\\Local\\Programs\\Python\\Python313\\Lib\\site-packages\\starlette\\middleware\\cors.py", line 79, in __call__\n    await self.app(scope, receive, send)\n  File "C:\\Users\\VIDYANKSHINI\\AppData\\Local\\Programs\\Python\\Python313\\Lib\\site-packages\\starlette\\middleware\\exceptions.py", line 49, in __call__\n    await self.app(scope, receive, send)\n  File "C:\\Users\\VIDYANKSHINI\\AppData\\Local\\Programs\\Python\\Python313\\Lib\\site-packages\\fastapi\\middleware\\asyncexitstack.py", line 18, in __call__\n    await self.app(scope, receive, send)\n  File "C:\\Users\\VIDYANKSHINI\\AppData\\Local\\Programs\\Python\\Python313\\Lib\\site-packages\\starlette\\routing.py", line 716, in __call__\n    await self.middleware_stack(scope, receive, send)\n  File "C:\\Users\\VIDYANKSHINI\\AppData\\Local\\Programs\\Python\\Python313\\Lib\\site-packages\\starlette\\routing.py", line 725, in app\n    await self.lifespan(scope, receive, send)\n  File "C:\\Users\\VIDYANKSHINI\\AppData\\Local\\Programs\\Python\\Python313\\Lib\\site-packages\\starlette\\routing.py", line 694, in lifespan\n    async with self.lifespan_context(app) as maybe_state:\n  File "C:\\Users\\VIDYANKSHINI\\AppData\\Local\\Programs\\Python\\Python313\\Lib\\contextlib.py", line 214, in __aenter__\n    return await anext(self.gen)\n  File "C:\\Users\\VIDYANKSHINI\\AppData\\Local\\Programs\\Python\\Python313\\Lib\\site-packages\\fastapi\\routing.py", line 216, in merged_lifespan\n    async with original_context(app) as maybe_original_state:\n  File "C:\\Users\\VIDYANKSHINI\\AppData\\Local\\Programs\\Python\\Python313\\Lib\\contextlib.py", line 214, in __aenter__\n    return await anext(self.gen)\n  File "C:\\Users\\VIDYANKSHINI\\Desktop\\project\\SecuScan\\backend\\secuscan\\main.py", line 55, in lifespan\n    await init_plugins(settings.plugins_dir)\n  File "C:\\Users\\VIDYANKSHINI\\Desktop\\project\\SecuScan\\backend\\secuscan\\plugins.py", line 382, in init_plugins\n    await plugin_manager.load_plugins()\n  File "C:\\Users\\VIDYANKSHINI\\Desktop\\project\\SecuScan\\backend\\secuscan\\plugins.py", line 59, in load_plugins\n    logger.info(f"\u2713 Loaded plugin: {plugin_meta.name} v{plugin_meta.version}")\nMessage: '\u2713 Loaded plugin: Password Auditor v1.0.0'\nArguments: ()\n--- Logging error ---\nTraceback (most recent call last):\n  File "C:\\Users\\VIDYANKSHINI\\AppData\\Local\\Programs\\Python\\Python313\\Lib\\logging\\__init__.py", line 1153, in emit\n    stream.write(msg + self.terminator)\n    ~~~~~~~~~~~~^^^^^^^^^^^^^^^^^^^^^^^\n  File "C:\\Users\\VIDYANKSHINI\\AppData\\Local\\Programs\\Python\\Python313\\Lib\\encodings\\cp1252.py", line 19, in encode\n    return codecs.charmap_encode(input,self.errors,encoding_table)[0]\n           ~~~~~~~~~~~~~~~~~~~~~^^^^^^^^^^^^^^^^^^^^^^^^^^^^^^^^^^\nUnicodeEncodeError: 'charmap' codec can't encode character '\\u2713' in position 60: character maps to <undefined>\nCall stack:\n  File "C:\\Users\\VIDYANKSHINI\\AppData\\Local\\Programs\\Python\\Python313\\Lib\\threading.py", line 1012, in _bootstrap\n    self._bootstrap_inner()\n  File "C:\\Users\\VIDYANKSHINI\\AppData\\Local\\Programs\\Python\\Python313\\Lib\\threading.py", line 1041, in _bootstrap_inner\n    self.run()\n  File "C:\\Users\\VIDYANKSHINI\\AppData\\Local\\Programs\\Python\\Python313\\Lib\\threading.py", line 992, in run\n    self._target(*self._args, **self._kwargs)\n  File "C:\\Users\\VIDYANKSHINI\\AppData\\Local\\Programs\\Python\\Python313\\Lib\\site-packages\\anyio\\from_thread.py", line 532, in run_blocking_portal\n    run_eventloop(\n  File "C:\\Users\\VIDYANKSHINI\\AppData\\Local\\Programs\\Python\\Python313\\Lib\\site-packages\\anyio\\_core\\_eventloop.py", line 77, in run\n    return async_backend.run(func, args, {}, backend_options)\n  File "C:\\Users\\VIDYANKSHINI\\AppData\\Local\\Programs\\Python\\Python313\\Lib\\site-packages\\anyio\\_backends\\_asyncio.py", line 2358, in run\n    return runner.run(wrapper())\n  File "C:\\Users\\VIDYANKSHINI\\AppData\\Local\\Programs\\Python\\Python313\\Lib\\asyncio\\runners.py", line 118, in run\n    return self._loop.run_until_complete(task)\n  File "C:\\Users\\VIDYANKSHINI\\AppData\\Local\\Programs\\Python\\Python313\\Lib\\asyncio\\base_events.py", line 712, in run_until_complete\n    self.run_forever()\n  File "C:\\Users\\VIDYANKSHINI\\AppData\\Local\\Programs\\Python\\Python313\\Lib\\asyncio\\base_events.py", line 683, in run_forever\n    self._run_once()\n  File "C:\\Users\\VIDYANKSHINI\\AppData\\Local\\Programs\\Python\\Python313\\Lib\\asyncio\\base_events.py", line 2040, in _run_once\n    handle._run()\n  File "C:\\Users\\VIDYANKSHINI\\AppData\\Local\\Programs\\Python\\Python313\\Lib\\asyncio\\events.py", line 89, in _run\n    self._context.run(self._callback, *self._args)\n  File "C:\\Users\\VIDYANKSHINI\\AppData\\Local\\Programs\\Python\\Python313\\Lib\\site-packages\\anyio\\from_thread.py", line 259, in _call_func\n    retval = await retval_or_awaitable\n  File "C:\\Users\\VIDYANKSHINI\\AppData\\Local\\Programs\\Python\\Python313\\Lib\\site-packages\\starlette\\testclient.py", line 704, in lifespan\n    await self.app(scope, self.stream_receive.receive, self.stream_send.send)\n  File "C:\\Users\\VIDYANKSHINI\\AppData\\Local\\Programs\\Python\\Python313\\Lib\\site-packages\\fastapi\\applications.py", line 1159, in __call__\n    await super().__call__(scope, receive, send)\n  File "C:\\Users\\VIDYANKSHINI\\AppData\\Local\\Programs\\Python\\Python313\\Lib\\site-packages\\starlette\\applications.py", line 107, in __call__\n    await self.middleware_stack(scope, receive, send)\n  File "C:\\Users\\VIDYANKSHINI\\AppData\\Local\\Programs\\Python\\Python313\\Lib\\site-packages\\starlette\\middleware\\errors.py", line 151, in __call__\n    await self.app(scope, receive, send)\n  File "C:\\Users\\VIDYANKSHINI\\AppData\\Local\\Programs\\Python\\Python313\\Lib\\site-packages\\starlette\\middleware\\cors.py", line 79, in __call__\n    await self.app(scope, receive, send)\n  File "C:\\Users\\VIDYANKSHINI\\AppData\\Local\\Programs\\Python\\Python313\\Lib\\site-packages\\starlette\\middleware\\exceptions.py", line 49, in __call__\n    await self.app(scope, receive, send)\n  File "C:\\Users\\VIDYANKSHINI\\AppData\\Local\\Programs\\Python\\Python313\\Lib\\site-packages\\fastapi\\middleware\\asyncexitstack.py", line 18, in __call__\n    await self.app(scope, receive, send)\n  File "C:\\Users\\VIDYANKSHINI\\AppData\\Local\\Programs\\Python\\Python313\\Lib\\site-packages\\starlette\\routing.py", line 716, in __call__\n    await self.middleware_stack(scope, receive, send)\n  File "C:\\Users\\VIDYANKSHINI\\AppData\\Local\\Programs\\Python\\Python313\\Lib\\site-packages\\starlette\\routing.py", line 725, in app\n    await self.lifespan(scope, receive, send)\n  File "C:\\Users\\VIDYANKSHINI\\AppData\\Local\\Programs\\Python\\Python313\\Lib\\site-packages\\starlette\\routing.py", line 694, in lifespan\n    async with self.lifespan_context(app) as maybe_state:\n  File "C:\\Users\\VIDYANKSHINI\\AppData\\Local\\Programs\\Python\\Python313\\Lib\\contextlib.py", line 214, in __aenter__\n    return await anext(self.gen)\n  File "C:\\Users\\VIDYANKSHINI\\AppData\\Local\\Programs\\Python\\Python313\\Lib\\site-packages\\fastapi\\routing.py", line 216, in merged_lifespan\n    async with original_context(app) as maybe_original_state:\n  File "C:\\Users\\VIDYANKSHINI\\AppData\\Local\\Programs\\Python\\Python313\\Lib\\contextlib.py", line 214, in __aenter__\n    return await anext(self.gen)\n  File "C:\\Users\\VIDYANKSHINI\\Desktop\\project\\SecuScan\\backend\\secuscan\\main.py", line 55, in lifespan\n    await init_plugins(settings.plugins_dir)\n  File "C:\\Users\\VIDYANKSHINI\\Desktop\\project\\SecuScan\\backend\\secuscan\\plugins.py", line 382, in init_plugins\n    await plugin_manager.load_plugins()\n  File "C:\\Users\\VIDYANKSHINI\\Desktop\\project\\SecuScan\\backend\\secuscan\\plugins.py", line 59, in load_plugins\n    logger.info(f"\u2713 Loaded plugin: {plugin_meta.name} v{plugin_meta.version}")\nMessage: '\u2713 Loaded plugin: People Hunter v1.0.0'\nArguments: ()\n--- Logging error ---\nTraceback (most recent call last):\n  File "C:\\Users\\VIDYANKSHINI\\AppData\\Local\\Programs\\Python\\Python313\\Lib\\logging\\__init__.py", line 1153, in emit\n    stream.write(msg + self.terminator)\n    ~~~~~~~~~~~~^^^^^^^^^^^^^^^^^^^^^^^\n  File "C:\\Users\\VIDYANKSHINI\\AppData\\Local\\Programs\\Python\\Python313\\Lib\\encodings\\cp1252.py", line 19, in encode\n    return codecs.charmap_encode(input,self.errors,encoding_table)[0]\n           ~~~~~~~~~~~~~~~~~~~~~^^^^^^^^^^^^^^^^^^^^^^^^^^^^^^^^^^\nUnicodeEncodeError: 'charmap' codec can't encode character '\\u2713' in position 60: character maps to <undefined>\nCall stack:\n  File "C:\\Users\\VIDYANKSHINI\\AppData\\Local\\Programs\\Python\\Python313\\Lib\\threading.py", line 1012, in _bootstrap\n    self._bootstrap_inner()\n  File "C:\\Users\\VIDYANKSHINI\\AppData\\Local\\Programs\\Python\\Python313\\Lib\\threading.py", line 1041, in _bootstrap_inner\n    self.run()\n  File "C:\\Users\\VIDYANKSHINI\\AppData\\Local\\Programs\\Python\\Python313\\Lib\\threading.py", line 992, in run\n    self._target(*self._args, **self._kwargs)\n  File "C:\\Users\\VIDYANKSHINI\\AppData\\Local\\Programs\\Python\\Python313\\Lib\\site-packages\\anyio\\from_thread.py", line 532, in run_blocking_portal\n    run_eventloop(\n  File "C:\\Users\\VIDYANKSHINI\\AppData\\Local\\Programs\\Python\\Python313\\Lib\\site-packages\\anyio\\_core\\_eventloop.py", line 77, in run\n    return async_backend.run(func, args, {}, backend_options)\n  File "C:\\Users\\VIDYANKSHINI\\AppData\\Local\\Programs\\Python\\Python313\\Lib\\site-packages\\anyio\\_backends\\_asyncio.py", line 2358, in run\n    return runner.run(wrapper())\n  File "C:\\Users\\VIDYANKSHINI\\AppData\\Local\\Programs\\Python\\Python313\\Lib\\asyncio\\runners.py", line 118, in run\n    return self._loop.run_until_complete(task)\n  File "C:\\Users\\VIDYANKSHINI\\AppData\\Local\\Programs\\Python\\Python313\\Lib\\asyncio\\base_events.py", line 712, in run_until_complete\n    self.run_forever()\n  File "C:\\Users\\VIDYANKSHINI\\AppData\\Local\\Programs\\Python\\Python313\\Lib\\asyncio\\base_events.py", line 683, in run_forever\n    self._run_once()\n  File "C:\\Users\\VIDYANKSHINI\\AppData\\Local\\Programs\\Python\\Python313\\Lib\\asyncio\\base_events.py", line 2040, in _run_once\n    handle._run()\n  File "C:\\Users\\VIDYANKSHINI\\AppData\\Local\\Programs\\Python\\Python313\\Lib\\asyncio\\events.py", line 89, in _run\n    self._context.run(self._callback, *self._args)\n  File "C:\\Users\\VIDYANKSHINI\\AppData\\Local\\Programs\\Python\\Python313\\Lib\\site-packages\\anyio\\from_thread.py", line 259, in _call_func\n    retval = await retval_or_awaitable\n  File "C:\\Users\\VIDYANKSHINI\\AppData\\Local\\Programs\\Python\\Python313\\Lib\\site-packages\\starlette\\testclient.py", line 704, in lifespan\n    await self.app(scope, self.stream_receive.receive, self.stream_send.send)\n  File "C:\\Users\\VIDYANKSHINI\\AppData\\Local\\Programs\\Python\\Python313\\Lib\\site-packages\\fastapi\\applications.py", line 1159, in __call__\n    await super().__call__(scope, receive, send)\n  File "C:\\Users\\VIDYANKSHINI\\AppData\\Local\\Programs\\Python\\Python313\\Lib\\site-packages\\starlette\\applications.py", line 107, in __call__\n    await self.middleware_stack(scope, receive, send)\n  File "C:\\Users\\VIDYANKSHINI\\AppData\\Local\\Programs\\Python\\Python313\\Lib\\site-packages\\starlette\\middleware\\errors.py", line 151, in __call__\n    await self.app(scope, receive, send)\n  File "C:\\Users\\VIDYANKSHINI\\AppData\\Local\\Programs\\Python\\Python313\\Lib\\site-packages\\starlette\\middleware\\cors.py", line 79, in __call__\n    await self.app(scope, receive, send)\n  File "C:\\Users\\VIDYANKSHINI\\AppData\\Local\\Programs\\Python\\Python313\\Lib\\site-packages\\starlette\\middleware\\exceptions.py", line 49, in __call__\n    await self.app(scope, receive, send)\n  File "C:\\Users\\VIDYANKSHINI\\AppData\\Local\\Programs\\Python\\Python313\\Lib\\site-packages\\fastapi\\middleware\\asyncexitstack.py", line 18, in __call__\n    await self.app(scope, receive, send)\n  File "C:\\Users\\VIDYANKSHINI\\AppData\\Local\\Programs\\Python\\Python313\\Lib\\site-packages\\starlette\\routing.py", line 716, in __call__\n    await self.middleware_stack(scope, receive, send)\n  File "C:\\Users\\VIDYANKSHINI\\AppData\\Local\\Programs\\Python\\Python313\\Lib\\site-packages\\starlette\\routing.py", line 725, in app\n    await self.lifespan(scope, receive, send)\n  File "C:\\Users\\VIDYANKSHINI\\AppData\\Local\\Programs\\Python\\Python313\\Lib\\site-packages\\starlette\\routing.py", line 694, in lifespan\n    async with self.lifespan_context(app) as maybe_state:\n  File "C:\\Users\\VIDYANKSHINI\\AppData\\Local\\Programs\\Python\\Python313\\Lib\\contextlib.py", line 214, in __aenter__\n    return await anext(self.gen)\n  File "C:\\Users\\VIDYANKSHINI\\AppData\\Local\\Programs\\Python\\Python313\\Lib\\site-packages\\fastapi\\routing.py", line 216, in merged_lifespan\n    async with original_context(app) as maybe_original_state:\n  File "C:\\Users\\VIDYANKSHINI\\AppData\\Local\\Programs\\Python\\Python313\\Lib\\contextlib.py", line 214, in __aenter__\n    return await anext(self.gen)\n  File "C:\\Users\\VIDYANKSHINI\\Desktop\\project\\SecuScan\\backend\\secuscan\\main.py", line 55, in lifespan\n    await init_plugins(settings.plugins_dir)\n  File "C:\\Users\\VIDYANKSHINI\\Desktop\\project\\SecuScan\\backend\\secuscan\\plugins.py", line 382, in init_plugins\n    await plugin_manager.load_plugins()\n  File "C:\\Users\\VIDYANKSHINI\\Desktop\\project\\SecuScan\\backend\\secuscan\\plugins.py", line 59, in load_plugins\n    logger.info(f"\u2713 Loaded plugin: {plugin_meta.name} v{plugin_meta.version}")\nMessage: '\u2713 Loaded plugin: Port Scanner v1.0.0'\nArguments: ()\n--- Logging error ---\nTraceback (most recent call last):\n  File "C:\\Users\\VIDYANKSHINI\\AppData\\Local\\Programs\\Python\\Python313\\Lib\\logging\\__init__.py", line 1153, in emit\n    stream.write(msg + self.terminator)\n    ~~~~~~~~~~~~^^^^^^^^^^^^^^^^^^^^^^^\n  File "C:\\Users\\VIDYANKSHINI\\AppData\\Local\\Programs\\Python\\Python313\\Lib\\encodings\\cp1252.py", line 19, in encode\n    return codecs.charmap_encode(input,self.errors,encoding_table)[0]\n           ~~~~~~~~~~~~~~~~~~~~~^^^^^^^^^^^^^^^^^^^^^^^^^^^^^^^^^^\nUnicodeEncodeError: 'charmap' codec can't encode character '\\u2713' in position 60: character maps to <undefined>\nCall stack:\n  File "C:\\Users\\VIDYANKSHINI\\AppData\\Local\\Programs\\Python\\Python313\\Lib\\threading.py", line 1012, in _bootstrap\n    self._bootstrap_inner()\n  File "C:\\Users\\VIDYANKSHINI\\AppData\\Local\\Programs\\Python\\Python313\\Lib\\threading.py", line 1041, in _bootstrap_inner\n    self.run()\n  File "C:\\Users\\VIDYANKSHINI\\AppData\\Local\\Programs\\Python\\Python313\\Lib\\threading.py", line 992, in run\n    self._target(*self._args, **self._kwargs)\n  File "C:\\Users\\VIDYANKSHINI\\AppData\\Local\\Programs\\Python\\Python313\\Lib\\site-packages\\anyio\\from_thread.py", line 532, in run_blocking_portal\n    run_eventloop(\n  File "C:\\Users\\VIDYANKSHINI\\AppData\\Local\\Programs\\Python\\Python313\\Lib\\site-packages\\anyio\\_core\\_eventloop.py", line 77, in run\n    return async_backend.run(func, args, {}, backend_options)\n  File "C:\\Users\\VIDYANKSHINI\\AppData\\Local\\Programs\\Python\\Python313\\Lib\\site-packages\\anyio\\_backends\\_asyncio.py", line 2358, in run\n    return runner.run(wrapper())\n  File "C:\\Users\\VIDYANKSHINI\\AppData\\Local\\Programs\\Python\\Python313\\Lib\\asyncio\\runners.py", line 118, in run\n    return self._loop.run_until_complete(task)\n  File "C:\\Users\\VIDYANKSHINI\\AppData\\Local\\Programs\\Python\\Python313\\Lib\\asyncio\\base_events.py", line 712, in run_until_complete\n    self.run_forever()\n  File "C:\\Users\\VIDYANKSHINI\\AppData\\Local\\Programs\\Python\\Python313\\Lib\\asyncio\\base_events.py", line 683, in run_forever\n    self._run_once()\n  File "C:\\Users\\VIDYANKSHINI\\AppData\\Local\\Programs\\Python\\Python313\\Lib\\asyncio\\base_events.py", line 2040, in _run_once\n    handle._run()\n  File "C:\\Users\\VIDYANKSHINI\\AppData\\Local\\Programs\\Python\\Python313\\Lib\\asyncio\\events.py", line 89, in _run\n    self._context.run(self._callback, *self._args)\n  File "C:\\Users\\VIDYANKSHINI\\AppData\\Local\\Programs\\Python\\Python313\\Lib\\site-packages\\anyio\\from_thread.py", line 259, in _call_func\n    retval = await retval_or_awaitable\n  File "C:\\Users\\VIDYANKSHINI\\AppData\\Local\\Programs\\Python\\Python313\\Lib\\site-packages\\starlette\\testclient.py", line 704, in lifespan\n    await self.app(scope, self.stream_receive.receive, self.stream_send.send)\n  File "C:\\Users\\VIDYANKSHINI\\AppData\\Local\\Programs\\Python\\Python313\\Lib\\site-packages\\fastapi\\applications.py", line 1159, in __call__\n    await super().__call__(scope, receive, send)\n  File "C:\\Users\\VIDYANKSHINI\\AppData\\Local\\Programs\\Python\\Python313\\Lib\\site-packages\\starlette\\applications.py", line 107, in __call__\n    await self.middleware_stack(scope, receive, send)\n  File "C:\\Users\\VIDYANKSHINI\\AppData\\Local\\Programs\\Python\\Python313\\Lib\\site-packages\\starlette\\middleware\\errors.py", line 151, in __call__\n    await self.app(scope, receive, send)\n  File "C:\\Users\\VIDYANKSHINI\\AppData\\Local\\Programs\\Python\\Python313\\Lib\\site-packages\\starlette\\middleware\\cors.py", line 79, in __call__\n    await self.app(scope, receive, send)\n  File "C:\\Users\\VIDYANKSHINI\\AppData\\Local\\Programs\\Python\\Python313\\Lib\\site-packages\\starlette\\middleware\\exceptions.py", line 49, in __call__\n    await self.app(scope, receive, send)\n  File "C:\\Users\\VIDYANKSHINI\\AppData\\Local\\Programs\\Python\\Python313\\Lib\\site-packages\\fastapi\\middleware\\asyncexitstack.py", line 18, in __call__\n    await self.app(scope, receive, send)\n  File "C:\\Users\\VIDYANKSHINI\\AppData\\Local\\Programs\\Python\\Python313\\Lib\\site-packages\\starlette\\routing.py", line 716, in __call__\n    await self.middleware_stack(scope, receive, send)\n  File "C:\\Users\\VIDYANKSHINI\\AppData\\Local\\Programs\\Python\\Python313\\Lib\\site-packages\\starlette\\routing.py", line 725, in app\n    await self.lifespan(scope, receive, send)\n  File "C:\\Users\\VIDYANKSHINI\\AppData\\Local\\Programs\\Python\\Python313\\Lib\\site-packages\\starlette\\routing.py", line 694, in lifespan\n    async with self.lifespan_context(app) as maybe_state:\n  File "C:\\Users\\VIDYANKSHINI\\AppData\\Local\\Programs\\Python\\Python313\\Lib\\contextlib.py", line 214, in __aenter__\n    return await anext(self.gen)\n  File "C:\\Users\\VIDYANKSHINI\\AppData\\Local\\Programs\\Python\\Python313\\Lib\\site-packages\\fastapi\\routing.py", line 216, in merged_lifespan\n    async with original_context(app) as maybe_original_state:\n  File "C:\\Users\\VIDYANKSHINI\\AppData\\Local\\Programs\\Python\\Python313\\Lib\\contextlib.py", line 214, in __aenter__\n    return await anext(self.gen)\n  File "C:\\Users\\VIDYANKSHINI\\Desktop\\project\\SecuScan\\backend\\secuscan\\main.py", line 55, in lifespan\n    await init_plugins(settings.plugins_dir)\n  File "C:\\Users\\VIDYANKSHINI\\Desktop\\project\\SecuScan\\backend\\secuscan\\plugins.py", line 382, in init_plugins\n    await plugin_manager.load_plugins()\n  File "C:\\Users\\VIDYANKSHINI\\Desktop\\project\\SecuScan\\backend\\secuscan\\plugins.py", line 59, in load_plugins\n    logger.info(f"\u2713 Loaded plugin: {plugin_meta.name} v{plugin_meta.version}")\nMessage: '\u2713 Loaded plugin: Advanced Network Recon v1.0.0'\nArguments: ()\n--- Logging error ---\nTraceback (most recent call last):\n  File "C:\\Users\\VIDYANKSHINI\\AppData\\Local\\Programs\\Python\\Python313\\Lib\\logging\\__init__.py", line 1153, in emit\n    stream.write(msg + self.terminator)\n    ~~~~~~~~~~~~^^^^^^^^^^^^^^^^^^^^^^^\n  File "C:\\Users\\VIDYANKSHINI\\AppData\\Local\\Programs\\Python\\Python313\\Lib\\encodings\\cp1252.py", line 19, in encode\n    return codecs.charmap_encode(input,self.errors,encoding_table)[0]\n           ~~~~~~~~~~~~~~~~~~~~~^^^^^^^^^^^^^^^^^^^^^^^^^^^^^^^^^^\nUnicodeEncodeError: 'charmap' codec can't encode character '\\u2713' in position 60: character maps to <undefined>\nCall stack:\n  File "C:\\Users\\VIDYANKSHINI\\AppData\\Local\\Programs\\Python\\Python313\\Lib\\threading.py", line 1012, in _bootstrap\n    self._bootstrap_inner()\n  File "C:\\Users\\VIDYANKSHINI\\AppData\\Local\\Programs\\Python\\Python313\\Lib\\threading.py", line 1041, in _bootstrap_inner\n    self.run()\n  File "C:\\Users\\VIDYANKSHINI\\AppData\\Local\\Programs\\Python\\Python313\\Lib\\threading.py", line 992, in run\n    self._target(*self._args, **self._kwargs)\n  File "C:\\Users\\VIDYANKSHINI\\AppData\\Local\\Programs\\Python\\Python313\\Lib\\site-packages\\anyio\\from_thread.py", line 532, in run_blocking_portal\n    run_eventloop(\n  File "C:\\Users\\VIDYANKSHINI\\AppData\\Local\\Programs\\Python\\Python313\\Lib\\site-packages\\anyio\\_core\\_eventloop.py", line 77, in run\n    return async_backend.run(func, args, {}, backend_options)\n  File "C:\\Users\\VIDYANKSHINI\\AppData\\Local\\Programs\\Python\\Python313\\Lib\\site-packages\\anyio\\_backends\\_asyncio.py", line 2358, in run\n    return runner.run(wrapper())\n  File "C:\\Users\\VIDYANKSHINI\\AppData\\Local\\Programs\\Python\\Python313\\Lib\\asyncio\\runners.py", line 118, in run\n    return self._loop.run_until_complete(task)\n  File "C:\\Users\\VIDYANKSHINI\\AppData\\Local\\Programs\\Python\\Python313\\Lib\\asyncio\\base_events.py", line 712, in run_until_complete\n    self.run_forever()\n  File "C:\\Users\\VIDYANKSHINI\\AppData\\Local\\Programs\\Python\\Python313\\Lib\\asyncio\\base_events.py", line 683, in run_forever\n    self._run_once()\n  File "C:\\Users\\VIDYANKSHINI\\AppData\\Local\\Programs\\Python\\Python313\\Lib\\asyncio\\base_events.py", line 2040, in _run_once\n    handle._run()\n  File "C:\\Users\\VIDYANKSHINI\\AppData\\Local\\Programs\\Python\\Python313\\Lib\\asyncio\\events.py", line 89, in _run\n    self._context.run(self._callback, *self._args)\n  File "C:\\Users\\VIDYANKSHINI\\AppData\\Local\\Programs\\Python\\Python313\\Lib\\site-packages\\anyio\\from_thread.py", line 259, in _call_func\n    retval = await retval_or_awaitable\n  File "C:\\Users\\VIDYANKSHINI\\AppData\\Local\\Programs\\Python\\Python313\\Lib\\site-packages\\starlette\\testclient.py", line 704, in lifespan\n    await self.app(scope, self.stream_receive.receive, self.stream_send.send)\n  File "C:\\Users\\VIDYANKSHINI\\AppData\\Local\\Programs\\Python\\Python313\\Lib\\site-packages\\fastapi\\applications.py", line 1159, in __call__\n    await super().__call__(scope, receive, send)\n  File "C:\\Users\\VIDYANKSHINI\\AppData\\Local\\Programs\\Python\\Python313\\Lib\\site-packages\\starlette\\applications.py", line 107, in __call__\n    await self.middleware_stack(scope, receive, send)\n  File "C:\\Users\\VIDYANKSHINI\\AppData\\Local\\Programs\\Python\\Python313\\Lib\\site-packages\\starlette\\middleware\\errors.py", line 151, in __call__\n    await self.app(scope, receive, send)\n  File "C:\\Users\\VIDYANKSHINI\\AppData\\Local\\Programs\\Python\\Python313\\Lib\\site-packages\\starlette\\middleware\\cors.py", line 79, in __call__\n    await self.app(scope, receive, send)\n  File "C:\\Users\\VIDYANKSHINI\\AppData\\Local\\Programs\\Python\\Python313\\Lib\\site-packages\\starlette\\middleware\\exceptions.py", line 49, in __call__\n    await self.app(scope, receive, send)\n  File "C:\\Users\\VIDYANKSHINI\\AppData\\Local\\Programs\\Python\\Python313\\Lib\\site-packages\\fastapi\\middleware\\asyncexitstack.py", line 18, in __call__\n    await self.app(scope, receive, send)\n  File "C:\\Users\\VIDYANKSHINI\\AppData\\Local\\Programs\\Python\\Python313\\Lib\\site-packages\\starlette\\routing.py", line 716, in __call__\n    await self.middleware_stack(scope, receive, send)\n  File "C:\\Users\\VIDYANKSHINI\\AppData\\Local\\Programs\\Python\\Python313\\Lib\\site-packages\\starlette\\routing.py", line 725, in app\n    await self.lifespan(scope, receive, send)\n  File "C:\\Users\\VIDYANKSHINI\\AppData\\Local\\Programs\\Python\\Python313\\Lib\\site-packages\\starlette\\routing.py", line 694, in lifespan\n    async with self.lifespan_context(app) as maybe_state:\n  File "C:\\Users\\VIDYANKSHINI\\AppData\\Local\\Programs\\Python\\Python313\\Lib\\contextlib.py", line 214, in __aenter__\n    return await anext(self.gen)\n  File "C:\\Users\\VIDYANKSHINI\\AppData\\Local\\Programs\\Python\\Python313\\Lib\\site-packages\\fastapi\\routing.py", line 216, in merged_lifespan\n    async with original_context(app) as maybe_original_state:\n  File "C:\\Users\\VIDYANKSHINI\\AppData\\Local\\Programs\\Python\\Python313\\Lib\\contextlib.py", line 214, in __aenter__\n    return await anext(self.gen)\n  File "C:\\Users\\VIDYANKSHINI\\Desktop\\project\\SecuScan\\backend\\secuscan\\main.py", line 55, in lifespan\n    await init_plugins(settings.plugins_dir)\n  File "C:\\Users\\VIDYANKSHINI\\Desktop\\project\\SecuScan\\backend\\secuscan\\plugins.py", line 382, in init_plugins\n    await plugin_manager.load_plugins()\n  File "C:\\Users\\VIDYANKSHINI\\Desktop\\project\\SecuScan\\backend\\secuscan\\plugins.py", line 59, in load_plugins\n    logger.info(f"\u2713 Loaded plugin: {plugin_meta.name} v{plugin_meta.version}")\nMessage: '\u2713 Loaded plugin: Secret Scanner v1.0.0'\nArguments: ()\n--- Logging error ---\nTraceback (most recent call last):\n  File "C:\\Users\\VIDYANKSHINI\\AppData\\Local\\Programs\\Python\\Python313\\Lib\\logging\\__init__.py", line 1153, in emit\n    stream.write(msg + self.terminator)\n    ~~~~~~~~~~~~^^^^^^^^^^^^^^^^^^^^^^^\n  File "C:\\Users\\VIDYANKSHINI\\AppData\\Local\\Programs\\Python\\Python313\\Lib\\encodings\\cp1252.py", line 19, in encode\n    return codecs.charmap_encode(input,self.errors,encoding_table)[0]\n           ~~~~~~~~~~~~~~~~~~~~~^^^^^^^^^^^^^^^^^^^^^^^^^^^^^^^^^^\nUnicodeEncodeError: 'charmap' codec can't encode character '\\u2713' in position 60: character maps to <undefined>\nCall stack:\n  File "C:\\Users\\VIDYANKSHINI\\AppData\\Local\\Programs\\Python\\Python313\\Lib\\threading.py", line 1012, in _bootstrap\n    self._bootstrap_inner()\n  File "C:\\Users\\VIDYANKSHINI\\AppData\\Local\\Programs\\Python\\Python313\\Lib\\threading.py", line 1041, in _bootstrap_inner\n    self.run()\n  File "C:\\Users\\VIDYANKSHINI\\AppData\\Local\\Programs\\Python\\Python313\\Lib\\threading.py", line 992, in run\n    self._target(*self._args, **self._kwargs)\n  File "C:\\Users\\VIDYANKSHINI\\AppData\\Local\\Programs\\Python\\Python313\\Lib\\site-packages\\anyio\\from_thread.py", line 532, in run_blocking_portal\n    run_eventloop(\n  File "C:\\Users\\VIDYANKSHINI\\AppData\\Local\\Programs\\Python\\Python313\\Lib\\site-packages\\anyio\\_core\\_eventloop.py", line 77, in run\n    return async_backend.run(func, args, {}, backend_options)\n  File "C:\\Users\\VIDYANKSHINI\\AppData\\Local\\Programs\\Python\\Python313\\Lib\\site-packages\\anyio\\_backends\\_asyncio.py", line 2358, in run\n    return runner.run(wrapper())\n  File "C:\\Users\\VIDYANKSHINI\\AppData\\Local\\Programs\\Python\\Python313\\Lib\\asyncio\\runners.py", line 118, in run\n    return self._loop.run_until_complete(task)\n  File "C:\\Users\\VIDYANKSHINI\\AppData\\Local\\Programs\\Python\\Python313\\Lib\\asyncio\\base_events.py", line 712, in run_until_complete\n    self.run_forever()\n  File "C:\\Users\\VIDYANKSHINI\\AppData\\Local\\Programs\\Python\\Python313\\Lib\\asyncio\\base_events.py", line 683, in run_forever\n    self._run_once()\n  File "C:\\Users\\VIDYANKSHINI\\AppData\\Local\\Programs\\Python\\Python313\\Lib\\asyncio\\base_events.py", line 2040, in _run_once\n    handle._run()\n  File "C:\\Users\\VIDYANKSHINI\\AppData\\Local\\Programs\\Python\\Python313\\Lib\\asyncio\\events.py", line 89, in _run\n    self._context.run(self._callback, *self._args)\n  File "C:\\Users\\VIDYANKSHINI\\AppData\\Local\\Programs\\Python\\Python313\\Lib\\site-packages\\anyio\\from_thread.py", line 259, in _call_func\n    retval = await retval_or_awaitable\n  File "C:\\Users\\VIDYANKSHINI\\AppData\\Local\\Programs\\Python\\Python313\\Lib\\site-packages\\starlette\\testclient.py", line 704, in lifespan\n    await self.app(scope, self.stream_receive.receive, self.stream_send.send)\n  File "C:\\Users\\VIDYANKSHINI\\AppData\\Local\\Programs\\Python\\Python313\\Lib\\site-packages\\fastapi\\applications.py", line 1159, in __call__\n    await super().__call__(scope, receive, send)\n  File "C:\\Users\\VIDYANKSHINI\\AppData\\Local\\Programs\\Python\\Python313\\Lib\\site-packages\\starlette\\applications.py", line 107, in __call__\n    await self.middleware_stack(scope, receive, send)\n  File "C:\\Users\\VIDYANKSHINI\\AppData\\Local\\Programs\\Python\\Python313\\Lib\\site-packages\\starlette\\middleware\\errors.py", line 151, in __call__\n    await self.app(scope, receive, send)\n  File "C:\\Users\\VIDYANKSHINI\\AppData\\Local\\Programs\\Python\\Python313\\Lib\\site-packages\\starlette\\middleware\\cors.py", line 79, in __call__\n    await self.app(scope, receive, send)\n  File "C:\\Users\\VIDYANKSHINI\\AppData\\Local\\Programs\\Python\\Python313\\Lib\\site-packages\\starlette\\middleware\\exceptions.py", line 49, in __call__\n    await self.app(scope, receive, send)\n  File "C:\\Users\\VIDYANKSHINI\\AppData\\Local\\Programs\\Python\\Python313\\Lib\\site-packages\\fastapi\\middleware\\asyncexitstack.py", line 18, in __call__\n    await self.app(scope, receive, send)\n  File "C:\\Users\\VIDYANKSHINI\\AppData\\Local\\Programs\\Python\\Python313\\Lib\\site-packages\\starlette\\routing.py", line 716, in __call__\n    await self.middleware_stack(scope, receive, send)\n  File "C:\\Users\\VIDYANKSHINI\\AppData\\Local\\Programs\\Python\\Python313\\Lib\\site-packages\\starlette\\routing.py", line 725, in app\n    await self.lifespan(scope, receive, send)\n  File "C:\\Users\\VIDYANKSHINI\\AppData\\Local\\Programs\\Python\\Python313\\Lib\\site-packages\\starlette\\routing.py", line 694, in lifespan\n    async with self.lifespan_context(app) as maybe_state:\n  File "C:\\Users\\VIDYANKSHINI\\AppData\\Local\\Programs\\Python\\Python313\\Lib\\contextlib.py", line 214, in __aenter__\n    return await anext(self.gen)\n  File "C:\\Users\\VIDYANKSHINI\\AppData\\Local\\Programs\\Python\\Python313\\Lib\\site-packages\\fastapi\\routing.py", line 216, in merged_lifespan\n    async with original_context(app) as maybe_original_state:\n  File "C:\\Users\\VIDYANKSHINI\\AppData\\Local\\Programs\\Python\\Python313\\Lib\\contextlib.py", line 214, in __aenter__\n    return await anext(self.gen)\n  File "C:\\Users\\VIDYANKSHINI\\Desktop\\project\\SecuScan\\backend\\secuscan\\main.py", line 55, in lifespan\n    await init_plugins(settings.plugins_dir)\n  File "C:\\Users\\VIDYANKSHINI\\Desktop\\project\\SecuScan\\backend\\secuscan\\plugins.py", line 382, in init_plugins\n    await plugin_manager.load_plugins()\n  File "C:\\Users\\VIDYANKSHINI\\Desktop\\project\\SecuScan\\backend\\secuscan\\plugins.py", line 59, in load_plugins\n    logger.info(f"\u2713 Loaded plugin: {plugin_meta.name} v{plugin_meta.version}")\nMessage: '\u2713 Loaded plugin: Sharepoint Scanner v1.0.0'\nArguments: ()\n--- Logging error ---\nTraceback (most recent call last):\n  File "C:\\Users\\VIDYANKSHINI\\AppData\\Local\\Programs\\Python\\Python313\\Lib\\logging\\__init__.py", line 1153, in emit\n    stream.write(msg + self.terminator)\n    ~~~~~~~~~~~~^^^^^^^^^^^^^^^^^^^^^^^\n  File "C:\\Users\\VIDYANKSHINI\\AppData\\Local\\Programs\\Python\\Python313\\Lib\\encodings\\cp1252.py", line 19, in encode\n    return codecs.charmap_encode(input,self.errors,encoding_table)[0]\n           ~~~~~~~~~~~~~~~~~~~~~^^^^^^^^^^^^^^^^^^^^^^^^^^^^^^^^^^\nUnicodeEncodeError: 'charmap' codec can't encode character '\\u2713' in position 60: character maps to <undefined>\nCall stack:\n  File "C:\\Users\\VIDYANKSHINI\\AppData\\Local\\Programs\\Python\\Python313\\Lib\\threading.py", line 1012, in _bootstrap\n    self._bootstrap_inner()\n  File "C:\\Users\\VIDYANKSHINI\\AppData\\Local\\Programs\\Python\\Python313\\Lib\\threading.py", line 1041, in _bootstrap_inner\n    self.run()\n  File "C:\\Users\\VIDYANKSHINI\\AppData\\Local\\Programs\\Python\\Python313\\Lib\\threading.py", line 992, in run\n    self._target(*self._args, **self._kwargs)\n  File "C:\\Users\\VIDYANKSHINI\\AppData\\Local\\Programs\\Python\\Python313\\Lib\\site-packages\\anyio\\from_thread.py", line 532, in run_blocking_portal\n    run_eventloop(\n  File "C:\\Users\\VIDYANKSHINI\\AppData\\Local\\Programs\\Python\\Python313\\Lib\\site-packages\\anyio\\_core\\_eventloop.py", line 77, in run\n    return async_backend.run(func, args, {}, backend_options)\n  File "C:\\Users\\VIDYANKSHINI\\AppData\\Local\\Programs\\Python\\Python313\\Lib\\site-packages\\anyio\\_backends\\_asyncio.py", line 2358, in run\n    return runner.run(wrapper())\n  File "C:\\Users\\VIDYANKSHINI\\AppData\\Local\\Programs\\Python\\Python313\\Lib\\asyncio\\runners.py", line 118, in run\n    return self._loop.run_until_complete(task)\n  File "C:\\Users\\VIDYANKSHINI\\AppData\\Local\\Programs\\Python\\Python313\\Lib\\asyncio\\base_events.py", line 712, in run_until_complete\n    self.run_forever()\n  File "C:\\Users\\VIDYANKSHINI\\AppData\\Local\\Programs\\Python\\Python313\\Lib\\asyncio\\base_events.py", line 683, in run_forever\n    self._run_once()\n  File "C:\\Users\\VIDYANKSHINI\\AppData\\Local\\Programs\\Python\\Python313\\Lib\\asyncio\\base_events.py", line 2040, in _run_once\n    handle._run()\n  File "C:\\Users\\VIDYANKSHINI\\AppData\\Local\\Programs\\Python\\Python313\\Lib\\asyncio\\events.py", line 89, in _run\n    self._context.run(self._callback, *self._args)\n  File "C:\\Users\\VIDYANKSHINI\\AppData\\Local\\Programs\\Python\\Python313\\Lib\\site-packages\\anyio\\from_thread.py", line 259, in _call_func\n    retval = await retval_or_awaitable\n  File "C:\\Users\\VIDYANKSHINI\\AppData\\Local\\Programs\\Python\\Python313\\Lib\\site-packages\\starlette\\testclient.py", line 704, in lifespan\n    await self.app(scope, self.stream_receive.receive, self.stream_send.send)\n  File "C:\\Users\\VIDYANKSHINI\\AppData\\Local\\Programs\\Python\\Python313\\Lib\\site-packages\\fastapi\\applications.py", line 1159, in __call__\n    await super().__call__(scope, receive, send)\n  File "C:\\Users\\VIDYANKSHINI\\AppData\\Local\\Programs\\Python\\Python313\\Lib\\site-packages\\starlette\\applications.py", line 107, in __call__\n    await self.middleware_stack(scope, receive, send)\n  File "C:\\Users\\VIDYANKSHINI\\AppData\\Local\\Programs\\Python\\Python313\\Lib\\site-packages\\starlette\\middleware\\errors.py", line 151, in __call__\n    await self.app(scope, receive, send)\n  File "C:\\Users\\VIDYANKSHINI\\AppData\\Local\\Programs\\Python\\Python313\\Lib\\site-packages\\starlette\\middleware\\cors.py", line 79, in __call__\n    await self.app(scope, receive, send)\n  File "C:\\Users\\VIDYANKSHINI\\AppData\\Local\\Programs\\Python\\Python313\\Lib\\site-packages\\starlette\\middleware\\exceptions.py", line 49, in __call__\n    await self.app(scope, receive, send)\n  File "C:\\Users\\VIDYANKSHINI\\AppData\\Local\\Programs\\Python\\Python313\\Lib\\site-packages\\fastapi\\middleware\\asyncexitstack.py", line 18, in __call__\n    await self.app(scope, receive, send)\n  File "C:\\Users\\VIDYANKSHINI\\AppData\\Local\\Programs\\Python\\Python313\\Lib\\site-packages\\starlette\\routing.py", line 716, in __call__\n    await self.middleware_stack(scope, receive, send)\n  File "C:\\Users\\VIDYANKSHINI\\AppData\\Local\\Programs\\Python\\Python313\\Lib\\site-packages\\starlette\\routing.py", line 725, in app\n    await self.lifespan(scope, receive, send)\n  File "C:\\Users\\VIDYANKSHINI\\AppData\\Local\\Programs\\Python\\Python313\\Lib\\site-packages\\starlette\\routing.py", line 694, in lifespan\n    async with self.lifespan_context(app) as maybe_state:\n  File "C:\\Users\\VIDYANKSHINI\\AppData\\Local\\Programs\\Python\\Python313\\Lib\\contextlib.py", line 214, in __aenter__\n    return await anext(self.gen)\n  File "C:\\Users\\VIDYANKSHINI\\AppData\\Local\\Programs\\Python\\Python313\\Lib\\site-packages\\fastapi\\routing.py", line 216, in merged_lifespan\n    async with original_context(app) as maybe_original_state:\n  File "C:\\Users\\VIDYANKSHINI\\AppData\\Local\\Programs\\Python\\Python313\\Lib\\contextlib.py", line 214, in __aenter__\n    return await anext(self.gen)\n  File "C:\\Users\\VIDYANKSHINI\\Desktop\\project\\SecuScan\\backend\\secuscan\\main.py", line 55, in lifespan\n    await init_plugins(settings.plugins_dir)\n  File "C:\\Users\\VIDYANKSHINI\\Desktop\\project\\SecuScan\\backend\\secuscan\\plugins.py", line 382, in init_plugins\n    await plugin_manager.load_plugins()\n  File "C:\\Users\\VIDYANKSHINI\\Desktop\\project\\SecuScan\\backend\\secuscan\\plugins.py", line 59, in load_plugins\n    logger.info(f"\u2713 Loaded plugin: {plugin_meta.name} v{plugin_meta.version}")\nMessage: '\u2713 Loaded plugin: Sitemap Generator v1.0.0'\nArguments: ()\n--- Logging error ---\nTraceback (most recent call last):\n  File "C:\\Users\\VIDYANKSHINI\\AppData\\Local\\Programs\\Python\\Python313\\Lib\\logging\\__init__.py", line 1153, in emit\n    stream.write(msg + self.terminator)\n    ~~~~~~~~~~~~^^^^^^^^^^^^^^^^^^^^^^^\n  File "C:\\Users\\VIDYANKSHINI\\AppData\\Local\\Programs\\Python\\Python313\\Lib\\encodings\\cp1252.py", line 19, in encode\n    return codecs.charmap_encode(input,self.errors,encoding_table)[0]\n           ~~~~~~~~~~~~~~~~~~~~~^^^^^^^^^^^^^^^^^^^^^^^^^^^^^^^^^^\nUnicodeEncodeError: 'charmap' codec can't encode character '\\u2713' in position 60: character maps to <undefined>\nCall stack:\n  File "C:\\Users\\VIDYANKSHINI\\AppData\\Local\\Programs\\Python\\Python313\\Lib\\threading.py", line 1012, in _bootstrap\n    self._bootstrap_inner()\n  File "C:\\Users\\VIDYANKSHINI\\AppData\\Local\\Programs\\Python\\Python313\\Lib\\threading.py", line 1041, in _bootstrap_inner\n    self.run()\n  File "C:\\Users\\VIDYANKSHINI\\AppData\\Local\\Programs\\Python\\Python313\\Lib\\threading.py", line 992, in run\n    self._target(*self._args, **self._kwargs)\n  File "C:\\Users\\VIDYANKSHINI\\AppData\\Local\\Programs\\Python\\Python313\\Lib\\site-packages\\anyio\\from_thread.py", line 532, in run_blocking_portal\n    run_eventloop(\n  File "C:\\Users\\VIDYANKSHINI\\AppData\\Local\\Programs\\Python\\Python313\\Lib\\site-packages\\anyio\\_core\\_eventloop.py", line 77, in run\n    return async_backend.run(func, args, {}, backend_options)\n  File "C:\\Users\\VIDYANKSHINI\\AppData\\Local\\Programs\\Python\\Python313\\Lib\\site-packages\\anyio\\_backends\\_asyncio.py", line 2358, in run\n    return runner.run(wrapper())\n  File "C:\\Users\\VIDYANKSHINI\\AppData\\Local\\Programs\\Python\\Python313\\Lib\\asyncio\\runners.py", line 118, in run\n    return self._loop.run_until_complete(task)\n  File "C:\\Users\\VIDYANKSHINI\\AppData\\Local\\Programs\\Python\\Python313\\Lib\\asyncio\\base_events.py", line 712, in run_until_complete\n    self.run_forever()\n  File "C:\\Users\\VIDYANKSHINI\\AppData\\Local\\Programs\\Python\\Python313\\Lib\\asyncio\\base_events.py", line 683, in run_forever\n    self._run_once()\n  File "C:\\Users\\VIDYANKSHINI\\AppData\\Local\\Programs\\Python\\Python313\\Lib\\asyncio\\base_events.py", line 2040, in _run_once\n    handle._run()\n  File "C:\\Users\\VIDYANKSHINI\\AppData\\Local\\Programs\\Python\\Python313\\Lib\\asyncio\\events.py", line 89, in _run\n    self._context.run(self._callback, *self._args)\n  File "C:\\Users\\VIDYANKSHINI\\AppData\\Local\\Programs\\Python\\Python313\\Lib\\site-packages\\anyio\\from_thread.py", line 259, in _call_func\n    retval = await retval_or_awaitable\n  File "C:\\Users\\VIDYANKSHINI\\AppData\\Local\\Programs\\Python\\Python313\\Lib\\site-packages\\starlette\\testclient.py", line 704, in lifespan\n    await self.app(scope, self.stream_receive.receive, self.stream_send.send)\n  File "C:\\Users\\VIDYANKSHINI\\AppData\\Local\\Programs\\Python\\Python313\\Lib\\site-packages\\fastapi\\applications.py", line 1159, in __call__\n    await super().__call__(scope, receive, send)\n  File "C:\\Users\\VIDYANKSHINI\\AppData\\Local\\Programs\\Python\\Python313\\Lib\\site-packages\\starlette\\applications.py", line 107, in __call__\n    await self.middleware_stack(scope, receive, send)\n  File "C:\\Users\\VIDYANKSHINI\\AppData\\Local\\Programs\\Python\\Python313\\Lib\\site-packages\\starlette\\middleware\\errors.py", line 151, in __call__\n    await self.app(scope, receive, send)\n  File "C:\\Users\\VIDYANKSHINI\\AppData\\Local\\Programs\\Python\\Python313\\Lib\\site-packages\\starlette\\middleware\\cors.py", line 79, in __call__\n    await self.app(scope, receive, send)\n  File "C:\\Users\\VIDYANKSHINI\\AppData\\Local\\Programs\\Python\\Python313\\Lib\\site-packages\\starlette\\middleware\\exceptions.py", line 49, in __call__\n    await self.app(scope, receive, send)\n  File "C:\\Users\\VIDYANKSHINI\\AppData\\Local\\Programs\\Python\\Python313\\Lib\\site-packages\\fastapi\\middleware\\asyncexitstack.py", line 18, in __call__\n    await self.app(scope, receive, send)\n  File "C:\\Users\\VIDYANKSHINI\\AppData\\Local\\Programs\\Python\\Python313\\Lib\\site-packages\\starlette\\routing.py", line 716, in __call__\n    await self.middleware_stack(scope, receive, send)\n  File "C:\\Users\\VIDYANKSHINI\\AppData\\Local\\Programs\\Python\\Python313\\Lib\\site-packages\\starlette\\routing.py", line 725, in app\n    await self.lifespan(scope, receive, send)\n  File "C:\\Users\\VIDYANKSHINI\\AppData\\Local\\Programs\\Python\\Python313\\Lib\\site-packages\\starlette\\routing.py", line 694, in lifespan\n    async with self.lifespan_context(app) as maybe_state:\n  File "C:\\Users\\VIDYANKSHINI\\AppData\\Local\\Programs\\Python\\Python313\\Lib\\contextlib.py", line 214, in __aenter__\n    return await anext(self.gen)\n  File "C:\\Users\\VIDYANKSHINI\\AppData\\Local\\Programs\\Python\\Python313\\Lib\\site-packages\\fastapi\\routing.py", line 216, in merged_lifespan\n    async with original_context(app) as maybe_original_state:\n  File "C:\\Users\\VIDYANKSHINI\\AppData\\Local\\Programs\\Python\\Python313\\Lib\\contextlib.py", line 214, in __aenter__\n    return await anext(self.gen)\n  File "C:\\Users\\VIDYANKSHINI\\Desktop\\project\\SecuScan\\backend\\secuscan\\main.py", line 55, in lifespan\n    await init_plugins(settings.plugins_dir)\n  File "C:\\Users\\VIDYANKSHINI\\Desktop\\project\\SecuScan\\backend\\secuscan\\plugins.py", line 382, in init_plugins\n    await plugin_manager.load_plugins()\n  File "C:\\Users\\VIDYANKSHINI\\Desktop\\project\\SecuScan\\backend\\secuscan\\plugins.py", line 59, in load_plugins\n    logger.info(f"\u2713 Loaded plugin: {plugin_meta.name} v{plugin_meta.version}")\nMessage: '\u2713 Loaded plugin: Sniper: Auto-Exploiter v1.0.0'\nArguments: ()\n--- Logging error ---\nTraceback (most recent call last):\n  File "C:\\Users\\VIDYANKSHINI\\AppData\\Local\\Programs\\Python\\Python313\\Lib\\logging\\__init__.py", line 1153, in emit\n    stream.write(msg + self.terminator)\n    ~~~~~~~~~~~~^^^^^^^^^^^^^^^^^^^^^^^\n  File "C:\\Users\\VIDYANKSHINI\\AppData\\Local\\Programs\\Python\\Python313\\Lib\\encodings\\cp1252.py", line 19, in encode\n    return codecs.charmap_encode(input,self.errors,encoding_table)[0]\n           ~~~~~~~~~~~~~~~~~~~~~^^^^^^^^^^^^^^^^^^^^^^^^^^^^^^^^^^\nUnicodeEncodeError: 'charmap' codec can't encode character '\\u2713' in position 60: character maps to <undefined>\nCall stack:\n  File "C:\\Users\\VIDYANKSHINI\\AppData\\Local\\Programs\\Python\\Python313\\Lib\\threading.py", line 1012, in _bootstrap\n    self._bootstrap_inner()\n  File "C:\\Users\\VIDYANKSHINI\\AppData\\Local\\Programs\\Python\\Python313\\Lib\\threading.py", line 1041, in _bootstrap_inner\n    self.run()\n  File "C:\\Users\\VIDYANKSHINI\\AppData\\Local\\Programs\\Python\\Python313\\Lib\\threading.py", line 992, in run\n    self._target(*self._args, **self._kwargs)\n  File "C:\\Users\\VIDYANKSHINI\\AppData\\Local\\Programs\\Python\\Python313\\Lib\\site-packages\\anyio\\from_thread.py", line 532, in run_blocking_portal\n    run_eventloop(\n  File "C:\\Users\\VIDYANKSHINI\\AppData\\Local\\Programs\\Python\\Python313\\Lib\\site-packages\\anyio\\_core\\_eventloop.py", line 77, in run\n    return async_backend.run(func, args, {}, backend_options)\n  File "C:\\Users\\VIDYANKSHINI\\AppData\\Local\\Programs\\Python\\Python313\\Lib\\site-packages\\anyio\\_backends\\_asyncio.py", line 2358, in run\n    return runner.run(wrapper())\n  File "C:\\Users\\VIDYANKSHINI\\AppData\\Local\\Programs\\Python\\Python313\\Lib\\asyncio\\runners.py", line 118, in run\n    return self._loop.run_until_complete(task)\n  File "C:\\Users\\VIDYANKSHINI\\AppData\\Local\\Programs\\Python\\Python313\\Lib\\asyncio\\base_events.py", line 712, in run_until_complete\n    self.run_forever()\n  File "C:\\Users\\VIDYANKSHINI\\AppData\\Local\\Programs\\Python\\Python313\\Lib\\asyncio\\base_events.py", line 683, in run_forever\n    self._run_once()\n  File "C:\\Users\\VIDYANKSHINI\\AppData\\Local\\Programs\\Python\\Python313\\Lib\\asyncio\\base_events.py", line 2040, in _run_once\n    handle._run()\n  File "C:\\Users\\VIDYANKSHINI\\AppData\\Local\\Programs\\Python\\Python313\\Lib\\asyncio\\events.py", line 89, in _run\n    self._context.run(self._callback, *self._args)\n  File "C:\\Users\\VIDYANKSHINI\\AppData\\Local\\Programs\\Python\\Python313\\Lib\\site-packages\\anyio\\from_thread.py", line 259, in _call_func\n    retval = await retval_or_awaitable\n  File "C:\\Users\\VIDYANKSHINI\\AppData\\Local\\Programs\\Python\\Python313\\Lib\\site-packages\\starlette\\testclient.py", line 704, in lifespan\n    await self.app(scope, self.stream_receive.receive, self.stream_send.send)\n  File "C:\\Users\\VIDYANKSHINI\\AppData\\Local\\Programs\\Python\\Python313\\Lib\\site-packages\\fastapi\\applications.py", line 1159, in __call__\n    await super().__call__(scope, receive, send)\n  File "C:\\Users\\VIDYANKSHINI\\AppData\\Local\\Programs\\Python\\Python313\\Lib\\site-packages\\starlette\\applications.py", line 107, in __call__\n    await self.middleware_stack(scope, receive, send)\n  File "C:\\Users\\VIDYANKSHINI\\AppData\\Local\\Programs\\Python\\Python313\\Lib\\site-packages\\starlette\\middleware\\errors.py", line 151, in __call__\n    await self.app(scope, receive, send)\n  File "C:\\Users\\VIDYANKSHINI\\AppData\\Local\\Programs\\Python\\Python313\\Lib\\site-packages\\starlette\\middleware\\cors.py", line 79, in __call__\n    await self.app(scope, receive, send)\n  File "C:\\Users\\VIDYANKSHINI\\AppData\\Local\\Programs\\Python\\Python313\\Lib\\site-packages\\starlette\\middleware\\exceptions.py", line 49, in __call__\n    await self.app(scope, receive, send)\n  File "C:\\Users\\VIDYANKSHINI\\AppData\\Local\\Programs\\Python\\Python313\\Lib\\site-packages\\fastapi\\middleware\\asyncexitstack.py", line 18, in __call__\n    await self.app(scope, receive, send)\n  File "C:\\Users\\VIDYANKSHINI\\AppData\\Local\\Programs\\Python\\Python313\\Lib\\site-packages\\starlette\\routing.py", line 716, in __call__\n    await self.middleware_stack(scope, receive, send)\n  File "C:\\Users\\VIDYANKSHINI\\AppData\\Local\\Programs\\Python\\Python313\\Lib\\site-packages\\starlette\\routing.py", line 725, in app\n    await self.lifespan(scope, receive, send)\n  File "C:\\Users\\VIDYANKSHINI\\AppData\\Local\\Programs\\Python\\Python313\\Lib\\site-packages\\starlette\\routing.py", line 694, in lifespan\n    async with self.lifespan_context(app) as maybe_state:\n  File "C:\\Users\\VIDYANKSHINI\\AppData\\Local\\Programs\\Python\\Python313\\Lib\\contextlib.py", line 214, in __aenter__\n    return await anext(self.gen)\n  File "C:\\Users\\VIDYANKSHINI\\AppData\\Local\\Programs\\Python\\Python313\\Lib\\site-packages\\fastapi\\routing.py", line 216, in merged_lifespan\n    async with original_context(app) as maybe_original_state:\n  File "C:\\Users\\VIDYANKSHINI\\AppData\\Local\\Programs\\Python\\Python313\\Lib\\contextlib.py", line 214, in __aenter__\n    return await anext(self.gen)\n  File "C:\\Users\\VIDYANKSHINI\\Desktop\\project\\SecuScan\\backend\\secuscan\\main.py", line 55, in lifespan\n    await init_plugins(settings.plugins_dir)\n  File "C:\\Users\\VIDYANKSHINI\\Desktop\\project\\SecuScan\\backend\\secuscan\\plugins.py", line 382, in init_plugins\n    await plugin_manager.load_plugins()\n  File "C:\\Users\\VIDYANKSHINI\\Desktop\\project\\SecuScan\\backend\\secuscan\\plugins.py", line 59, in load_plugins\n    logger.info(f"\u2713 Loaded plugin: {plugin_meta.name} v{plugin_meta.version}")\nMessage: '\u2713 Loaded plugin: Spider v1.0.0'\nArguments: ()\n--- Logging error ---\nTraceback (most recent call last):\n  File "C:\\Users\\VIDYANKSHINI\\AppData\\Local\\Programs\\Python\\Python313\\Lib\\logging\\__init__.py", line 1153, in emit\n    stream.write(msg + self.terminator)\n    ~~~~~~~~~~~~^^^^^^^^^^^^^^^^^^^^^^^\n  File "C:\\Users\\VIDYANKSHINI\\AppData\\Local\\Programs\\Python\\Python313\\Lib\\encodings\\cp1252.py", line 19, in encode\n    return codecs.charmap_encode(input,self.errors,encoding_table)[0]\n           ~~~~~~~~~~~~~~~~~~~~~^^^^^^^^^^^^^^^^^^^^^^^^^^^^^^^^^^\nUnicodeEncodeError: 'charmap' codec can't encode character '\\u2713' in position 60: character maps to <undefined>\nCall stack:\n  File "C:\\Users\\VIDYANKSHINI\\AppData\\Local\\Programs\\Python\\Python313\\Lib\\threading.py", line 1012, in _bootstrap\n    self._bootstrap_inner()\n  File "C:\\Users\\VIDYANKSHINI\\AppData\\Local\\Programs\\Python\\Python313\\Lib\\threading.py", line 1041, in _bootstrap_inner\n    self.run()\n  File "C:\\Users\\VIDYANKSHINI\\AppData\\Local\\Programs\\Python\\Python313\\Lib\\threading.py", line 992, in run\n    self._target(*self._args, **self._kwargs)\n  File "C:\\Users\\VIDYANKSHINI\\AppData\\Local\\Programs\\Python\\Python313\\Lib\\site-packages\\anyio\\from_thread.py", line 532, in run_blocking_portal\n    run_eventloop(\n  File "C:\\Users\\VIDYANKSHINI\\AppData\\Local\\Programs\\Python\\Python313\\Lib\\site-packages\\anyio\\_core\\_eventloop.py", line 77, in run\n    return async_backend.run(func, args, {}, backend_options)\n  File "C:\\Users\\VIDYANKSHINI\\AppData\\Local\\Programs\\Python\\Python313\\Lib\\site-packages\\anyio\\_backends\\_asyncio.py", line 2358, in run\n    return runner.run(wrapper())\n  File "C:\\Users\\VIDYANKSHINI\\AppData\\Local\\Programs\\Python\\Python313\\Lib\\asyncio\\runners.py", line 118, in run\n    return self._loop.run_until_complete(task)\n  File "C:\\Users\\VIDYANKSHINI\\AppData\\Local\\Programs\\Python\\Python313\\Lib\\asyncio\\base_events.py", line 712, in run_until_complete\n    self.run_forever()\n  File "C:\\Users\\VIDYANKSHINI\\AppData\\Local\\Programs\\Python\\Python313\\Lib\\asyncio\\base_events.py", line 683, in run_forever\n    self._run_once()\n  File "C:\\Users\\VIDYANKSHINI\\AppData\\Local\\Programs\\Python\\Python313\\Lib\\asyncio\\base_events.py", line 2040, in _run_once\n    handle._run()\n  File "C:\\Users\\VIDYANKSHINI\\AppData\\Local\\Programs\\Python\\Python313\\Lib\\asyncio\\events.py", line 89, in _run\n    self._context.run(self._callback, *self._args)\n  File "C:\\Users\\VIDYANKSHINI\\AppData\\Local\\Programs\\Python\\Python313\\Lib\\site-packages\\anyio\\from_thread.py", line 259, in _call_func\n    retval = await retval_or_awaitable\n  File "C:\\Users\\VIDYANKSHINI\\AppData\\Local\\Programs\\Python\\Python313\\Lib\\site-packages\\starlette\\testclient.py", line 704, in lifespan\n    await self.app(scope, self.stream_receive.receive, self.stream_send.send)\n  File "C:\\Users\\VIDYANKSHINI\\AppData\\Local\\Programs\\Python\\Python313\\Lib\\site-packages\\fastapi\\applications.py", line 1159, in __call__\n    await super().__call__(scope, receive, send)\n  File "C:\\Users\\VIDYANKSHINI\\AppData\\Local\\Programs\\Python\\Python313\\Lib\\site-packages\\starlette\\applications.py", line 107, in __call__\n    await self.middleware_stack(scope, receive, send)\n  File "C:\\Users\\VIDYANKSHINI\\AppData\\Local\\Programs\\Python\\Python313\\Lib\\site-packages\\starlette\\middleware\\errors.py", line 151, in __call__\n    await self.app(scope, receive, send)\n  File "C:\\Users\\VIDYANKSHINI\\AppData\\Local\\Programs\\Python\\Python313\\Lib\\site-packages\\starlette\\middleware\\cors.py", line 79, in __call__\n    await self.app(scope, receive, send)\n  File "C:\\Users\\VIDYANKSHINI\\AppData\\Local\\Programs\\Python\\Python313\\Lib\\site-packages\\starlette\\middleware\\exceptions.py", line 49, in __call__\n    await self.app(scope, receive, send)\n  File "C:\\Users\\VIDYANKSHINI\\AppData\\Local\\Programs\\Python\\Python313\\Lib\\site-packages\\fastapi\\middleware\\asyncexitstack.py", line 18, in __call__\n    await self.app(scope, receive, send)\n  File "C:\\Users\\VIDYANKSHINI\\AppData\\Local\\Programs\\Python\\Python313\\Lib\\site-packages\\starlette\\routing.py", line 716, in __call__\n    await self.middleware_stack(scope, receive, send)\n  File "C:\\Users\\VIDYANKSHINI\\AppData\\Local\\Programs\\Python\\Python313\\Lib\\site-packages\\starlette\\routing.py", line 725, in app\n    await self.lifespan(scope, receive, send)\n  File "C:\\Users\\VIDYANKSHINI\\AppData\\Local\\Programs\\Python\\Python313\\Lib\\site-packages\\starlette\\routing.py", line 694, in lifespan\n    async with self.lifespan_context(app) as maybe_state:\n  File "C:\\Users\\VIDYANKSHINI\\AppData\\Local\\Programs\\Python\\Python313\\Lib\\contextlib.py", line 214, in __aenter__\n    return await anext(self.gen)\n  File "C:\\Users\\VIDYANKSHINI\\AppData\\Local\\Programs\\Python\\Python313\\Lib\\site-packages\\fastapi\\routing.py", line 216, in merged_lifespan\n    async with original_context(app) as maybe_original_state:\n  File "C:\\Users\\VIDYANKSHINI\\AppData\\Local\\Programs\\Python\\Python313\\Lib\\contextlib.py", line 214, in __aenter__\n    return await anext(self.gen)\n  File "C:\\Users\\VIDYANKSHINI\\Desktop\\project\\SecuScan\\backend\\secuscan\\main.py", line 55, in lifespan\n    await init_plugins(settings.plugins_dir)\n  File "C:\\Users\\VIDYANKSHINI\\Desktop\\project\\SecuScan\\backend\\secuscan\\plugins.py", line 382, in init_plugins\n    await plugin_manager.load_plugins()\n  File "C:\\Users\\VIDYANKSHINI\\Desktop\\project\\SecuScan\\backend\\secuscan\\plugins.py", line 59, in load_plugins\n    logger.info(f"\u2713 Loaded plugin: {plugin_meta.name} v{plugin_meta.version}")\nMessage: '\u2713 Loaded plugin: SQL Injection Feasibility v1.0.0'\nArguments: ()\n--- Logging error ---\nTraceback (most recent call last):\n  File "C:\\Users\\VIDYANKSHINI\\AppData\\Local\\Programs\\Python\\Python313\\Lib\\logging\\__init__.py", line 1153, in emit\n    stream.write(msg + self.terminator)\n    ~~~~~~~~~~~~^^^^^^^^^^^^^^^^^^^^^^^\n  File "C:\\Users\\VIDYANKSHINI\\AppData\\Local\\Programs\\Python\\Python313\\Lib\\encodings\\cp1252.py", line 19, in encode\n    return codecs.charmap_encode(input,self.errors,encoding_table)[0]\n           ~~~~~~~~~~~~~~~~~~~~~^^^^^^^^^^^^^^^^^^^^^^^^^^^^^^^^^^\nUnicodeEncodeError: 'charmap' codec can't encode character '\\u2713' in position 60: character maps to <undefined>\nCall stack:\n  File "C:\\Users\\VIDYANKSHINI\\AppData\\Local\\Programs\\Python\\Python313\\Lib\\threading.py", line 1012, in _bootstrap\n    self._bootstrap_inner()\n  File "C:\\Users\\VIDYANKSHINI\\AppData\\Local\\Programs\\Python\\Python313\\Lib\\threading.py", line 1041, in _bootstrap_inner\n    self.run()\n  File "C:\\Users\\VIDYANKSHINI\\AppData\\Local\\Programs\\Python\\Python313\\Lib\\threading.py", line 992, in run\n    self._target(*self._args, **self._kwargs)\n  File "C:\\Users\\VIDYANKSHINI\\AppData\\Local\\Programs\\Python\\Python313\\Lib\\site-packages\\anyio\\from_thread.py", line 532, in run_blocking_portal\n    run_eventloop(\n  File "C:\\Users\\VIDYANKSHINI\\AppData\\Local\\Programs\\Python\\Python313\\Lib\\site-packages\\anyio\\_core\\_eventloop.py", line 77, in run\n    return async_backend.run(func, args, {}, backend_options)\n  File "C:\\Users\\VIDYANKSHINI\\AppData\\Local\\Programs\\Python\\Python313\\Lib\\site-packages\\anyio\\_backends\\_asyncio.py", line 2358, in run\n    return runner.run(wrapper())\n  File "C:\\Users\\VIDYANKSHINI\\AppData\\Local\\Programs\\Python\\Python313\\Lib\\asyncio\\runners.py", line 118, in run\n    return self._loop.run_until_complete(task)\n  File "C:\\Users\\VIDYANKSHINI\\AppData\\Local\\Programs\\Python\\Python313\\Lib\\asyncio\\base_events.py", line 712, in run_until_complete\n    self.run_forever()\n  File "C:\\Users\\VIDYANKSHINI\\AppData\\Local\\Programs\\Python\\Python313\\Lib\\asyncio\\base_events.py", line 683, in run_forever\n    self._run_once()\n  File "C:\\Users\\VIDYANKSHINI\\AppData\\Local\\Programs\\Python\\Python313\\Lib\\asyncio\\base_events.py", line 2040, in _run_once\n    handle._run()\n  File "C:\\Users\\VIDYANKSHINI\\AppData\\Local\\Programs\\Python\\Python313\\Lib\\asyncio\\events.py", line 89, in _run\n    self._context.run(self._callback, *self._args)\n  File "C:\\Users\\VIDYANKSHINI\\AppData\\Local\\Programs\\Python\\Python313\\Lib\\site-packages\\anyio\\from_thread.py", line 259, in _call_func\n    retval = await retval_or_awaitable\n  File "C:\\Users\\VIDYANKSHINI\\AppData\\Local\\Programs\\Python\\Python313\\Lib\\site-packages\\starlette\\testclient.py", line 704, in lifespan\n    await self.app(scope, self.stream_receive.receive, self.stream_send.send)\n  File "C:\\Users\\VIDYANKSHINI\\AppData\\Local\\Programs\\Python\\Python313\\Lib\\site-packages\\fastapi\\applications.py", line 1159, in __call__\n    await super().__call__(scope, receive, send)\n  File "C:\\Users\\VIDYANKSHINI\\AppData\\Local\\Programs\\Python\\Python313\\Lib\\site-packages\\starlette\\applications.py", line 107, in __call__\n    await self.middleware_stack(scope, receive, send)\n  File "C:\\Users\\VIDYANKSHINI\\AppData\\Local\\Programs\\Python\\Python313\\Lib\\site-packages\\starlette\\middleware\\errors.py", line 151, in __call__\n    await self.app(scope, receive, send)\n  File "C:\\Users\\VIDYANKSHINI\\AppData\\Local\\Programs\\Python\\Python313\\Lib\\site-packages\\starlette\\middleware\\cors.py", line 79, in __call__\n    await self.app(scope, receive, send)\n  File "C:\\Users\\VIDYANKSHINI\\AppData\\Local\\Programs\\Python\\Python313\\Lib\\site-packages\\starlette\\middleware\\exceptions.py", line 49, in __call__\n    await self.app(scope, receive, send)\n  File "C:\\Users\\VIDYANKSHINI\\AppData\\Local\\Programs\\Python\\Python313\\Lib\\site-packages\\fastapi\\middleware\\asyncexitstack.py", line 18, in __call__\n    await self.app(scope, receive, send)\n  File "C:\\Users\\VIDYANKSHINI\\AppData\\Local\\Programs\\Python\\Python313\\Lib\\site-packages\\starlette\\routing.py", line 716, in __call__\n    await self.middleware_stack(scope, receive, send)\n  File "C:\\Users\\VIDYANKSHINI\\AppData\\Local\\Programs\\Python\\Python313\\Lib\\site-packages\\starlette\\routing.py", line 725, in app\n    await self.lifespan(scope, receive, send)\n  File "C:\\Users\\VIDYANKSHINI\\AppData\\Local\\Programs\\Python\\Python313\\Lib\\site-packages\\starlette\\routing.py", line 694, in lifespan\n    async with self.lifespan_context(app) as maybe_state:\n  File "C:\\Users\\VIDYANKSHINI\\AppData\\Local\\Programs\\Python\\Python313\\Lib\\contextlib.py", line 214, in __aenter__\n    return await anext(self.gen)\n  File "C:\\Users\\VIDYANKSHINI\\AppData\\Local\\Programs\\Python\\Python313\\Lib\\site-packages\\fastapi\\routing.py", line 216, in merged_lifespan\n    async with original_context(app) as maybe_original_state:\n  File "C:\\Users\\VIDYANKSHINI\\AppData\\Local\\Programs\\Python\\Python313\\Lib\\contextlib.py", line 214, in __aenter__\n    return await anext(self.gen)\n  File "C:\\Users\\VIDYANKSHINI\\Desktop\\project\\SecuScan\\backend\\secuscan\\main.py", line 55, in lifespan\n    await init_plugins(settings.plugins_dir)\n  File "C:\\Users\\VIDYANKSHINI\\Desktop\\project\\SecuScan\\backend\\secuscan\\plugins.py", line 382, in init_plugins\n    await plugin_manager.load_plugins()\n  File "C:\\Users\\VIDYANKSHINI\\Desktop\\project\\SecuScan\\backend\\secuscan\\plugins.py", line 59, in load_plugins\n    logger.info(f"\u2713 Loaded plugin: {plugin_meta.name} v{plugin_meta.version}")\nMessage: '\u2713 Loaded plugin: SQLi Exploiter v1.0.0'\nArguments: ()\n--- Logging error ---\nTraceback (most recent call last):\n  File "C:\\Users\\VIDYANKSHINI\\AppData\\Local\\Programs\\Python\\Python313\\Lib\\logging\\__init__.py", line 1153, in emit\n    stream.write(msg + self.terminator)\n    ~~~~~~~~~~~~^^^^^^^^^^^^^^^^^^^^^^^\n  File "C:\\Users\\VIDYANKSHINI\\AppData\\Local\\Programs\\Python\\Python313\\Lib\\encodings\\cp1252.py", line 19, in encode\n    return codecs.charmap_encode(input,self.errors,encoding_table)[0]\n           ~~~~~~~~~~~~~~~~~~~~~^^^^^^^^^^^^^^^^^^^^^^^^^^^^^^^^^^\nUnicodeEncodeError: 'charmap' codec can't encode character '\\u2713' in position 60: character maps to <undefined>\nCall stack:\n  File "C:\\Users\\VIDYANKSHINI\\AppData\\Local\\Programs\\Python\\Python313\\Lib\\threading.py", line 1012, in _bootstrap\n    self._bootstrap_inner()\n  File "C:\\Users\\VIDYANKSHINI\\AppData\\Local\\Programs\\Python\\Python313\\Lib\\threading.py", line 1041, in _bootstrap_inner\n    self.run()\n  File "C:\\Users\\VIDYANKSHINI\\AppData\\Local\\Programs\\Python\\Python313\\Lib\\threading.py", line 992, in run\n    self._target(*self._args, **self._kwargs)\n  File "C:\\Users\\VIDYANKSHINI\\AppData\\Local\\Programs\\Python\\Python313\\Lib\\site-packages\\anyio\\from_thread.py", line 532, in run_blocking_portal\n    run_eventloop(\n  File "C:\\Users\\VIDYANKSHINI\\AppData\\Local\\Programs\\Python\\Python313\\Lib\\site-packages\\anyio\\_core\\_eventloop.py", line 77, in run\n    return async_backend.run(func, args, {}, backend_options)\n  File "C:\\Users\\VIDYANKSHINI\\AppData\\Local\\Programs\\Python\\Python313\\Lib\\site-packages\\anyio\\_backends\\_asyncio.py", line 2358, in run\n    return runner.run(wrapper())\n  File "C:\\Users\\VIDYANKSHINI\\AppData\\Local\\Programs\\Python\\Python313\\Lib\\asyncio\\runners.py", line 118, in run\n    return self._loop.run_until_complete(task)\n  File "C:\\Users\\VIDYANKSHINI\\AppData\\Local\\Programs\\Python\\Python313\\Lib\\asyncio\\base_events.py", line 712, in run_until_complete\n    self.run_forever()\n  File "C:\\Users\\VIDYANKSHINI\\AppData\\Local\\Programs\\Python\\Python313\\Lib\\asyncio\\base_events.py", line 683, in run_forever\n    self._run_once()\n  File "C:\\Users\\VIDYANKSHINI\\AppData\\Local\\Programs\\Python\\Python313\\Lib\\asyncio\\base_events.py", line 2040, in _run_once\n    handle._run()\n  File "C:\\Users\\VIDYANKSHINI\\AppData\\Local\\Programs\\Python\\Python313\\Lib\\asyncio\\events.py", line 89, in _run\n    self._context.run(self._callback, *self._args)\n  File "C:\\Users\\VIDYANKSHINI\\AppData\\Local\\Programs\\Python\\Python313\\Lib\\site-packages\\anyio\\from_thread.py", line 259, in _call_func\n    retval = await retval_or_awaitable\n  File "C:\\Users\\VIDYANKSHINI\\AppData\\Local\\Programs\\Python\\Python313\\Lib\\site-packages\\starlette\\testclient.py", line 704, in lifespan\n    await self.app(scope, self.stream_receive.receive, self.stream_send.send)\n  File "C:\\Users\\VIDYANKSHINI\\AppData\\Local\\Programs\\Python\\Python313\\Lib\\site-packages\\fastapi\\applications.py", line 1159, in __call__\n    await super().__call__(scope, receive, send)\n  File "C:\\Users\\VIDYANKSHINI\\AppData\\Local\\Programs\\Python\\Python313\\Lib\\site-packages\\starlette\\applications.py", line 107, in __call__\n    await self.middleware_stack(scope, receive, send)\n  File "C:\\Users\\VIDYANKSHINI\\AppData\\Local\\Programs\\Python\\Python313\\Lib\\site-packages\\starlette\\middleware\\errors.py", line 151, in __call__\n    await self.app(scope, receive, send)\n  File "C:\\Users\\VIDYANKSHINI\\AppData\\Local\\Programs\\Python\\Python313\\Lib\\site-packages\\starlette\\middleware\\cors.py", line 79, in __call__\n    await self.app(scope, receive, send)\n  File "C:\\Users\\VIDYANKSHINI\\AppData\\Local\\Programs\\Python\\Python313\\Lib\\site-packages\\starlette\\middleware\\exceptions.py", line 49, in __call__\n    await self.app(scope, receive, send)\n  File "C:\\Users\\VIDYANKSHINI\\AppData\\Local\\Programs\\Python\\Python313\\Lib\\site-packages\\fastapi\\middleware\\asyncexitstack.py", line 18, in __call__\n    await self.app(scope, receive, send)\n  File "C:\\Users\\VIDYANKSHINI\\AppData\\Local\\Programs\\Python\\Python313\\Lib\\site-packages\\starlette\\routing.py", line 716, in __call__\n    await self.middleware_stack(scope, receive, send)\n  File "C:\\Users\\VIDYANKSHINI\\AppData\\Local\\Programs\\Python\\Python313\\Lib\\site-packages\\starlette\\routing.py", line 725, in app\n    await self.lifespan(scope, receive, send)\n  File "C:\\Users\\VIDYANKSHINI\\AppData\\Local\\Programs\\Python\\Python313\\Lib\\site-packages\\starlette\\routing.py", line 694, in lifespan\n    async with self.lifespan_context(app) as maybe_state:\n  File "C:\\Users\\VIDYANKSHINI\\AppData\\Local\\Programs\\Python\\Python313\\Lib\\contextlib.py", line 214, in __aenter__\n    return await anext(self.gen)\n  File "C:\\Users\\VIDYANKSHINI\\AppData\\Local\\Programs\\Python\\Python313\\Lib\\site-packages\\fastapi\\routing.py", line 216, in merged_lifespan\n    async with original_context(app) as maybe_original_state:\n  File "C:\\Users\\VIDYANKSHINI\\AppData\\Local\\Programs\\Python\\Python313\\Lib\\contextlib.py", line 214, in __aenter__\n    return await anext(self.gen)\n  File "C:\\Users\\VIDYANKSHINI\\Desktop\\project\\SecuScan\\backend\\secuscan\\main.py", line 55, in lifespan\n    await init_plugins(settings.plugins_dir)\n  File "C:\\Users\\VIDYANKSHINI\\Desktop\\project\\SecuScan\\backend\\secuscan\\plugins.py", line 382, in init_plugins\n    await plugin_manager.load_plugins()\n  File "C:\\Users\\VIDYANKSHINI\\Desktop\\project\\SecuScan\\backend\\secuscan\\plugins.py", line 59, in load_plugins\n    logger.info(f"\u2713 Loaded plugin: {plugin_meta.name} v{plugin_meta.version}")\nMessage: '\u2713 Loaded plugin: SQL Injection Testing v1.0.0'\nArguments: ()\n--- Logging error ---\nTraceback (most recent call last):\n  File "C:\\Users\\VIDYANKSHINI\\AppData\\Local\\Programs\\Python\\Python313\\Lib\\logging\\__init__.py", line 1153, in emit\n    stream.write(msg + self.terminator)\n    ~~~~~~~~~~~~^^^^^^^^^^^^^^^^^^^^^^^\n  File "C:\\Users\\VIDYANKSHINI\\AppData\\Local\\Programs\\Python\\Python313\\Lib\\encodings\\cp1252.py", line 19, in encode\n    return codecs.charmap_encode(input,self.errors,encoding_table)[0]\n           ~~~~~~~~~~~~~~~~~~~~~^^^^^^^^^^^^^^^^^^^^^^^^^^^^^^^^^^\nUnicodeEncodeError: 'charmap' codec can't encode character '\\u2713' in position 60: character maps to <undefined>\nCall stack:\n  File "C:\\Users\\VIDYANKSHINI\\AppData\\Local\\Programs\\Python\\Python313\\Lib\\threading.py", line 1012, in _bootstrap\n    self._bootstrap_inner()\n  File "C:\\Users\\VIDYANKSHINI\\AppData\\Local\\Programs\\Python\\Python313\\Lib\\threading.py", line 1041, in _bootstrap_inner\n    self.run()\n  File "C:\\Users\\VIDYANKSHINI\\AppData\\Local\\Programs\\Python\\Python313\\Lib\\threading.py", line 992, in run\n    self._target(*self._args, **self._kwargs)\n  File "C:\\Users\\VIDYANKSHINI\\AppData\\Local\\Programs\\Python\\Python313\\Lib\\site-packages\\anyio\\from_thread.py", line 532, in run_blocking_portal\n    run_eventloop(\n  File "C:\\Users\\VIDYANKSHINI\\AppData\\Local\\Programs\\Python\\Python313\\Lib\\site-packages\\anyio\\_core\\_eventloop.py", line 77, in run\n    return async_backend.run(func, args, {}, backend_options)\n  File "C:\\Users\\VIDYANKSHINI\\AppData\\Local\\Programs\\Python\\Python313\\Lib\\site-packages\\anyio\\_backends\\_asyncio.py", line 2358, in run\n    return runner.run(wrapper())\n  File "C:\\Users\\VIDYANKSHINI\\AppData\\Local\\Programs\\Python\\Python313\\Lib\\asyncio\\runners.py", line 118, in run\n    return self._loop.run_until_complete(task)\n  File "C:\\Users\\VIDYANKSHINI\\AppData\\Local\\Programs\\Python\\Python313\\Lib\\asyncio\\base_events.py", line 712, in run_until_complete\n    self.run_forever()\n  File "C:\\Users\\VIDYANKSHINI\\AppData\\Local\\Programs\\Python\\Python313\\Lib\\asyncio\\base_events.py", line 683, in run_forever\n    self._run_once()\n  File "C:\\Users\\VIDYANKSHINI\\AppData\\Local\\Programs\\Python\\Python313\\Lib\\asyncio\\base_events.py", line 2040, in _run_once\n    handle._run()\n  File "C:\\Users\\VIDYANKSHINI\\AppData\\Local\\Programs\\Python\\Python313\\Lib\\asyncio\\events.py", line 89, in _run\n    self._context.run(self._callback, *self._args)\n  File "C:\\Users\\VIDYANKSHINI\\AppData\\Local\\Programs\\Python\\Python313\\Lib\\site-packages\\anyio\\from_thread.py", line 259, in _call_func\n    retval = await retval_or_awaitable\n  File "C:\\Users\\VIDYANKSHINI\\AppData\\Local\\Programs\\Python\\Python313\\Lib\\site-packages\\starlette\\testclient.py", line 704, in lifespan\n    await self.app(scope, self.stream_receive.receive, self.stream_send.send)\n  File "C:\\Users\\VIDYANKSHINI\\AppData\\Local\\Programs\\Python\\Python313\\Lib\\site-packages\\fastapi\\applications.py", line 1159, in __call__\n    await super().__call__(scope, receive, send)\n  File "C:\\Users\\VIDYANKSHINI\\AppData\\Local\\Programs\\Python\\Python313\\Lib\\site-packages\\starlette\\applications.py", line 107, in __call__\n    await self.middleware_stack(scope, receive, send)\n  File "C:\\Users\\VIDYANKSHINI\\AppData\\Local\\Programs\\Python\\Python313\\Lib\\site-packages\\starlette\\middleware\\errors.py", line 151, in __call__\n    await self.app(scope, receive, send)\n  File "C:\\Users\\VIDYANKSHINI\\AppData\\Local\\Programs\\Python\\Python313\\Lib\\site-packages\\starlette\\middleware\\cors.py", line 79, in __call__\n    await self.app(scope, receive, send)\n  File "C:\\Users\\VIDYANKSHINI\\AppData\\Local\\Programs\\Python\\Python313\\Lib\\site-packages\\starlette\\middleware\\exceptions.py", line 49, in __call__\n    await self.app(scope, receive, send)\n  File "C:\\Users\\VIDYANKSHINI\\AppData\\Local\\Programs\\Python\\Python313\\Lib\\site-packages\\fastapi\\middleware\\asyncexitstack.py", line 18, in __call__\n    await self.app(scope, receive, send)\n  File "C:\\Users\\VIDYANKSHINI\\AppData\\Local\\Programs\\Python\\Python313\\Lib\\site-packages\\starlette\\routing.py", line 716, in __call__\n    await self.middleware_stack(scope, receive, send)\n  File "C:\\Users\\VIDYANKSHINI\\AppData\\Local\\Programs\\Python\\Python313\\Lib\\site-packages\\starlette\\routing.py", line 725, in app\n    await self.lifespan(scope, receive, send)\n  File "C:\\Users\\VIDYANKSHINI\\AppData\\Local\\Programs\\Python\\Python313\\Lib\\site-packages\\starlette\\routing.py", line 694, in lifespan\n    async with self.lifespan_context(app) as maybe_state:\n  File "C:\\Users\\VIDYANKSHINI\\AppData\\Local\\Programs\\Python\\Python313\\Lib\\contextlib.py", line 214, in __aenter__\n    return await anext(self.gen)\n  File "C:\\Users\\VIDYANKSHINI\\AppData\\Local\\Programs\\Python\\Python313\\Lib\\site-packages\\fastapi\\routing.py", line 216, in merged_lifespan\n    async with original_context(app) as maybe_original_state:\n  File "C:\\Users\\VIDYANKSHINI\\AppData\\Local\\Programs\\Python\\Python313\\Lib\\contextlib.py", line 214, in __aenter__\n    return await anext(self.gen)\n  File "C:\\Users\\VIDYANKSHINI\\Desktop\\project\\SecuScan\\backend\\secuscan\\main.py", line 55, in lifespan\n    await init_plugins(settings.plugins_dir)\n  File "C:\\Users\\VIDYANKSHINI\\Desktop\\project\\SecuScan\\backend\\secuscan\\plugins.py", line 382, in init_plugins\n    await plugin_manager.load_plugins()\n  File "C:\\Users\\VIDYANKSHINI\\Desktop\\project\\SecuScan\\backend\\secuscan\\plugins.py", line 59, in load_plugins\n    logger.info(f"\u2713 Loaded plugin: {plugin_meta.name} v{plugin_meta.version}")\nMessage: '\u2713 Loaded plugin: SSH Runner v1.0.0'\nArguments: ()\n--- Logging error ---\nTraceback (most recent call last):\n  File "C:\\Users\\VIDYANKSHINI\\AppData\\Local\\Programs\\Python\\Python313\\Lib\\logging\\__init__.py", line 1153, in emit\n    stream.write(msg + self.terminator)\n    ~~~~~~~~~~~~^^^^^^^^^^^^^^^^^^^^^^^\n  File "C:\\Users\\VIDYANKSHINI\\AppData\\Local\\Programs\\Python\\Python313\\Lib\\encodings\\cp1252.py", line 19, in encode\n    return codecs.charmap_encode(input,self.errors,encoding_table)[0]\n           ~~~~~~~~~~~~~~~~~~~~~^^^^^^^^^^^^^^^^^^^^^^^^^^^^^^^^^^\nUnicodeEncodeError: 'charmap' codec can't encode character '\\u2713' in position 60: character maps to <undefined>\nCall stack:\n  File "C:\\Users\\VIDYANKSHINI\\AppData\\Local\\Programs\\Python\\Python313\\Lib\\threading.py", line 1012, in _bootstrap\n    self._bootstrap_inner()\n  File "C:\\Users\\VIDYANKSHINI\\AppData\\Local\\Programs\\Python\\Python313\\Lib\\threading.py", line 1041, in _bootstrap_inner\n    self.run()\n  File "C:\\Users\\VIDYANKSHINI\\AppData\\Local\\Programs\\Python\\Python313\\Lib\\threading.py", line 992, in run\n    self._target(*self._args, **self._kwargs)\n  File "C:\\Users\\VIDYANKSHINI\\AppData\\Local\\Programs\\Python\\Python313\\Lib\\site-packages\\anyio\\from_thread.py", line 532, in run_blocking_portal\n    run_eventloop(\n  File "C:\\Users\\VIDYANKSHINI\\AppData\\Local\\Programs\\Python\\Python313\\Lib\\site-packages\\anyio\\_core\\_eventloop.py", line 77, in run\n    return async_backend.run(func, args, {}, backend_options)\n  File "C:\\Users\\VIDYANKSHINI\\AppData\\Local\\Programs\\Python\\Python313\\Lib\\site-packages\\anyio\\_backends\\_asyncio.py", line 2358, in run\n    return runner.run(wrapper())\n  File "C:\\Users\\VIDYANKSHINI\\AppData\\Local\\Programs\\Python\\Python313\\Lib\\asyncio\\runners.py", line 118, in run\n    return self._loop.run_until_complete(task)\n  File "C:\\Users\\VIDYANKSHINI\\AppData\\Local\\Programs\\Python\\Python313\\Lib\\asyncio\\base_events.py", line 712, in run_until_complete\n    self.run_forever()\n  File "C:\\Users\\VIDYANKSHINI\\AppData\\Local\\Programs\\Python\\Python313\\Lib\\asyncio\\base_events.py", line 683, in run_forever\n    self._run_once()\n  File "C:\\Users\\VIDYANKSHINI\\AppData\\Local\\Programs\\Python\\Python313\\Lib\\asyncio\\base_events.py", line 2040, in _run_once\n    handle._run()\n  File "C:\\Users\\VIDYANKSHINI\\AppData\\Local\\Programs\\Python\\Python313\\Lib\\asyncio\\events.py", line 89, in _run\n    self._context.run(self._callback, *self._args)\n  File "C:\\Users\\VIDYANKSHINI\\AppData\\Local\\Programs\\Python\\Python313\\Lib\\site-packages\\anyio\\from_thread.py", line 259, in _call_func\n    retval = await retval_or_awaitable\n  File "C:\\Users\\VIDYANKSHINI\\AppData\\Local\\Programs\\Python\\Python313\\Lib\\site-packages\\starlette\\testclient.py", line 704, in lifespan\n    await self.app(scope, self.stream_receive.receive, self.stream_send.send)\n  File "C:\\Users\\VIDYANKSHINI\\AppData\\Local\\Programs\\Python\\Python313\\Lib\\site-packages\\fastapi\\applications.py", line 1159, in __call__\n    await super().__call__(scope, receive, send)\n  File "C:\\Users\\VIDYANKSHINI\\AppData\\Local\\Programs\\Python\\Python313\\Lib\\site-packages\\starlette\\applications.py", line 107, in __call__\n    await self.middleware_stack(scope, receive, send)\n  File "C:\\Users\\VIDYANKSHINI\\AppData\\Local\\Programs\\Python\\Python313\\Lib\\site-packages\\starlette\\middleware\\errors.py", line 151, in __call__\n    await self.app(scope, receive, send)\n  File "C:\\Users\\VIDYANKSHINI\\AppData\\Local\\Programs\\Python\\Python313\\Lib\\site-packages\\starlette\\middleware\\cors.py", line 79, in __call__\n    await self.app(scope, receive, send)\n  File "C:\\Users\\VIDYANKSHINI\\AppData\\Local\\Programs\\Python\\Python313\\Lib\\site-packages\\starlette\\middleware\\exceptions.py", line 49, in __call__\n    await self.app(scope, receive, send)\n  File "C:\\Users\\VIDYANKSHINI\\AppData\\Local\\Programs\\Python\\Python313\\Lib\\site-packages\\fastapi\\middleware\\asyncexitstack.py", line 18, in __call__\n    await self.app(scope, receive, send)\n  File "C:\\Users\\VIDYANKSHINI\\AppData\\Local\\Programs\\Python\\Python313\\Lib\\site-packages\\starlette\\routing.py", line 716, in __call__\n    await self.middleware_stack(scope, receive, send)\n  File "C:\\Users\\VIDYANKSHINI\\AppData\\Local\\Programs\\Python\\Python313\\Lib\\site-packages\\starlette\\routing.py", line 725, in app\n    await self.lifespan(scope, receive, send)\n  File "C:\\Users\\VIDYANKSHINI\\AppData\\Local\\Programs\\Python\\Python313\\Lib\\site-packages\\starlette\\routing.py", line 694, in lifespan\n    async with self.lifespan_context(app) as maybe_state:\n  File "C:\\Users\\VIDYANKSHINI\\AppData\\Local\\Programs\\Python\\Python313\\Lib\\contextlib.py", line 214, in __aenter__\n    return await anext(self.gen)\n  File "C:\\Users\\VIDYANKSHINI\\AppData\\Local\\Programs\\Python\\Python313\\Lib\\site-packages\\fastapi\\routing.py", line 216, in merged_lifespan\n    async with original_context(app) as maybe_original_state:\n  File "C:\\Users\\VIDYANKSHINI\\AppData\\Local\\Programs\\Python\\Python313\\Lib\\contextlib.py", line 214, in __aenter__\n    return await anext(self.gen)\n  File "C:\\Users\\VIDYANKSHINI\\Desktop\\project\\SecuScan\\backend\\secuscan\\main.py", line 55, in lifespan\n    await init_plugins(settings.plugins_dir)\n  File "C:\\Users\\VIDYANKSHINI\\Desktop\\project\\SecuScan\\backend\\secuscan\\plugins.py", line 382, in init_plugins\n    await plugin_manager.load_plugins()\n  File "C:\\Users\\VIDYANKSHINI\\Desktop\\project\\SecuScan\\backend\\secuscan\\plugins.py", line 59, in load_plugins\n    logger.info(f"\u2713 Loaded plugin: {plugin_meta.name} v{plugin_meta.version}")\nMessage: '\u2713 Loaded plugin: Subdomain Finder v1.0.0'\nArguments: ()\n--- Logging error ---\nTraceback (most recent call last):\n  File "C:\\Users\\VIDYANKSHINI\\AppData\\Local\\Programs\\Python\\Python313\\Lib\\logging\\__init__.py", line 1153, in emit\n    stream.write(msg + self.terminator)\n    ~~~~~~~~~~~~^^^^^^^^^^^^^^^^^^^^^^^\n  File "C:\\Users\\VIDYANKSHINI\\AppData\\Local\\Programs\\Python\\Python313\\Lib\\encodings\\cp1252.py", line 19, in encode\n    return codecs.charmap_encode(input,self.errors,encoding_table)[0]\n           ~~~~~~~~~~~~~~~~~~~~~^^^^^^^^^^^^^^^^^^^^^^^^^^^^^^^^^^\nUnicodeEncodeError: 'charmap' codec can't encode character '\\u2713' in position 60: character maps to <undefined>\nCall stack:\n  File "C:\\Users\\VIDYANKSHINI\\AppData\\Local\\Programs\\Python\\Python313\\Lib\\threading.py", line 1012, in _bootstrap\n    self._bootstrap_inner()\n  File "C:\\Users\\VIDYANKSHINI\\AppData\\Local\\Programs\\Python\\Python313\\Lib\\threading.py", line 1041, in _bootstrap_inner\n    self.run()\n  File "C:\\Users\\VIDYANKSHINI\\AppData\\Local\\Programs\\Python\\Python313\\Lib\\threading.py", line 992, in run\n    self._target(*self._args, **self._kwargs)\n  File "C:\\Users\\VIDYANKSHINI\\AppData\\Local\\Programs\\Python\\Python313\\Lib\\site-packages\\anyio\\from_thread.py", line 532, in run_blocking_portal\n    run_eventloop(\n  File "C:\\Users\\VIDYANKSHINI\\AppData\\Local\\Programs\\Python\\Python313\\Lib\\site-packages\\anyio\\_core\\_eventloop.py", line 77, in run\n    return async_backend.run(func, args, {}, backend_options)\n  File "C:\\Users\\VIDYANKSHINI\\AppData\\Local\\Programs\\Python\\Python313\\Lib\\site-packages\\anyio\\_backends\\_asyncio.py", line 2358, in run\n    return runner.run(wrapper())\n  File "C:\\Users\\VIDYANKSHINI\\AppData\\Local\\Programs\\Python\\Python313\\Lib\\asyncio\\runners.py", line 118, in run\n    return self._loop.run_until_complete(task)\n  File "C:\\Users\\VIDYANKSHINI\\AppData\\Local\\Programs\\Python\\Python313\\Lib\\asyncio\\base_events.py", line 712, in run_until_complete\n    self.run_forever()\n  File "C:\\Users\\VIDYANKSHINI\\AppData\\Local\\Programs\\Python\\Python313\\Lib\\asyncio\\base_events.py", line 683, in run_forever\n    self._run_once()\n  File "C:\\Users\\VIDYANKSHINI\\AppData\\Local\\Programs\\Python\\Python313\\Lib\\asyncio\\base_events.py", line 2040, in _run_once\n    handle._run()\n  File "C:\\Users\\VIDYANKSHINI\\AppData\\Local\\Programs\\Python\\Python313\\Lib\\asyncio\\events.py", line 89, in _run\n    self._context.run(self._callback, *self._args)\n  File "C:\\Users\\VIDYANKSHINI\\AppData\\Local\\Programs\\Python\\Python313\\Lib\\site-packages\\anyio\\from_thread.py", line 259, in _call_func\n    retval = await retval_or_awaitable\n  File "C:\\Users\\VIDYANKSHINI\\AppData\\Local\\Programs\\Python\\Python313\\Lib\\site-packages\\starlette\\testclient.py", line 704, in lifespan\n    await self.app(scope, self.stream_receive.receive, self.stream_send.send)\n  File "C:\\Users\\VIDYANKSHINI\\AppData\\Local\\Programs\\Python\\Python313\\Lib\\site-packages\\fastapi\\applications.py", line 1159, in __call__\n    await super().__call__(scope, receive, send)\n  File "C:\\Users\\VIDYANKSHINI\\AppData\\Local\\Programs\\Python\\Python313\\Lib\\site-packages\\starlette\\applications.py", line 107, in __call__\n    await self.middleware_stack(scope, receive, send)\n  File "C:\\Users\\VIDYANKSHINI\\AppData\\Local\\Programs\\Python\\Python313\\Lib\\site-packages\\starlette\\middleware\\errors.py", line 151, in __call__\n    await self.app(scope, receive, send)\n  File "C:\\Users\\VIDYANKSHINI\\AppData\\Local\\Programs\\Python\\Python313\\Lib\\site-packages\\starlette\\middleware\\cors.py", line 79, in __call__\n    await self.app(scope, receive, send)\n  File "C:\\Users\\VIDYANKSHINI\\AppData\\Local\\Programs\\Python\\Python313\\Lib\\site-packages\\starlette\\middleware\\exceptions.py", line 49, in __call__\n    await self.app(scope, receive, send)\n  File "C:\\Users\\VIDYANKSHINI\\AppData\\Local\\Programs\\Python\\Python313\\Lib\\site-packages\\fastapi\\middleware\\asyncexitstack.py", line 18, in __call__\n    await self.app(scope, receive, send)\n  File "C:\\Users\\VIDYANKSHINI\\AppData\\Local\\Programs\\Python\\Python313\\Lib\\site-packages\\starlette\\routing.py", line 716, in __call__\n    await self.middleware_stack(scope, receive, send)\n  File "C:\\Users\\VIDYANKSHINI\\AppData\\Local\\Programs\\Python\\Python313\\Lib\\site-packages\\starlette\\routing.py", line 725, in app\n    await self.lifespan(scope, receive, send)\n  File "C:\\Users\\VIDYANKSHINI\\AppData\\Local\\Programs\\Python\\Python313\\Lib\\site-packages\\starlette\\routing.py", line 694, in lifespan\n    async with self.lifespan_context(app) as maybe_state:\n  File "C:\\Users\\VIDYANKSHINI\\AppData\\Local\\Programs\\Python\\Python313\\Lib\\contextlib.py", line 214, in __aenter__\n    return await anext(self.gen)\n  File "C:\\Users\\VIDYANKSHINI\\AppData\\Local\\Programs\\Python\\Python313\\Lib\\site-packages\\fastapi\\routing.py", line 216, in merged_lifespan\n    async with original_context(app) as maybe_original_state:\n  File "C:\\Users\\VIDYANKSHINI\\AppData\\Local\\Programs\\Python\\Python313\\Lib\\contextlib.py", line 214, in __aenter__\n    return await anext(self.gen)\n  File "C:\\Users\\VIDYANKSHINI\\Desktop\\project\\SecuScan\\backend\\secuscan\\main.py", line 55, in lifespan\n    await init_plugins(settings.plugins_dir)\n  File "C:\\Users\\VIDYANKSHINI\\Desktop\\project\\SecuScan\\backend\\secuscan\\plugins.py", line 382, in init_plugins\n    await plugin_manager.load_plugins()\n  File "C:\\Users\\VIDYANKSHINI\\Desktop\\project\\SecuScan\\backend\\secuscan\\plugins.py", line 59, in load_plugins\n    logger.info(f"\u2713 Loaded plugin: {plugin_meta.name} v{plugin_meta.version}")\nMessage: '\u2713 Loaded plugin: Subdomain Scanner v1.0.0'\nArguments: ()\n--- Logging error ---\nTraceback (most recent call last):\n  File "C:\\Users\\VIDYANKSHINI\\AppData\\Local\\Programs\\Python\\Python313\\Lib\\logging\\__init__.py", line 1153, in emit\n    stream.write(msg + self.terminator)\n    ~~~~~~~~~~~~^^^^^^^^^^^^^^^^^^^^^^^\n  File "C:\\Users\\VIDYANKSHINI\\AppData\\Local\\Programs\\Python\\Python313\\Lib\\encodings\\cp1252.py", line 19, in encode\n    return codecs.charmap_encode(input,self.errors,encoding_table)[0]\n           ~~~~~~~~~~~~~~~~~~~~~^^^^^^^^^^^^^^^^^^^^^^^^^^^^^^^^^^\nUnicodeEncodeError: 'charmap' codec can't encode character '\\u2713' in position 60: character maps to <undefined>\nCall stack:\n  File "C:\\Users\\VIDYANKSHINI\\AppData\\Local\\Programs\\Python\\Python313\\Lib\\threading.py", line 1012, in _bootstrap\n    self._bootstrap_inner()\n  File "C:\\Users\\VIDYANKSHINI\\AppData\\Local\\Programs\\Python\\Python313\\Lib\\threading.py", line 1041, in _bootstrap_inner\n    self.run()\n  File "C:\\Users\\VIDYANKSHINI\\AppData\\Local\\Programs\\Python\\Python313\\Lib\\threading.py", line 992, in run\n    self._target(*self._args, **self._kwargs)\n  File "C:\\Users\\VIDYANKSHINI\\AppData\\Local\\Programs\\Python\\Python313\\Lib\\site-packages\\anyio\\from_thread.py", line 532, in run_blocking_portal\n    run_eventloop(\n  File "C:\\Users\\VIDYANKSHINI\\AppData\\Local\\Programs\\Python\\Python313\\Lib\\site-packages\\anyio\\_core\\_eventloop.py", line 77, in run\n    return async_backend.run(func, args, {}, backend_options)\n  File "C:\\Users\\VIDYANKSHINI\\AppData\\Local\\Programs\\Python\\Python313\\Lib\\site-packages\\anyio\\_backends\\_asyncio.py", line 2358, in run\n    return runner.run(wrapper())\n  File "C:\\Users\\VIDYANKSHINI\\AppData\\Local\\Programs\\Python\\Python313\\Lib\\asyncio\\runners.py", line 118, in run\n    return self._loop.run_until_complete(task)\n  File "C:\\Users\\VIDYANKSHINI\\AppData\\Local\\Programs\\Python\\Python313\\Lib\\asyncio\\base_events.py", line 712, in run_until_complete\n    self.run_forever()\n  File "C:\\Users\\VIDYANKSHINI\\AppData\\Local\\Programs\\Python\\Python313\\Lib\\asyncio\\base_events.py", line 683, in run_forever\n    self._run_once()\n  File "C:\\Users\\VIDYANKSHINI\\AppData\\Local\\Programs\\Python\\Python313\\Lib\\asyncio\\base_events.py", line 2040, in _run_once\n    handle._run()\n  File "C:\\Users\\VIDYANKSHINI\\AppData\\Local\\Programs\\Python\\Python313\\Lib\\asyncio\\events.py", line 89, in _run\n    self._context.run(self._callback, *self._args)\n  File "C:\\Users\\VIDYANKSHINI\\AppData\\Local\\Programs\\Python\\Python313\\Lib\\site-packages\\anyio\\from_thread.py", line 259, in _call_func\n    retval = await retval_or_awaitable\n  File "C:\\Users\\VIDYANKSHINI\\AppData\\Local\\Programs\\Python\\Python313\\Lib\\site-packages\\starlette\\testclient.py", line 704, in lifespan\n    await self.app(scope, self.stream_receive.receive, self.stream_send.send)\n  File "C:\\Users\\VIDYANKSHINI\\AppData\\Local\\Programs\\Python\\Python313\\Lib\\site-packages\\fastapi\\applications.py", line 1159, in __call__\n    await super().__call__(scope, receive, send)\n  File "C:\\Users\\VIDYANKSHINI\\AppData\\Local\\Programs\\Python\\Python313\\Lib\\site-packages\\starlette\\applications.py", line 107, in __call__\n    await self.middleware_stack(scope, receive, send)\n  File "C:\\Users\\VIDYANKSHINI\\AppData\\Local\\Programs\\Python\\Python313\\Lib\\site-packages\\starlette\\middleware\\errors.py", line 151, in __call__\n    await self.app(scope, receive, send)\n  File "C:\\Users\\VIDYANKSHINI\\AppData\\Local\\Programs\\Python\\Python313\\Lib\\site-packages\\starlette\\middleware\\cors.py", line 79, in __call__\n    await self.app(scope, receive, send)\n  File "C:\\Users\\VIDYANKSHINI\\AppData\\Local\\Programs\\Python\\Python313\\Lib\\site-packages\\starlette\\middleware\\exceptions.py", line 49, in __call__\n    await self.app(scope, receive, send)\n  File "C:\\Users\\VIDYANKSHINI\\AppData\\Local\\Programs\\Python\\Python313\\Lib\\site-packages\\fastapi\\middleware\\asyncexitstack.py", line 18, in __call__\n    await self.app(scope, receive, send)\n  File "C:\\Users\\VIDYANKSHINI\\AppData\\Local\\Programs\\Python\\Python313\\Lib\\site-packages\\starlette\\routing.py", line 716, in __call__\n    await self.middleware_stack(scope, receive, send)\n  File "C:\\Users\\VIDYANKSHINI\\AppData\\Local\\Programs\\Python\\Python313\\Lib\\site-packages\\starlette\\routing.py", line 725, in app\n    await self.lifespan(scope, receive, send)\n  File "C:\\Users\\VIDYANKSHINI\\AppData\\Local\\Programs\\Python\\Python313\\Lib\\site-packages\\starlette\\routing.py", line 694, in lifespan\n    async with self.lifespan_context(app) as maybe_state:\n  File "C:\\Users\\VIDYANKSHINI\\AppData\\Local\\Programs\\Python\\Python313\\Lib\\contextlib.py", line 214, in __aenter__\n    return await anext(self.gen)\n  File "C:\\Users\\VIDYANKSHINI\\AppData\\Local\\Programs\\Python\\Python313\\Lib\\site-packages\\fastapi\\routing.py", line 216, in merged_lifespan\n    async with original_context(app) as maybe_original_state:\n  File "C:\\Users\\VIDYANKSHINI\\AppData\\Local\\Programs\\Python\\Python313\\Lib\\contextlib.py", line 214, in __aenter__\n    return await anext(self.gen)\n  File "C:\\Users\\VIDYANKSHINI\\Desktop\\project\\SecuScan\\backend\\secuscan\\main.py", line 55, in lifespan\n    await init_plugins(settings.plugins_dir)\n  File "C:\\Users\\VIDYANKSHINI\\Desktop\\project\\SecuScan\\backend\\secuscan\\plugins.py", line 382, in init_plugins\n    await plugin_manager.load_plugins()\n  File "C:\\Users\\VIDYANKSHINI\\Desktop\\project\\SecuScan\\backend\\secuscan\\plugins.py", line 59, in load_plugins\n    logger.info(f"\u2713 Loaded plugin: {plugin_meta.name} v{plugin_meta.version}")\nMessage: '\u2713 Loaded plugin: Subdomain Takeover v1.0.0'\nArguments: ()\n--- Logging error ---\nTraceback (most recent call last):\n  File "C:\\Users\\VIDYANKSHINI\\AppData\\Local\\Programs\\Python\\Python313\\Lib\\logging\\__init__.py", line 1153, in emit\n    stream.write(msg + self.terminator)\n    ~~~~~~~~~~~~^^^^^^^^^^^^^^^^^^^^^^^\n  File "C:\\Users\\VIDYANKSHINI\\AppData\\Local\\Programs\\Python\\Python313\\Lib\\encodings\\cp1252.py", line 19, in encode\n    return codecs.charmap_encode(input,self.errors,encoding_table)[0]\n           ~~~~~~~~~~~~~~~~~~~~~^^^^^^^^^^^^^^^^^^^^^^^^^^^^^^^^^^\nUnicodeEncodeError: 'charmap' codec can't encode character '\\u2713' in position 60: character maps to <undefined>\nCall stack:\n  File "C:\\Users\\VIDYANKSHINI\\AppData\\Local\\Programs\\Python\\Python313\\Lib\\threading.py", line 1012, in _bootstrap\n    self._bootstrap_inner()\n  File "C:\\Users\\VIDYANKSHINI\\AppData\\Local\\Programs\\Python\\Python313\\Lib\\threading.py", line 1041, in _bootstrap_inner\n    self.run()\n  File "C:\\Users\\VIDYANKSHINI\\AppData\\Local\\Programs\\Python\\Python313\\Lib\\threading.py", line 992, in run\n    self._target(*self._args, **self._kwargs)\n  File "C:\\Users\\VIDYANKSHINI\\AppData\\Local\\Programs\\Python\\Python313\\Lib\\site-packages\\anyio\\from_thread.py", line 532, in run_blocking_portal\n    run_eventloop(\n  File "C:\\Users\\VIDYANKSHINI\\AppData\\Local\\Programs\\Python\\Python313\\Lib\\site-packages\\anyio\\_core\\_eventloop.py", line 77, in run\n    return async_backend.run(func, args, {}, backend_options)\n  File "C:\\Users\\VIDYANKSHINI\\AppData\\Local\\Programs\\Python\\Python313\\Lib\\site-packages\\anyio\\_backends\\_asyncio.py", line 2358, in run\n    return runner.run(wrapper())\n  File "C:\\Users\\VIDYANKSHINI\\AppData\\Local\\Programs\\Python\\Python313\\Lib\\asyncio\\runners.py", line 118, in run\n    return self._loop.run_until_complete(task)\n  File "C:\\Users\\VIDYANKSHINI\\AppData\\Local\\Programs\\Python\\Python313\\Lib\\asyncio\\base_events.py", line 712, in run_until_complete\n    self.run_forever()\n  File "C:\\Users\\VIDYANKSHINI\\AppData\\Local\\Programs\\Python\\Python313\\Lib\\asyncio\\base_events.py", line 683, in run_forever\n    self._run_once()\n  File "C:\\Users\\VIDYANKSHINI\\AppData\\Local\\Programs\\Python\\Python313\\Lib\\asyncio\\base_events.py", line 2040, in _run_once\n    handle._run()\n  File "C:\\Users\\VIDYANKSHINI\\AppData\\Local\\Programs\\Python\\Python313\\Lib\\asyncio\\events.py", line 89, in _run\n    self._context.run(self._callback, *self._args)\n  File "C:\\Users\\VIDYANKSHINI\\AppData\\Local\\Programs\\Python\\Python313\\Lib\\site-packages\\anyio\\from_thread.py", line 259, in _call_func\n    retval = await retval_or_awaitable\n  File "C:\\Users\\VIDYANKSHINI\\AppData\\Local\\Programs\\Python\\Python313\\Lib\\site-packages\\starlette\\testclient.py", line 704, in lifespan\n    await self.app(scope, self.stream_receive.receive, self.stream_send.send)\n  File "C:\\Users\\VIDYANKSHINI\\AppData\\Local\\Programs\\Python\\Python313\\Lib\\site-packages\\fastapi\\applications.py", line 1159, in __call__\n    await super().__call__(scope, receive, send)\n  File "C:\\Users\\VIDYANKSHINI\\AppData\\Local\\Programs\\Python\\Python313\\Lib\\site-packages\\starlette\\applications.py", line 107, in __call__\n    await self.middleware_stack(scope, receive, send)\n  File "C:\\Users\\VIDYANKSHINI\\AppData\\Local\\Programs\\Python\\Python313\\Lib\\site-packages\\starlette\\middleware\\errors.py", line 151, in __call__\n    await self.app(scope, receive, send)\n  File "C:\\Users\\VIDYANKSHINI\\AppData\\Local\\Programs\\Python\\Python313\\Lib\\site-packages\\starlette\\middleware\\cors.py", line 79, in __call__\n    await self.app(scope, receive, send)\n  File "C:\\Users\\VIDYANKSHINI\\AppData\\Local\\Programs\\Python\\Python313\\Lib\\site-packages\\starlette\\middleware\\exceptions.py", line 49, in __call__\n    await self.app(scope, receive, send)\n  File "C:\\Users\\VIDYANKSHINI\\AppData\\Local\\Programs\\Python\\Python313\\Lib\\site-packages\\fastapi\\middleware\\asyncexitstack.py", line 18, in __call__\n    await self.app(scope, receive, send)\n  File "C:\\Users\\VIDYANKSHINI\\AppData\\Local\\Programs\\Python\\Python313\\Lib\\site-packages\\starlette\\routing.py", line 716, in __call__\n    await self.middleware_stack(scope, receive, send)\n  File "C:\\Users\\VIDYANKSHINI\\AppData\\Local\\Programs\\Python\\Python313\\Lib\\site-packages\\starlette\\routing.py", line 725, in app\n    await self.lifespan(scope, receive, send)\n  File "C:\\Users\\VIDYANKSHINI\\AppData\\Local\\Programs\\Python\\Python313\\Lib\\site-packages\\starlette\\routing.py", line 694, in lifespan\n    async with self.lifespan_context(app) as maybe_state:\n  File "C:\\Users\\VIDYANKSHINI\\AppData\\Local\\Programs\\Python\\Python313\\Lib\\contextlib.py", line 214, in __aenter__\n    return await anext(self.gen)\n  File "C:\\Users\\VIDYANKSHINI\\AppData\\Local\\Programs\\Python\\Python313\\Lib\\site-packages\\fastapi\\routing.py", line 216, in merged_lifespan\n    async with original_context(app) as maybe_original_state:\n  File "C:\\Users\\VIDYANKSHINI\\AppData\\Local\\Programs\\Python\\Python313\\Lib\\contextlib.py", line 214, in __aenter__\n    return await anext(self.gen)\n  File "C:\\Users\\VIDYANKSHINI\\Desktop\\project\\SecuScan\\backend\\secuscan\\main.py", line 55, in lifespan\n    await init_plugins(settings.plugins_dir)\n  File "C:\\Users\\VIDYANKSHINI\\Desktop\\project\\SecuScan\\backend\\secuscan\\plugins.py", line 382, in init_plugins\n    await plugin_manager.load_plugins()\n  File "C:\\Users\\VIDYANKSHINI\\Desktop\\project\\SecuScan\\backend\\secuscan\\plugins.py", line 59, in load_plugins\n    logger.info(f"\u2713 Loaded plugin: {plugin_meta.name} v{plugin_meta.version}")\nMessage: '\u2713 Loaded plugin: Subfinder v1.0.0'\nArguments: ()\n--- Logging error ---\nTraceback (most recent call last):\n  File "C:\\Users\\VIDYANKSHINI\\AppData\\Local\\Programs\\Python\\Python313\\Lib\\logging\\__init__.py", line 1153, in emit\n    stream.write(msg + self.terminator)\n    ~~~~~~~~~~~~^^^^^^^^^^^^^^^^^^^^^^^\n  File "C:\\Users\\VIDYANKSHINI\\AppData\\Local\\Programs\\Python\\Python313\\Lib\\encodings\\cp1252.py", line 19, in encode\n    return codecs.charmap_encode(input,self.errors,encoding_table)[0]\n           ~~~~~~~~~~~~~~~~~~~~~^^^^^^^^^^^^^^^^^^^^^^^^^^^^^^^^^^\nUnicodeEncodeError: 'charmap' codec can't encode character '\\u2713' in position 60: character maps to <undefined>\nCall stack:\n  File "C:\\Users\\VIDYANKSHINI\\AppData\\Local\\Programs\\Python\\Python313\\Lib\\threading.py", line 1012, in _bootstrap\n    self._bootstrap_inner()\n  File "C:\\Users\\VIDYANKSHINI\\AppData\\Local\\Programs\\Python\\Python313\\Lib\\threading.py", line 1041, in _bootstrap_inner\n    self.run()\n  File "C:\\Users\\VIDYANKSHINI\\AppData\\Local\\Programs\\Python\\Python313\\Lib\\threading.py", line 992, in run\n    self._target(*self._args, **self._kwargs)\n  File "C:\\Users\\VIDYANKSHINI\\AppData\\Local\\Programs\\Python\\Python313\\Lib\\site-packages\\anyio\\from_thread.py", line 532, in run_blocking_portal\n    run_eventloop(\n  File "C:\\Users\\VIDYANKSHINI\\AppData\\Local\\Programs\\Python\\Python313\\Lib\\site-packages\\anyio\\_core\\_eventloop.py", line 77, in run\n    return async_backend.run(func, args, {}, backend_options)\n  File "C:\\Users\\VIDYANKSHINI\\AppData\\Local\\Programs\\Python\\Python313\\Lib\\site-packages\\anyio\\_backends\\_asyncio.py", line 2358, in run\n    return runner.run(wrapper())\n  File "C:\\Users\\VIDYANKSHINI\\AppData\\Local\\Programs\\Python\\Python313\\Lib\\asyncio\\runners.py", line 118, in run\n    return self._loop.run_until_complete(task)\n  File "C:\\Users\\VIDYANKSHINI\\AppData\\Local\\Programs\\Python\\Python313\\Lib\\asyncio\\base_events.py", line 712, in run_until_complete\n    self.run_forever()\n  File "C:\\Users\\VIDYANKSHINI\\AppData\\Local\\Programs\\Python\\Python313\\Lib\\asyncio\\base_events.py", line 683, in run_forever\n    self._run_once()\n  File "C:\\Users\\VIDYANKSHINI\\AppData\\Local\\Programs\\Python\\Python313\\Lib\\asyncio\\base_events.py", line 2040, in _run_once\n    handle._run()\n  File "C:\\Users\\VIDYANKSHINI\\AppData\\Local\\Programs\\Python\\Python313\\Lib\\asyncio\\events.py", line 89, in _run\n    self._context.run(self._callback, *self._args)\n  File "C:\\Users\\VIDYANKSHINI\\AppData\\Local\\Programs\\Python\\Python313\\Lib\\site-packages\\anyio\\from_thread.py", line 259, in _call_func\n    retval = await retval_or_awaitable\n  File "C:\\Users\\VIDYANKSHINI\\AppData\\Local\\Programs\\Python\\Python313\\Lib\\site-packages\\starlette\\testclient.py", line 704, in lifespan\n    await self.app(scope, self.stream_receive.receive, self.stream_send.send)\n  File "C:\\Users\\VIDYANKSHINI\\AppData\\Local\\Programs\\Python\\Python313\\Lib\\site-packages\\fastapi\\applications.py", line 1159, in __call__\n    await super().__call__(scope, receive, send)\n  File "C:\\Users\\VIDYANKSHINI\\AppData\\Local\\Programs\\Python\\Python313\\Lib\\site-packages\\starlette\\applications.py", line 107, in __call__\n    await self.middleware_stack(scope, receive, send)\n  File "C:\\Users\\VIDYANKSHINI\\AppData\\Local\\Programs\\Python\\Python313\\Lib\\site-packages\\starlette\\middleware\\errors.py", line 151, in __call__\n    await self.app(scope, receive, send)\n  File "C:\\Users\\VIDYANKSHINI\\AppData\\Local\\Programs\\Python\\Python313\\Lib\\site-packages\\starlette\\middleware\\cors.py", line 79, in __call__\n    await self.app(scope, receive, send)\n  File "C:\\Users\\VIDYANKSHINI\\AppData\\Local\\Programs\\Python\\Python313\\Lib\\site-packages\\starlette\\middleware\\exceptions.py", line 49, in __call__\n    await self.app(scope, receive, send)\n  File "C:\\Users\\VIDYANKSHINI\\AppData\\Local\\Programs\\Python\\Python313\\Lib\\site-packages\\fastapi\\middleware\\asyncexitstack.py", line 18, in __call__\n    await self.app(scope, receive, send)\n  File "C:\\Users\\VIDYANKSHINI\\AppData\\Local\\Programs\\Python\\Python313\\Lib\\site-packages\\starlette\\routing.py", line 716, in __call__\n    await self.middleware_stack(scope, receive, send)\n  File "C:\\Users\\VIDYANKSHINI\\AppData\\Local\\Programs\\Python\\Python313\\Lib\\site-packages\\starlette\\routing.py", line 725, in app\n    await self.lifespan(scope, receive, send)\n  File "C:\\Users\\VIDYANKSHINI\\AppData\\Local\\Programs\\Python\\Python313\\Lib\\site-packages\\starlette\\routing.py", line 694, in lifespan\n    async with self.lifespan_context(app) as maybe_state:\n  File "C:\\Users\\VIDYANKSHINI\\AppData\\Local\\Programs\\Python\\Python313\\Lib\\contextlib.py", line 214, in __aenter__\n    return await anext(self.gen)\n  File "C:\\Users\\VIDYANKSHINI\\AppData\\Local\\Programs\\Python\\Python313\\Lib\\site-packages\\fastapi\\routing.py", line 216, in merged_lifespan\n    async with original_context(app) as maybe_original_state:\n  File "C:\\Users\\VIDYANKSHINI\\AppData\\Local\\Programs\\Python\\Python313\\Lib\\contextlib.py", line 214, in __aenter__\n    return await anext(self.gen)\n  File "C:\\Users\\VIDYANKSHINI\\Desktop\\project\\SecuScan\\backend\\secuscan\\main.py", line 55, in lifespan\n    await init_plugins(settings.plugins_dir)\n  File "C:\\Users\\VIDYANKSHINI\\Desktop\\project\\SecuScan\\backend\\secuscan\\plugins.py", line 382, in init_plugins\n    await plugin_manager.load_plugins()\n  File "C:\\Users\\VIDYANKSHINI\\Desktop\\project\\SecuScan\\backend\\secuscan\\plugins.py", line 59, in load_plugins\n    logger.info(f"\u2713 Loaded plugin: {plugin_meta.name} v{plugin_meta.version}")\nMessage: '\u2713 Loaded plugin: theHarvester v1.0.0'\nArguments: ()\n--- Logging error ---\nTraceback (most recent call last):\n  File "C:\\Users\\VIDYANKSHINI\\AppData\\Local\\Programs\\Python\\Python313\\Lib\\logging\\__init__.py", line 1153, in emit\n    stream.write(msg + self.terminator)\n    ~~~~~~~~~~~~^^^^^^^^^^^^^^^^^^^^^^^\n  File "C:\\Users\\VIDYANKSHINI\\AppData\\Local\\Programs\\Python\\Python313\\Lib\\encodings\\cp1252.py", line 19, in encode\n    return codecs.charmap_encode(input,self.errors,encoding_table)[0]\n           ~~~~~~~~~~~~~~~~~~~~~^^^^^^^^^^^^^^^^^^^^^^^^^^^^^^^^^^\nUnicodeEncodeError: 'charmap' codec can't encode character '\\u2713' in position 60: character maps to <undefined>\nCall stack:\n  File "C:\\Users\\VIDYANKSHINI\\AppData\\Local\\Programs\\Python\\Python313\\Lib\\threading.py", line 1012, in _bootstrap\n    self._bootstrap_inner()\n  File "C:\\Users\\VIDYANKSHINI\\AppData\\Local\\Programs\\Python\\Python313\\Lib\\threading.py", line 1041, in _bootstrap_inner\n    self.run()\n  File "C:\\Users\\VIDYANKSHINI\\AppData\\Local\\Programs\\Python\\Python313\\Lib\\threading.py", line 992, in run\n    self._target(*self._args, **self._kwargs)\n  File "C:\\Users\\VIDYANKSHINI\\AppData\\Local\\Programs\\Python\\Python313\\Lib\\site-packages\\anyio\\from_thread.py", line 532, in run_blocking_portal\n    run_eventloop(\n  File "C:\\Users\\VIDYANKSHINI\\AppData\\Local\\Programs\\Python\\Python313\\Lib\\site-packages\\anyio\\_core\\_eventloop.py", line 77, in run\n    return async_backend.run(func, args, {}, backend_options)\n  File "C:\\Users\\VIDYANKSHINI\\AppData\\Local\\Programs\\Python\\Python313\\Lib\\site-packages\\anyio\\_backends\\_asyncio.py", line 2358, in run\n    return runner.run(wrapper())\n  File "C:\\Users\\VIDYANKSHINI\\AppData\\Local\\Programs\\Python\\Python313\\Lib\\asyncio\\runners.py", line 118, in run\n    return self._loop.run_until_complete(task)\n  File "C:\\Users\\VIDYANKSHINI\\AppData\\Local\\Programs\\Python\\Python313\\Lib\\asyncio\\base_events.py", line 712, in run_until_complete\n    self.run_forever()\n  File "C:\\Users\\VIDYANKSHINI\\AppData\\Local\\Programs\\Python\\Python313\\Lib\\asyncio\\base_events.py", line 683, in run_forever\n    self._run_once()\n  File "C:\\Users\\VIDYANKSHINI\\AppData\\Local\\Programs\\Python\\Python313\\Lib\\asyncio\\base_events.py", line 2040, in _run_once\n    handle._run()\n  File "C:\\Users\\VIDYANKSHINI\\AppData\\Local\\Programs\\Python\\Python313\\Lib\\asyncio\\events.py", line 89, in _run\n    self._context.run(self._callback, *self._args)\n  File "C:\\Users\\VIDYANKSHINI\\AppData\\Local\\Programs\\Python\\Python313\\Lib\\site-packages\\anyio\\from_thread.py", line 259, in _call_func\n    retval = await retval_or_awaitable\n  File "C:\\Users\\VIDYANKSHINI\\AppData\\Local\\Programs\\Python\\Python313\\Lib\\site-packages\\starlette\\testclient.py", line 704, in lifespan\n    await self.app(scope, self.stream_receive.receive, self.stream_send.send)\n  File "C:\\Users\\VIDYANKSHINI\\AppData\\Local\\Programs\\Python\\Python313\\Lib\\site-packages\\fastapi\\applications.py", line 1159, in __call__\n    await super().__call__(scope, receive, send)\n  File "C:\\Users\\VIDYANKSHINI\\AppData\\Local\\Programs\\Python\\Python313\\Lib\\site-packages\\starlette\\applications.py", line 107, in __call__\n    await self.middleware_stack(scope, receive, send)\n  File "C:\\Users\\VIDYANKSHINI\\AppData\\Local\\Programs\\Python\\Python313\\Lib\\site-packages\\starlette\\middleware\\errors.py", line 151, in __call__\n    await self.app(scope, receive, send)\n  File "C:\\Users\\VIDYANKSHINI\\AppData\\Local\\Programs\\Python\\Python313\\Lib\\site-packages\\starlette\\middleware\\cors.py", line 79, in __call__\n    await self.app(scope, receive, send)\n  File "C:\\Users\\VIDYANKSHINI\\AppData\\Local\\Programs\\Python\\Python313\\Lib\\site-packages\\starlette\\middleware\\exceptions.py", line 49, in __call__\n    await self.app(scope, receive, send)\n  File "C:\\Users\\VIDYANKSHINI\\AppData\\Local\\Programs\\Python\\Python313\\Lib\\site-packages\\fastapi\\middleware\\asyncexitstack.py", line 18, in __call__\n    await self.app(scope, receive, send)\n  File "C:\\Users\\VIDYANKSHINI\\AppData\\Local\\Programs\\Python\\Python313\\Lib\\site-packages\\starlette\\routing.py", line 716, in __call__\n    await self.middleware_stack(scope, receive, send)\n  File "C:\\Users\\VIDYANKSHINI\\AppData\\Local\\Programs\\Python\\Python313\\Lib\\site-packages\\starlette\\routing.py", line 725, in app\n    await self.lifespan(scope, receive, send)\n  File "C:\\Users\\VIDYANKSHINI\\AppData\\Local\\Programs\\Python\\Python313\\Lib\\site-packages\\starlette\\routing.py", line 694, in lifespan\n    async with self.lifespan_context(app) as maybe_state:\n  File "C:\\Users\\VIDYANKSHINI\\AppData\\Local\\Programs\\Python\\Python313\\Lib\\contextlib.py", line 214, in __aenter__\n    return await anext(self.gen)\n  File "C:\\Users\\VIDYANKSHINI\\AppData\\Local\\Programs\\Python\\Python313\\Lib\\site-packages\\fastapi\\routing.py", line 216, in merged_lifespan\n    async with original_context(app) as maybe_original_state:\n  File "C:\\Users\\VIDYANKSHINI\\AppData\\Local\\Programs\\Python\\Python313\\Lib\\contextlib.py", line 214, in __aenter__\n    return await anext(self.gen)\n  File "C:\\Users\\VIDYANKSHINI\\Desktop\\project\\SecuScan\\backend\\secuscan\\main.py", line 55, in lifespan\n    await init_plugins(settings.plugins_dir)\n  File "C:\\Users\\VIDYANKSHINI\\Desktop\\project\\SecuScan\\backend\\secuscan\\plugins.py", line 382, in init_plugins\n    await plugin_manager.load_plugins()\n  File "C:\\Users\\VIDYANKSHINI\\Desktop\\project\\SecuScan\\backend\\secuscan\\plugins.py", line 59, in load_plugins\n    logger.info(f"\u2713 Loaded plugin: {plugin_meta.name} v{plugin_meta.version}")\nMessage: '\u2713 Loaded plugin: TLS Security Analysis v1.0.0'\nArguments: ()\n--- Logging error ---\nTraceback (most recent call last):\n  File "C:\\Users\\VIDYANKSHINI\\AppData\\Local\\Programs\\Python\\Python313\\Lib\\logging\\__init__.py", line 1153, in emit\n    stream.write(msg + self.terminator)\n    ~~~~~~~~~~~~^^^^^^^^^^^^^^^^^^^^^^^\n  File "C:\\Users\\VIDYANKSHINI\\AppData\\Local\\Programs\\Python\\Python313\\Lib\\encodings\\cp1252.py", line 19, in encode\n    return codecs.charmap_encode(input,self.errors,encoding_table)[0]\n           ~~~~~~~~~~~~~~~~~~~~~^^^^^^^^^^^^^^^^^^^^^^^^^^^^^^^^^^\nUnicodeEncodeError: 'charmap' codec can't encode character '\\u2713' in position 60: character maps to <undefined>\nCall stack:\n  File "C:\\Users\\VIDYANKSHINI\\AppData\\Local\\Programs\\Python\\Python313\\Lib\\threading.py", line 1012, in _bootstrap\n    self._bootstrap_inner()\n  File "C:\\Users\\VIDYANKSHINI\\AppData\\Local\\Programs\\Python\\Python313\\Lib\\threading.py", line 1041, in _bootstrap_inner\n    self.run()\n  File "C:\\Users\\VIDYANKSHINI\\AppData\\Local\\Programs\\Python\\Python313\\Lib\\threading.py", line 992, in run\n    self._target(*self._args, **self._kwargs)\n  File "C:\\Users\\VIDYANKSHINI\\AppData\\Local\\Programs\\Python\\Python313\\Lib\\site-packages\\anyio\\from_thread.py", line 532, in run_blocking_portal\n    run_eventloop(\n  File "C:\\Users\\VIDYANKSHINI\\AppData\\Local\\Programs\\Python\\Python313\\Lib\\site-packages\\anyio\\_core\\_eventloop.py", line 77, in run\n    return async_backend.run(func, args, {}, backend_options)\n  File "C:\\Users\\VIDYANKSHINI\\AppData\\Local\\Programs\\Python\\Python313\\Lib\\site-packages\\anyio\\_backends\\_asyncio.py", line 2358, in run\n    return runner.run(wrapper())\n  File "C:\\Users\\VIDYANKSHINI\\AppData\\Local\\Programs\\Python\\Python313\\Lib\\asyncio\\runners.py", line 118, in run\n    return self._loop.run_until_complete(task)\n  File "C:\\Users\\VIDYANKSHINI\\AppData\\Local\\Programs\\Python\\Python313\\Lib\\asyncio\\base_events.py", line 712, in run_until_complete\n    self.run_forever()\n  File "C:\\Users\\VIDYANKSHINI\\AppData\\Local\\Programs\\Python\\Python313\\Lib\\asyncio\\base_events.py", line 683, in run_forever\n    self._run_once()\n  File "C:\\Users\\VIDYANKSHINI\\AppData\\Local\\Programs\\Python\\Python313\\Lib\\asyncio\\base_events.py", line 2040, in _run_once\n    handle._run()\n  File "C:\\Users\\VIDYANKSHINI\\AppData\\Local\\Programs\\Python\\Python313\\Lib\\asyncio\\events.py", line 89, in _run\n    self._context.run(self._callback, *self._args)\n  File "C:\\Users\\VIDYANKSHINI\\AppData\\Local\\Programs\\Python\\Python313\\Lib\\site-packages\\anyio\\from_thread.py", line 259, in _call_func\n    retval = await retval_or_awaitable\n  File "C:\\Users\\VIDYANKSHINI\\AppData\\Local\\Programs\\Python\\Python313\\Lib\\site-packages\\starlette\\testclient.py", line 704, in lifespan\n    await self.app(scope, self.stream_receive.receive, self.stream_send.send)\n  File "C:\\Users\\VIDYANKSHINI\\AppData\\Local\\Programs\\Python\\Python313\\Lib\\site-packages\\fastapi\\applications.py", line 1159, in __call__\n    await super().__call__(scope, receive, send)\n  File "C:\\Users\\VIDYANKSHINI\\AppData\\Local\\Programs\\Python\\Python313\\Lib\\site-packages\\starlette\\applications.py", line 107, in __call__\n    await self.middleware_stack(scope, receive, send)\n  File "C:\\Users\\VIDYANKSHINI\\AppData\\Local\\Programs\\Python\\Python313\\Lib\\site-packages\\starlette\\middleware\\errors.py", line 151, in __call__\n    await self.app(scope, receive, send)\n  File "C:\\Users\\VIDYANKSHINI\\AppData\\Local\\Programs\\Python\\Python313\\Lib\\site-packages\\starlette\\middleware\\cors.py", line 79, in __call__\n    await self.app(scope, receive, send)\n  File "C:\\Users\\VIDYANKSHINI\\AppData\\Local\\Programs\\Python\\Python313\\Lib\\site-packages\\starlette\\middleware\\exceptions.py", line 49, in __call__\n    await self.app(scope, receive, send)\n  File "C:\\Users\\VIDYANKSHINI\\AppData\\Local\\Programs\\Python\\Python313\\Lib\\site-packages\\fastapi\\middleware\\asyncexitstack.py", line 18, in __call__\n    await self.app(scope, receive, send)\n  File "C:\\Users\\VIDYANKSHINI\\AppData\\Local\\Programs\\Python\\Python313\\Lib\\site-packages\\starlette\\routing.py", line 716, in __call__\n    await self.middleware_stack(scope, receive, send)\n  File "C:\\Users\\VIDYANKSHINI\\AppData\\Local\\Programs\\Python\\Python313\\Lib\\site-packages\\starlette\\routing.py", line 725, in app\n    await self.lifespan(scope, receive, send)\n  File "C:\\Users\\VIDYANKSHINI\\AppData\\Local\\Programs\\Python\\Python313\\Lib\\site-packages\\starlette\\routing.py", line 694, in lifespan\n    async with self.lifespan_context(app) as maybe_state:\n  File "C:\\Users\\VIDYANKSHINI\\AppData\\Local\\Programs\\Python\\Python313\\Lib\\contextlib.py", line 214, in __aenter__\n    return await anext(self.gen)\n  File "C:\\Users\\VIDYANKSHINI\\AppData\\Local\\Programs\\Python\\Python313\\Lib\\site-packages\\fastapi\\routing.py", line 216, in merged_lifespan\n    async with original_context(app) as maybe_original_state:\n  File "C:\\Users\\VIDYANKSHINI\\AppData\\Local\\Programs\\Python\\Python313\\Lib\\contextlib.py", line 214, in __aenter__\n    return await anext(self.gen)\n  File "C:\\Users\\VIDYANKSHINI\\Desktop\\project\\SecuScan\\backend\\secuscan\\main.py", line 55, in lifespan\n    await init_plugins(settings.plugins_dir)\n  File "C:\\Users\\VIDYANKSHINI\\Desktop\\project\\SecuScan\\backend\\secuscan\\plugins.py", line 382, in init_plugins\n    await plugin_manager.load_plugins()\n  File "C:\\Users\\VIDYANKSHINI\\Desktop\\project\\SecuScan\\backend\\secuscan\\plugins.py", line 59, in load_plugins\n    logger.info(f"\u2713 Loaded plugin: {plugin_meta.name} v{plugin_meta.version}")\nMessage: '\u2713 Loaded plugin: Uncover v1.0.0'\nArguments: ()\n--- Logging error ---\nTraceback (most recent call last):\n  File "C:\\Users\\VIDYANKSHINI\\AppData\\Local\\Programs\\Python\\Python313\\Lib\\logging\\__init__.py", line 1153, in emit\n    stream.write(msg + self.terminator)\n    ~~~~~~~~~~~~^^^^^^^^^^^^^^^^^^^^^^^\n  File "C:\\Users\\VIDYANKSHINI\\AppData\\Local\\Programs\\Python\\Python313\\Lib\\encodings\\cp1252.py", line 19, in encode\n    return codecs.charmap_encode(input,self.errors,encoding_table)[0]\n           ~~~~~~~~~~~~~~~~~~~~~^^^^^^^^^^^^^^^^^^^^^^^^^^^^^^^^^^\nUnicodeEncodeError: 'charmap' codec can't encode character '\\u2713' in position 60: character maps to <undefined>\nCall stack:\n  File "C:\\Users\\VIDYANKSHINI\\AppData\\Local\\Programs\\Python\\Python313\\Lib\\threading.py", line 1012, in _bootstrap\n    self._bootstrap_inner()\n  File "C:\\Users\\VIDYANKSHINI\\AppData\\Local\\Programs\\Python\\Python313\\Lib\\threading.py", line 1041, in _bootstrap_inner\n    self.run()\n  File "C:\\Users\\VIDYANKSHINI\\AppData\\Local\\Programs\\Python\\Python313\\Lib\\threading.py", line 992, in run\n    self._target(*self._args, **self._kwargs)\n  File "C:\\Users\\VIDYANKSHINI\\AppData\\Local\\Programs\\Python\\Python313\\Lib\\site-packages\\anyio\\from_thread.py", line 532, in run_blocking_portal\n    run_eventloop(\n  File "C:\\Users\\VIDYANKSHINI\\AppData\\Local\\Programs\\Python\\Python313\\Lib\\site-packages\\anyio\\_core\\_eventloop.py", line 77, in run\n    return async_backend.run(func, args, {}, backend_options)\n  File "C:\\Users\\VIDYANKSHINI\\AppData\\Local\\Programs\\Python\\Python313\\Lib\\site-packages\\anyio\\_backends\\_asyncio.py", line 2358, in run\n    return runner.run(wrapper())\n  File "C:\\Users\\VIDYANKSHINI\\AppData\\Local\\Programs\\Python\\Python313\\Lib\\asyncio\\runners.py", line 118, in run\n    return self._loop.run_until_complete(task)\n  File "C:\\Users\\VIDYANKSHINI\\AppData\\Local\\Programs\\Python\\Python313\\Lib\\asyncio\\base_events.py", line 712, in run_until_complete\n    self.run_forever()\n  File "C:\\Users\\VIDYANKSHINI\\AppData\\Local\\Programs\\Python\\Python313\\Lib\\asyncio\\base_events.py", line 683, in run_forever\n    self._run_once()\n  File "C:\\Users\\VIDYANKSHINI\\AppData\\Local\\Programs\\Python\\Python313\\Lib\\asyncio\\base_events.py", line 2040, in _run_once\n    handle._run()\n  File "C:\\Users\\VIDYANKSHINI\\AppData\\Local\\Programs\\Python\\Python313\\Lib\\asyncio\\events.py", line 89, in _run\n    self._context.run(self._callback, *self._args)\n  File "C:\\Users\\VIDYANKSHINI\\AppData\\Local\\Programs\\Python\\Python313\\Lib\\site-packages\\anyio\\from_thread.py", line 259, in _call_func\n    retval = await retval_or_awaitable\n  File "C:\\Users\\VIDYANKSHINI\\AppData\\Local\\Programs\\Python\\Python313\\Lib\\site-packages\\starlette\\testclient.py", line 704, in lifespan\n    await self.app(scope, self.stream_receive.receive, self.stream_send.send)\n  File "C:\\Users\\VIDYANKSHINI\\AppData\\Local\\Programs\\Python\\Python313\\Lib\\site-packages\\fastapi\\applications.py", line 1159, in __call__\n    await super().__call__(scope, receive, send)\n  File "C:\\Users\\VIDYANKSHINI\\AppData\\Local\\Programs\\Python\\Python313\\Lib\\site-packages\\starlette\\applications.py", line 107, in __call__\n    await self.middleware_stack(scope, receive, send)\n  File "C:\\Users\\VIDYANKSHINI\\AppData\\Local\\Programs\\Python\\Python313\\Lib\\site-packages\\starlette\\middleware\\errors.py", line 151, in __call__\n    await self.app(scope, receive, send)\n  File "C:\\Users\\VIDYANKSHINI\\AppData\\Local\\Programs\\Python\\Python313\\Lib\\site-packages\\starlette\\middleware\\cors.py", line 79, in __call__\n    await self.app(scope, receive, send)\n  File "C:\\Users\\VIDYANKSHINI\\AppData\\Local\\Programs\\Python\\Python313\\Lib\\site-packages\\starlette\\middleware\\exceptions.py", line 49, in __call__\n    await self.app(scope, receive, send)\n  File "C:\\Users\\VIDYANKSHINI\\AppData\\Local\\Programs\\Python\\Python313\\Lib\\site-packages\\fastapi\\middleware\\asyncexitstack.py", line 18, in __call__\n    await self.app(scope, receive, send)\n  File "C:\\Users\\VIDYANKSHINI\\AppData\\Local\\Programs\\Python\\Python313\\Lib\\site-packages\\starlette\\routing.py", line 716, in __call__\n    await self.middleware_stack(scope, receive, send)\n  File "C:\\Users\\VIDYANKSHINI\\AppData\\Local\\Programs\\Python\\Python313\\Lib\\site-packages\\starlette\\routing.py", line 725, in app\n    await self.lifespan(scope, receive, send)\n  File "C:\\Users\\VIDYANKSHINI\\AppData\\Local\\Programs\\Python\\Python313\\Lib\\site-packages\\starlette\\routing.py", line 694, in lifespan\n    async with self.lifespan_context(app) as maybe_state:\n  File "C:\\Users\\VIDYANKSHINI\\AppData\\Local\\Programs\\Python\\Python313\\Lib\\contextlib.py", line 214, in __aenter__\n    return await anext(self.gen)\n  File "C:\\Users\\VIDYANKSHINI\\AppData\\Local\\Programs\\Python\\Python313\\Lib\\site-packages\\fastapi\\routing.py", line 216, in merged_lifespan\n    async with original_context(app) as maybe_original_state:\n  File "C:\\Users\\VIDYANKSHINI\\AppData\\Local\\Programs\\Python\\Python313\\Lib\\contextlib.py", line 214, in __aenter__\n    return await anext(self.gen)\n  File "C:\\Users\\VIDYANKSHINI\\Desktop\\project\\SecuScan\\backend\\secuscan\\main.py", line 55, in lifespan\n    await init_plugins(settings.plugins_dir)\n  File "C:\\Users\\VIDYANKSHINI\\Desktop\\project\\SecuScan\\backend\\secuscan\\plugins.py", line 382, in init_plugins\n    await plugin_manager.load_plugins()\n  File "C:\\Users\\VIDYANKSHINI\\Desktop\\project\\SecuScan\\backend\\secuscan\\plugins.py", line 59, in load_plugins\n    logger.info(f"\u2713 Loaded plugin: {plugin_meta.name} v{plugin_meta.version}")\nMessage: '\u2713 Loaded plugin: URL Fuzzer v1.0.0'\nArguments: ()\n--- Logging error ---\nTraceback (most recent call last):\n  File "C:\\Users\\VIDYANKSHINI\\AppData\\Local\\Programs\\Python\\Python313\\Lib\\logging\\__init__.py", line 1153, in emit\n    stream.write(msg + self.terminator)\n    ~~~~~~~~~~~~^^^^^^^^^^^^^^^^^^^^^^^\n  File "C:\\Users\\VIDYANKSHINI\\AppData\\Local\\Programs\\Python\\Python313\\Lib\\encodings\\cp1252.py", line 19, in encode\n    return codecs.charmap_encode(input,self.errors,encoding_table)[0]\n           ~~~~~~~~~~~~~~~~~~~~~^^^^^^^^^^^^^^^^^^^^^^^^^^^^^^^^^^\nUnicodeEncodeError: 'charmap' codec can't encode character '\\u2713' in position 60: character maps to <undefined>\nCall stack:\n  File "C:\\Users\\VIDYANKSHINI\\AppData\\Local\\Programs\\Python\\Python313\\Lib\\threading.py", line 1012, in _bootstrap\n    self._bootstrap_inner()\n  File "C:\\Users\\VIDYANKSHINI\\AppData\\Local\\Programs\\Python\\Python313\\Lib\\threading.py", line 1041, in _bootstrap_inner\n    self.run()\n  File "C:\\Users\\VIDYANKSHINI\\AppData\\Local\\Programs\\Python\\Python313\\Lib\\threading.py", line 992, in run\n    self._target(*self._args, **self._kwargs)\n  File "C:\\Users\\VIDYANKSHINI\\AppData\\Local\\Programs\\Python\\Python313\\Lib\\site-packages\\anyio\\from_thread.py", line 532, in run_blocking_portal\n    run_eventloop(\n  File "C:\\Users\\VIDYANKSHINI\\AppData\\Local\\Programs\\Python\\Python313\\Lib\\site-packages\\anyio\\_core\\_eventloop.py", line 77, in run\n    return async_backend.run(func, args, {}, backend_options)\n  File "C:\\Users\\VIDYANKSHINI\\AppData\\Local\\Programs\\Python\\Python313\\Lib\\site-packages\\anyio\\_backends\\_asyncio.py", line 2358, in run\n    return runner.run(wrapper())\n  File "C:\\Users\\VIDYANKSHINI\\AppData\\Local\\Programs\\Python\\Python313\\Lib\\asyncio\\runners.py", line 118, in run\n    return self._loop.run_until_complete(task)\n  File "C:\\Users\\VIDYANKSHINI\\AppData\\Local\\Programs\\Python\\Python313\\Lib\\asyncio\\base_events.py", line 712, in run_until_complete\n    self.run_forever()\n  File "C:\\Users\\VIDYANKSHINI\\AppData\\Local\\Programs\\Python\\Python313\\Lib\\asyncio\\base_events.py", line 683, in run_forever\n    self._run_once()\n  File "C:\\Users\\VIDYANKSHINI\\AppData\\Local\\Programs\\Python\\Python313\\Lib\\asyncio\\base_events.py", line 2040, in _run_once\n    handle._run()\n  File "C:\\Users\\VIDYANKSHINI\\AppData\\Local\\Programs\\Python\\Python313\\Lib\\asyncio\\events.py", line 89, in _run\n    self._context.run(self._callback, *self._args)\n  File "C:\\Users\\VIDYANKSHINI\\AppData\\Local\\Programs\\Python\\Python313\\Lib\\site-packages\\anyio\\from_thread.py", line 259, in _call_func\n    retval = await retval_or_awaitable\n  File "C:\\Users\\VIDYANKSHINI\\AppData\\Local\\Programs\\Python\\Python313\\Lib\\site-packages\\starlette\\testclient.py", line 704, in lifespan\n    await self.app(scope, self.stream_receive.receive, self.stream_send.send)\n  File "C:\\Users\\VIDYANKSHINI\\AppData\\Local\\Programs\\Python\\Python313\\Lib\\site-packages\\fastapi\\applications.py", line 1159, in __call__\n    await super().__call__(scope, receive, send)\n  File "C:\\Users\\VIDYANKSHINI\\AppData\\Local\\Programs\\Python\\Python313\\Lib\\site-packages\\starlette\\applications.py", line 107, in __call__\n    await self.middleware_stack(scope, receive, send)\n  File "C:\\Users\\VIDYANKSHINI\\AppData\\Local\\Programs\\Python\\Python313\\Lib\\site-packages\\starlette\\middleware\\errors.py", line 151, in __call__\n    await self.app(scope, receive, send)\n  File "C:\\Users\\VIDYANKSHINI\\AppData\\Local\\Programs\\Python\\Python313\\Lib\\site-packages\\starlette\\middleware\\cors.py", line 79, in __call__\n    await self.app(scope, receive, send)\n  File "C:\\Users\\VIDYANKSHINI\\AppData\\Local\\Programs\\Python\\Python313\\Lib\\site-packages\\starlette\\middleware\\exceptions.py", line 49, in __call__\n    await self.app(scope, receive, send)\n  File "C:\\Users\\VIDYANKSHINI\\AppData\\Local\\Programs\\Python\\Python313\\Lib\\site-packages\\fastapi\\middleware\\asyncexitstack.py", line 18, in __call__\n    await self.app(scope, receive, send)\n  File "C:\\Users\\VIDYANKSHINI\\AppData\\Local\\Programs\\Python\\Python313\\Lib\\site-packages\\starlette\\routing.py", line 716, in __call__\n    await self.middleware_stack(scope, receive, send)\n  File "C:\\Users\\VIDYANKSHINI\\AppData\\Local\\Programs\\Python\\Python313\\Lib\\site-packages\\starlette\\routing.py", line 725, in app\n    await self.lifespan(scope, receive, send)\n  File "C:\\Users\\VIDYANKSHINI\\AppData\\Local\\Programs\\Python\\Python313\\Lib\\site-packages\\starlette\\routing.py", line 694, in lifespan\n    async with self.lifespan_context(app) as maybe_state:\n  File "C:\\Users\\VIDYANKSHINI\\AppData\\Local\\Programs\\Python\\Python313\\Lib\\contextlib.py", line 214, in __aenter__\n    return await anext(self.gen)\n  File "C:\\Users\\VIDYANKSHINI\\AppData\\Local\\Programs\\Python\\Python313\\Lib\\site-packages\\fastapi\\routing.py", line 216, in merged_lifespan\n    async with original_context(app) as maybe_original_state:\n  File "C:\\Users\\VIDYANKSHINI\\AppData\\Local\\Programs\\Python\\Python313\\Lib\\contextlib.py", line 214, in __aenter__\n    return await anext(self.gen)\n  File "C:\\Users\\VIDYANKSHINI\\Desktop\\project\\SecuScan\\backend\\secuscan\\main.py", line 55, in lifespan\n    await init_plugins(settings.plugins_dir)\n  File "C:\\Users\\VIDYANKSHINI\\Desktop\\project\\SecuScan\\backend\\secuscan\\plugins.py", line 382, in init_plugins\n    await plugin_manager.load_plugins()\n  File "C:\\Users\\VIDYANKSHINI\\Desktop\\project\\SecuScan\\backend\\secuscan\\plugins.py", line 59, in load_plugins\n    logger.info(f"\u2713 Loaded plugin: {plugin_meta.name} v{plugin_meta.version}")\nMessage: '\u2713 Loaded plugin: urlfinder v1.0.0'\nArguments: ()\n--- Logging error ---\nTraceback (most recent call last):\n  File "C:\\Users\\VIDYANKSHINI\\AppData\\Local\\Programs\\Python\\Python313\\Lib\\logging\\__init__.py", line 1153, in emit\n    stream.write(msg + self.terminator)\n    ~~~~~~~~~~~~^^^^^^^^^^^^^^^^^^^^^^^\n  File "C:\\Users\\VIDYANKSHINI\\AppData\\Local\\Programs\\Python\\Python313\\Lib\\encodings\\cp1252.py", line 19, in encode\n    return codecs.charmap_encode(input,self.errors,encoding_table)[0]\n           ~~~~~~~~~~~~~~~~~~~~~^^^^^^^^^^^^^^^^^^^^^^^^^^^^^^^^^^\nUnicodeEncodeError: 'charmap' codec can't encode character '\\u2713' in position 60: character maps to <undefined>\nCall stack:\n  File "C:\\Users\\VIDYANKSHINI\\AppData\\Local\\Programs\\Python\\Python313\\Lib\\threading.py", line 1012, in _bootstrap\n    self._bootstrap_inner()\n  File "C:\\Users\\VIDYANKSHINI\\AppData\\Local\\Programs\\Python\\Python313\\Lib\\threading.py", line 1041, in _bootstrap_inner\n    self.run()\n  File "C:\\Users\\VIDYANKSHINI\\AppData\\Local\\Programs\\Python\\Python313\\Lib\\threading.py", line 992, in run\n    self._target(*self._args, **self._kwargs)\n  File "C:\\Users\\VIDYANKSHINI\\AppData\\Local\\Programs\\Python\\Python313\\Lib\\site-packages\\anyio\\from_thread.py", line 532, in run_blocking_portal\n    run_eventloop(\n  File "C:\\Users\\VIDYANKSHINI\\AppData\\Local\\Programs\\Python\\Python313\\Lib\\site-packages\\anyio\\_core\\_eventloop.py", line 77, in run\n    return async_backend.run(func, args, {}, backend_options)\n  File "C:\\Users\\VIDYANKSHINI\\AppData\\Local\\Programs\\Python\\Python313\\Lib\\site-packages\\anyio\\_backends\\_asyncio.py", line 2358, in run\n    return runner.run(wrapper())\n  File "C:\\Users\\VIDYANKSHINI\\AppData\\Local\\Programs\\Python\\Python313\\Lib\\asyncio\\runners.py", line 118, in run\n    return self._loop.run_until_complete(task)\n  File "C:\\Users\\VIDYANKSHINI\\AppData\\Local\\Programs\\Python\\Python313\\Lib\\asyncio\\base_events.py", line 712, in run_until_complete\n    self.run_forever()\n  File "C:\\Users\\VIDYANKSHINI\\AppData\\Local\\Programs\\Python\\Python313\\Lib\\asyncio\\base_events.py", line 683, in run_forever\n    self._run_once()\n  File "C:\\Users\\VIDYANKSHINI\\AppData\\Local\\Programs\\Python\\Python313\\Lib\\asyncio\\base_events.py", line 2040, in _run_once\n    handle._run()\n  File "C:\\Users\\VIDYANKSHINI\\AppData\\Local\\Programs\\Python\\Python313\\Lib\\asyncio\\events.py", line 89, in _run\n    self._context.run(self._callback, *self._args)\n  File "C:\\Users\\VIDYANKSHINI\\AppData\\Local\\Programs\\Python\\Python313\\Lib\\site-packages\\anyio\\from_thread.py", line 259, in _call_func\n    retval = await retval_or_awaitable\n  File "C:\\Users\\VIDYANKSHINI\\AppData\\Local\\Programs\\Python\\Python313\\Lib\\site-packages\\starlette\\testclient.py", line 704, in lifespan\n    await self.app(scope, self.stream_receive.receive, self.stream_send.send)\n  File "C:\\Users\\VIDYANKSHINI\\AppData\\Local\\Programs\\Python\\Python313\\Lib\\site-packages\\fastapi\\applications.py", line 1159, in __call__\n    await super().__call__(scope, receive, send)\n  File "C:\\Users\\VIDYANKSHINI\\AppData\\Local\\Programs\\Python\\Python313\\Lib\\site-packages\\starlette\\applications.py", line 107, in __call__\n    await self.middleware_stack(scope, receive, send)\n  File "C:\\Users\\VIDYANKSHINI\\AppData\\Local\\Programs\\Python\\Python313\\Lib\\site-packages\\starlette\\middleware\\errors.py", line 151, in __call__\n    await self.app(scope, receive, send)\n  File "C:\\Users\\VIDYANKSHINI\\AppData\\Local\\Programs\\Python\\Python313\\Lib\\site-packages\\starlette\\middleware\\cors.py", line 79, in __call__\n    await self.app(scope, receive, send)\n  File "C:\\Users\\VIDYANKSHINI\\AppData\\Local\\Programs\\Python\\Python313\\Lib\\site-packages\\starlette\\middleware\\exceptions.py", line 49, in __call__\n    await self.app(scope, receive, send)\n  File "C:\\Users\\VIDYANKSHINI\\AppData\\Local\\Programs\\Python\\Python313\\Lib\\site-packages\\fastapi\\middleware\\asyncexitstack.py", line 18, in __call__\n    await self.app(scope, receive, send)\n  File "C:\\Users\\VIDYANKSHINI\\AppData\\Local\\Programs\\Python\\Python313\\Lib\\site-packages\\starlette\\routing.py", line 716, in __call__\n    await self.middleware_stack(scope, receive, send)\n  File "C:\\Users\\VIDYANKSHINI\\AppData\\Local\\Programs\\Python\\Python313\\Lib\\site-packages\\starlette\\routing.py", line 725, in app\n    await self.lifespan(scope, receive, send)\n  File "C:\\Users\\VIDYANKSHINI\\AppData\\Local\\Programs\\Python\\Python313\\Lib\\site-packages\\starlette\\routing.py", line 694, in lifespan\n    async with self.lifespan_context(app) as maybe_state:\n  File "C:\\Users\\VIDYANKSHINI\\AppData\\Local\\Programs\\Python\\Python313\\Lib\\contextlib.py", line 214, in __aenter__\n    return await anext(self.gen)\n  File "C:\\Users\\VIDYANKSHINI\\AppData\\Local\\Programs\\Python\\Python313\\Lib\\site-packages\\fastapi\\routing.py", line 216, in merged_lifespan\n    async with original_context(app) as maybe_original_state:\n  File "C:\\Users\\VIDYANKSHINI\\AppData\\Local\\Programs\\Python\\Python313\\Lib\\contextlib.py", line 214, in __aenter__\n    return await anext(self.gen)\n  File "C:\\Users\\VIDYANKSHINI\\Desktop\\project\\SecuScan\\backend\\secuscan\\main.py", line 55, in lifespan\n    await init_plugins(settings.plugins_dir)\n  File "C:\\Users\\VIDYANKSHINI\\Desktop\\project\\SecuScan\\backend\\secuscan\\plugins.py", line 382, in init_plugins\n    await plugin_manager.load_plugins()\n  File "C:\\Users\\VIDYANKSHINI\\Desktop\\project\\SecuScan\\backend\\secuscan\\plugins.py", line 59, in load_plugins\n    logger.info(f"\u2713 Loaded plugin: {plugin_meta.name} v{plugin_meta.version}")\nMessage: '\u2713 Loaded plugin: Virtual Hosts Finder v1.0.0'\nArguments: ()\n--- Logging error ---\nTraceback (most recent call last):\n  File "C:\\Users\\VIDYANKSHINI\\AppData\\Local\\Programs\\Python\\Python313\\Lib\\logging\\__init__.py", line 1153, in emit\n    stream.write(msg + self.terminator)\n    ~~~~~~~~~~~~^^^^^^^^^^^^^^^^^^^^^^^\n  File "C:\\Users\\VIDYANKSHINI\\AppData\\Local\\Programs\\Python\\Python313\\Lib\\encodings\\cp1252.py", line 19, in encode\n    return codecs.charmap_encode(input,self.errors,encoding_table)[0]\n           ~~~~~~~~~~~~~~~~~~~~~^^^^^^^^^^^^^^^^^^^^^^^^^^^^^^^^^^\nUnicodeEncodeError: 'charmap' codec can't encode character '\\u2713' in position 60: character maps to <undefined>\nCall stack:\n  File "C:\\Users\\VIDYANKSHINI\\AppData\\Local\\Programs\\Python\\Python313\\Lib\\threading.py", line 1012, in _bootstrap\n    self._bootstrap_inner()\n  File "C:\\Users\\VIDYANKSHINI\\AppData\\Local\\Programs\\Python\\Python313\\Lib\\threading.py", line 1041, in _bootstrap_inner\n    self.run()\n  File "C:\\Users\\VIDYANKSHINI\\AppData\\Local\\Programs\\Python\\Python313\\Lib\\threading.py", line 992, in run\n    self._target(*self._args, **self._kwargs)\n  File "C:\\Users\\VIDYANKSHINI\\AppData\\Local\\Programs\\Python\\Python313\\Lib\\site-packages\\anyio\\from_thread.py", line 532, in run_blocking_portal\n    run_eventloop(\n  File "C:\\Users\\VIDYANKSHINI\\AppData\\Local\\Programs\\Python\\Python313\\Lib\\site-packages\\anyio\\_core\\_eventloop.py", line 77, in run\n    return async_backend.run(func, args, {}, backend_options)\n  File "C:\\Users\\VIDYANKSHINI\\AppData\\Local\\Programs\\Python\\Python313\\Lib\\site-packages\\anyio\\_backends\\_asyncio.py", line 2358, in run\n    return runner.run(wrapper())\n  File "C:\\Users\\VIDYANKSHINI\\AppData\\Local\\Programs\\Python\\Python313\\Lib\\asyncio\\runners.py", line 118, in run\n    return self._loop.run_until_complete(task)\n  File "C:\\Users\\VIDYANKSHINI\\AppData\\Local\\Programs\\Python\\Python313\\Lib\\asyncio\\base_events.py", line 712, in run_until_complete\n    self.run_forever()\n  File "C:\\Users\\VIDYANKSHINI\\AppData\\Local\\Programs\\Python\\Python313\\Lib\\asyncio\\base_events.py", line 683, in run_forever\n    self._run_once()\n  File "C:\\Users\\VIDYANKSHINI\\AppData\\Local\\Programs\\Python\\Python313\\Lib\\asyncio\\base_events.py", line 2040, in _run_once\n    handle._run()\n  File "C:\\Users\\VIDYANKSHINI\\AppData\\Local\\Programs\\Python\\Python313\\Lib\\asyncio\\events.py", line 89, in _run\n    self._context.run(self._callback, *self._args)\n  File "C:\\Users\\VIDYANKSHINI\\AppData\\Local\\Programs\\Python\\Python313\\Lib\\site-packages\\anyio\\from_thread.py", line 259, in _call_func\n    retval = await retval_or_awaitable\n  File "C:\\Users\\VIDYANKSHINI\\AppData\\Local\\Programs\\Python\\Python313\\Lib\\site-packages\\starlette\\testclient.py", line 704, in lifespan\n    await self.app(scope, self.stream_receive.receive, self.stream_send.send)\n  File "C:\\Users\\VIDYANKSHINI\\AppData\\Local\\Programs\\Python\\Python313\\Lib\\site-packages\\fastapi\\applications.py", line 1159, in __call__\n    await super().__call__(scope, receive, send)\n  File "C:\\Users\\VIDYANKSHINI\\AppData\\Local\\Programs\\Python\\Python313\\Lib\\site-packages\\starlette\\applications.py", line 107, in __call__\n    await self.middleware_stack(scope, receive, send)\n  File "C:\\Users\\VIDYANKSHINI\\AppData\\Local\\Programs\\Python\\Python313\\Lib\\site-packages\\starlette\\middleware\\errors.py", line 151, in __call__\n    await self.app(scope, receive, send)\n  File "C:\\Users\\VIDYANKSHINI\\AppData\\Local\\Programs\\Python\\Python313\\Lib\\site-packages\\starlette\\middleware\\cors.py", line 79, in __call__\n    await self.app(scope, receive, send)\n  File "C:\\Users\\VIDYANKSHINI\\AppData\\Local\\Programs\\Python\\Python313\\Lib\\site-packages\\starlette\\middleware\\exceptions.py", line 49, in __call__\n    await self.app(scope, receive, send)\n  File "C:\\Users\\VIDYANKSHINI\\AppData\\Local\\Programs\\Python\\Python313\\Lib\\site-packages\\fastapi\\middleware\\asyncexitstack.py", line 18, in __call__\n    await self.app(scope, receive, send)\n  File "C:\\Users\\VIDYANKSHINI\\AppData\\Local\\Programs\\Python\\Python313\\Lib\\site-packages\\starlette\\routing.py", line 716, in __call__\n    await self.middleware_stack(scope, receive, send)\n  File "C:\\Users\\VIDYANKSHINI\\AppData\\Local\\Programs\\Python\\Python313\\Lib\\site-packages\\starlette\\routing.py", line 725, in app\n    await self.lifespan(scope, receive, send)\n  File "C:\\Users\\VIDYANKSHINI\\AppData\\Local\\Programs\\Python\\Python313\\Lib\\site-packages\\starlette\\routing.py", line 694, in lifespan\n    async with self.lifespan_context(app) as maybe_state:\n  File "C:\\Users\\VIDYANKSHINI\\AppData\\Local\\Programs\\Python\\Python313\\Lib\\contextlib.py", line 214, in __aenter__\n    return await anext(self.gen)\n  File "C:\\Users\\VIDYANKSHINI\\AppData\\Local\\Programs\\Python\\Python313\\Lib\\site-packages\\fastapi\\routing.py", line 216, in merged_lifespan\n    async with original_context(app) as maybe_original_state:\n  File "C:\\Users\\VIDYANKSHINI\\AppData\\Local\\Programs\\Python\\Python313\\Lib\\contextlib.py", line 214, in __aenter__\n    return await anext(self.gen)\n  File "C:\\Users\\VIDYANKSHINI\\Desktop\\project\\SecuScan\\backend\\secuscan\\main.py", line 55, in lifespan\n    await init_plugins(settings.plugins_dir)\n  File "C:\\Users\\VIDYANKSHINI\\Desktop\\project\\SecuScan\\backend\\secuscan\\plugins.py", line 382, in init_plugins\n    await plugin_manager.load_plugins()\n  File "C:\\Users\\VIDYANKSHINI\\Desktop\\project\\SecuScan\\backend\\secuscan\\plugins.py", line 59, in load_plugins\n    logger.info(f"\u2713 Loaded plugin: {plugin_meta.name} v{plugin_meta.version}")\nMessage: '\u2713 Loaded plugin: Volatility v1.0.0'\nArguments: ()\n--- Logging error ---\nTraceback (most recent call last):\n  File "C:\\Users\\VIDYANKSHINI\\AppData\\Local\\Programs\\Python\\Python313\\Lib\\logging\\__init__.py", line 1153, in emit\n    stream.write(msg + self.terminator)\n    ~~~~~~~~~~~~^^^^^^^^^^^^^^^^^^^^^^^\n  File "C:\\Users\\VIDYANKSHINI\\AppData\\Local\\Programs\\Python\\Python313\\Lib\\encodings\\cp1252.py", line 19, in encode\n    return codecs.charmap_encode(input,self.errors,encoding_table)[0]\n           ~~~~~~~~~~~~~~~~~~~~~^^^^^^^^^^^^^^^^^^^^^^^^^^^^^^^^^^\nUnicodeEncodeError: 'charmap' codec can't encode character '\\u2713' in position 60: character maps to <undefined>\nCall stack:\n  File "C:\\Users\\VIDYANKSHINI\\AppData\\Local\\Programs\\Python\\Python313\\Lib\\threading.py", line 1012, in _bootstrap\n    self._bootstrap_inner()\n  File "C:\\Users\\VIDYANKSHINI\\AppData\\Local\\Programs\\Python\\Python313\\Lib\\threading.py", line 1041, in _bootstrap_inner\n    self.run()\n  File "C:\\Users\\VIDYANKSHINI\\AppData\\Local\\Programs\\Python\\Python313\\Lib\\threading.py", line 992, in run\n    self._target(*self._args, **self._kwargs)\n  File "C:\\Users\\VIDYANKSHINI\\AppData\\Local\\Programs\\Python\\Python313\\Lib\\site-packages\\anyio\\from_thread.py", line 532, in run_blocking_portal\n    run_eventloop(\n  File "C:\\Users\\VIDYANKSHINI\\AppData\\Local\\Programs\\Python\\Python313\\Lib\\site-packages\\anyio\\_core\\_eventloop.py", line 77, in run\n    return async_backend.run(func, args, {}, backend_options)\n  File "C:\\Users\\VIDYANKSHINI\\AppData\\Local\\Programs\\Python\\Python313\\Lib\\site-packages\\anyio\\_backends\\_asyncio.py", line 2358, in run\n    return runner.run(wrapper())\n  File "C:\\Users\\VIDYANKSHINI\\AppData\\Local\\Programs\\Python\\Python313\\Lib\\asyncio\\runners.py", line 118, in run\n    return self._loop.run_until_complete(task)\n  File "C:\\Users\\VIDYANKSHINI\\AppData\\Local\\Programs\\Python\\Python313\\Lib\\asyncio\\base_events.py", line 712, in run_until_complete\n    self.run_forever()\n  File "C:\\Users\\VIDYANKSHINI\\AppData\\Local\\Programs\\Python\\Python313\\Lib\\asyncio\\base_events.py", line 683, in run_forever\n    self._run_once()\n  File "C:\\Users\\VIDYANKSHINI\\AppData\\Local\\Programs\\Python\\Python313\\Lib\\asyncio\\base_events.py", line 2040, in _run_once\n    handle._run()\n  File "C:\\Users\\VIDYANKSHINI\\AppData\\Local\\Programs\\Python\\Python313\\Lib\\asyncio\\events.py", line 89, in _run\n    self._context.run(self._callback, *self._args)\n  File "C:\\Users\\VIDYANKSHINI\\AppData\\Local\\Programs\\Python\\Python313\\Lib\\site-packages\\anyio\\from_thread.py", line 259, in _call_func\n    retval = await retval_or_awaitable\n  File "C:\\Users\\VIDYANKSHINI\\AppData\\Local\\Programs\\Python\\Python313\\Lib\\site-packages\\starlette\\testclient.py", line 704, in lifespan\n    await self.app(scope, self.stream_receive.receive, self.stream_send.send)\n  File "C:\\Users\\VIDYANKSHINI\\AppData\\Local\\Programs\\Python\\Python313\\Lib\\site-packages\\fastapi\\applications.py", line 1159, in __call__\n    await super().__call__(scope, receive, send)\n  File "C:\\Users\\VIDYANKSHINI\\AppData\\Local\\Programs\\Python\\Python313\\Lib\\site-packages\\starlette\\applications.py", line 107, in __call__\n    await self.middleware_stack(scope, receive, send)\n  File "C:\\Users\\VIDYANKSHINI\\AppData\\Local\\Programs\\Python\\Python313\\Lib\\site-packages\\starlette\\middleware\\errors.py", line 151, in __call__\n    await self.app(scope, receive, send)\n  File "C:\\Users\\VIDYANKSHINI\\AppData\\Local\\Programs\\Python\\Python313\\Lib\\site-packages\\starlette\\middleware\\cors.py", line 79, in __call__\n    await self.app(scope, receive, send)\n  File "C:\\Users\\VIDYANKSHINI\\AppData\\Local\\Programs\\Python\\Python313\\Lib\\site-packages\\starlette\\middleware\\exceptions.py", line 49, in __call__\n    await self.app(scope, receive, send)\n  File "C:\\Users\\VIDYANKSHINI\\AppData\\Local\\Programs\\Python\\Python313\\Lib\\site-packages\\fastapi\\middleware\\asyncexitstack.py", line 18, in __call__\n    await self.app(scope, receive, send)\n  File "C:\\Users\\VIDYANKSHINI\\AppData\\Local\\Programs\\Python\\Python313\\Lib\\site-packages\\starlette\\routing.py", line 716, in __call__\n    await self.middleware_stack(scope, receive, send)\n  File "C:\\Users\\VIDYANKSHINI\\AppData\\Local\\Programs\\Python\\Python313\\Lib\\site-packages\\starlette\\routing.py", line 725, in app\n    await self.lifespan(scope, receive, send)\n  File "C:\\Users\\VIDYANKSHINI\\AppData\\Local\\Programs\\Python\\Python313\\Lib\\site-packages\\starlette\\routing.py", line 694, in lifespan\n    async with self.lifespan_context(app) as maybe_state:\n  File "C:\\Users\\VIDYANKSHINI\\AppData\\Local\\Programs\\Python\\Python313\\Lib\\contextlib.py", line 214, in __aenter__\n    return await anext(self.gen)\n  File "C:\\Users\\VIDYANKSHINI\\AppData\\Local\\Programs\\Python\\Python313\\Lib\\site-packages\\fastapi\\routing.py", line 216, in merged_lifespan\n    async with original_context(app) as maybe_original_state:\n  File "C:\\Users\\VIDYANKSHINI\\AppData\\Local\\Programs\\Python\\Python313\\Lib\\contextlib.py", line 214, in __aenter__\n    return await anext(self.gen)\n  File "C:\\Users\\VIDYANKSHINI\\Desktop\\project\\SecuScan\\backend\\secuscan\\main.py", line 55, in lifespan\n    await init_plugins(settings.plugins_dir)\n  File "C:\\Users\\VIDYANKSHINI\\Desktop\\project\\SecuScan\\backend\\secuscan\\plugins.py", line 382, in init_plugins\n    await plugin_manager.load_plugins()\n  File "C:\\Users\\VIDYANKSHINI\\Desktop\\project\\SecuScan\\backend\\secuscan\\plugins.py", line 59, in load_plugins\n    logger.info(f"\u2713 Loaded plugin: {plugin_meta.name} v{plugin_meta.version}")\nMessage: '\u2713 Loaded plugin: WAF Detector v1.0.0'\nArguments: ()\n--- Logging error ---\nTraceback (most recent call last):\n  File "C:\\Users\\VIDYANKSHINI\\AppData\\Local\\Programs\\Python\\Python313\\Lib\\logging\\__init__.py", line 1153, in emit\n    stream.write(msg + self.terminator)\n    ~~~~~~~~~~~~^^^^^^^^^^^^^^^^^^^^^^^\n  File "C:\\Users\\VIDYANKSHINI\\AppData\\Local\\Programs\\Python\\Python313\\Lib\\encodings\\cp1252.py", line 19, in encode\n    return codecs.charmap_encode(input,self.errors,encoding_table)[0]\n           ~~~~~~~~~~~~~~~~~~~~~^^^^^^^^^^^^^^^^^^^^^^^^^^^^^^^^^^\nUnicodeEncodeError: 'charmap' codec can't encode character '\\u2713' in position 60: character maps to <undefined>\nCall stack:\n  File "C:\\Users\\VIDYANKSHINI\\AppData\\Local\\Programs\\Python\\Python313\\Lib\\threading.py", line 1012, in _bootstrap\n    self._bootstrap_inner()\n  File "C:\\Users\\VIDYANKSHINI\\AppData\\Local\\Programs\\Python\\Python313\\Lib\\threading.py", line 1041, in _bootstrap_inner\n    self.run()\n  File "C:\\Users\\VIDYANKSHINI\\AppData\\Local\\Programs\\Python\\Python313\\Lib\\threading.py", line 992, in run\n    self._target(*self._args, **self._kwargs)\n  File "C:\\Users\\VIDYANKSHINI\\AppData\\Local\\Programs\\Python\\Python313\\Lib\\site-packages\\anyio\\from_thread.py", line 532, in run_blocking_portal\n    run_eventloop(\n  File "C:\\Users\\VIDYANKSHINI\\AppData\\Local\\Programs\\Python\\Python313\\Lib\\site-packages\\anyio\\_core\\_eventloop.py", line 77, in run\n    return async_backend.run(func, args, {}, backend_options)\n  File "C:\\Users\\VIDYANKSHINI\\AppData\\Local\\Programs\\Python\\Python313\\Lib\\site-packages\\anyio\\_backends\\_asyncio.py", line 2358, in run\n    return runner.run(wrapper())\n  File "C:\\Users\\VIDYANKSHINI\\AppData\\Local\\Programs\\Python\\Python313\\Lib\\asyncio\\runners.py", line 118, in run\n    return self._loop.run_until_complete(task)\n  File "C:\\Users\\VIDYANKSHINI\\AppData\\Local\\Programs\\Python\\Python313\\Lib\\asyncio\\base_events.py", line 712, in run_until_complete\n    self.run_forever()\n  File "C:\\Users\\VIDYANKSHINI\\AppData\\Local\\Programs\\Python\\Python313\\Lib\\asyncio\\base_events.py", line 683, in run_forever\n    self._run_once()\n  File "C:\\Users\\VIDYANKSHINI\\AppData\\Local\\Programs\\Python\\Python313\\Lib\\asyncio\\base_events.py", line 2040, in _run_once\n    handle._run()\n  File "C:\\Users\\VIDYANKSHINI\\AppData\\Local\\Programs\\Python\\Python313\\Lib\\asyncio\\events.py", line 89, in _run\n    self._context.run(self._callback, *self._args)\n  File "C:\\Users\\VIDYANKSHINI\\AppData\\Local\\Programs\\Python\\Python313\\Lib\\site-packages\\anyio\\from_thread.py", line 259, in _call_func\n    retval = await retval_or_awaitable\n  File "C:\\Users\\VIDYANKSHINI\\AppData\\Local\\Programs\\Python\\Python313\\Lib\\site-packages\\starlette\\testclient.py", line 704, in lifespan\n    await self.app(scope, self.stream_receive.receive, self.stream_send.send)\n  File "C:\\Users\\VIDYANKSHINI\\AppData\\Local\\Programs\\Python\\Python313\\Lib\\site-packages\\fastapi\\applications.py", line 1159, in __call__\n    await super().__call__(scope, receive, send)\n  File "C:\\Users\\VIDYANKSHINI\\AppData\\Local\\Programs\\Python\\Python313\\Lib\\site-packages\\starlette\\applications.py", line 107, in __call__\n    await self.middleware_stack(scope, receive, send)\n  File "C:\\Users\\VIDYANKSHINI\\AppData\\Local\\Programs\\Python\\Python313\\Lib\\site-packages\\starlette\\middleware\\errors.py", line 151, in __call__\n    await self.app(scope, receive, send)\n  File "C:\\Users\\VIDYANKSHINI\\AppData\\Local\\Programs\\Python\\Python313\\Lib\\site-packages\\starlette\\middleware\\cors.py", line 79, in __call__\n    await self.app(scope, receive, send)\n  File "C:\\Users\\VIDYANKSHINI\\AppData\\Local\\Programs\\Python\\Python313\\Lib\\site-packages\\starlette\\middleware\\exceptions.py", line 49, in __call__\n    await self.app(scope, receive, send)\n  File "C:\\Users\\VIDYANKSHINI\\AppData\\Local\\Programs\\Python\\Python313\\Lib\\site-packages\\fastapi\\middleware\\asyncexitstack.py", line 18, in __call__\n    await self.app(scope, receive, send)\n  File "C:\\Users\\VIDYANKSHINI\\AppData\\Local\\Programs\\Python\\Python313\\Lib\\site-packages\\starlette\\routing.py", line 716, in __call__\n    await self.middleware_stack(scope, receive, send)\n  File "C:\\Users\\VIDYANKSHINI\\AppData\\Local\\Programs\\Python\\Python313\\Lib\\site-packages\\starlette\\routing.py", line 725, in app\n    await self.lifespan(scope, receive, send)\n  File "C:\\Users\\VIDYANKSHINI\\AppData\\Local\\Programs\\Python\\Python313\\Lib\\site-packages\\starlette\\routing.py", line 694, in lifespan\n    async with self.lifespan_context(app) as maybe_state:\n  File "C:\\Users\\VIDYANKSHINI\\AppData\\Local\\Programs\\Python\\Python313\\Lib\\contextlib.py", line 214, in __aenter__\n    return await anext(self.gen)\n  File "C:\\Users\\VIDYANKSHINI\\AppData\\Local\\Programs\\Python\\Python313\\Lib\\site-packages\\fastapi\\routing.py", line 216, in merged_lifespan\n    async with original_context(app) as maybe_original_state:\n  File "C:\\Users\\VIDYANKSHINI\\AppData\\Local\\Programs\\Python\\Python313\\Lib\\contextlib.py", line 214, in __aenter__\n    return await anext(self.gen)\n  File "C:\\Users\\VIDYANKSHINI\\Desktop\\project\\SecuScan\\backend\\secuscan\\main.py", line 55, in lifespan\n    await init_plugins(settings.plugins_dir)\n  File "C:\\Users\\VIDYANKSHINI\\Desktop\\project\\SecuScan\\backend\\secuscan\\plugins.py", line 382, in init_plugins\n    await plugin_manager.load_plugins()\n  File "C:\\Users\\VIDYANKSHINI\\Desktop\\project\\SecuScan\\backend\\secuscan\\plugins.py", line 59, in load_plugins\n    logger.info(f"\u2713 Loaded plugin: {plugin_meta.name} v{plugin_meta.version}")\nMessage: '\u2713 Loaded plugin: Website Recon v1.0.0'\nArguments: ()\n--- Logging error ---\nTraceback (most recent call last):\n  File "C:\\Users\\VIDYANKSHINI\\AppData\\Local\\Programs\\Python\\Python313\\Lib\\logging\\__init__.py", line 1153, in emit\n    stream.write(msg + self.terminator)\n    ~~~~~~~~~~~~^^^^^^^^^^^^^^^^^^^^^^^\n  File "C:\\Users\\VIDYANKSHINI\\AppData\\Local\\Programs\\Python\\Python313\\Lib\\encodings\\cp1252.py", line 19, in encode\n    return codecs.charmap_encode(input,self.errors,encoding_table)[0]\n           ~~~~~~~~~~~~~~~~~~~~~^^^^^^^^^^^^^^^^^^^^^^^^^^^^^^^^^^\nUnicodeEncodeError: 'charmap' codec can't encode character '\\u2713' in position 60: character maps to <undefined>\nCall stack:\n  File "C:\\Users\\VIDYANKSHINI\\AppData\\Local\\Programs\\Python\\Python313\\Lib\\threading.py", line 1012, in _bootstrap\n    self._bootstrap_inner()\n  File "C:\\Users\\VIDYANKSHINI\\AppData\\Local\\Programs\\Python\\Python313\\Lib\\threading.py", line 1041, in _bootstrap_inner\n    self.run()\n  File "C:\\Users\\VIDYANKSHINI\\AppData\\Local\\Programs\\Python\\Python313\\Lib\\threading.py", line 992, in run\n    self._target(*self._args, **self._kwargs)\n  File "C:\\Users\\VIDYANKSHINI\\AppData\\Local\\Programs\\Python\\Python313\\Lib\\site-packages\\anyio\\from_thread.py", line 532, in run_blocking_portal\n    run_eventloop(\n  File "C:\\Users\\VIDYANKSHINI\\AppData\\Local\\Programs\\Python\\Python313\\Lib\\site-packages\\anyio\\_core\\_eventloop.py", line 77, in run\n    return async_backend.run(func, args, {}, backend_options)\n  File "C:\\Users\\VIDYANKSHINI\\AppData\\Local\\Programs\\Python\\Python313\\Lib\\site-packages\\anyio\\_backends\\_asyncio.py", line 2358, in run\n    return runner.run(wrapper())\n  File "C:\\Users\\VIDYANKSHINI\\AppData\\Local\\Programs\\Python\\Python313\\Lib\\asyncio\\runners.py", line 118, in run\n    return self._loop.run_until_complete(task)\n  File "C:\\Users\\VIDYANKSHINI\\AppData\\Local\\Programs\\Python\\Python313\\Lib\\asyncio\\base_events.py", line 712, in run_until_complete\n    self.run_forever()\n  File "C:\\Users\\VIDYANKSHINI\\AppData\\Local\\Programs\\Python\\Python313\\Lib\\asyncio\\base_events.py", line 683, in run_forever\n    self._run_once()\n  File "C:\\Users\\VIDYANKSHINI\\AppData\\Local\\Programs\\Python\\Python313\\Lib\\asyncio\\base_events.py", line 2040, in _run_once\n    handle._run()\n  File "C:\\Users\\VIDYANKSHINI\\AppData\\Local\\Programs\\Python\\Python313\\Lib\\asyncio\\events.py", line 89, in _run\n    self._context.run(self._callback, *self._args)\n  File "C:\\Users\\VIDYANKSHINI\\AppData\\Local\\Programs\\Python\\Python313\\Lib\\site-packages\\anyio\\from_thread.py", line 259, in _call_func\n    retval = await retval_or_awaitable\n  File "C:\\Users\\VIDYANKSHINI\\AppData\\Local\\Programs\\Python\\Python313\\Lib\\site-packages\\starlette\\testclient.py", line 704, in lifespan\n    await self.app(scope, self.stream_receive.receive, self.stream_send.send)\n  File "C:\\Users\\VIDYANKSHINI\\AppData\\Local\\Programs\\Python\\Python313\\Lib\\site-packages\\fastapi\\applications.py", line 1159, in __call__\n    await super().__call__(scope, receive, send)\n  File "C:\\Users\\VIDYANKSHINI\\AppData\\Local\\Programs\\Python\\Python313\\Lib\\site-packages\\starlette\\applications.py", line 107, in __call__\n    await self.middleware_stack(scope, receive, send)\n  File "C:\\Users\\VIDYANKSHINI\\AppData\\Local\\Programs\\Python\\Python313\\Lib\\site-packages\\starlette\\middleware\\errors.py", line 151, in __call__\n    await self.app(scope, receive, send)\n  File "C:\\Users\\VIDYANKSHINI\\AppData\\Local\\Programs\\Python\\Python313\\Lib\\site-packages\\starlette\\middleware\\cors.py", line 79, in __call__\n    await self.app(scope, receive, send)\n  File "C:\\Users\\VIDYANKSHINI\\AppData\\Local\\Programs\\Python\\Python313\\Lib\\site-packages\\starlette\\middleware\\exceptions.py", line 49, in __call__\n    await self.app(scope, receive, send)\n  File "C:\\Users\\VIDYANKSHINI\\AppData\\Local\\Programs\\Python\\Python313\\Lib\\site-packages\\fastapi\\middleware\\asyncexitstack.py", line 18, in __call__\n    await self.app(scope, receive, send)\n  File "C:\\Users\\VIDYANKSHINI\\AppData\\Local\\Programs\\Python\\Python313\\Lib\\site-packages\\starlette\\routing.py", line 716, in __call__\n    await self.middleware_stack(scope, receive, send)\n  File "C:\\Users\\VIDYANKSHINI\\AppData\\Local\\Programs\\Python\\Python313\\Lib\\site-packages\\starlette\\routing.py", line 725, in app\n    await self.lifespan(scope, receive, send)\n  File "C:\\Users\\VIDYANKSHINI\\AppData\\Local\\Programs\\Python\\Python313\\Lib\\site-packages\\starlette\\routing.py", line 694, in lifespan\n    async with self.lifespan_context(app) as maybe_state:\n  File "C:\\Users\\VIDYANKSHINI\\AppData\\Local\\Programs\\Python\\Python313\\Lib\\contextlib.py", line 214, in __aenter__\n    return await anext(self.gen)\n  File "C:\\Users\\VIDYANKSHINI\\AppData\\Local\\Programs\\Python\\Python313\\Lib\\site-packages\\fastapi\\routing.py", line 216, in merged_lifespan\n    async with original_context(app) as maybe_original_state:\n  File "C:\\Users\\VIDYANKSHINI\\AppData\\Local\\Programs\\Python\\Python313\\Lib\\contextlib.py", line 214, in __aenter__\n    return await anext(self.gen)\n  File "C:\\Users\\VIDYANKSHINI\\Desktop\\project\\SecuScan\\backend\\secuscan\\main.py", line 55, in lifespan\n    await init_plugins(settings.plugins_dir)\n  File "C:\\Users\\VIDYANKSHINI\\Desktop\\project\\SecuScan\\backend\\secuscan\\plugins.py", line 382, in init_plugins\n    await plugin_manager.load_plugins()\n  File "C:\\Users\\VIDYANKSHINI\\Desktop\\project\\SecuScan\\backend\\secuscan\\plugins.py", line 59, in load_plugins\n    logger.info(f"\u2713 Loaded plugin: {plugin_meta.name} v{plugin_meta.version}")\nMessage: '\u2713 Loaded plugin: Domain Registration Lookup v1.0.0'\nArguments: ()\n--- Logging error ---\nTraceback (most recent call last):\n  File "C:\\Users\\VIDYANKSHINI\\AppData\\Local\\Programs\\Python\\Python313\\Lib\\logging\\__init__.py", line 1153, in emit\n    stream.write(msg + self.terminator)\n    ~~~~~~~~~~~~^^^^^^^^^^^^^^^^^^^^^^^\n  File "C:\\Users\\VIDYANKSHINI\\AppData\\Local\\Programs\\Python\\Python313\\Lib\\encodings\\cp1252.py", line 19, in encode\n    return codecs.charmap_encode(input,self.errors,encoding_table)[0]\n           ~~~~~~~~~~~~~~~~~~~~~^^^^^^^^^^^^^^^^^^^^^^^^^^^^^^^^^^\nUnicodeEncodeError: 'charmap' codec can't encode character '\\u2713' in position 60: character maps to <undefined>\nCall stack:\n  File "C:\\Users\\VIDYANKSHINI\\AppData\\Local\\Programs\\Python\\Python313\\Lib\\threading.py", line 1012, in _bootstrap\n    self._bootstrap_inner()\n  File "C:\\Users\\VIDYANKSHINI\\AppData\\Local\\Programs\\Python\\Python313\\Lib\\threading.py", line 1041, in _bootstrap_inner\n    self.run()\n  File "C:\\Users\\VIDYANKSHINI\\AppData\\Local\\Programs\\Python\\Python313\\Lib\\threading.py", line 992, in run\n    self._target(*self._args, **self._kwargs)\n  File "C:\\Users\\VIDYANKSHINI\\AppData\\Local\\Programs\\Python\\Python313\\Lib\\site-packages\\anyio\\from_thread.py", line 532, in run_blocking_portal\n    run_eventloop(\n  File "C:\\Users\\VIDYANKSHINI\\AppData\\Local\\Programs\\Python\\Python313\\Lib\\site-packages\\anyio\\_core\\_eventloop.py", line 77, in run\n    return async_backend.run(func, args, {}, backend_options)\n  File "C:\\Users\\VIDYANKSHINI\\AppData\\Local\\Programs\\Python\\Python313\\Lib\\site-packages\\anyio\\_backends\\_asyncio.py", line 2358, in run\n    return runner.run(wrapper())\n  File "C:\\Users\\VIDYANKSHINI\\AppData\\Local\\Programs\\Python\\Python313\\Lib\\asyncio\\runners.py", line 118, in run\n    return self._loop.run_until_complete(task)\n  File "C:\\Users\\VIDYANKSHINI\\AppData\\Local\\Programs\\Python\\Python313\\Lib\\asyncio\\base_events.py", line 712, in run_until_complete\n    self.run_forever()\n  File "C:\\Users\\VIDYANKSHINI\\AppData\\Local\\Programs\\Python\\Python313\\Lib\\asyncio\\base_events.py", line 683, in run_forever\n    self._run_once()\n  File "C:\\Users\\VIDYANKSHINI\\AppData\\Local\\Programs\\Python\\Python313\\Lib\\asyncio\\base_events.py", line 2040, in _run_once\n    handle._run()\n  File "C:\\Users\\VIDYANKSHINI\\AppData\\Local\\Programs\\Python\\Python313\\Lib\\asyncio\\events.py", line 89, in _run\n    self._context.run(self._callback, *self._args)\n  File "C:\\Users\\VIDYANKSHINI\\AppData\\Local\\Programs\\Python\\Python313\\Lib\\site-packages\\anyio\\from_thread.py", line 259, in _call_func\n    retval = await retval_or_awaitable\n  File "C:\\Users\\VIDYANKSHINI\\AppData\\Local\\Programs\\Python\\Python313\\Lib\\site-packages\\starlette\\testclient.py", line 704, in lifespan\n    await self.app(scope, self.stream_receive.receive, self.stream_send.send)\n  File "C:\\Users\\VIDYANKSHINI\\AppData\\Local\\Programs\\Python\\Python313\\Lib\\site-packages\\fastapi\\applications.py", line 1159, in __call__\n    await super().__call__(scope, receive, send)\n  File "C:\\Users\\VIDYANKSHINI\\AppData\\Local\\Programs\\Python\\Python313\\Lib\\site-packages\\starlette\\applications.py", line 107, in __call__\n    await self.middleware_stack(scope, receive, send)\n  File "C:\\Users\\VIDYANKSHINI\\AppData\\Local\\Programs\\Python\\Python313\\Lib\\site-packages\\starlette\\middleware\\errors.py", line 151, in __call__\n    await self.app(scope, receive, send)\n  File "C:\\Users\\VIDYANKSHINI\\AppData\\Local\\Programs\\Python\\Python313\\Lib\\site-packages\\starlette\\middleware\\cors.py", line 79, in __call__\n    await self.app(scope, receive, send)\n  File "C:\\Users\\VIDYANKSHINI\\AppData\\Local\\Programs\\Python\\Python313\\Lib\\site-packages\\starlette\\middleware\\exceptions.py", line 49, in __call__\n    await self.app(scope, receive, send)\n  File "C:\\Users\\VIDYANKSHINI\\AppData\\Local\\Programs\\Python\\Python313\\Lib\\site-packages\\fastapi\\middleware\\asyncexitstack.py", line 18, in __call__\n    await self.app(scope, receive, send)\n  File "C:\\Users\\VIDYANKSHINI\\AppData\\Local\\Programs\\Python\\Python313\\Lib\\site-packages\\starlette\\routing.py", line 716, in __call__\n    await self.middleware_stack(scope, receive, send)\n  File "C:\\Users\\VIDYANKSHINI\\AppData\\Local\\Programs\\Python\\Python313\\Lib\\site-packages\\starlette\\routing.py", line 725, in app\n    await self.lifespan(scope, receive, send)\n  File "C:\\Users\\VIDYANKSHINI\\AppData\\Local\\Programs\\Python\\Python313\\Lib\\site-packages\\starlette\\routing.py", line 694, in lifespan\n    async with self.lifespan_context(app) as maybe_state:\n  File "C:\\Users\\VIDYANKSHINI\\AppData\\Local\\Programs\\Python\\Python313\\Lib\\contextlib.py", line 214, in __aenter__\n    return await anext(self.gen)\n  File "C:\\Users\\VIDYANKSHINI\\AppData\\Local\\Programs\\Python\\Python313\\Lib\\site-packages\\fastapi\\routing.py", line 216, in merged_lifespan\n    async with original_context(app) as maybe_original_state:\n  File "C:\\Users\\VIDYANKSHINI\\AppData\\Local\\Programs\\Python\\Python313\\Lib\\contextlib.py", line 214, in __aenter__\n    return await anext(self.gen)\n  File "C:\\Users\\VIDYANKSHINI\\Desktop\\project\\SecuScan\\backend\\secuscan\\main.py", line 55, in lifespan\n    await init_plugins(settings.plugins_dir)\n  File "C:\\Users\\VIDYANKSHINI\\Desktop\\project\\SecuScan\\backend\\secuscan\\plugins.py", line 382, in init_plugins\n    await plugin_manager.load_plugins()\n  File "C:\\Users\\VIDYANKSHINI\\Desktop\\project\\SecuScan\\backend\\secuscan\\plugins.py", line 59, in load_plugins\n    logger.info(f"\u2713 Loaded plugin: {plugin_meta.name} v{plugin_meta.version}")\nMessage: '\u2713 Loaded plugin: WordPress Security Scan v1.0.0'\nArguments: ()\n--- Logging error ---\nTraceback (most recent call last):\n  File "C:\\Users\\VIDYANKSHINI\\AppData\\Local\\Programs\\Python\\Python313\\Lib\\logging\\__init__.py", line 1153, in emit\n    stream.write(msg + self.terminator)\n    ~~~~~~~~~~~~^^^^^^^^^^^^^^^^^^^^^^^\n  File "C:\\Users\\VIDYANKSHINI\\AppData\\Local\\Programs\\Python\\Python313\\Lib\\encodings\\cp1252.py", line 19, in encode\n    return codecs.charmap_encode(input,self.errors,encoding_table)[0]\n           ~~~~~~~~~~~~~~~~~~~~~^^^^^^^^^^^^^^^^^^^^^^^^^^^^^^^^^^\nUnicodeEncodeError: 'charmap' codec can't encode character '\\u2713' in position 60: character maps to <undefined>\nCall stack:\n  File "C:\\Users\\VIDYANKSHINI\\AppData\\Local\\Programs\\Python\\Python313\\Lib\\threading.py", line 1012, in _bootstrap\n    self._bootstrap_inner()\n  File "C:\\Users\\VIDYANKSHINI\\AppData\\Local\\Programs\\Python\\Python313\\Lib\\threading.py", line 1041, in _bootstrap_inner\n    self.run()\n  File "C:\\Users\\VIDYANKSHINI\\AppData\\Local\\Programs\\Python\\Python313\\Lib\\threading.py", line 992, in run\n    self._target(*self._args, **self._kwargs)\n  File "C:\\Users\\VIDYANKSHINI\\AppData\\Local\\Programs\\Python\\Python313\\Lib\\site-packages\\anyio\\from_thread.py", line 532, in run_blocking_portal\n    run_eventloop(\n  File "C:\\Users\\VIDYANKSHINI\\AppData\\Local\\Programs\\Python\\Python313\\Lib\\site-packages\\anyio\\_core\\_eventloop.py", line 77, in run\n    return async_backend.run(func, args, {}, backend_options)\n  File "C:\\Users\\VIDYANKSHINI\\AppData\\Local\\Programs\\Python\\Python313\\Lib\\site-packages\\anyio\\_backends\\_asyncio.py", line 2358, in run\n    return runner.run(wrapper())\n  File "C:\\Users\\VIDYANKSHINI\\AppData\\Local\\Programs\\Python\\Python313\\Lib\\asyncio\\runners.py", line 118, in run\n    return self._loop.run_until_complete(task)\n  File "C:\\Users\\VIDYANKSHINI\\AppData\\Local\\Programs\\Python\\Python313\\Lib\\asyncio\\base_events.py", line 712, in run_until_complete\n    self.run_forever()\n  File "C:\\Users\\VIDYANKSHINI\\AppData\\Local\\Programs\\Python\\Python313\\Lib\\asyncio\\base_events.py", line 683, in run_forever\n    self._run_once()\n  File "C:\\Users\\VIDYANKSHINI\\AppData\\Local\\Programs\\Python\\Python313\\Lib\\asyncio\\base_events.py", line 2040, in _run_once\n    handle._run()\n  File "C:\\Users\\VIDYANKSHINI\\AppData\\Local\\Programs\\Python\\Python313\\Lib\\asyncio\\events.py", line 89, in _run\n    self._context.run(self._callback, *self._args)\n  File "C:\\Users\\VIDYANKSHINI\\AppData\\Local\\Programs\\Python\\Python313\\Lib\\site-packages\\anyio\\from_thread.py", line 259, in _call_func\n    retval = await retval_or_awaitable\n  File "C:\\Users\\VIDYANKSHINI\\AppData\\Local\\Programs\\Python\\Python313\\Lib\\site-packages\\starlette\\testclient.py", line 704, in lifespan\n    await self.app(scope, self.stream_receive.receive, self.stream_send.send)\n  File "C:\\Users\\VIDYANKSHINI\\AppData\\Local\\Programs\\Python\\Python313\\Lib\\site-packages\\fastapi\\applications.py", line 1159, in __call__\n    await super().__call__(scope, receive, send)\n  File "C:\\Users\\VIDYANKSHINI\\AppData\\Local\\Programs\\Python\\Python313\\Lib\\site-packages\\starlette\\applications.py", line 107, in __call__\n    await self.middleware_stack(scope, receive, send)\n  File "C:\\Users\\VIDYANKSHINI\\AppData\\Local\\Programs\\Python\\Python313\\Lib\\site-packages\\starlette\\middleware\\errors.py", line 151, in __call__\n    await self.app(scope, receive, send)\n  File "C:\\Users\\VIDYANKSHINI\\AppData\\Local\\Programs\\Python\\Python313\\Lib\\site-packages\\starlette\\middleware\\cors.py", line 79, in __call__\n    await self.app(scope, receive, send)\n  File "C:\\Users\\VIDYANKSHINI\\AppData\\Local\\Programs\\Python\\Python313\\Lib\\site-packages\\starlette\\middleware\\exceptions.py", line 49, in __call__\n    await self.app(scope, receive, send)\n  File "C:\\Users\\VIDYANKSHINI\\AppData\\Local\\Programs\\Python\\Python313\\Lib\\site-packages\\fastapi\\middleware\\asyncexitstack.py", line 18, in __call__\n    await self.app(scope, receive, send)\n  File "C:\\Users\\VIDYANKSHINI\\AppData\\Local\\Programs\\Python\\Python313\\Lib\\site-packages\\starlette\\routing.py", line 716, in __call__\n    await self.middleware_stack(scope, receive, send)\n  File "C:\\Users\\VIDYANKSHINI\\AppData\\Local\\Programs\\Python\\Python313\\Lib\\site-packages\\starlette\\routing.py", line 725, in app\n    await self.lifespan(scope, receive, send)\n  File "C:\\Users\\VIDYANKSHINI\\AppData\\Local\\Programs\\Python\\Python313\\Lib\\site-packages\\starlette\\routing.py", line 694, in lifespan\n    async with self.lifespan_context(app) as maybe_state:\n  File "C:\\Users\\VIDYANKSHINI\\AppData\\Local\\Programs\\Python\\Python313\\Lib\\contextlib.py", line 214, in __aenter__\n    return await anext(self.gen)\n  File "C:\\Users\\VIDYANKSHINI\\AppData\\Local\\Programs\\Python\\Python313\\Lib\\site-packages\\fastapi\\routing.py", line 216, in merged_lifespan\n    async with original_context(app) as maybe_original_state:\n  File "C:\\Users\\VIDYANKSHINI\\AppData\\Local\\Programs\\Python\\Python313\\Lib\\contextlib.py", line 214, in __aenter__\n    return await anext(self.gen)\n  File "C:\\Users\\VIDYANKSHINI\\Desktop\\project\\SecuScan\\backend\\secuscan\\main.py", line 55, in lifespan\n    await init_plugins(settings.plugins_dir)\n  File "C:\\Users\\VIDYANKSHINI\\Desktop\\project\\SecuScan\\backend\\secuscan\\plugins.py", line 382, in init_plugins\n    await plugin_manager.load_plugins()\n  File "C:\\Users\\VIDYANKSHINI\\Desktop\\project\\SecuScan\\backend\\secuscan\\plugins.py", line 59, in load_plugins\n    logger.info(f"\u2713 Loaded plugin: {plugin_meta.name} v{plugin_meta.version}")\nMessage: '\u2713 Loaded plugin: XSS Exploiter v1.0.0'\nArguments: ()\n--- Logging error ---\nTraceback (most recent call last):\n  File "C:\\Users\\VIDYANKSHINI\\AppData\\Local\\Programs\\Python\\Python313\\Lib\\logging\\__init__.py", line 1153, in emit\n    stream.write(msg + self.terminator)\n    ~~~~~~~~~~~~^^^^^^^^^^^^^^^^^^^^^^^\n  File "C:\\Users\\VIDYANKSHINI\\AppData\\Local\\Programs\\Python\\Python313\\Lib\\encodings\\cp1252.py", line 19, in encode\n    return codecs.charmap_encode(input,self.errors,encoding_table)[0]\n           ~~~~~~~~~~~~~~~~~~~~~^^^^^^^^^^^^^^^^^^^^^^^^^^^^^^^^^^\nUnicodeEncodeError: 'charmap' codec can't encode character '\\u2713' in position 60: character maps to <undefined>\nCall stack:\n  File "C:\\Users\\VIDYANKSHINI\\AppData\\Local\\Programs\\Python\\Python313\\Lib\\threading.py", line 1012, in _bootstrap\n    self._bootstrap_inner()\n  File "C:\\Users\\VIDYANKSHINI\\AppData\\Local\\Programs\\Python\\Python313\\Lib\\threading.py", line 1041, in _bootstrap_inner\n    self.run()\n  File "C:\\Users\\VIDYANKSHINI\\AppData\\Local\\Programs\\Python\\Python313\\Lib\\threading.py", line 992, in run\n    self._target(*self._args, **self._kwargs)\n  File "C:\\Users\\VIDYANKSHINI\\AppData\\Local\\Programs\\Python\\Python313\\Lib\\site-packages\\anyio\\from_thread.py", line 532, in run_blocking_portal\n    run_eventloop(\n  File "C:\\Users\\VIDYANKSHINI\\AppData\\Local\\Programs\\Python\\Python313\\Lib\\site-packages\\anyio\\_core\\_eventloop.py", line 77, in run\n    return async_backend.run(func, args, {}, backend_options)\n  File "C:\\Users\\VIDYANKSHINI\\AppData\\Local\\Programs\\Python\\Python313\\Lib\\site-packages\\anyio\\_backends\\_asyncio.py", line 2358, in run\n    return runner.run(wrapper())\n  File "C:\\Users\\VIDYANKSHINI\\AppData\\Local\\Programs\\Python\\Python313\\Lib\\asyncio\\runners.py", line 118, in run\n    return self._loop.run_until_complete(task)\n  File "C:\\Users\\VIDYANKSHINI\\AppData\\Local\\Programs\\Python\\Python313\\Lib\\asyncio\\base_events.py", line 712, in run_until_complete\n    self.run_forever()\n  File "C:\\Users\\VIDYANKSHINI\\AppData\\Local\\Programs\\Python\\Python313\\Lib\\asyncio\\base_events.py", line 683, in run_forever\n    self._run_once()\n  File "C:\\Users\\VIDYANKSHINI\\AppData\\Local\\Programs\\Python\\Python313\\Lib\\asyncio\\base_events.py", line 2040, in _run_once\n    handle._run()\n  File "C:\\Users\\VIDYANKSHINI\\AppData\\Local\\Programs\\Python\\Python313\\Lib\\asyncio\\events.py", line 89, in _run\n    self._context.run(self._callback, *self._args)\n  File "C:\\Users\\VIDYANKSHINI\\AppData\\Local\\Programs\\Python\\Python313\\Lib\\site-packages\\anyio\\from_thread.py", line 259, in _call_func\n    retval = await retval_or_awaitable\n  File "C:\\Users\\VIDYANKSHINI\\AppData\\Local\\Programs\\Python\\Python313\\Lib\\site-packages\\starlette\\testclient.py", line 704, in lifespan\n    await self.app(scope, self.stream_receive.receive, self.stream_send.send)\n  File "C:\\Users\\VIDYANKSHINI\\AppData\\Local\\Programs\\Python\\Python313\\Lib\\site-packages\\fastapi\\applications.py", line 1159, in __call__\n    await super().__call__(scope, receive, send)\n  File "C:\\Users\\VIDYANKSHINI\\AppData\\Local\\Programs\\Python\\Python313\\Lib\\site-packages\\starlette\\applications.py", line 107, in __call__\n    await self.middleware_stack(scope, receive, send)\n  File "C:\\Users\\VIDYANKSHINI\\AppData\\Local\\Programs\\Python\\Python313\\Lib\\site-packages\\starlette\\middleware\\errors.py", line 151, in __call__\n    await self.app(scope, receive, send)\n  File "C:\\Users\\VIDYANKSHINI\\AppData\\Local\\Programs\\Python\\Python313\\Lib\\site-packages\\starlette\\middleware\\cors.py", line 79, in __call__\n    await self.app(scope, receive, send)\n  File "C:\\Users\\VIDYANKSHINI\\AppData\\Local\\Programs\\Python\\Python313\\Lib\\site-packages\\starlette\\middleware\\exceptions.py", line 49, in __call__\n    await self.app(scope, receive, send)\n  File "C:\\Users\\VIDYANKSHINI\\AppData\\Local\\Programs\\Python\\Python313\\Lib\\site-packages\\fastapi\\middleware\\asyncexitstack.py", line 18, in __call__\n    await self.app(scope, receive, send)\n  File "C:\\Users\\VIDYANKSHINI\\AppData\\Local\\Programs\\Python\\Python313\\Lib\\site-packages\\starlette\\routing.py", line 716, in __call__\n    await self.middleware_stack(scope, receive, send)\n  File "C:\\Users\\VIDYANKSHINI\\AppData\\Local\\Programs\\Python\\Python313\\Lib\\site-packages\\starlette\\routing.py", line 725, in app\n    await self.lifespan(scope, receive, send)\n  File "C:\\Users\\VIDYANKSHINI\\AppData\\Local\\Programs\\Python\\Python313\\Lib\\site-packages\\starlette\\routing.py", line 694, in lifespan\n    async with self.lifespan_context(app) as maybe_state:\n  File "C:\\Users\\VIDYANKSHINI\\AppData\\Local\\Programs\\Python\\Python313\\Lib\\contextlib.py", line 214, in __aenter__\n    return await anext(self.gen)\n  File "C:\\Users\\VIDYANKSHINI\\AppData\\Local\\Programs\\Python\\Python313\\Lib\\site-packages\\fastapi\\routing.py", line 216, in merged_lifespan\n    async with original_context(app) as maybe_original_state:\n  File "C:\\Users\\VIDYANKSHINI\\AppData\\Local\\Programs\\Python\\Python313\\Lib\\contextlib.py", line 214, in __aenter__\n    return await anext(self.gen)\n  File "C:\\Users\\VIDYANKSHINI\\Desktop\\project\\SecuScan\\backend\\secuscan\\main.py", line 55, in lifespan\n    await init_plugins(settings.plugins_dir)\n  File "C:\\Users\\VIDYANKSHINI\\Desktop\\project\\SecuScan\\backend\\secuscan\\plugins.py", line 382, in init_plugins\n    await plugin_manager.load_plugins()\n  File "C:\\Users\\VIDYANKSHINI\\Desktop\\project\\SecuScan\\backend\\secuscan\\plugins.py", line 59, in load_plugins\n    logger.info(f"\u2713 Loaded plugin: {plugin_meta.name} v{plugin_meta.version}")\nMessage: '\u2713 Loaded plugin: Binary Signature Scan v1.0.0'\nArguments: ()\n--- Logging error ---\nTraceback (most recent call last):\n  File "C:\\Users\\VIDYANKSHINI\\AppData\\Local\\Programs\\Python\\Python313\\Lib\\logging\\__init__.py", line 1153, in emit\n    stream.write(msg + self.terminator)\n    ~~~~~~~~~~~~^^^^^^^^^^^^^^^^^^^^^^^\n  File "C:\\Users\\VIDYANKSHINI\\AppData\\Local\\Programs\\Python\\Python313\\Lib\\encodings\\cp1252.py", line 19, in encode\n    return codecs.charmap_encode(input,self.errors,encoding_table)[0]\n           ~~~~~~~~~~~~~~~~~~~~~^^^^^^^^^^^^^^^^^^^^^^^^^^^^^^^^^^\nUnicodeEncodeError: 'charmap' codec can't encode character '\\u2713' in position 60: character maps to <undefined>\nCall stack:\n  File "C:\\Users\\VIDYANKSHINI\\AppData\\Local\\Programs\\Python\\Python313\\Lib\\threading.py", line 1012, in _bootstrap\n    self._bootstrap_inner()\n  File "C:\\Users\\VIDYANKSHINI\\AppData\\Local\\Programs\\Python\\Python313\\Lib\\threading.py", line 1041, in _bootstrap_inner\n    self.run()\n  File "C:\\Users\\VIDYANKSHINI\\AppData\\Local\\Programs\\Python\\Python313\\Lib\\threading.py", line 992, in run\n    self._target(*self._args, **self._kwargs)\n  File "C:\\Users\\VIDYANKSHINI\\AppData\\Local\\Programs\\Python\\Python313\\Lib\\site-packages\\anyio\\from_thread.py", line 532, in run_blocking_portal\n    run_eventloop(\n  File "C:\\Users\\VIDYANKSHINI\\AppData\\Local\\Programs\\Python\\Python313\\Lib\\site-packages\\anyio\\_core\\_eventloop.py", line 77, in run\n    return async_backend.run(func, args, {}, backend_options)\n  File "C:\\Users\\VIDYANKSHINI\\AppData\\Local\\Programs\\Python\\Python313\\Lib\\site-packages\\anyio\\_backends\\_asyncio.py", line 2358, in run\n    return runner.run(wrapper())\n  File "C:\\Users\\VIDYANKSHINI\\AppData\\Local\\Programs\\Python\\Python313\\Lib\\asyncio\\runners.py", line 118, in run\n    return self._loop.run_until_complete(task)\n  File "C:\\Users\\VIDYANKSHINI\\AppData\\Local\\Programs\\Python\\Python313\\Lib\\asyncio\\base_events.py", line 712, in run_until_complete\n    self.run_forever()\n  File "C:\\Users\\VIDYANKSHINI\\AppData\\Local\\Programs\\Python\\Python313\\Lib\\asyncio\\base_events.py", line 683, in run_forever\n    self._run_once()\n  File "C:\\Users\\VIDYANKSHINI\\AppData\\Local\\Programs\\Python\\Python313\\Lib\\asyncio\\base_events.py", line 2040, in _run_once\n    handle._run()\n  File "C:\\Users\\VIDYANKSHINI\\AppData\\Local\\Programs\\Python\\Python313\\Lib\\asyncio\\events.py", line 89, in _run\n    self._context.run(self._callback, *self._args)\n  File "C:\\Users\\VIDYANKSHINI\\AppData\\Local\\Programs\\Python\\Python313\\Lib\\site-packages\\anyio\\from_thread.py", line 259, in _call_func\n    retval = await retval_or_awaitable\n  File "C:\\Users\\VIDYANKSHINI\\AppData\\Local\\Programs\\Python\\Python313\\Lib\\site-packages\\starlette\\testclient.py", line 704, in lifespan\n    await self.app(scope, self.stream_receive.receive, self.stream_send.send)\n  File "C:\\Users\\VIDYANKSHINI\\AppData\\Local\\Programs\\Python\\Python313\\Lib\\site-packages\\fastapi\\applications.py", line 1159, in __call__\n    await super().__call__(scope, receive, send)\n  File "C:\\Users\\VIDYANKSHINI\\AppData\\Local\\Programs\\Python\\Python313\\Lib\\site-packages\\starlette\\applications.py", line 107, in __call__\n    await self.middleware_stack(scope, receive, send)\n  File "C:\\Users\\VIDYANKSHINI\\AppData\\Local\\Programs\\Python\\Python313\\Lib\\site-packages\\starlette\\middleware\\errors.py", line 151, in __call__\n    await self.app(scope, receive, send)\n  File "C:\\Users\\VIDYANKSHINI\\AppData\\Local\\Programs\\Python\\Python313\\Lib\\site-packages\\starlette\\middleware\\cors.py", line 79, in __call__\n    await self.app(scope, receive, send)\n  File "C:\\Users\\VIDYANKSHINI\\AppData\\Local\\Programs\\Python\\Python313\\Lib\\site-packages\\starlette\\middleware\\exceptions.py", line 49, in __call__\n    await self.app(scope, receive, send)\n  File "C:\\Users\\VIDYANKSHINI\\AppData\\Local\\Programs\\Python\\Python313\\Lib\\site-packages\\fastapi\\middleware\\asyncexitstack.py", line 18, in __call__\n    await self.app(scope, receive, send)\n  File "C:\\Users\\VIDYANKSHINI\\AppData\\Local\\Programs\\Python\\Python313\\Lib\\site-packages\\starlette\\routing.py", line 716, in __call__\n    await self.middleware_stack(scope, receive, send)\n  File "C:\\Users\\VIDYANKSHINI\\AppData\\Local\\Programs\\Python\\Python313\\Lib\\site-packages\\starlette\\routing.py", line 725, in app\n    await self.lifespan(scope, receive, send)\n  File "C:\\Users\\VIDYANKSHINI\\AppData\\Local\\Programs\\Python\\Python313\\Lib\\site-packages\\starlette\\routing.py", line 694, in lifespan\n    async with self.lifespan_context(app) as maybe_state:\n  File "C:\\Users\\VIDYANKSHINI\\AppData\\Local\\Programs\\Python\\Python313\\Lib\\contextlib.py", line 214, in __aenter__\n    return await anext(self.gen)\n  File "C:\\Users\\VIDYANKSHINI\\AppData\\Local\\Programs\\Python\\Python313\\Lib\\site-packages\\fastapi\\routing.py", line 216, in merged_lifespan\n    async with original_context(app) as maybe_original_state:\n  File "C:\\Users\\VIDYANKSHINI\\AppData\\Local\\Programs\\Python\\Python313\\Lib\\contextlib.py", line 214, in __aenter__\n    return await anext(self.gen)\n  File "C:\\Users\\VIDYANKSHINI\\Desktop\\project\\SecuScan\\backend\\secuscan\\main.py", line 55, in lifespan\n    await init_plugins(settings.plugins_dir)\n  File "C:\\Users\\VIDYANKSHINI\\Desktop\\project\\SecuScan\\backend\\secuscan\\plugins.py", line 382, in init_plugins\n    await plugin_manager.load_plugins()\n  File "C:\\Users\\VIDYANKSHINI\\Desktop\\project\\SecuScan\\backend\\secuscan\\plugins.py", line 59, in load_plugins\n    logger.info(f"\u2713 Loaded plugin: {plugin_meta.name} v{plugin_meta.version}")\nMessage: '\u2713 Loaded plugin: DAST Web Proxy (ZAP) v1.0.0'\nArguments: ()\n--- Logging error ---\nTraceback (most recent call last):\n  File "C:\\Users\\VIDYANKSHINI\\AppData\\Local\\Programs\\Python\\Python313\\Lib\\logging\\__init__.py", line 1153, in emit\n    stream.write(msg + self.terminator)\n    ~~~~~~~~~~~~^^^^^^^^^^^^^^^^^^^^^^^\n  File "C:\\Users\\VIDYANKSHINI\\AppData\\Local\\Programs\\Python\\Python313\\Lib\\encodings\\cp1252.py", line 19, in encode\n    return codecs.charmap_encode(input,self.errors,encoding_table)[0]\n           ~~~~~~~~~~~~~~~~~~~~~^^^^^^^^^^^^^^^^^^^^^^^^^^^^^^^^^^\nUnicodeEncodeError: 'charmap' codec can't encode character '\\u2713' in position 57: character maps to <undefined>\nCall stack:\n  File "C:\\Users\\VIDYANKSHINI\\AppData\\Local\\Programs\\Python\\Python313\\Lib\\threading.py", line 1012, in _bootstrap\n    self._bootstrap_inner()\n  File "C:\\Users\\VIDYANKSHINI\\AppData\\Local\\Programs\\Python\\Python313\\Lib\\threading.py", line 1041, in _bootstrap_inner\n    self.run()\n  File "C:\\Users\\VIDYANKSHINI\\AppData\\Local\\Programs\\Python\\Python313\\Lib\\threading.py", line 992, in run\n    self._target(*self._args, **self._kwargs)\n  File "C:\\Users\\VIDYANKSHINI\\AppData\\Local\\Programs\\Python\\Python313\\Lib\\site-packages\\anyio\\from_thread.py", line 532, in run_blocking_portal\n    run_eventloop(\n  File "C:\\Users\\VIDYANKSHINI\\AppData\\Local\\Programs\\Python\\Python313\\Lib\\site-packages\\anyio\\_core\\_eventloop.py", line 77, in run\n    return async_backend.run(func, args, {}, backend_options)\n  File "C:\\Users\\VIDYANKSHINI\\AppData\\Local\\Programs\\Python\\Python313\\Lib\\site-packages\\anyio\\_backends\\_asyncio.py", line 2358, in run\n    return runner.run(wrapper())\n  File "C:\\Users\\VIDYANKSHINI\\AppData\\Local\\Programs\\Python\\Python313\\Lib\\asyncio\\runners.py", line 118, in run\n    return self._loop.run_until_complete(task)\n  File "C:\\Users\\VIDYANKSHINI\\AppData\\Local\\Programs\\Python\\Python313\\Lib\\asyncio\\base_events.py", line 712, in run_until_complete\n    self.run_forever()\n  File "C:\\Users\\VIDYANKSHINI\\AppData\\Local\\Programs\\Python\\Python313\\Lib\\asyncio\\base_events.py", line 683, in run_forever\n    self._run_once()\n  File "C:\\Users\\VIDYANKSHINI\\AppData\\Local\\Programs\\Python\\Python313\\Lib\\asyncio\\base_events.py", line 2040, in _run_once\n    handle._run()\n  File "C:\\Users\\VIDYANKSHINI\\AppData\\Local\\Programs\\Python\\Python313\\Lib\\asyncio\\events.py", line 89, in _run\n    self._context.run(self._callback, *self._args)\n  File "C:\\Users\\VIDYANKSHINI\\AppData\\Local\\Programs\\Python\\Python313\\Lib\\site-packages\\anyio\\from_thread.py", line 259, in _call_func\n    retval = await retval_or_awaitable\n  File "C:\\Users\\VIDYANKSHINI\\AppData\\Local\\Programs\\Python\\Python313\\Lib\\site-packages\\starlette\\testclient.py", line 704, in lifespan\n    await self.app(scope, self.stream_receive.receive, self.stream_send.send)\n  File "C:\\Users\\VIDYANKSHINI\\AppData\\Local\\Programs\\Python\\Python313\\Lib\\site-packages\\fastapi\\applications.py", line 1159, in __call__\n    await super().__call__(scope, receive, send)\n  File "C:\\Users\\VIDYANKSHINI\\AppData\\Local\\Programs\\Python\\Python313\\Lib\\site-packages\\starlette\\applications.py", line 107, in __call__\n    await self.middleware_stack(scope, receive, send)\n  File "C:\\Users\\VIDYANKSHINI\\AppData\\Local\\Programs\\Python\\Python313\\Lib\\site-packages\\starlette\\middleware\\errors.py", line 151, in __call__\n    await self.app(scope, receive, send)\n  File "C:\\Users\\VIDYANKSHINI\\AppData\\Local\\Programs\\Python\\Python313\\Lib\\site-packages\\starlette\\middleware\\cors.py", line 79, in __call__\n    await self.app(scope, receive, send)\n  File "C:\\Users\\VIDYANKSHINI\\AppData\\Local\\Programs\\Python\\Python313\\Lib\\site-packages\\starlette\\middleware\\exceptions.py", line 49, in __call__\n    await self.app(scope, receive, send)\n  File "C:\\Users\\VIDYANKSHINI\\AppData\\Local\\Programs\\Python\\Python313\\Lib\\site-packages\\fastapi\\middleware\\asyncexitstack.py", line 18, in __call__\n    await self.app(scope, receive, send)\n  File "C:\\Users\\VIDYANKSHINI\\AppData\\Local\\Programs\\Python\\Python313\\Lib\\site-packages\\starlette\\routing.py", line 716, in __call__\n    await self.middleware_stack(scope, receive, send)\n  File "C:\\Users\\VIDYANKSHINI\\AppData\\Local\\Programs\\Python\\Python313\\Lib\\site-packages\\starlette\\routing.py", line 725, in app\n    await self.lifespan(scope, receive, send)\n  File "C:\\Users\\VIDYANKSHINI\\AppData\\Local\\Programs\\Python\\Python313\\Lib\\site-packages\\starlette\\routing.py", line 694, in lifespan\n    async with self.lifespan_context(app) as maybe_state:\n  File "C:\\Users\\VIDYANKSHINI\\AppData\\Local\\Programs\\Python\\Python313\\Lib\\contextlib.py", line 214, in __aenter__\n    return await anext(self.gen)\n  File "C:\\Users\\VIDYANKSHINI\\AppData\\Local\\Programs\\Python\\Python313\\Lib\\site-packages\\fastapi\\routing.py", line 216, in merged_lifespan\n    async with original_context(app) as maybe_original_state:\n  File "C:\\Users\\VIDYANKSHINI\\AppData\\Local\\Programs\\Python\\Python313\\Lib\\contextlib.py", line 214, in __aenter__\n    return await anext(self.gen)\n  File "C:\\Users\\VIDYANKSHINI\\Desktop\\project\\SecuScan\\backend\\secuscan\\main.py", line 56, in lifespan\n    logger.info("\u2713 Plugins loaded")\nMessage: '\u2713 Plugins loaded'\nArguments: ()\n--- Logging error ---\nTraceback (most recent call last):\n  File "C:\\Users\\VIDYANKSHINI\\AppData\\Local\\Programs\\Python\\Python313\\Lib\\logging\\__init__.py", line 1153, in emit\n    stream.write(msg + self.terminator)\n    ~~~~~~~~~~~~^^^^^^^^^^^^^^^^^^^^^^^\n  File "C:\\Users\\VIDYANKSHINI\\AppData\\Local\\Programs\\Python\\Python313\\Lib\\encodings\\cp1252.py", line 19, in encode\n    return codecs.charmap_encode(input,self.errors,encoding_table)[0]\n           ~~~~~~~~~~~~~~~~~~~~~^^^^^^^^^^^^^^^^^^^^^^^^^^^^^^^^^^\nUnicodeEncodeError: 'charmap' codec can't encode character '\\u2713' in position 57: character maps to <undefined>\nCall stack:\n  File "C:\\Users\\VIDYANKSHINI\\AppData\\Local\\Programs\\Python\\Python313\\Lib\\threading.py", line 1012, in _bootstrap\n    self._bootstrap_inner()\n  File "C:\\Users\\VIDYANKSHINI\\AppData\\Local\\Programs\\Python\\Python313\\Lib\\threading.py", line 1041, in _bootstrap_inner\n    self.run()\n  File "C:\\Users\\VIDYANKSHINI\\AppData\\Local\\Programs\\Python\\Python313\\Lib\\threading.py", line 992, in run\n    self._target(*self._args, **self._kwargs)\n  File "C:\\Users\\VIDYANKSHINI\\AppData\\Local\\Programs\\Python\\Python313\\Lib\\site-packages\\anyio\\from_thread.py", line 532, in run_blocking_portal\n    run_eventloop(\n  File "C:\\Users\\VIDYANKSHINI\\AppData\\Local\\Programs\\Python\\Python313\\Lib\\site-packages\\anyio\\_core\\_eventloop.py", line 77, in run\n    return async_backend.run(func, args, {}, backend_options)\n  File "C:\\Users\\VIDYANKSHINI\\AppData\\Local\\Programs\\Python\\Python313\\Lib\\site-packages\\anyio\\_backends\\_asyncio.py", line 2358, in run\n    return runner.run(wrapper())\n  File "C:\\Users\\VIDYANKSHINI\\AppData\\Local\\Programs\\Python\\Python313\\Lib\\asyncio\\runners.py", line 118, in run\n    return self._loop.run_until_complete(task)\n  File "C:\\Users\\VIDYANKSHINI\\AppData\\Local\\Programs\\Python\\Python313\\Lib\\asyncio\\base_events.py", line 712, in run_until_complete\n    self.run_forever()\n  File "C:\\Users\\VIDYANKSHINI\\AppData\\Local\\Programs\\Python\\Python313\\Lib\\asyncio\\base_events.py", line 683, in run_forever\n    self._run_once()\n  File "C:\\Users\\VIDYANKSHINI\\AppData\\Local\\Programs\\Python\\Python313\\Lib\\asyncio\\base_events.py", line 2040, in _run_once\n    handle._run()\n  File "C:\\Users\\VIDYANKSHINI\\AppData\\Local\\Programs\\Python\\Python313\\Lib\\asyncio\\events.py", line 89, in _run\n    self._context.run(self._callback, *self._args)\n  File "C:\\Users\\VIDYANKSHINI\\AppData\\Local\\Programs\\Python\\Python313\\Lib\\site-packages\\anyio\\from_thread.py", line 259, in _call_func\n    retval = await retval_or_awaitable\n  File "C:\\Users\\VIDYANKSHINI\\AppData\\Local\\Programs\\Python\\Python313\\Lib\\site-packages\\starlette\\testclient.py", line 704, in lifespan\n    await self.app(scope, self.stream_receive.receive, self.stream_send.send)\n  File "C:\\Users\\VIDYANKSHINI\\AppData\\Local\\Programs\\Python\\Python313\\Lib\\site-packages\\fastapi\\applications.py", line 1159, in __call__\n    await super().__call__(scope, receive, send)\n  File "C:\\Users\\VIDYANKSHINI\\AppData\\Local\\Programs\\Python\\Python313\\Lib\\site-packages\\starlette\\applications.py", line 107, in __call__\n    await self.middleware_stack(scope, receive, send)\n  File "C:\\Users\\VIDYANKSHINI\\AppData\\Local\\Programs\\Python\\Python313\\Lib\\site-packages\\starlette\\middleware\\errors.py", line 151, in __call__\n    await self.app(scope, receive, send)\n  File "C:\\Users\\VIDYANKSHINI\\AppData\\Local\\Programs\\Python\\Python313\\Lib\\site-packages\\starlette\\middleware\\cors.py", line 79, in __call__\n    await self.app(scope, receive, send)\n  File "C:\\Users\\VIDYANKSHINI\\AppData\\Local\\Programs\\Python\\Python313\\Lib\\site-packages\\starlette\\middleware\\exceptions.py", line 49, in __call__\n    await self.app(scope, receive, send)\n  File "C:\\Users\\VIDYANKSHINI\\AppData\\Local\\Programs\\Python\\Python313\\Lib\\site-packages\\fastapi\\middleware\\asyncexitstack.py", line 18, in __call__\n    await self.app(scope, receive, send)\n  File "C:\\Users\\VIDYANKSHINI\\AppData\\Local\\Programs\\Python\\Python313\\Lib\\site-packages\\starlette\\routing.py", line 716, in __call__\n    await self.middleware_stack(scope, receive, send)\n  File "C:\\Users\\VIDYANKSHINI\\AppData\\Local\\Programs\\Python\\Python313\\Lib\\site-packages\\starlette\\routing.py", line 725, in app\n    await self.lifespan(scope, receive, send)\n  File "C:\\Users\\VIDYANKSHINI\\AppData\\Local\\Programs\\Python\\Python313\\Lib\\site-packages\\starlette\\routing.py", line 694, in lifespan\n    async with self.lifespan_context(app) as maybe_state:\n  File "C:\\Users\\VIDYANKSHINI\\AppData\\Local\\Programs\\Python\\Python313\\Lib\\contextlib.py", line 214, in __aenter__\n    return await anext(self.gen)\n  File "C:\\Users\\VIDYANKSHINI\\AppData\\Local\\Programs\\Python\\Python313\\Lib\\site-packages\\fastapi\\routing.py", line 216, in merged_lifespan\n    async with original_context(app) as maybe_original_state:\n  File "C:\\Users\\VIDYANKSHINI\\AppData\\Local\\Programs\\Python\\Python313\\Lib\\contextlib.py", line 214, in __aenter__\n    return await anext(self.gen)\n  File "C:\\Users\\VIDYANKSHINI\\Desktop\\project\\SecuScan\\backend\\secuscan\\main.py", line 59, in lifespan\n    logger.info("\u2713 Workflow scheduler started")\nMessage: '\u2713 Workflow scheduler started'\nArguments: ()\n--- Logging error ---\nTraceback (most recent call last):\n  File "C:\\Users\\VIDYANKSHINI\\AppData\\Local\\Programs\\Python\\Python313\\Lib\\logging\\__init__.py", line 1153, in emit\n    stream.write(msg + self.terminator)\n    ~~~~~~~~~~~~^^^^^^^^^^^^^^^^^^^^^^^\n  File "C:\\Users\\VIDYANKSHINI\\AppData\\Local\\Programs\\Python\\Python313\\Lib\\encodings\\cp1252.py", line 19, in encode\n    return codecs.charmap_encode(input,self.errors,encoding_table)[0]\n           ~~~~~~~~~~~~~~~~~~~~~^^^^^^^^^^^^^^^^^^^^^^^^^^^^^^^^^^\nUnicodeEncodeError: 'charmap' codec can't encode character '\\u2713' in position 57: character maps to <undefined>\nCall stack:\n  File "C:\\Users\\VIDYANKSHINI\\AppData\\Local\\Programs\\Python\\Python313\\Lib\\threading.py", line 1012, in _bootstrap\n    self._bootstrap_inner()\n  File "C:\\Users\\VIDYANKSHINI\\AppData\\Local\\Programs\\Python\\Python313\\Lib\\threading.py", line 1041, in _bootstrap_inner\n    self.run()\n  File "C:\\Users\\VIDYANKSHINI\\AppData\\Local\\Programs\\Python\\Python313\\Lib\\threading.py", line 992, in run\n    self._target(*self._args, **self._kwargs)\n  File "C:\\Users\\VIDYANKSHINI\\AppData\\Local\\Programs\\Python\\Python313\\Lib\\site-packages\\anyio\\from_thread.py", line 532, in run_blocking_portal\n    run_eventloop(\n  File "C:\\Users\\VIDYANKSHINI\\AppData\\Local\\Programs\\Python\\Python313\\Lib\\site-packages\\anyio\\_core\\_eventloop.py", line 77, in run\n    return async_backend.run(func, args, {}, backend_options)\n  File "C:\\Users\\VIDYANKSHINI\\AppData\\Local\\Programs\\Python\\Python313\\Lib\\site-packages\\anyio\\_backends\\_asyncio.py", line 2358, in run\n    return runner.run(wrapper())\n  File "C:\\Users\\VIDYANKSHINI\\AppData\\Local\\Programs\\Python\\Python313\\Lib\\asyncio\\runners.py", line 118, in run\n    return self._loop.run_until_complete(task)\n  File "C:\\Users\\VIDYANKSHINI\\AppData\\Local\\Programs\\Python\\Python313\\Lib\\asyncio\\base_events.py", line 712, in run_until_complete\n    self.run_forever()\n  File "C:\\Users\\VIDYANKSHINI\\AppData\\Local\\Programs\\Python\\Python313\\Lib\\asyncio\\base_events.py", line 683, in run_forever\n    self._run_once()\n  File "C:\\Users\\VIDYANKSHINI\\AppData\\Local\\Programs\\Python\\Python313\\Lib\\asyncio\\base_events.py", line 2040, in _run_once\n    handle._run()\n  File "C:\\Users\\VIDYANKSHINI\\AppData\\Local\\Programs\\Python\\Python313\\Lib\\asyncio\\events.py", line 89, in _run\n    self._context.run(self._callback, *self._args)\n  File "C:\\Users\\VIDYANKSHINI\\AppData\\Local\\Programs\\Python\\Python313\\Lib\\site-packages\\anyio\\from_thread.py", line 259, in _call_func\n    retval = await retval_or_awaitable\n  File "C:\\Users\\VIDYANKSHINI\\AppData\\Local\\Programs\\Python\\Python313\\Lib\\site-packages\\starlette\\testclient.py", line 704, in lifespan\n    await self.app(scope, self.stream_receive.receive, self.stream_send.send)\n  File "C:\\Users\\VIDYANKSHINI\\AppData\\Local\\Programs\\Python\\Python313\\Lib\\site-packages\\fastapi\\applications.py", line 1159, in __call__\n    await super().__call__(scope, receive, send)\n  File "C:\\Users\\VIDYANKSHINI\\AppData\\Local\\Programs\\Python\\Python313\\Lib\\site-packages\\starlette\\applications.py", line 107, in __call__\n    await self.middleware_stack(scope, receive, send)\n  File "C:\\Users\\VIDYANKSHINI\\AppData\\Local\\Programs\\Python\\Python313\\Lib\\site-packages\\starlette\\middleware\\errors.py", line 151, in __call__\n    await self.app(scope, receive, send)\n  File "C:\\Users\\VIDYANKSHINI\\AppData\\Local\\Programs\\Python\\Python313\\Lib\\site-packages\\starlette\\middleware\\cors.py", line 79, in __call__\n    await self.app(scope, receive, send)\n  File "C:\\Users\\VIDYANKSHINI\\AppData\\Local\\Programs\\Python\\Python313\\Lib\\site-packages\\starlette\\middleware\\exceptions.py", line 49, in __call__\n    await self.app(scope, receive, send)\n  File "C:\\Users\\VIDYANKSHINI\\AppData\\Local\\Programs\\Python\\Python313\\Lib\\site-packages\\fastapi\\middleware\\asyncexitstack.py", line 18, in __call__\n    await self.app(scope, receive, send)\n  File "C:\\Users\\VIDYANKSHINI\\AppData\\Local\\Programs\\Python\\Python313\\Lib\\site-packages\\starlette\\routing.py", line 716, in __call__\n    await self.middleware_stack(scope, receive, send)\n  File "C:\\Users\\VIDYANKSHINI\\AppData\\Local\\Programs\\Python\\Python313\\Lib\\site-packages\\starlette\\routing.py", line 725, in app\n    await self.lifespan(scope, receive, send)\n  File "C:\\Users\\VIDYANKSHINI\\AppData\\Local\\Programs\\Python\\Python313\\Lib\\site-packages\\starlette\\routing.py", line 694, in lifespan\n    async with self.lifespan_context(app) as maybe_state:\n  File "C:\\Users\\VIDYANKSHINI\\AppData\\Local\\Programs\\Python\\Python313\\Lib\\contextlib.py", line 214, in __aenter__\n    return await anext(self.gen)\n  File "C:\\Users\\VIDYANKSHINI\\AppData\\Local\\Programs\\Python\\Python313\\Lib\\site-packages\\fastapi\\routing.py", line 216, in merged_lifespan\n    async with original_context(app) as maybe_original_state:\n  File "C:\\Users\\VIDYANKSHINI\\AppData\\Local\\Programs\\Python\\Python313\\Lib\\contextlib.py", line 214, in __aenter__\n    return await anext(self.gen)\n  File "C:\\Users\\VIDYANKSHINI\\Desktop\\project\\SecuScan\\backend\\secuscan\\main.py", line 61, in lifespan\n    logger.info("\u2713 Ready to serve on %s:%d", settings.bind_address, settings.bind_port)\nMessage: '\u2713 Ready to serve on %s:%d'\nArguments: ('127.0.0.1', 8000)
----------------------------- Captured log setup ------------------------------
WARNING  backend.secuscan.plugins:plugins.py:101 Binary not found in PATH: amass\nINFO     backend.secuscan.plugins:plugins.py:59 \u2713 Loaded plugin: Amass v1.0.0\nWARNING  backend.secuscan.plugins:plugins.py:101 Binary not found in PATH: nuclei\nINFO     backend.secuscan.plugins:plugins.py:59 \u2713 Loaded plugin: API Scanner v1.0.0\nINFO     backend.secuscan.plugins:plugins.py:59 \u2713 Loaded plugin: Cloud Scanner v1.0.0\nWARNING  backend.secuscan.plugins:plugins.py:101 Binary not found in PATH: uncover\nINFO     backend.secuscan.plugins:plugins.py:59 \u2713 Loaded plugin: S3 / Blob Auditor v1.0.0\nWARNING  backend.secuscan.plugins:plugins.py:101 Binary not found in PATH: bandit\nINFO     backend.secuscan.plugins:plugins.py:59 \u2713 Loaded plugin: Code Analyzer (Bandit) v1.0.0\nWARNING  backend.secuscan.plugins:plugins.py:101 Binary not found in PATH: trivy\nINFO     backend.secuscan.plugins:plugins.py:59 \u2713 Loaded plugin: Container Scan (Trivy) v1.0.0\nWARNING  backend.secuscan.plugins:plugins.py:101 Binary not found in PATH: katana\nINFO     backend.secuscan.plugins:plugins.py:59 \u2713 Loaded plugin: Crawler v1.0.0\nWARNING  backend.secuscan.plugins:plugins.py:101 Binary not found in PATH: ffuf\nINFO     backend.secuscan.plugins:plugins.py:59 \u2713 Loaded plugin: Directory Discovery v1.0.0\nWARNING  backend.secuscan.plugins:plugins.py:101 Binary not found in PATH: dnsx\nINFO     backend.secuscan.plugins:plugins.py:59 \u2713 Loaded plugin: dnsx v1.0.0\nWARNING  backend.secuscan.plugins:plugins.py:101 Binary not found in PATH: dnsrecon\nINFO     backend.secuscan.plugins:plugins.py:59 \u2713 Loaded plugin: DNS Reconnaissance v1.0.0\nWARNING  backend.secuscan.plugins:plugins.py:101 Binary not found in PATH: amass\nINFO     backend.secuscan.plugins:plugins.py:59 \u2713 Loaded plugin: Domain Finder v1.0.0\nWARNING  backend.secuscan.plugins:plugins.py:101 Binary not found in PATH: droopescan\nINFO     backend.secuscan.plugins:plugins.py:59 \u2713 Loaded plugin: Drupal Security Scan v1.0.0\nINFO     backend.secuscan.plugins:plugins.py:59 \u2713 Loaded plugin: Payload Fuzzer v1.0.0\nINFO     backend.secuscan.plugins:plugins.py:59 \u2713 Loaded plugin: Google Hacking v1.0.0\nWARNING  backend.secuscan.plugins:plugins.py:101 Binary not found in PATH: hashcat\nINFO     backend.secuscan.plugins:plugins.py:59 \u2713 Loaded plugin: Password Recovery Audit v1.0.0\nINFO     backend.secuscan.plugins:plugins.py:59 \u2713 Loaded plugin: httpx v1.0.0\nINFO     backend.secuscan.plugins:plugins.py:59 \u2713 Loaded plugin: HTTP Inspector v1.0.0\nINFO     backend.secuscan.plugins:plugins.py:59 \u2713 Loaded plugin: HTTP Request Logger v1.0.0\nINFO     backend.secuscan.plugins:plugins.py:59 \u2713 Loaded plugin: IaC Scanner (Checkov) v1.0.0\nINFO     backend.secuscan.plugins:plugins.py:59 \u2713 Loaded plugin: ICMP Ping v1.0.0\nWARNING  backend.secuscan.plugins:plugins.py:101 Binary not found in PATH: joomscan\nINFO     backend.secuscan.plugins:plugins.py:59 \u2713 Loaded plugin: Joomla Security Scan v1.0.0\nWARNING  backend.secuscan.plugins:plugins.py:101 Binary not found in PATH: katana\nINFO     backend.secuscan.plugins:plugins.py:59 \u2713 Loaded plugin: Katana v1.0.0\nINFO     backend.secuscan.plugins:plugins.py:59 \u2713 Loaded plugin: K8s Scanner v1.0.0\nWARNING  backend.secuscan.plugins:plugins.py:101 Binary not found in PATH: msfconsole\nINFO     backend.secuscan.plugins:plugins.py:59 \u2713 Loaded plugin: Exploitation Connector v1.0.0\nWARNING  backend.secuscan.plugins:plugins.py:101 Binary not found in PATH: nmap\nINFO     backend.secuscan.plugins:plugins.py:59 \u2713 Loaded plugin: Network Scanner v1.0.0\nWARNING  backend.secuscan.plugins:plugins.py:101 Binary not found in PATH: nikto\nINFO     backend.secuscan.plugins:plugins.py:59 \u2713 Loaded plugin: Nikto v1.1.0\nWARNING  backend.secuscan.plugins:plugins.py:101 Binary not found in PATH: nmap\nINFO     backend.secuscan.plugins:plugins.py:59 \u2713 Loaded plugin: Network Scanning v1.0.0\nWARNING  backend.secuscan.plugins:plugins.py:101 Binary not found in PATH: nuclei\nINFO     backend.secuscan.plugins:plugins.py:59 \u2713 Loaded plugin: Template Vulnerability Scan v1.0.0\nINFO     backend.secuscan.plugins:plugins.py:59 \u2713 Loaded plugin: Password Auditor v1.0.0\nWARNING  backend.secuscan.plugins:plugins.py:101 Binary not found in PATH: theHarvester\nINFO     backend.secuscan.plugins:plugins.py:59 \u2713 Loaded plugin: People Hunter v1.0.0\nWARNING  backend.secuscan.plugins:plugins.py:101 Binary not found in PATH: nmap\nINFO     backend.secuscan.plugins:plugins.py:59 \u2713 Loaded plugin: Port Scanner v1.0.0\nINFO     backend.secuscan.plugins:plugins.py:59 \u2713 Loaded plugin: Advanced Network Recon v1.0.0\nWARNING  backend.secuscan.plugins:plugins.py:101 Binary not found in PATH: gitleaks\nINFO     backend.secuscan.plugins:plugins.py:59 \u2713 Loaded plugin: Secret Scanner v1.0.0\nWARNING  backend.secuscan.plugins:plugins.py:101 Binary not found in PATH: nuclei\nINFO     backend.secuscan.plugins:plugins.py:59 \u2713 Loaded plugin: Sharepoint Scanner v1.0.0\nWARNING  backend.secuscan.plugins:plugins.py:101 Binary not found in PATH: katana\nINFO     backend.secuscan.plugins:plugins.py:59 \u2713 Loaded plugin: Sitemap Generator v1.0.0\nINFO     backend.secuscan.plugins:plugins.py:59 \u2713 Loaded plugin: Sniper: Auto-Exploiter v1.0.0\nWARNING  backend.secuscan.plugins:plugins.py:101 Binary not found in PATH: katana\nINFO     backend.secuscan.plugins:plugins.py:59 \u2713 Loaded plugin: Spider v1.0.0\nWARNING  backend.secuscan.plugins:plugins.py:101 Binary not found in PATH: ghauri\nINFO     backend.secuscan.plugins:plugins.py:59 \u2713 Loaded plugin: SQL Injection Feasibility v1.0.0\nWARNING  backend.secuscan.plugins:plugins.py:101 Binary not found in PATH: sqlmap\nINFO     backend.secuscan.plugins:plugins.py:59 \u2713 Loaded plugin: SQLi Exploiter v1.0.0\nWARNING  backend.secuscan.plugins:plugins.py:101 Binary not found in PATH: sqlmap\nINFO     backend.secuscan.plugins:plugins.py:59 \u2713 Loaded plugin: SQL Injection Testing v1.0.0\nINFO     backend.secuscan.plugins:plugins.py:59 \u2713 Loaded plugin: SSH Runner v1.0.0\nWARNING  backend.secuscan.plugins:plugins.py:101 Binary not found in PATH: subfinder\nINFO     backend.secuscan.plugins:plugins.py:59 \u2713 Loaded plugin: Subdomain Finder v1.0.0\nWARNING  backend.secuscan.plugins:plugins.py:101 Binary not found in PATH: subfinder\nINFO     backend.secuscan.plugins:plugins.py:59 \u2713 Loaded plugin: Subdomain Scanner v1.0.0\nWARNING  backend.secuscan.plugins:plugins.py:101 Binary not found in PATH: subfinder\nINFO     backend.secuscan.plugins:plugins.py:59 \u2713 Loaded plugin: Subdomain Takeover v1.0.0\nWARNING  backend.secuscan.plugins:plugins.py:101 Binary not found in PATH: subfinder\nINFO     backend.secuscan.plugins:plugins.py:59 \u2713 Loaded plugin: Subfinder v1.0.0\nWARNING  backend.secuscan.plugins:plugins.py:101 Binary not found in PATH: theHarvester\nINFO     backend.secuscan.plugins:plugins.py:59 \u2713 Loaded plugin: theHarvester v1.0.0\nWARNING  backend.secuscan.plugins:plugins.py:101 Binary not found in PATH: openssl\nINFO     backend.secuscan.plugins:plugins.py:59 \u2713 Loaded plugin: TLS Security Analysis v1.0.0\nWARNING  backend.secuscan.plugins:plugins.py:101 Binary not found in PATH: uncover\nINFO     backend.secuscan.plugins:plugins.py:59 \u2713 Loaded plugin: Uncover v1.0.0\nWARNING  backend.secuscan.plugins:plugins.py:101 Binary not found in PATH: ffuf\nINFO     backend.secuscan.plugins:plugins.py:59 \u2713 Loaded plugin: URL Fuzzer v1.0.0\nWARNING  backend.secuscan.plugins:plugins.py:101 Binary not found in PATH: urlfinder\nINFO     backend.secuscan.plugins:plugins.py:59 \u2713 Loaded plugin: urlfinder v1.0.0\nWARNING  backend.secuscan.plugins:plugins.py:101 Binary not found in PATH: ffuf\nINFO     backend.secuscan.plugins:plugins.py:59 \u2713 Loaded plugin: Virtual Hosts Finder v1.0.0\nWARNING  backend.secuscan.plugins:plugins.py:101 Binary not found in PATH: volatility3\nINFO     backend.secuscan.plugins:plugins.py:59 \u2713 Loaded plugin: Volatility v1.0.0\nWARNING  backend.secuscan.plugins:plugins.py:101 Binary not found in PATH: wafw00f\nINFO     backend.secuscan.plugins:plugins.py:59 \u2713 Loaded plugin: WAF Detector v1.0.0\nERROR    backend.secuscan.plugins:plugins.py:64 Failed to load plugin from C:\\Users\\VIDYANKSHINI\\Desktop\\project\\SecuScan\\plugins\\waf_detector: 'charmap' codec can't decode byte 0x8f in position 429: character maps to <undefined>\nINFO     backend.secuscan.plugins:plugins.py:59 \u2713 Loaded plugin: Website Recon v1.0.0\nINFO     backend.secuscan.plugins:plugins.py:59 \u2713 Loaded plugin: Domain Registration Lookup v1.0.0\nWARNING  backend.secuscan.plugins:plugins.py:101 Binary not found in PATH: wpscan\nINFO     backend.secuscan.plugins:plugins.py:59 \u2713 Loaded plugin: WordPress Security Scan v1.0.0\nINFO     backend.secuscan.plugins:plugins.py:59 \u2713 Loaded plugin: XSS Exploiter v1.0.0\nWARNING  backend.secuscan.plugins:plugins.py:101 Binary not found in PATH: yara\nINFO     backend.secuscan.plugins:plugins.py:59 \u2713 Loaded plugin: Binary Signature Scan v1.0.0\nINFO     backend.secuscan.plugins:plugins.py:59 \u2713 Loaded plugin: DAST Web Proxy (ZAP) v1.0.0\nINFO     backend.secuscan.plugins:plugins.py:66 Loaded 59 plugins\nINFO     backend.secuscan.main:main.py:41 \U0001f680 Starting SecuScan backend...\nINFO     backend.secuscan.main:main.py:45 \u2713 Directories initialized\nINFO     backend.secuscan.main:main.py:49 \u2713 SQLite connected\nINFO     backend.secuscan.main:main.py:52 \u2713 In-memory cache initialized\nWARNING  backend.secuscan.plugins:plugins.py:101 Binary not found in PATH: amass\nINFO     backend.secuscan.plugins:plugins.py:59 \u2713 Loaded plugin: Amass v1.0.0\nWARNING  backend.secuscan.plugins:plugins.py:101 Binary not found in PATH: nuclei\nINFO     backend.secuscan.plugins:plugins.py:59 \u2713 Loaded plugin: API Scanner v1.0.0\nINFO     backend.secuscan.plugins:plugins.py:59 \u2713 Loaded plugin: Cloud Scanner v1.0.0\nWARNING  backend.secuscan.plugins:plugins.py:101 Binary not found in PATH: uncover\nINFO     backend.secuscan.plugins:plugins.py:59 \u2713 Loaded plugin: S3 / Blob Auditor v1.0.0\nWARNING  backend.secuscan.plugins:plugins.py:101 Binary not found in PATH: bandit\nINFO     backend.secuscan.plugins:plugins.py:59 \u2713 Loaded plugin: Code Analyzer (Bandit) v1.0.0\nWARNING  backend.secuscan.plugins:plugins.py:101 Binary not found in PATH: trivy\nINFO     backend.secuscan.plugins:plugins.py:59 \u2713 Loaded plugin: Container Scan (Trivy) v1.0.0\nWARNING  backend.secuscan.plugins:plugins.py:101 Binary not found in PATH: katana\nINFO     backend.secuscan.plugins:plugins.py:59 \u2713 Loaded plugin: Crawler v1.0.0\nWARNING  backend.secuscan.plugins:plugins.py:101 Binary not found in PATH: ffuf\nINFO     backend.secuscan.plugins:plugins.py:59 \u2713 Loaded plugin: Directory Discovery v1.0.0\nWARNING  backend.secuscan.plugins:plugins.py:101 Binary not found in PATH: dnsx\nINFO     backend.secuscan.plugins:plugins.py:59 \u2713 Loaded plugin: dnsx v1.0.0\nWARNING  backend.secuscan.plugins:plugins.py:101 Binary not found in PATH: dnsrecon\nINFO     backend.secuscan.plugins:plugins.py:59 \u2713 Loaded plugin: DNS Reconnaissance v1.0.0\nWARNING  backend.secuscan.plugins:plugins.py:101 Binary not found in PATH: amass\nINFO     backend.secuscan.plugins:plugins.py:59 \u2713 Loaded plugin: Domain Finder v1.0.0\nWARNING  backend.secuscan.plugins:plugins.py:101 Binary not found in PATH: droopescan\nINFO     backend.secuscan.plugins:plugins.py:59 \u2713 Loaded plugin: Drupal Security Scan v1.0.0\nINFO     backend.secuscan.plugins:plugins.py:59 \u2713 Loaded plugin: Payload Fuzzer v1.0.0\nINFO     backend.secuscan.plugins:plugins.py:59 \u2713 Loaded plugin: Google Hacking v1.0.0\nWARNING  backend.secuscan.plugins:plugins.py:101 Binary not found in PATH: hashcat\nINFO     backend.secuscan.plugins:plugins.py:59 \u2713 Loaded plugin: Password Recovery Audit v1.0.0\nINFO     backend.secuscan.plugins:plugins.py:59 \u2713 Loaded plugin: httpx v1.0.0\nINFO     backend.secuscan.plugins:plugins.py:59 \u2713 Loaded plugin: HTTP Inspector v1.0.0\nINFO     backend.secuscan.plugins:plugins.py:59 \u2713 Loaded plugin: HTTP Request Logger v1.0.0\nINFO     backend.secuscan.plugins:plugins.py:59 \u2713 Loaded plugin: IaC Scanner (Checkov) v1.0.0\nINFO     backend.secuscan.plugins:plugins.py:59 \u2713 Loaded plugin: ICMP Ping v1.0.0\nWARNING  backend.secuscan.plugins:plugins.py:101 Binary not found in PATH: joomscan\nINFO     backend.secuscan.plugins:plugins.py:59 \u2713 Loaded plugin: Joomla Security Scan v1.0.0\nWARNING  backend.secuscan.plugins:plugins.py:101 Binary not found in PATH: katana\nINFO     backend.secuscan.plugins:plugins.py:59 \u2713 Loaded plugin: Katana v1.0.0\nINFO     backend.secuscan.plugins:plugins.py:59 \u2713 Loaded plugin: K8s Scanner v1.0.0\nWARNING  backend.secuscan.plugins:plugins.py:101 Binary not found in PATH: msfconsole\nINFO     backend.secuscan.plugins:plugins.py:59 \u2713 Loaded plugin: Exploitation Connector v1.0.0\nWARNING  backend.secuscan.plugins:plugins.py:101 Binary not found in PATH: nmap\nINFO     backend.secuscan.plugins:plugins.py:59 \u2713 Loaded plugin: Network Scanner v1.0.0\nWARNING  backend.secuscan.plugins:plugins.py:101 Binary not found in PATH: nikto\nINFO     backend.secuscan.plugins:plugins.py:59 \u2713 Loaded plugin: Nikto v1.1.0\nWARNING  backend.secuscan.plugins:plugins.py:101 Binary not found in PATH: nmap\nINFO     backend.secuscan.plugins:plugins.py:59 \u2713 Loaded plugin: Network Scanning v1.0.0\nWARNING  backend.secuscan.plugins:plugins.py:101 Binary not found in PATH: nuclei\nINFO     backend.secuscan.plugins:plugins.py:59 \u2713 Loaded plugin: Template Vulnerability Scan v1.0.0\nINFO     backend.secuscan.plugins:plugins.py:59 \u2713 Loaded plugin: Password Auditor v1.0.0\nWARNING  backend.secuscan.plugins:plugins.py:101 Binary not found in PATH: theHarvester\nINFO     backend.secuscan.plugins:plugins.py:59 \u2713 Loaded plugin: People Hunter v1.0.0\nWARNING  backend.secuscan.plugins:plugins.py:101 Binary not found in PATH: nmap\nINFO     backend.secuscan.plugins:plugins.py:59 \u2713 Loaded plugin: Port Scanner v1.0.0\nINFO     backend.secuscan.plugins:plugins.py:59 \u2713 Loaded plugin: Advanced Network Recon v1.0.0\nWARNING  backend.secuscan.plugins:plugins.py:101 Binary not found in PATH: gitleaks\nINFO     backend.secuscan.plugins:plugins.py:59 \u2713 Loaded plugin: Secret Scanner v1.0.0\nWARNING  backend.secuscan.plugins:plugins.py:101 Binary not found in PATH: nuclei\nINFO     backend.secuscan.plugins:plugins.py:59 \u2713 Loaded plugin: Sharepoint Scanner v1.0.0\nWARNING  backend.secuscan.plugins:plugins.py:101 Binary not found in PATH: katana\nINFO     backend.secuscan.plugins:plugins.py:59 \u2713 Loaded plugin: Sitemap Generator v1.0.0\nINFO     backend.secuscan.plugins:plugins.py:59 \u2713 Loaded plugin: Sniper: Auto-Exploiter v1.0.0\nWARNING  backend.secuscan.plugins:plugins.py:101 Binary not found in PATH: katana\nINFO     backend.secuscan.plugins:plugins.py:59 \u2713 Loaded plugin: Spider v1.0.0\nWARNING  backend.secuscan.plugins:plugins.py:101 Binary not found in PATH: ghauri\nINFO     backend.secuscan.plugins:plugins.py:59 \u2713 Loaded plugin: SQL Injection Feasibility v1.0.0\nWARNING  backend.secuscan.plugins:plugins.py:101 Binary not found in PATH: sqlmap\nINFO     backend.secuscan.plugins:plugins.py:59 \u2713 Loaded plugin: SQLi Exploiter v1.0.0\nWARNING  backend.secuscan.plugins:plugins.py:101 Binary not found in PATH: sqlmap\nINFO     backend.secuscan.plugins:plugins.py:59 \u2713 Loaded plugin: SQL Injection Testing v1.0.0\nINFO     backend.secuscan.plugins:plugins.py:59 \u2713 Loaded plugin: SSH Runner v1.0.0\nWARNING  backend.secuscan.plugins:plugins.py:101 Binary not found in PATH: subfinder\nINFO     backend.secuscan.plugins:plugins.py:59 \u2713 Loaded plugin: Subdomain Finder v1.0.0\nWARNING  backend.secuscan.plugins:plugins.py:101 Binary not found in PATH: subfinder\nINFO     backend.secuscan.plugins:plugins.py:59 \u2713 Loaded plugin: Subdomain Scanner v1.0.0\nWARNING  backend.secuscan.plugins:plugins.py:101 Binary not found in PATH: subfinder\nINFO     backend.secuscan.plugins:plugins.py:59 \u2713 Loaded plugin: Subdomain Takeover v1.0.0\nWARNING  backend.secuscan.plugins:plugins.py:101 Binary not found in PATH: subfinder\nINFO     backend.secuscan.plugins:plugins.py:59 \u2713 Loaded plugin: Subfinder v1.0.0\nWARNING  backend.secuscan.plugins:plugins.py:101 Binary not found in PATH: theHarvester\nINFO     backend.secuscan.plugins:plugins.py:59 \u2713 Loaded plugin: theHarvester v1.0.0\nWARNING  backend.secuscan.plugins:plugins.py:101 Binary not found in PATH: openssl\nINFO     backend.secuscan.plugins:plugins.py:59 \u2713 Loaded plugin: TLS Security Analysis v1.0.0\nWARNING  backend.secuscan.plugins:plugins.py:101 Binary not found in PATH: uncover\nINFO     backend.secuscan.plugins:plugins.py:59 \u2713 Loaded plugin: Uncover v1.0.0\nWARNING  backend.secuscan.plugins:plugins.py:101 Binary not found in PATH: ffuf\nINFO     backend.secuscan.plugins:plugins.py:59 \u2713 Loaded plugin: URL Fuzzer v1.0.0\nWARNING  backend.secuscan.plugins:plugins.py:101 Binary not found in PATH: urlfinder\nINFO     backend.secuscan.plugins:plugins.py:59 \u2713 Loaded plugin: urlfinder v1.0.0\nWARNING  backend.secuscan.plugins:plugins.py:101 Binary not found in PATH: ffuf\nINFO     backend.secuscan.plugins:plugins.py:59 \u2713 Loaded plugin: Virtual Hosts Finder v1.0.0\nWARNING  backend.secuscan.plugins:plugins.py:101 Binary not found in PATH: volatility3\nINFO     backend.secuscan.plugins:plugins.py:59 \u2713 Loaded plugin: Volatility v1.0.0\nWARNING  backend.secuscan.plugins:plugins.py:101 Binary not found in PATH: wafw00f\nINFO     backend.secuscan.plugins:plugins.py:59 \u2713 Loaded plugin: WAF Detector v1.0.0\nERROR    backend.secuscan.plugins:plugins.py:64 Failed to load plugin from C:\\Users\\VIDYANKSHINI\\Desktop\\project\\SecuScan\\plugins\\waf_detector: 'charmap' codec can't decode byte 0x8f in position 429: character maps to <undefined>\nINFO     backend.secuscan.plugins:plugins.py:59 \u2713 Loaded plugin: Website Recon v1.0.0\nINFO     backend.secuscan.plugins:plugins.py:59 \u2713 Loaded plugin: Domain Registration Lookup v1.0.0\nWARNING  backend.secuscan.plugins:plugins.py:101 Binary not found in PATH: wpscan\nINFO     backend.secuscan.plugins:plugins.py:59 \u2713 Loaded plugin: WordPress Security Scan v1.0.0\nINFO     backend.secuscan.plugins:plugins.py:59 \u2713 Loaded plugin: XSS Exploiter v1.0.0\nWARNING  backend.secuscan.plugins:plugins.py:101 Binary not found in PATH: yara\nINFO     backend.secuscan.plugins:plugins.py:59 \u2713 Loaded plugin: Binary Signature Scan v1.0.0\nINFO     backend.secuscan.plugins:plugins.py:59 \u2713 Loaded plugin: DAST Web Proxy (ZAP) v1.0.0\nINFO     backend.secuscan.plugins:plugins.py:66 Loaded 59 plugins\nINFO     backend.secuscan.main:main.py:56 \u2713 Plugins loaded\nINFO     backend.secuscan.workflows:workflows.py:27 Workflow scheduler started\nINFO     backend.secuscan.main:main.py:59 \u2713 Workflow scheduler started\nINFO     backend.secuscan.main:main.py:61 \u2713 Ready to serve on 127.0.0.1:8000
---------------------------- Captured stdout call -----------------------------
2026-05-26 17:44:27,971 - backend.secuscan.plugins - WARNING - Binary not found in PATH: amass\n2026-05-26 17:44:27,971 - backend.secuscan.plugins - INFO - \u2713 Loaded plugin: Amass v1.0.0\n2026-05-26 17:44:27,974 - backend.secuscan.plugins - WARNING - Binary not found in PATH: nuclei\n2026-05-26 17:44:27,974 - backend.secuscan.plugins - INFO - \u2713 Loaded plugin: API Scanner v1.0.0\n2026-05-26 17:44:27,977 - backend.secuscan.plugins - INFO - \u2713 Loaded plugin: Cloud Scanner v1.0.0\n2026-05-26 17:44:27,979 - backend.secuscan.plugins - WARNING - Binary not found in PATH: uncover\n2026-05-26 17:44:27,980 - backend.secuscan.plugins - INFO - \u2713 Loaded plugin: S3 / Blob Auditor v1.0.0\n2026-05-26 17:44:27,982 - backend.secuscan.plugins - WARNING - Binary not found in PATH: bandit\n2026-05-26 17:44:27,983 - backend.secuscan.plugins - INFO - \u2713 Loaded plugin: Code Analyzer (Bandit) v1.0.0\n2026-05-26 17:44:27,985 - backend.secuscan.plugins - WARNING - Binary not found in PATH: trivy\n2026-05-26 17:44:27,986 - backend.secuscan.plugins - INFO - \u2713 Loaded plugin: Container Scan (Trivy) v1.0.0\n2026-05-26 17:44:27,988 - backend.secuscan.plugins - WARNING - Binary not found in PATH: katana\n2026-05-26 17:44:27,989 - backend.secuscan.plugins - INFO - \u2713 Loaded plugin: Crawler v1.0.0\n2026-05-26 17:44:27,991 - backend.secuscan.plugins - WARNING - Binary not found in PATH: ffuf\n2026-05-26 17:44:27,992 - backend.secuscan.plugins - INFO - \u2713 Loaded plugin: Directory Discovery v1.0.0\n2026-05-26 17:44:27,995 - backend.secuscan.plugins - WARNING - Binary not found in PATH: dnsx\n2026-05-26 17:44:27,995 - backend.secuscan.plugins - INFO - \u2713 Loaded plugin: dnsx v1.0.0\n2026-05-26 17:44:27,997 - backend.secuscan.plugins - WARNING - Binary not found in PATH: dnsrecon\n2026-05-26 17:44:27,998 - backend.secuscan.plugins - INFO - \u2713 Loaded plugin: DNS Reconnaissance v1.0.0\n2026-05-26 17:44:28,000 - backend.secuscan.plugins - WARNING - Binary not found in PATH: amass\n2026-05-26 17:44:28,001 - backend.secuscan.plugins - INFO - \u2713 Loaded plugin: Domain Finder v1.0.0\n2026-05-26 17:44:28,003 - backend.secuscan.plugins - WARNING - Binary not found in PATH: droopescan\n2026-05-26 17:44:28,004 - backend.secuscan.plugins - INFO - \u2713 Loaded plugin: Drupal Security Scan v1.0.0\n2026-05-26 17:44:28,006 - backend.secuscan.plugins - INFO - \u2713 Loaded plugin: Payload Fuzzer v1.0.0\n2026-05-26 17:44:28,009 - backend.secuscan.plugins - INFO - \u2713 Loaded plugin: Google Hacking v1.0.0\n2026-05-26 17:44:28,012 - backend.secuscan.plugins - WARNING - Binary not found in PATH: hashcat\n2026-05-26 17:44:28,012 - backend.secuscan.plugins - INFO - \u2713 Loaded plugin: Password Recovery Audit v1.0.0\n2026-05-26 17:44:28,014 - backend.secuscan.plugins - INFO - \u2713 Loaded plugin: httpx v1.0.0\n2026-05-26 17:44:28,015 - backend.secuscan.plugins - INFO - \u2713 Loaded plugin: HTTP Inspector v1.0.0\n2026-05-26 17:44:28,018 - backend.secuscan.plugins - INFO - \u2713 Loaded plugin: HTTP Request Logger v1.0.0\n2026-05-26 17:44:28,020 - backend.secuscan.plugins - INFO - \u2713 Loaded plugin: IaC Scanner (Checkov) v1.0.0\n2026-05-26 17:44:28,022 - backend.secuscan.plugins - INFO - \u2713 Loaded plugin: ICMP Ping v1.0.0\n2026-05-26 17:44:28,024 - backend.secuscan.plugins - WARNING - Binary not found in PATH: joomscan\n2026-05-26 17:44:28,025 - backend.secuscan.plugins - INFO - \u2713 Loaded plugin: Joomla Security Scan v1.0.0\n2026-05-26 17:44:28,027 - backend.secuscan.plugins - WARNING - Binary not found in PATH: katana\n2026-05-26 17:44:28,028 - backend.secuscan.plugins - INFO - \u2713 Loaded plugin: Katana v1.0.0\n2026-05-26 17:44:28,030 - backend.secuscan.plugins - INFO - \u2713 Loaded plugin: K8s Scanner v1.0.0\n2026-05-26 17:44:28,033 - backend.secuscan.plugins - WARNING - Binary not found in PATH: msfconsole\n2026-05-26 17:44:28,033 - backend.secuscan.plugins - INFO - \u2713 Loaded plugin: Exploitation Connector v1.0.0\n2026-05-26 17:44:28,036 - backend.secuscan.plugins - WARNING - Binary not found in PATH: nmap\n2026-05-26 17:44:28,036 - backend.secuscan.plugins - INFO - \u2713 Loaded plugin: Network Scanner v1.0.0\n2026-05-26 17:44:28,039 - backend.secuscan.plugins - WARNING - Binary not found in PATH: nikto\n2026-05-26 17:44:28,039 - backend.secuscan.plugins - INFO - \u2713 Loaded plugin: Nikto v1.1.0\n2026-05-26 17:44:28,042 - backend.secuscan.plugins - WARNING - Binary not found in PATH: nmap\n2026-05-26 17:44:28,042 - backend.secuscan.plugins - INFO - \u2713 Loaded plugin: Network Scanning v1.0.0\n2026-05-26 17:44:28,045 - backend.secuscan.plugins - WARNING - Binary not found in PATH: nuclei\n2026-05-26 17:44:28,046 - backend.secuscan.plugins - INFO - \u2713 Loaded plugin: Template Vulnerability Scan v1.0.0\n2026-05-26 17:44:28,048 - backend.secuscan.plugins - INFO - \u2713 Loaded plugin: Password Auditor v1.0.0\n2026-05-26 17:44:28,051 - backend.secuscan.plugins - WARNING - Binary not found in PATH: theHarvester\n2026-05-26 17:44:28,051 - backend.secuscan.plugins - INFO - \u2713 Loaded plugin: People Hunter v1.0.0\n2026-05-26 17:44:28,054 - backend.secuscan.plugins - WARNING - Binary not found in PATH: nmap\n2026-05-26 17:44:28,054 - backend.secuscan.plugins - INFO - \u2713 Loaded plugin: Port Scanner v1.0.0\n2026-05-26 17:44:28,057 - backend.secuscan.plugins - INFO - \u2713 Loaded plugin: Advanced Network Recon v1.0.0\n2026-05-26 17:44:28,059 - backend.secuscan.plugins - WARNING - Binary not found in PATH: gitleaks\n2026-05-26 17:44:28,060 - backend.secuscan.plugins - INFO - \u2713 Loaded plugin: Secret Scanner v1.0.0\n2026-05-26 17:44:28,062 - backend.secuscan.plugins - WARNING - Binary not found in PATH: nuclei\n2026-05-26 17:44:28,063 - backend.secuscan.plugins - INFO - \u2713 Loaded plugin: Sharepoint Scanner v1.0.0\n2026-05-26 17:44:28,065 - backend.secuscan.plugins - WARNING - Binary not found in PATH: katana\n2026-05-26 17:44:28,066 - backend.secuscan.plugins - INFO - \u2713 Loaded plugin: Sitemap Generator v1.0.0\n2026-05-26 17:44:28,068 - backend.secuscan.plugins - INFO - \u2713 Loaded plugin: Sniper: Auto-Exploiter v1.0.0\n2026-05-26 17:44:28,071 - backend.secuscan.plugins - WARNING - Binary not found in PATH: katana\n2026-05-26 17:44:28,071 - backend.secuscan.plugins - INFO - \u2713 Loaded plugin: Spider v1.0.0\n2026-05-26 17:44:28,074 - backend.secuscan.plugins - WARNING - Binary not found in PATH: ghauri\n2026-05-26 17:44:28,074 - backend.secuscan.plugins - INFO - \u2713 Loaded plugin: SQL Injection Feasibility v1.0.0\n2026-05-26 17:44:28,077 - backend.secuscan.plugins - WARNING - Binary not found in PATH: sqlmap\n2026-05-26 17:44:28,077 - backend.secuscan.plugins - INFO - \u2713 Loaded plugin: SQLi Exploiter v1.0.0\n2026-05-26 17:44:28,080 - backend.secuscan.plugins - WARNING - Binary not found in PATH: sqlmap\n2026-05-26 17:44:28,080 - backend.secuscan.plugins - INFO - \u2713 Loaded plugin: SQL Injection Testing v1.0.0\n2026-05-26 17:44:28,082 - backend.secuscan.plugins - INFO - \u2713 Loaded plugin: SSH Runner v1.0.0\n2026-05-26 17:44:28,085 - backend.secuscan.plugins - WARNING - Binary not found in PATH: subfinder\n2026-05-26 17:44:28,085 - backend.secuscan.plugins - INFO - \u2713 Loaded plugin: Subdomain Finder v1.0.0\n2026-05-26 17:44:28,088 - backend.secuscan.plugins - WARNING - Binary not found in PATH: subfinder\n2026-05-26 17:44:28,088 - backend.secuscan.plugins - INFO - \u2713 Loaded plugin: Subdomain Scanner v1.0.0\n2026-05-26 17:44:28,091 - backend.secuscan.plugins - WARNING - Binary not found in PATH: subfinder\n2026-05-26 17:44:28,091 - backend.secuscan.plugins - INFO - \u2713 Loaded plugin: Subdomain Takeover v1.0.0\n2026-05-26 17:44:28,093 - backend.secuscan.plugins - WARNING - Binary not found in PATH: subfinder\n2026-05-26 17:44:28,094 - backend.secuscan.plugins - INFO - \u2713 Loaded plugin: Subfinder v1.0.0\n2026-05-26 17:44:28,096 - backend.secuscan.plugins - WARNING - Binary not found in PATH: theHarvester\n2026-05-26 17:44:28,097 - backend.secuscan.plugins - INFO - \u2713 Loaded plugin: theHarvester v1.0.0\n2026-05-26 17:44:28,099 - backend.secuscan.plugins - WARNING - Binary not found in PATH: openssl\n2026-05-26 17:44:28,100 - backend.secuscan.plugins - INFO - \u2713 Loaded plugin: TLS Security Analysis v1.0.0\n2026-05-26 17:44:28,102 - backend.secuscan.plugins - WARNING - Binary not found in PATH: uncover\n2026-05-26 17:44:28,103 - backend.secuscan.plugins - INFO - \u2713 Loaded plugin: Uncover v1.0.0\n2026-05-26 17:44:28,105 - backend.secuscan.plugins - WARNING - Binary not found in PATH: ffuf\n2026-05-26 17:44:28,106 - backend.secuscan.plugins - INFO - \u2713 Loaded plugin: URL Fuzzer v1.0.0\n2026-05-26 17:44:28,108 - backend.secuscan.plugins - WARNING - Binary not found in PATH: urlfinder\n2026-05-26 17:44:28,109 - backend.secuscan.plugins - INFO - \u2713 Loaded plugin: urlfinder v1.0.0\n2026-05-26 17:44:28,111 - backend.secuscan.plugins - WARNING - Binary not found in PATH: ffuf\n2026-05-26 17:44:28,112 - backend.secuscan.plugins - INFO - \u2713 Loaded plugin: Virtual Hosts Finder v1.0.0\n2026-05-26 17:44:28,114 - backend.secuscan.plugins - WARNING - Binary not found in PATH: volatility3\n2026-05-26 17:44:28,115 - backend.secuscan.plugins - INFO - \u2713 Loaded plugin: Volatility v1.0.0\n2026-05-26 17:44:28,117 - backend.secuscan.plugins - WARNING - Binary not found in PATH: wafw00f\n2026-05-26 17:44:28,118 - backend.secuscan.plugins - INFO - \u2713 Loaded plugin: WAF Detector v1.0.0\n2026-05-26 17:44:28,119 - backend.secuscan.plugins - ERROR - Failed to load plugin from C:\\Users\\VIDYANKSHINI\\Desktop\\project\\SecuScan\\plugins\\waf_detector: 'charmap' codec can't decode byte 0x8f in position 429: character maps to <undefined>\n2026-05-26 17:44:28,121 - backend.secuscan.plugins - INFO - \u2713 Loaded plugin: Website Recon v1.0.0\n2026-05-26 17:44:28,123 - backend.secuscan.plugins - INFO - \u2713 Loaded plugin: Domain Registration Lookup v1.0.0\n2026-05-26 17:44:28,126 - backend.secuscan.plugins - WARNING - Binary not found in PATH: wpscan\n2026-05-26 17:44:28,126 - backend.secuscan.plugins - INFO - \u2713 Loaded plugin: WordPress Security Scan v1.0.0\n2026-05-26 17:44:28,128 - backend.secuscan.plugins - INFO - \u2713 Loaded plugin: XSS Exploiter v1.0.0\n2026-05-26 17:44:28,131 - backend.secuscan.plugins - WARNING - Binary not found in PATH: yara\n2026-05-26 17:44:28,131 - backend.secuscan.plugins - INFO - \u2713 Loaded plugin: Binary Signature Scan v1.0.0\n2026-05-26 17:44:28,133 - backend.secuscan.plugins - INFO - \u2713 Loaded plugin: DAST Web Proxy (ZAP) v1.0.0\n2026-05-26 17:44:28,134 - backend.secuscan.plugins - INFO - Loaded 59 plugins\n2026-05-26 17:44:28,145 - backend.secuscan.executor - INFO - Executing task 27c064e1-bc38-4db9-a688-7c9abf1c3b41: subfinder -d example.com -silent -t 10\n2026-05-26 17:44:28,148 - backend.secuscan.executor - INFO - Using custom parser for subdomain_discovery\n2026-05-26 17:44:28,183 - backend.secuscan.executor - INFO - Task 27c064e1-bc38-4db9-a688-7c9abf1c3b41 completed in 0.00s\n2026-05-26 17:44:28,184 - httpx - INFO - HTTP Request: POST http://testserver/api/v1/task/start "HTTP/1.1 200 OK"\n2026-05-26 17:44:28,185 - httpx - INFO - HTTP Request: GET http://testserver/api/v1/task/27c064e1-bc38-4db9-a688-7c9abf1c3b41/status "HTTP/1.1 200 OK"
---------------------------- Captured stderr call -----------------------------
--- Logging error ---\nTraceback (most recent call last):\n  File "C:\\Users\\VIDYANKSHINI\\AppData\\Local\\Programs\\Python\\Python313\\Lib\\logging\\__init__.py", line 1153, in emit\n    stream.write(msg + self.terminator)\n    ~~~~~~~~~~~~^^^^^^^^^^^^^^^^^^^^^^^\n  File "C:\\Users\\VIDYANKSHINI\\AppData\\Local\\Programs\\Python\\Python313\\Lib\\encodings\\cp1252.py", line 19, in encode\n    return codecs.charmap_encode(input,self.errors,encoding_table)[0]\n           ~~~~~~~~~~~~~~~~~~~~~^^^^^^^^^^^^^^^^^^^^^^^^^^^^^^^^^^\nUnicodeEncodeError: 'charmap' codec can't encode character '\\u2713' in position 60: character maps to <undefined>\nCall stack:\n  File "C:\\Users\\VIDYANKSHINI\\AppData\\Local\\Programs\\Python\\Python313\\Lib\\threading.py", line 1012, in _bootstrap\n    self._bootstrap_inner()\n  File "C:\\Users\\VIDYANKSHINI\\AppData\\Local\\Programs\\Python\\Python313\\Lib\\threading.py", line 1041, in _bootstrap_inner\n    self.run()\n  File "C:\\Users\\VIDYANKSHINI\\AppData\\Local\\Programs\\Python\\Python313\\Lib\\threading.py", line 992, in run\n    self._target(*self._args, **self._kwargs)\n  File "C:\\Users\\VIDYANKSHINI\\AppData\\Local\\Programs\\Python\\Python313\\Lib\\site-packages\\anyio\\from_thread.py", line 532, in run_blocking_portal\n    run_eventloop(\n  File "C:\\Users\\VIDYANKSHINI\\AppData\\Local\\Programs\\Python\\Python313\\Lib\\site-packages\\anyio\\_core\\_eventloop.py", line 77, in run\n    return async_backend.run(func, args, {}, backend_options)\n  File "C:\\Users\\VIDYANKSHINI\\AppData\\Local\\Programs\\Python\\Python313\\Lib\\site-packages\\anyio\\_backends\\_asyncio.py", line 2358, in run\n    return runner.run(wrapper())\n  File "C:\\Users\\VIDYANKSHINI\\AppData\\Local\\Programs\\Python\\Python313\\Lib\\asyncio\\runners.py", line 118, in run\n    return self._loop.run_until_complete(task)\n  File "C:\\Users\\VIDYANKSHINI\\AppData\\Local\\Programs\\Python\\Python313\\Lib\\asyncio\\base_events.py", line 712, in run_until_complete\n    self.run_forever()\n  File "C:\\Users\\VIDYANKSHINI\\AppData\\Local\\Programs\\Python\\Python313\\Lib\\asyncio\\base_events.py", line 683, in run_forever\n    self._run_once()\n  File "C:\\Users\\VIDYANKSHINI\\AppData\\Local\\Programs\\Python\\Python313\\Lib\\asyncio\\base_events.py", line 2040, in _run_once\n    handle._run()\n  File "C:\\Users\\VIDYANKSHINI\\AppData\\Local\\Programs\\Python\\Python313\\Lib\\asyncio\\events.py", line 89, in _run\n    self._context.run(self._callback, *self._args)\n  File "C:\\Users\\VIDYANKSHINI\\AppData\\Local\\Programs\\Python\\Python313\\Lib\\site-packages\\anyio\\from_thread.py", line 259, in _call_func\n    retval = await retval_or_awaitable\n  File "C:\\Users\\VIDYANKSHINI\\AppData\\Local\\Programs\\Python\\Python313\\Lib\\site-packages\\fastapi\\applications.py", line 1159, in __call__\n    await super().__call__(scope, receive, send)\n  File "C:\\Users\\VIDYANKSHINI\\AppData\\Local\\Programs\\Python\\Python313\\Lib\\site-packages\\starlette\\applications.py", line 107, in __call__\n    await self.middleware_stack(scope, receive, send)\n  File "C:\\Users\\VIDYANKSHINI\\AppData\\Local\\Programs\\Python\\Python313\\Lib\\site-packages\\starlette\\middleware\\errors.py", line 164, in __call__\n    await self.app(scope, receive, _send)\n  File "C:\\Users\\VIDYANKSHINI\\AppData\\Local\\Programs\\Python\\Python313\\Lib\\site-packages\\starlette\\middleware\\cors.py", line 87, in __call__\n    await self.app(scope, receive, send)\n  File "C:\\Users\\VIDYANKSHINI\\AppData\\Local\\Programs\\Python\\Python313\\Lib\\site-packages\\starlette\\middleware\\exceptions.py", line 63, in __call__\n    await wrap_app_handling_exceptions(self.app, conn)(scope, receive, send)\n  File "C:\\Users\\VIDYANKSHINI\\AppData\\Local\\Programs\\Python\\Python313\\Lib\\site-packages\\starlette\\_exception_handler.py", line 42, in wrapped_app\n    await app(scope, receive, sender)\n  File "C:\\Users\\VIDYANKSHINI\\AppData\\Local\\Programs\\Python\\Python313\\Lib\\site-packages\\fastapi\\middleware\\asyncexitstack.py", line 18, in __call__\n    await self.app(scope, receive, send)\n  File "C:\\Users\\VIDYANKSHINI\\AppData\\Local\\Programs\\Python\\Python313\\Lib\\site-packages\\starlette\\routing.py", line 716, in __call__\n    await self.middleware_stack(scope, receive, send)\n  File "C:\\Users\\VIDYANKSHINI\\AppData\\Local\\Programs\\Python\\Python313\\Lib\\site-packages\\starlette\\routing.py", line 736, in app\n    await route.handle(scope, receive, send)\n  File "C:\\Users\\VIDYANKSHINI\\AppData\\Local\\Programs\\Python\\Python313\\Lib\\site-packages\\starlette\\routing.py", line 290, in handle\n    await self.app(scope, receive, send)\n  File "C:\\Users\\VIDYANKSHINI\\AppData\\Local\\Programs\\Python\\Python313\\Lib\\site-packages\\fastapi\\routing.py", line 134, in app\n    await wrap_app_handling_exceptions(app, request)(scope, receive, send)\n  File "C:\\Users\\VIDYANKSHINI\\AppData\\Local\\Programs\\Python\\Python313\\Lib\\site-packages\\starlette\\_exception_handler.py", line 42, in wrapped_app\n    await app(scope, receive, sender)\n  File "C:\\Users\\VIDYANKSHINI\\AppData\\Local\\Programs\\Python\\Python313\\Lib\\site-packages\\fastapi\\routing.py", line 120, in app\n    response = await f(request)\n  File "C:\\Users\\VIDYANKSHINI\\AppData\\Local\\Programs\\Python\\Python313\\Lib\\site-packages\\fastapi\\routing.py", line 674, in app\n    raw_response = await run_endpoint_function(\n  File "C:\\Users\\VIDYANKSHINI\\AppData\\Local\\Programs\\Python\\Python313\\Lib\\site-packages\\fastapi\\routing.py", line 328, in run_endpoint_function\n    return await dependant.call(**values)\n  File "C:\\Users\\VIDYANKSHINI\\Desktop\\project\\SecuScan\\backend\\secuscan\\routes.py", line 269, in start_task\n    plugin_manager = await get_plugin_manager_for_request()\n  File "C:\\Users\\VIDYANKSHINI\\Desktop\\project\\SecuScan\\backend\\secuscan\\routes.py", line 177, in get_plugin_manager_for_request\n    return await init_plugins(settings.plugins_dir)\n  File "C:\\Users\\VIDYANKSHINI\\Desktop\\project\\SecuScan\\backend\\secuscan\\plugins.py", line 382, in init_plugins\n    await plugin_manager.load_plugins()\n  File "C:\\Users\\VIDYANKSHINI\\Desktop\\project\\SecuScan\\backend\\secuscan\\plugins.py", line 59, in load_plugins\n    logger.info(f"\u2713 Loaded plugin: {plugin_meta.name} v{plugin_meta.version}")\nMessage: '\u2713 Loaded plugin: Amass v1.0.0'\nArguments: ()\n--- Logging error ---\nTraceback (most recent call last):\n  File "C:\\Users\\VIDYANKSHINI\\AppData\\Local\\Programs\\Python\\Python313\\Lib\\logging\\__init__.py", line 1153, in emit\n    stream.write(msg + self.terminator)\n    ~~~~~~~~~~~~^^^^^^^^^^^^^^^^^^^^^^^\n  File "C:\\Users\\VIDYANKSHINI\\AppData\\Local\\Programs\\Python\\Python313\\Lib\\encodings\\cp1252.py", line 19, in encode\n    return codecs.charmap_encode(input,self.errors,encoding_table)[0]\n           ~~~~~~~~~~~~~~~~~~~~~^^^^^^^^^^^^^^^^^^^^^^^^^^^^^^^^^^\nUnicodeEncodeError: 'charmap' codec can't encode character '\\u2713' in position 60: character maps to <undefined>\nCall stack:\n  File "C:\\Users\\VIDYANKSHINI\\AppData\\Local\\Programs\\Python\\Python313\\Lib\\threading.py", line 1012, in _bootstrap\n    self._bootstrap_inner()\n  File "C:\\Users\\VIDYANKSHINI\\AppData\\Local\\Programs\\Python\\Python313\\Lib\\threading.py", line 1041, in _bootstrap_inner\n    self.run()\n  File "C:\\Users\\VIDYANKSHINI\\AppData\\Local\\Programs\\Python\\Python313\\Lib\\threading.py", line 992, in run\n    self._target(*self._args, **self._kwargs)\n  File "C:\\Users\\VIDYANKSHINI\\AppData\\Local\\Programs\\Python\\Python313\\Lib\\site-packages\\anyio\\from_thread.py", line 532, in run_blocking_portal\n    run_eventloop(\n  File "C:\\Users\\VIDYANKSHINI\\AppData\\Local\\Programs\\Python\\Python313\\Lib\\site-packages\\anyio\\_core\\_eventloop.py", line 77, in run\n    return async_backend.run(func, args, {}, backend_options)\n  File "C:\\Users\\VIDYANKSHINI\\AppData\\Local\\Programs\\Python\\Python313\\Lib\\site-packages\\anyio\\_backends\\_asyncio.py", line 2358, in run\n    return runner.run(wrapper())\n  File "C:\\Users\\VIDYANKSHINI\\AppData\\Local\\Programs\\Python\\Python313\\Lib\\asyncio\\runners.py", line 118, in run\n    return self._loop.run_until_complete(task)\n  File "C:\\Users\\VIDYANKSHINI\\AppData\\Local\\Programs\\Python\\Python313\\Lib\\asyncio\\base_events.py", line 712, in run_until_complete\n    self.run_forever()\n  File "C:\\Users\\VIDYANKSHINI\\AppData\\Local\\Programs\\Python\\Python313\\Lib\\asyncio\\base_events.py", line 683, in run_forever\n    self._run_once()\n  File "C:\\Users\\VIDYANKSHINI\\AppData\\Local\\Programs\\Python\\Python313\\Lib\\asyncio\\base_events.py", line 2040, in _run_once\n    handle._run()\n  File "C:\\Users\\VIDYANKSHINI\\AppData\\Local\\Programs\\Python\\Python313\\Lib\\asyncio\\events.py", line 89, in _run\n    self._context.run(self._callback, *self._args)\n  File "C:\\Users\\VIDYANKSHINI\\AppData\\Local\\Programs\\Python\\Python313\\Lib\\site-packages\\anyio\\from_thread.py", line 259, in _call_func\n    retval = await retval_or_awaitable\n  File "C:\\Users\\VIDYANKSHINI\\AppData\\Local\\Programs\\Python\\Python313\\Lib\\site-packages\\fastapi\\applications.py", line 1159, in __call__\n    await super().__call__(scope, receive, send)\n  File "C:\\Users\\VIDYANKSHINI\\AppData\\Local\\Programs\\Python\\Python313\\Lib\\site-packages\\starlette\\applications.py", line 107, in __call__\n    await self.middleware_stack(scope, receive, send)\n  File "C:\\Users\\VIDYANKSHINI\\AppData\\Local\\Programs\\Python\\Python313\\Lib\\site-packages\\starlette\\middleware\\errors.py", line 164, in __call__\n    await self.app(scope, receive, _send)\n  File "C:\\Users\\VIDYANKSHINI\\AppData\\Local\\Programs\\Python\\Python313\\Lib\\site-packages\\starlette\\middleware\\cors.py", line 87, in __call__\n    await self.app(scope, receive, send)\n  File "C:\\Users\\VIDYANKSHINI\\AppData\\Local\\Programs\\Python\\Python313\\Lib\\site-packages\\starlette\\middleware\\exceptions.py", line 63, in __call__\n    await wrap_app_handling_exceptions(self.app, conn)(scope, receive, send)\n  File "C:\\Users\\VIDYANKSHINI\\AppData\\Local\\Programs\\Python\\Python313\\Lib\\site-packages\\starlette\\_exception_handler.py", line 42, in wrapped_app\n    await app(scope, receive, sender)\n  File "C:\\Users\\VIDYANKSHINI\\AppData\\Local\\Programs\\Python\\Python313\\Lib\\site-packages\\fastapi\\middleware\\asyncexitstack.py", line 18, in __call__\n    await self.app(scope, receive, send)\n  File "C:\\Users\\VIDYANKSHINI\\AppData\\Local\\Programs\\Python\\Python313\\Lib\\site-packages\\starlette\\routing.py", line 716, in __call__\n    await self.middleware_stack(scope, receive, send)\n  File "C:\\Users\\VIDYANKSHINI\\AppData\\Local\\Programs\\Python\\Python313\\Lib\\site-packages\\starlette\\routing.py", line 736, in app\n    await route.handle(scope, receive, send)\n  File "C:\\Users\\VIDYANKSHINI\\AppData\\Local\\Programs\\Python\\Python313\\Lib\\site-packages\\starlette\\routing.py", line 290, in handle\n    await self.app(scope, receive, send)\n  File "C:\\Users\\VIDYANKSHINI\\AppData\\Local\\Programs\\Python\\Python313\\Lib\\site-packages\\fastapi\\routing.py", line 134, in app\n    await wrap_app_handling_exceptions(app, request)(scope, receive, send)\n  File "C:\\Users\\VIDYANKSHINI\\AppData\\Local\\Programs\\Python\\Python313\\Lib\\site-packages\\starlette\\_exception_handler.py", line 42, in wrapped_app\n    await app(scope, receive, sender)\n  File "C:\\Users\\VIDYANKSHINI\\AppData\\Local\\Programs\\Python\\Python313\\Lib\\site-packages\\fastapi\\routing.py", line 120, in app\n    response = await f(request)\n  File "C:\\Users\\VIDYANKSHINI\\AppData\\Local\\Programs\\Python\\Python313\\Lib\\site-packages\\fastapi\\routing.py", line 674, in app\n    raw_response = await run_endpoint_function(\n  File "C:\\Users\\VIDYANKSHINI\\AppData\\Local\\Programs\\Python\\Python313\\Lib\\site-packages\\fastapi\\routing.py", line 328, in run_endpoint_function\n    return await dependant.call(**values)\n  File "C:\\Users\\VIDYANKSHINI\\Desktop\\project\\SecuScan\\backend\\secuscan\\routes.py", line 269, in start_task\n    plugin_manager = await get_plugin_manager_for_request()\n  File "C:\\Users\\VIDYANKSHINI\\Desktop\\project\\SecuScan\\backend\\secuscan\\routes.py", line 177, in get_plugin_manager_for_request\n    return await init_plugins(settings.plugins_dir)\n  File "C:\\Users\\VIDYANKSHINI\\Desktop\\project\\SecuScan\\backend\\secuscan\\plugins.py", line 382, in init_plugins\n    await plugin_manager.load_plugins()\n  File "C:\\Users\\VIDYANKSHINI\\Desktop\\project\\SecuScan\\backend\\secuscan\\plugins.py", line 59, in load_plugins\n    logger.info(f"\u2713 Loaded plugin: {plugin_meta.name} v{plugin_meta.version}")\nMessage: '\u2713 Loaded plugin: API Scanner v1.0.0'\nArguments: ()\n--- Logging error ---\nTraceback (most recent call last):\n  File "C:\\Users\\VIDYANKSHINI\\AppData\\Local\\Programs\\Python\\Python313\\Lib\\logging\\__init__.py", line 1153, in emit\n    stream.write(msg + self.terminator)\n    ~~~~~~~~~~~~^^^^^^^^^^^^^^^^^^^^^^^\n  File "C:\\Users\\VIDYANKSHINI\\AppData\\Local\\Programs\\Python\\Python313\\Lib\\encodings\\cp1252.py", line 19, in encode\n    return codecs.charmap_encode(input,self.errors,encoding_table)[0]\n           ~~~~~~~~~~~~~~~~~~~~~^^^^^^^^^^^^^^^^^^^^^^^^^^^^^^^^^^\nUnicodeEncodeError: 'charmap' codec can't encode character '\\u2713' in position 60: character maps to <undefined>\nCall stack:\n  File "C:\\Users\\VIDYANKSHINI\\AppData\\Local\\Programs\\Python\\Python313\\Lib\\threading.py", line 1012, in _bootstrap\n    self._bootstrap_inner()\n  File "C:\\Users\\VIDYANKSHINI\\AppData\\Local\\Programs\\Python\\Python313\\Lib\\threading.py", line 1041, in _bootstrap_inner\n    self.run()\n  File "C:\\Users\\VIDYANKSHINI\\AppData\\Local\\Programs\\Python\\Python313\\Lib\\threading.py", line 992, in run\n    self._target(*self._args, **self._kwargs)\n  File "C:\\Users\\VIDYANKSHINI\\AppData\\Local\\Programs\\Python\\Python313\\Lib\\site-packages\\anyio\\from_thread.py", line 532, in run_blocking_portal\n    run_eventloop(\n  File "C:\\Users\\VIDYANKSHINI\\AppData\\Local\\Programs\\Python\\Python313\\Lib\\site-packages\\anyio\\_core\\_eventloop.py", line 77, in run\n    return async_backend.run(func, args, {}, backend_options)\n  File "C:\\Users\\VIDYANKSHINI\\AppData\\Local\\Programs\\Python\\Python313\\Lib\\site-packages\\anyio\\_backends\\_asyncio.py", line 2358, in run\n    return runner.run(wrapper())\n  File "C:\\Users\\VIDYANKSHINI\\AppData\\Local\\Programs\\Python\\Python313\\Lib\\asyncio\\runners.py", line 118, in run\n    return self._loop.run_until_complete(task)\n  File "C:\\Users\\VIDYANKSHINI\\AppData\\Local\\Programs\\Python\\Python313\\Lib\\asyncio\\base_events.py", line 712, in run_until_complete\n    self.run_forever()\n  File "C:\\Users\\VIDYANKSHINI\\AppData\\Local\\Programs\\Python\\Python313\\Lib\\asyncio\\base_events.py", line 683, in run_forever\n    self._run_once()\n  File "C:\\Users\\VIDYANKSHINI\\AppData\\Local\\Programs\\Python\\Python313\\Lib\\asyncio\\base_events.py", line 2040, in _run_once\n    handle._run()\n  File "C:\\Users\\VIDYANKSHINI\\AppData\\Local\\Programs\\Python\\Python313\\Lib\\asyncio\\events.py", line 89, in _run\n    self._context.run(self._callback, *self._args)\n  File "C:\\Users\\VIDYANKSHINI\\AppData\\Local\\Programs\\Python\\Python313\\Lib\\site-packages\\anyio\\from_thread.py", line 259, in _call_func\n    retval = await retval_or_awaitable\n  File "C:\\Users\\VIDYANKSHINI\\AppData\\Local\\Programs\\Python\\Python313\\Lib\\site-packages\\fastapi\\applications.py", line 1159, in __call__\n    await super().__call__(scope, receive, send)\n  File "C:\\Users\\VIDYANKSHINI\\AppData\\Local\\Programs\\Python\\Python313\\Lib\\site-packages\\starlette\\applications.py", line 107, in __call__\n    await self.middleware_stack(scope, receive, send)\n  File "C:\\Users\\VIDYANKSHINI\\AppData\\Local\\Programs\\Python\\Python313\\Lib\\site-packages\\starlette\\middleware\\errors.py", line 164, in __call__\n    await self.app(scope, receive, _send)\n  File "C:\\Users\\VIDYANKSHINI\\AppData\\Local\\Programs\\Python\\Python313\\Lib\\site-packages\\starlette\\middleware\\cors.py", line 87, in __call__\n    await self.app(scope, receive, send)\n  File "C:\\Users\\VIDYANKSHINI\\AppData\\Local\\Programs\\Python\\Python313\\Lib\\site-packages\\starlette\\middleware\\exceptions.py", line 63, in __call__\n    await wrap_app_handling_exceptions(self.app, conn)(scope, receive, send)\n  File "C:\\Users\\VIDYANKSHINI\\AppData\\Local\\Programs\\Python\\Python313\\Lib\\site-packages\\starlette\\_exception_handler.py", line 42, in wrapped_app\n    await app(scope, receive, sender)\n  File "C:\\Users\\VIDYANKSHINI\\AppData\\Local\\Programs\\Python\\Python313\\Lib\\site-packages\\fastapi\\middleware\\asyncexitstack.py", line 18, in __call__\n    await self.app(scope, receive, send)\n  File "C:\\Users\\VIDYANKSHINI\\AppData\\Local\\Programs\\Python\\Python313\\Lib\\site-packages\\starlette\\routing.py", line 716, in __call__\n    await self.middleware_stack(scope, receive, send)\n  File "C:\\Users\\VIDYANKSHINI\\AppData\\Local\\Programs\\Python\\Python313\\Lib\\site-packages\\starlette\\routing.py", line 736, in app\n    await route.handle(scope, receive, send)\n  File "C:\\Users\\VIDYANKSHINI\\AppData\\Local\\Programs\\Python\\Python313\\Lib\\site-packages\\starlette\\routing.py", line 290, in handle\n    await self.app(scope, receive, send)\n  File "C:\\Users\\VIDYANKSHINI\\AppData\\Local\\Programs\\Python\\Python313\\Lib\\site-packages\\fastapi\\routing.py", line 134, in app\n    await wrap_app_handling_exceptions(app, request)(scope, receive, send)\n  File "C:\\Users\\VIDYANKSHINI\\AppData\\Local\\Programs\\Python\\Python313\\Lib\\site-packages\\starlette\\_exception_handler.py", line 42, in wrapped_app\n    await app(scope, receive, sender)\n  File "C:\\Users\\VIDYANKSHINI\\AppData\\Local\\Programs\\Python\\Python313\\Lib\\site-packages\\fastapi\\routing.py", line 120, in app\n    response = await f(request)\n  File "C:\\Users\\VIDYANKSHINI\\AppData\\Local\\Programs\\Python\\Python313\\Lib\\site-packages\\fastapi\\routing.py", line 674, in app\n    raw_response = await run_endpoint_function(\n  File "C:\\Users\\VIDYANKSHINI\\AppData\\Local\\Programs\\Python\\Python313\\Lib\\site-packages\\fastapi\\routing.py", line 328, in run_endpoint_function\n    return await dependant.call(**values)\n  File "C:\\Users\\VIDYANKSHINI\\Desktop\\project\\SecuScan\\backend\\secuscan\\routes.py", line 269, in start_task\n    plugin_manager = await get_plugin_manager_for_request()\n  File "C:\\Users\\VIDYANKSHINI\\Desktop\\project\\SecuScan\\backend\\secuscan\\routes.py", line 177, in get_plugin_manager_for_request\n    return await init_plugins(settings.plugins_dir)\n  File "C:\\Users\\VIDYANKSHINI\\Desktop\\project\\SecuScan\\backend\\secuscan\\plugins.py", line 382, in init_plugins\n    await plugin_manager.load_plugins()\n  File "C:\\Users\\VIDYANKSHINI\\Desktop\\project\\SecuScan\\backend\\secuscan\\plugins.py", line 59, in load_plugins\n    logger.info(f"\u2713 Loaded plugin: {plugin_meta.name} v{plugin_meta.version}")\nMessage: '\u2713 Loaded plugin: Cloud Scanner v1.0.0'\nArguments: ()\n--- Logging error ---\nTraceback (most recent call last):\n  File "C:\\Users\\VIDYANKSHINI\\AppData\\Local\\Programs\\Python\\Python313\\Lib\\logging\\__init__.py", line 1153, in emit\n    stream.write(msg + self.terminator)\n    ~~~~~~~~~~~~^^^^^^^^^^^^^^^^^^^^^^^\n  File "C:\\Users\\VIDYANKSHINI\\AppData\\Local\\Programs\\Python\\Python313\\Lib\\encodings\\cp1252.py", line 19, in encode\n    return codecs.charmap_encode(input,self.errors,encoding_table)[0]\n           ~~~~~~~~~~~~~~~~~~~~~^^^^^^^^^^^^^^^^^^^^^^^^^^^^^^^^^^\nUnicodeEncodeError: 'charmap' codec can't encode character '\\u2713' in position 60: character maps to <undefined>\nCall stack:\n  File "C:\\Users\\VIDYANKSHINI\\AppData\\Local\\Programs\\Python\\Python313\\Lib\\threading.py", line 1012, in _bootstrap\n    self._bootstrap_inner()\n  File "C:\\Users\\VIDYANKSHINI\\AppData\\Local\\Programs\\Python\\Python313\\Lib\\threading.py", line 1041, in _bootstrap_inner\n    self.run()\n  File "C:\\Users\\VIDYANKSHINI\\AppData\\Local\\Programs\\Python\\Python313\\Lib\\threading.py", line 992, in run\n    self._target(*self._args, **self._kwargs)\n  File "C:\\Users\\VIDYANKSHINI\\AppData\\Local\\Programs\\Python\\Python313\\Lib\\site-packages\\anyio\\from_thread.py", line 532, in run_blocking_portal\n    run_eventloop(\n  File "C:\\Users\\VIDYANKSHINI\\AppData\\Local\\Programs\\Python\\Python313\\Lib\\site-packages\\anyio\\_core\\_eventloop.py", line 77, in run\n    return async_backend.run(func, args, {}, backend_options)\n  File "C:\\Users\\VIDYANKSHINI\\AppData\\Local\\Programs\\Python\\Python313\\Lib\\site-packages\\anyio\\_backends\\_asyncio.py", line 2358, in run\n    return runner.run(wrapper())\n  File "C:\\Users\\VIDYANKSHINI\\AppData\\Local\\Programs\\Python\\Python313\\Lib\\asyncio\\runners.py", line 118, in run\n    return self._loop.run_until_complete(task)\n  File "C:\\Users\\VIDYANKSHINI\\AppData\\Local\\Programs\\Python\\Python313\\Lib\\asyncio\\base_events.py", line 712, in run_until_complete\n    self.run_forever()\n  File "C:\\Users\\VIDYANKSHINI\\AppData\\Local\\Programs\\Python\\Python313\\Lib\\asyncio\\base_events.py", line 683, in run_forever\n    self._run_once()\n  File "C:\\Users\\VIDYANKSHINI\\AppData\\Local\\Programs\\Python\\Python313\\Lib\\asyncio\\base_events.py", line 2040, in _run_once\n    handle._run()\n  File "C:\\Users\\VIDYANKSHINI\\AppData\\Local\\Programs\\Python\\Python313\\Lib\\asyncio\\events.py", line 89, in _run\n    self._context.run(self._callback, *self._args)\n  File "C:\\Users\\VIDYANKSHINI\\AppData\\Local\\Programs\\Python\\Python313\\Lib\\site-packages\\anyio\\from_thread.py", line 259, in _call_func\n    retval = await retval_or_awaitable\n  File "C:\\Users\\VIDYANKSHINI\\AppData\\Local\\Programs\\Python\\Python313\\Lib\\site-packages\\fastapi\\applications.py", line 1159, in __call__\n    await super().__call__(scope, receive, send)\n  File "C:\\Users\\VIDYANKSHINI\\AppData\\Local\\Programs\\Python\\Python313\\Lib\\site-packages\\starlette\\applications.py", line 107, in __call__\n    await self.middleware_stack(scope, receive, send)\n  File "C:\\Users\\VIDYANKSHINI\\AppData\\Local\\Programs\\Python\\Python313\\Lib\\site-packages\\starlette\\middleware\\errors.py", line 164, in __call__\n    await self.app(scope, receive, _send)\n  File "C:\\Users\\VIDYANKSHINI\\AppData\\Local\\Programs\\Python\\Python313\\Lib\\site-packages\\starlette\\middleware\\cors.py", line 87, in __call__\n    await self.app(scope, receive, send)\n  File "C:\\Users\\VIDYANKSHINI\\AppData\\Local\\Programs\\Python\\Python313\\Lib\\site-packages\\starlette\\middleware\\exceptions.py", line 63, in __call__\n    await wrap_app_handling_exceptions(self.app, conn)(scope, receive, send)\n  File "C:\\Users\\VIDYANKSHINI\\AppData\\Local\\Programs\\Python\\Python313\\Lib\\site-packages\\starlette\\_exception_handler.py", line 42, in wrapped_app\n    await app(scope, receive, sender)\n  File "C:\\Users\\VIDYANKSHINI\\AppData\\Local\\Programs\\Python\\Python313\\Lib\\site-packages\\fastapi\\middleware\\asyncexitstack.py", line 18, in __call__\n    await self.app(scope, receive, send)\n  File "C:\\Users\\VIDYANKSHINI\\AppData\\Local\\Programs\\Python\\Python313\\Lib\\site-packages\\starlette\\routing.py", line 716, in __call__\n    await self.middleware_stack(scope, receive, send)\n  File "C:\\Users\\VIDYANKSHINI\\AppData\\Local\\Programs\\Python\\Python313\\Lib\\site-packages\\starlette\\routing.py", line 736, in app\n    await route.handle(scope, receive, send)\n  File "C:\\Users\\VIDYANKSHINI\\AppData\\Local\\Programs\\Python\\Python313\\Lib\\site-packages\\starlette\\routing.py", line 290, in handle\n    await self.app(scope, receive, send)\n  File "C:\\Users\\VIDYANKSHINI\\AppData\\Local\\Programs\\Python\\Python313\\Lib\\site-packages\\fastapi\\routing.py", line 134, in app\n    await wrap_app_handling_exceptions(app, request)(scope, receive, send)\n  File "C:\\Users\\VIDYANKSHINI\\AppData\\Local\\Programs\\Python\\Python313\\Lib\\site-packages\\starlette\\_exception_handler.py", line 42, in wrapped_app\n    await app(scope, receive, sender)\n  File "C:\\Users\\VIDYANKSHINI\\AppData\\Local\\Programs\\Python\\Python313\\Lib\\site-packages\\fastapi\\routing.py", line 120, in app\n    response = await f(request)\n  File "C:\\Users\\VIDYANKSHINI\\AppData\\Local\\Programs\\Python\\Python313\\Lib\\site-packages\\fastapi\\routing.py", line 674, in app\n    raw_response = await run_endpoint_function(\n  File "C:\\Users\\VIDYANKSHINI\\AppData\\Local\\Programs\\Python\\Python313\\Lib\\site-packages\\fastapi\\routing.py", line 328, in run_endpoint_function\n    return await dependant.call(**values)\n  File "C:\\Users\\VIDYANKSHINI\\Desktop\\project\\SecuScan\\backend\\secuscan\\routes.py", line 269, in start_task\n    plugin_manager = await get_plugin_manager_for_request()\n  File "C:\\Users\\VIDYANKSHINI\\Desktop\\project\\SecuScan\\backend\\secuscan\\routes.py", line 177, in get_plugin_manager_for_request\n    return await init_plugins(settings.plugins_dir)\n  File "C:\\Users\\VIDYANKSHINI\\Desktop\\project\\SecuScan\\backend\\secuscan\\plugins.py", line 382, in init_plugins\n    await plugin_manager.load_plugins()\n  File "C:\\Users\\VIDYANKSHINI\\Desktop\\project\\SecuScan\\backend\\secuscan\\plugins.py", line 59, in load_plugins\n    logger.info(f"\u2713 Loaded plugin: {plugin_meta.name} v{plugin_meta.version}")\nMessage: '\u2713 Loaded plugin: S3 / Blob Auditor v1.0.0'\nArguments: ()\n--- Logging error ---\nTraceback (most recent call last):\n  File "C:\\Users\\VIDYANKSHINI\\AppData\\Local\\Programs\\Python\\Python313\\Lib\\logging\\__init__.py", line 1153, in emit\n    stream.write(msg + self.terminator)\n    ~~~~~~~~~~~~^^^^^^^^^^^^^^^^^^^^^^^\n  File "C:\\Users\\VIDYANKSHINI\\AppData\\Local\\Programs\\Python\\Python313\\Lib\\encodings\\cp1252.py", line 19, in encode\n    return codecs.charmap_encode(input,self.errors,encoding_table)[0]\n           ~~~~~~~~~~~~~~~~~~~~~^^^^^^^^^^^^^^^^^^^^^^^^^^^^^^^^^^\nUnicodeEncodeError: 'charmap' codec can't encode character '\\u2713' in position 60: character maps to <undefined>\nCall stack:\n  File "C:\\Users\\VIDYANKSHINI\\AppData\\Local\\Programs\\Python\\Python313\\Lib\\threading.py", line 1012, in _bootstrap\n    self._bootstrap_inner()\n  File "C:\\Users\\VIDYANKSHINI\\AppData\\Local\\Programs\\Python\\Python313\\Lib\\threading.py", line 1041, in _bootstrap_inner\n    self.run()\n  File "C:\\Users\\VIDYANKSHINI\\AppData\\Local\\Programs\\Python\\Python313\\Lib\\threading.py", line 992, in run\n    self._target(*self._args, **self._kwargs)\n  File "C:\\Users\\VIDYANKSHINI\\AppData\\Local\\Programs\\Python\\Python313\\Lib\\site-packages\\anyio\\from_thread.py", line 532, in run_blocking_portal\n    run_eventloop(\n  File "C:\\Users\\VIDYANKSHINI\\AppData\\Local\\Programs\\Python\\Python313\\Lib\\site-packages\\anyio\\_core\\_eventloop.py", line 77, in run\n    return async_backend.run(func, args, {}, backend_options)\n  File "C:\\Users\\VIDYANKSHINI\\AppData\\Local\\Programs\\Python\\Python313\\Lib\\site-packages\\anyio\\_backends\\_asyncio.py", line 2358, in run\n    return runner.run(wrapper())\n  File "C:\\Users\\VIDYANKSHINI\\AppData\\Local\\Programs\\Python\\Python313\\Lib\\asyncio\\runners.py", line 118, in run\n    return self._loop.run_until_complete(task)\n  File "C:\\Users\\VIDYANKSHINI\\AppData\\Local\\Programs\\Python\\Python313\\Lib\\asyncio\\base_events.py", line 712, in run_until_complete\n    self.run_forever()\n  File "C:\\Users\\VIDYANKSHINI\\AppData\\Local\\Programs\\Python\\Python313\\Lib\\asyncio\\base_events.py", line 683, in run_forever\n    self._run_once()\n  File "C:\\Users\\VIDYANKSHINI\\AppData\\Local\\Programs\\Python\\Python313\\Lib\\asyncio\\base_events.py", line 2040, in _run_once\n    handle._run()\n  File "C:\\Users\\VIDYANKSHINI\\AppData\\Local\\Programs\\Python\\Python313\\Lib\\asyncio\\events.py", line 89, in _run\n    self._context.run(self._callback, *self._args)\n  File "C:\\Users\\VIDYANKSHINI\\AppData\\Local\\Programs\\Python\\Python313\\Lib\\site-packages\\anyio\\from_thread.py", line 259, in _call_func\n    retval = await retval_or_awaitable\n  File "C:\\Users\\VIDYANKSHINI\\AppData\\Local\\Programs\\Python\\Python313\\Lib\\site-packages\\fastapi\\applications.py", line 1159, in __call__\n    await super().__call__(scope, receive, send)\n  File "C:\\Users\\VIDYANKSHINI\\AppData\\Local\\Programs\\Python\\Python313\\Lib\\site-packages\\starlette\\applications.py", line 107, in __call__\n    await self.middleware_stack(scope, receive, send)\n  File "C:\\Users\\VIDYANKSHINI\\AppData\\Local\\Programs\\Python\\Python313\\Lib\\site-packages\\starlette\\middleware\\errors.py", line 164, in __call__\n    await self.app(scope, receive, _send)\n  File "C:\\Users\\VIDYANKSHINI\\AppData\\Local\\Programs\\Python\\Python313\\Lib\\site-packages\\starlette\\middleware\\cors.py", line 87, in __call__\n    await self.app(scope, receive, send)\n  File "C:\\Users\\VIDYANKSHINI\\AppData\\Local\\Programs\\Python\\Python313\\Lib\\site-packages\\starlette\\middleware\\exceptions.py", line 63, in __call__\n    await wrap_app_handling_exceptions(self.app, conn)(scope, receive, send)\n  File "C:\\Users\\VIDYANKSHINI\\AppData\\Local\\Programs\\Python\\Python313\\Lib\\site-packages\\starlette\\_exception_handler.py", line 42, in wrapped_app\n    await app(scope, receive, sender)\n  File "C:\\Users\\VIDYANKSHINI\\AppData\\Local\\Programs\\Python\\Python313\\Lib\\site-packages\\fastapi\\middleware\\asyncexitstack.py", line 18, in __call__\n    await self.app(scope, receive, send)\n  File "C:\\Users\\VIDYANKSHINI\\AppData\\Local\\Programs\\Python\\Python313\\Lib\\site-packages\\starlette\\routing.py", line 716, in __call__\n    await self.middleware_stack(scope, receive, send)\n  File "C:\\Users\\VIDYANKSHINI\\AppData\\Local\\Programs\\Python\\Python313\\Lib\\site-packages\\starlette\\routing.py", line 736, in app\n    await route.handle(scope, receive, send)\n  File "C:\\Users\\VIDYANKSHINI\\AppData\\Local\\Programs\\Python\\Python313\\Lib\\site-packages\\starlette\\routing.py", line 290, in handle\n    await self.app(scope, receive, send)\n  File "C:\\Users\\VIDYANKSHINI\\AppData\\Local\\Programs\\Python\\Python313\\Lib\\site-packages\\fastapi\\routing.py", line 134, in app\n    await wrap_app_handling_exceptions(app, request)(scope, receive, send)\n  File "C:\\Users\\VIDYANKSHINI\\AppData\\Local\\Programs\\Python\\Python313\\Lib\\site-packages\\starlette\\_exception_handler.py", line 42, in wrapped_app\n    await app(scope, receive, sender)\n  File "C:\\Users\\VIDYANKSHINI\\AppData\\Local\\Programs\\Python\\Python313\\Lib\\site-packages\\fastapi\\routing.py", line 120, in app\n    response = await f(request)\n  File "C:\\Users\\VIDYANKSHINI\\AppData\\Local\\Programs\\Python\\Python313\\Lib\\site-packages\\fastapi\\routing.py", line 674, in app\n    raw_response = await run_endpoint_function(\n  File "C:\\Users\\VIDYANKSHINI\\AppData\\Local\\Programs\\Python\\Python313\\Lib\\site-packages\\fastapi\\routing.py", line 328, in run_endpoint_function\n    return await dependant.call(**values)\n  File "C:\\Users\\VIDYANKSHINI\\Desktop\\project\\SecuScan\\backend\\secuscan\\routes.py", line 269, in start_task\n    plugin_manager = await get_plugin_manager_for_request()\n  File "C:\\Users\\VIDYANKSHINI\\Desktop\\project\\SecuScan\\backend\\secuscan\\routes.py", line 177, in get_plugin_manager_for_request\n    return await init_plugins(settings.plugins_dir)\n  File "C:\\Users\\VIDYANKSHINI\\Desktop\\project\\SecuScan\\backend\\secuscan\\plugins.py", line 382, in init_plugins\n    await plugin_manager.load_plugins()\n  File "C:\\Users\\VIDYANKSHINI\\Desktop\\project\\SecuScan\\backend\\secuscan\\plugins.py", line 59, in load_plugins\n    logger.info(f"\u2713 Loaded plugin: {plugin_meta.name} v{plugin_meta.version}")\nMessage: '\u2713 Loaded plugin: Code Analyzer (Bandit) v1.0.0'\nArguments: ()\n--- Logging error ---\nTraceback (most recent call last):\n  File "C:\\Users\\VIDYANKSHINI\\AppData\\Local\\Programs\\Python\\Python313\\Lib\\logging\\__init__.py", line 1153, in emit\n    stream.write(msg + self.terminator)\n    ~~~~~~~~~~~~^^^^^^^^^^^^^^^^^^^^^^^\n  File "C:\\Users\\VIDYANKSHINI\\AppData\\Local\\Programs\\Python\\Python313\\Lib\\encodings\\cp1252.py", line 19, in encode\n    return codecs.charmap_encode(input,self.errors,encoding_table)[0]\n           ~~~~~~~~~~~~~~~~~~~~~^^^^^^^^^^^^^^^^^^^^^^^^^^^^^^^^^^\nUnicodeEncodeError: 'charmap' codec can't encode character '\\u2713' in position 60: character maps to <undefined>\nCall stack:\n  File "C:\\Users\\VIDYANKSHINI\\AppData\\Local\\Programs\\Python\\Python313\\Lib\\threading.py", line 1012, in _bootstrap\n    self._bootstrap_inner()\n  File "C:\\Users\\VIDYANKSHINI\\AppData\\Local\\Programs\\Python\\Python313\\Lib\\threading.py", line 1041, in _bootstrap_inner\n    self.run()\n  File "C:\\Users\\VIDYANKSHINI\\AppData\\Local\\Programs\\Python\\Python313\\Lib\\threading.py", line 992, in run\n    self._target(*self._args, **self._kwargs)\n  File "C:\\Users\\VIDYANKSHINI\\AppData\\Local\\Programs\\Python\\Python313\\Lib\\site-packages\\anyio\\from_thread.py", line 532, in run_blocking_portal\n    run_eventloop(\n  File "C:\\Users\\VIDYANKSHINI\\AppData\\Local\\Programs\\Python\\Python313\\Lib\\site-packages\\anyio\\_core\\_eventloop.py", line 77, in run\n    return async_backend.run(func, args, {}, backend_options)\n  File "C:\\Users\\VIDYANKSHINI\\AppData\\Local\\Programs\\Python\\Python313\\Lib\\site-packages\\anyio\\_backends\\_asyncio.py", line 2358, in run\n    return runner.run(wrapper())\n  File "C:\\Users\\VIDYANKSHINI\\AppData\\Local\\Programs\\Python\\Python313\\Lib\\asyncio\\runners.py", line 118, in run\n    return self._loop.run_until_complete(task)\n  File "C:\\Users\\VIDYANKSHINI\\AppData\\Local\\Programs\\Python\\Python313\\Lib\\asyncio\\base_events.py", line 712, in run_until_complete\n    self.run_forever()\n  File "C:\\Users\\VIDYANKSHINI\\AppData\\Local\\Programs\\Python\\Python313\\Lib\\asyncio\\base_events.py", line 683, in run_forever\n    self._run_once()\n  File "C:\\Users\\VIDYANKSHINI\\AppData\\Local\\Programs\\Python\\Python313\\Lib\\asyncio\\base_events.py", line 2040, in _run_once\n    handle._run()\n  File "C:\\Users\\VIDYANKSHINI\\AppData\\Local\\Programs\\Python\\Python313\\Lib\\asyncio\\events.py", line 89, in _run\n    self._context.run(self._callback, *self._args)\n  File "C:\\Users\\VIDYANKSHINI\\AppData\\Local\\Programs\\Python\\Python313\\Lib\\site-packages\\anyio\\from_thread.py", line 259, in _call_func\n    retval = await retval_or_awaitable\n  File "C:\\Users\\VIDYANKSHINI\\AppData\\Local\\Programs\\Python\\Python313\\Lib\\site-packages\\fastapi\\applications.py", line 1159, in __call__\n    await super().__call__(scope, receive, send)\n  File "C:\\Users\\VIDYANKSHINI\\AppData\\Local\\Programs\\Python\\Python313\\Lib\\site-packages\\starlette\\applications.py", line 107, in __call__\n    await self.middleware_stack(scope, receive, send)\n  File "C:\\Users\\VIDYANKSHINI\\AppData\\Local\\Programs\\Python\\Python313\\Lib\\site-packages\\starlette\\middleware\\errors.py", line 164, in __call__\n    await self.app(scope, receive, _send)\n  File "C:\\Users\\VIDYANKSHINI\\AppData\\Local\\Programs\\Python\\Python313\\Lib\\site-packages\\starlette\\middleware\\cors.py", line 87, in __call__\n    await self.app(scope, receive, send)\n  File "C:\\Users\\VIDYANKSHINI\\AppData\\Local\\Programs\\Python\\Python313\\Lib\\site-packages\\starlette\\middleware\\exceptions.py", line 63, in __call__\n    await wrap_app_handling_exceptions(self.app, conn)(scope, receive, send)\n  File "C:\\Users\\VIDYANKSHINI\\AppData\\Local\\Programs\\Python\\Python313\\Lib\\site-packages\\starlette\\_exception_handler.py", line 42, in wrapped_app\n    await app(scope, receive, sender)\n  File "C:\\Users\\VIDYANKSHINI\\AppData\\Local\\Programs\\Python\\Python313\\Lib\\site-packages\\fastapi\\middleware\\asyncexitstack.py", line 18, in __call__\n    await self.app(scope, receive, send)\n  File "C:\\Users\\VIDYANKSHINI\\AppData\\Local\\Programs\\Python\\Python313\\Lib\\site-packages\\starlette\\routing.py", line 716, in __call__\n    await self.middleware_stack(scope, receive, send)\n  File "C:\\Users\\VIDYANKSHINI\\AppData\\Local\\Programs\\Python\\Python313\\Lib\\site-packages\\starlette\\routing.py", line 736, in app\n    await route.handle(scope, receive, send)\n  File "C:\\Users\\VIDYANKSHINI\\AppData\\Local\\Programs\\Python\\Python313\\Lib\\site-packages\\starlette\\routing.py", line 290, in handle\n    await self.app(scope, receive, send)\n  File "C:\\Users\\VIDYANKSHINI\\AppData\\Local\\Programs\\Python\\Python313\\Lib\\site-packages\\fastapi\\routing.py", line 134, in app\n    await wrap_app_handling_exceptions(app, request)(scope, receive, send)\n  File "C:\\Users\\VIDYANKSHINI\\AppData\\Local\\Programs\\Python\\Python313\\Lib\\site-packages\\starlette\\_exception_handler.py", line 42, in wrapped_app\n    await app(scope, receive, sender)\n  File "C:\\Users\\VIDYANKSHINI\\AppData\\Local\\Programs\\Python\\Python313\\Lib\\site-packages\\fastapi\\routing.py", line 120, in app\n    response = await f(request)\n  File "C:\\Users\\VIDYANKSHINI\\AppData\\Local\\Programs\\Python\\Python313\\Lib\\site-packages\\fastapi\\routing.py", line 674, in app\n    raw_response = await run_endpoint_function(\n  File "C:\\Users\\VIDYANKSHINI\\AppData\\Local\\Programs\\Python\\Python313\\Lib\\site-packages\\fastapi\\routing.py", line 328, in run_endpoint_function\n    return await dependant.call(**values)\n  File "C:\\Users\\VIDYANKSHINI\\Desktop\\project\\SecuScan\\backend\\secuscan\\routes.py", line 269, in start_task\n    plugin_manager = await get_plugin_manager_for_request()\n  File "C:\\Users\\VIDYANKSHINI\\Desktop\\project\\SecuScan\\backend\\secuscan\\routes.py", line 177, in get_plugin_manager_for_request\n    return await init_plugins(settings.plugins_dir)\n  File "C:\\Users\\VIDYANKSHINI\\Desktop\\project\\SecuScan\\backend\\secuscan\\plugins.py", line 382, in init_plugins\n    await plugin_manager.load_plugins()\n  File "C:\\Users\\VIDYANKSHINI\\Desktop\\project\\SecuScan\\backend\\secuscan\\plugins.py", line 59, in load_plugins\n    logger.info(f"\u2713 Loaded plugin: {plugin_meta.name} v{plugin_meta.version}")\nMessage: '\u2713 Loaded plugin: Container Scan (Trivy) v1.0.0'\nArguments: ()\n--- Logging error ---\nTraceback (most recent call last):\n  File "C:\\Users\\VIDYANKSHINI\\AppData\\Local\\Programs\\Python\\Python313\\Lib\\logging\\__init__.py", line 1153, in emit\n    stream.write(msg + self.terminator)\n    ~~~~~~~~~~~~^^^^^^^^^^^^^^^^^^^^^^^\n  File "C:\\Users\\VIDYANKSHINI\\AppData\\Local\\Programs\\Python\\Python313\\Lib\\encodings\\cp1252.py", line 19, in encode\n    return codecs.charmap_encode(input,self.errors,encoding_table)[0]\n           ~~~~~~~~~~~~~~~~~~~~~^^^^^^^^^^^^^^^^^^^^^^^^^^^^^^^^^^\nUnicodeEncodeError: 'charmap' codec can't encode character '\\u2713' in position 60: character maps to <undefined>\nCall stack:\n  File "C:\\Users\\VIDYANKSHINI\\AppData\\Local\\Programs\\Python\\Python313\\Lib\\threading.py", line 1012, in _bootstrap\n    self._bootstrap_inner()\n  File "C:\\Users\\VIDYANKSHINI\\AppData\\Local\\Programs\\Python\\Python313\\Lib\\threading.py", line 1041, in _bootstrap_inner\n    self.run()\n  File "C:\\Users\\VIDYANKSHINI\\AppData\\Local\\Programs\\Python\\Python313\\Lib\\threading.py", line 992, in run\n    self._target(*self._args, **self._kwargs)\n  File "C:\\Users\\VIDYANKSHINI\\AppData\\Local\\Programs\\Python\\Python313\\Lib\\site-packages\\anyio\\from_thread.py", line 532, in run_blocking_portal\n    run_eventloop(\n  File "C:\\Users\\VIDYANKSHINI\\AppData\\Local\\Programs\\Python\\Python313\\Lib\\site-packages\\anyio\\_core\\_eventloop.py", line 77, in run\n    return async_backend.run(func, args, {}, backend_options)\n  File "C:\\Users\\VIDYANKSHINI\\AppData\\Local\\Programs\\Python\\Python313\\Lib\\site-packages\\anyio\\_backends\\_asyncio.py", line 2358, in run\n    return runner.run(wrapper())\n  File "C:\\Users\\VIDYANKSHINI\\AppData\\Local\\Programs\\Python\\Python313\\Lib\\asyncio\\runners.py", line 118, in run\n    return self._loop.run_until_complete(task)\n  File "C:\\Users\\VIDYANKSHINI\\AppData\\Local\\Programs\\Python\\Python313\\Lib\\asyncio\\base_events.py", line 712, in run_until_complete\n    self.run_forever()\n  File "C:\\Users\\VIDYANKSHINI\\AppData\\Local\\Programs\\Python\\Python313\\Lib\\asyncio\\base_events.py", line 683, in run_forever\n    self._run_once()\n  File "C:\\Users\\VIDYANKSHINI\\AppData\\Local\\Programs\\Python\\Python313\\Lib\\asyncio\\base_events.py", line 2040, in _run_once\n    handle._run()\n  File "C:\\Users\\VIDYANKSHINI\\AppData\\Local\\Programs\\Python\\Python313\\Lib\\asyncio\\events.py", line 89, in _run\n    self._context.run(self._callback, *self._args)\n  File "C:\\Users\\VIDYANKSHINI\\AppData\\Local\\Programs\\Python\\Python313\\Lib\\site-packages\\anyio\\from_thread.py", line 259, in _call_func\n    retval = await retval_or_awaitable\n  File "C:\\Users\\VIDYANKSHINI\\AppData\\Local\\Programs\\Python\\Python313\\Lib\\site-packages\\fastapi\\applications.py", line 1159, in __call__\n    await super().__call__(scope, receive, send)\n  File "C:\\Users\\VIDYANKSHINI\\AppData\\Local\\Programs\\Python\\Python313\\Lib\\site-packages\\starlette\\applications.py", line 107, in __call__\n    await self.middleware_stack(scope, receive, send)\n  File "C:\\Users\\VIDYANKSHINI\\AppData\\Local\\Programs\\Python\\Python313\\Lib\\site-packages\\starlette\\middleware\\errors.py", line 164, in __call__\n    await self.app(scope, receive, _send)\n  File "C:\\Users\\VIDYANKSHINI\\AppData\\Local\\Programs\\Python\\Python313\\Lib\\site-packages\\starlette\\middleware\\cors.py", line 87, in __call__\n    await self.app(scope, receive, send)\n  File "C:\\Users\\VIDYANKSHINI\\AppData\\Local\\Programs\\Python\\Python313\\Lib\\site-packages\\starlette\\middleware\\exceptions.py", line 63, in __call__\n    await wrap_app_handling_exceptions(self.app, conn)(scope, receive, send)\n  File "C:\\Users\\VIDYANKSHINI\\AppData\\Local\\Programs\\Python\\Python313\\Lib\\site-packages\\starlette\\_exception_handler.py", line 42, in wrapped_app\n    await app(scope, receive, sender)\n  File "C:\\Users\\VIDYANKSHINI\\AppData\\Local\\Programs\\Python\\Python313\\Lib\\site-packages\\fastapi\\middleware\\asyncexitstack.py", line 18, in __call__\n    await self.app(scope, receive, send)\n  File "C:\\Users\\VIDYANKSHINI\\AppData\\Local\\Programs\\Python\\Python313\\Lib\\site-packages\\starlette\\routing.py", line 716, in __call__\n    await self.middleware_stack(scope, receive, send)\n  File "C:\\Users\\VIDYANKSHINI\\AppData\\Local\\Programs\\Python\\Python313\\Lib\\site-packages\\starlette\\routing.py", line 736, in app\n    await route.handle(scope, receive, send)\n  File "C:\\Users\\VIDYANKSHINI\\AppData\\Local\\Programs\\Python\\Python313\\Lib\\site-packages\\starlette\\routing.py", line 290, in handle\n    await self.app(scope, receive, send)\n  File "C:\\Users\\VIDYANKSHINI\\AppData\\Local\\Programs\\Python\\Python313\\Lib\\site-packages\\fastapi\\routing.py", line 134, in app\n    await wrap_app_handling_exceptions(app, request)(scope, receive, send)\n  File "C:\\Users\\VIDYANKSHINI\\AppData\\Local\\Programs\\Python\\Python313\\Lib\\site-packages\\starlette\\_exception_handler.py", line 42, in wrapped_app\n    await app(scope, receive, sender)\n  File "C:\\Users\\VIDYANKSHINI\\AppData\\Local\\Programs\\Python\\Python313\\Lib\\site-packages\\fastapi\\routing.py", line 120, in app\n    response = await f(request)\n  File "C:\\Users\\VIDYANKSHINI\\AppData\\Local\\Programs\\Python\\Python313\\Lib\\site-packages\\fastapi\\routing.py", line 674, in app\n    raw_response = await run_endpoint_function(\n  File "C:\\Users\\VIDYANKSHINI\\AppData\\Local\\Programs\\Python\\Python313\\Lib\\site-packages\\fastapi\\routing.py", line 328, in run_endpoint_function\n    return await dependant.call(**values)\n  File "C:\\Users\\VIDYANKSHINI\\Desktop\\project\\SecuScan\\backend\\secuscan\\routes.py", line 269, in start_task\n    plugin_manager = await get_plugin_manager_for_request()\n  File "C:\\Users\\VIDYANKSHINI\\Desktop\\project\\SecuScan\\backend\\secuscan\\routes.py", line 177, in get_plugin_manager_for_request\n    return await init_plugins(settings.plugins_dir)\n  File "C:\\Users\\VIDYANKSHINI\\Desktop\\project\\SecuScan\\backend\\secuscan\\plugins.py", line 382, in init_plugins\n    await plugin_manager.load_plugins()\n  File "C:\\Users\\VIDYANKSHINI\\Desktop\\project\\SecuScan\\backend\\secuscan\\plugins.py", line 59, in load_plugins\n    logger.info(f"\u2713 Loaded plugin: {plugin_meta.name} v{plugin_meta.version}")\nMessage: '\u2713 Loaded plugin: Crawler v1.0.0'\nArguments: ()\n--- Logging error ---\nTraceback (most recent call last):\n  File "C:\\Users\\VIDYANKSHINI\\AppData\\Local\\Programs\\Python\\Python313\\Lib\\logging\\__init__.py", line 1153, in emit\n    stream.write(msg + self.terminator)\n    ~~~~~~~~~~~~^^^^^^^^^^^^^^^^^^^^^^^\n  File "C:\\Users\\VIDYANKSHINI\\AppData\\Local\\Programs\\Python\\Python313\\Lib\\encodings\\cp1252.py", line 19, in encode\n    return codecs.charmap_encode(input,self.errors,encoding_table)[0]\n           ~~~~~~~~~~~~~~~~~~~~~^^^^^^^^^^^^^^^^^^^^^^^^^^^^^^^^^^\nUnicodeEncodeError: 'charmap' codec can't encode character '\\u2713' in position 60: character maps to <undefined>\nCall stack:\n  File "C:\\Users\\VIDYANKSHINI\\AppData\\Local\\Programs\\Python\\Python313\\Lib\\threading.py", line 1012, in _bootstrap\n    self._bootstrap_inner()\n  File "C:\\Users\\VIDYANKSHINI\\AppData\\Local\\Programs\\Python\\Python313\\Lib\\threading.py", line 1041, in _bootstrap_inner\n    self.run()\n  File "C:\\Users\\VIDYANKSHINI\\AppData\\Local\\Programs\\Python\\Python313\\Lib\\threading.py", line 992, in run\n    self._target(*self._args, **self._kwargs)\n  File "C:\\Users\\VIDYANKSHINI\\AppData\\Local\\Programs\\Python\\Python313\\Lib\\site-packages\\anyio\\from_thread.py", line 532, in run_blocking_portal\n    run_eventloop(\n  File "C:\\Users\\VIDYANKSHINI\\AppData\\Local\\Programs\\Python\\Python313\\Lib\\site-packages\\anyio\\_core\\_eventloop.py", line 77, in run\n    return async_backend.run(func, args, {}, backend_options)\n  File "C:\\Users\\VIDYANKSHINI\\AppData\\Local\\Programs\\Python\\Python313\\Lib\\site-packages\\anyio\\_backends\\_asyncio.py", line 2358, in run\n    return runner.run(wrapper())\n  File "C:\\Users\\VIDYANKSHINI\\AppData\\Local\\Programs\\Python\\Python313\\Lib\\asyncio\\runners.py", line 118, in run\n    return self._loop.run_until_complete(task)\n  File "C:\\Users\\VIDYANKSHINI\\AppData\\Local\\Programs\\Python\\Python313\\Lib\\asyncio\\base_events.py", line 712, in run_until_complete\n    self.run_forever()\n  File "C:\\Users\\VIDYANKSHINI\\AppData\\Local\\Programs\\Python\\Python313\\Lib\\asyncio\\base_events.py", line 683, in run_forever\n    self._run_once()\n  File "C:\\Users\\VIDYANKSHINI\\AppData\\Local\\Programs\\Python\\Python313\\Lib\\asyncio\\base_events.py", line 2040, in _run_once\n    handle._run()\n  File "C:\\Users\\VIDYANKSHINI\\AppData\\Local\\Programs\\Python\\Python313\\Lib\\asyncio\\events.py", line 89, in _run\n    self._context.run(self._callback, *self._args)\n  File "C:\\Users\\VIDYANKSHINI\\AppData\\Local\\Programs\\Python\\Python313\\Lib\\site-packages\\anyio\\from_thread.py", line 259, in _call_func\n    retval = await retval_or_awaitable\n  File "C:\\Users\\VIDYANKSHINI\\AppData\\Local\\Programs\\Python\\Python313\\Lib\\site-packages\\fastapi\\applications.py", line 1159, in __call__\n    await super().__call__(scope, receive, send)\n  File "C:\\Users\\VIDYANKSHINI\\AppData\\Local\\Programs\\Python\\Python313\\Lib\\site-packages\\starlette\\applications.py", line 107, in __call__\n    await self.middleware_stack(scope, receive, send)\n  File "C:\\Users\\VIDYANKSHINI\\AppData\\Local\\Programs\\Python\\Python313\\Lib\\site-packages\\starlette\\middleware\\errors.py", line 164, in __call__\n    await self.app(scope, receive, _send)\n  File "C:\\Users\\VIDYANKSHINI\\AppData\\Local\\Programs\\Python\\Python313\\Lib\\site-packages\\starlette\\middleware\\cors.py", line 87, in __call__\n    await self.app(scope, receive, send)\n  File "C:\\Users\\VIDYANKSHINI\\AppData\\Local\\Programs\\Python\\Python313\\Lib\\site-packages\\starlette\\middleware\\exceptions.py", line 63, in __call__\n    await wrap_app_handling_exceptions(self.app, conn)(scope, receive, send)\n  File "C:\\Users\\VIDYANKSHINI\\AppData\\Local\\Programs\\Python\\Python313\\Lib\\site-packages\\starlette\\_exception_handler.py", line 42, in wrapped_app\n    await app(scope, receive, sender)\n  File "C:\\Users\\VIDYANKSHINI\\AppData\\Local\\Programs\\Python\\Python313\\Lib\\site-packages\\fastapi\\middleware\\asyncexitstack.py", line 18, in __call__\n    await self.app(scope, receive, send)\n  File "C:\\Users\\VIDYANKSHINI\\AppData\\Local\\Programs\\Python\\Python313\\Lib\\site-packages\\starlette\\routing.py", line 716, in __call__\n    await self.middleware_stack(scope, receive, send)\n  File "C:\\Users\\VIDYANKSHINI\\AppData\\Local\\Programs\\Python\\Python313\\Lib\\site-packages\\starlette\\routing.py", line 736, in app\n    await route.handle(scope, receive, send)\n  File "C:\\Users\\VIDYANKSHINI\\AppData\\Local\\Programs\\Python\\Python313\\Lib\\site-packages\\starlette\\routing.py", line 290, in handle\n    await self.app(scope, receive, send)\n  File "C:\\Users\\VIDYANKSHINI\\AppData\\Local\\Programs\\Python\\Python313\\Lib\\site-packages\\fastapi\\routing.py", line 134, in app\n    await wrap_app_handling_exceptions(app, request)(scope, receive, send)\n  File "C:\\Users\\VIDYANKSHINI\\AppData\\Local\\Programs\\Python\\Python313\\Lib\\site-packages\\starlette\\_exception_handler.py", line 42, in wrapped_app\n    await app(scope, receive, sender)\n  File "C:\\Users\\VIDYANKSHINI\\AppData\\Local\\Programs\\Python\\Python313\\Lib\\site-packages\\fastapi\\routing.py", line 120, in app\n    response = await f(request)\n  File "C:\\Users\\VIDYANKSHINI\\AppData\\Local\\Programs\\Python\\Python313\\Lib\\site-packages\\fastapi\\routing.py", line 674, in app\n    raw_response = await run_endpoint_function(\n  File "C:\\Users\\VIDYANKSHINI\\AppData\\Local\\Programs\\Python\\Python313\\Lib\\site-packages\\fastapi\\routing.py", line 328, in run_endpoint_function\n    return await dependant.call(**values)\n  File "C:\\Users\\VIDYANKSHINI\\Desktop\\project\\SecuScan\\backend\\secuscan\\routes.py", line 269, in start_task\n    plugin_manager = await get_plugin_manager_for_request()\n  File "C:\\Users\\VIDYANKSHINI\\Desktop\\project\\SecuScan\\backend\\secuscan\\routes.py", line 177, in get_plugin_manager_for_request\n    return await init_plugins(settings.plugins_dir)\n  File "C:\\Users\\VIDYANKSHINI\\Desktop\\project\\SecuScan\\backend\\secuscan\\plugins.py", line 382, in init_plugins\n    await plugin_manager.load_plugins()\n  File "C:\\Users\\VIDYANKSHINI\\Desktop\\project\\SecuScan\\backend\\secuscan\\plugins.py", line 59, in load_plugins\n    logger.info(f"\u2713 Loaded plugin: {plugin_meta.name} v{plugin_meta.version}")\nMessage: '\u2713 Loaded plugin: Directory Discovery v1.0.0'\nArguments: ()\n--- Logging error ---\nTraceback (most recent call last):\n  File "C:\\Users\\VIDYANKSHINI\\AppData\\Local\\Programs\\Python\\Python313\\Lib\\logging\\__init__.py", line 1153, in emit\n    stream.write(msg + self.terminator)\n    ~~~~~~~~~~~~^^^^^^^^^^^^^^^^^^^^^^^\n  File "C:\\Users\\VIDYANKSHINI\\AppData\\Local\\Programs\\Python\\Python313\\Lib\\encodings\\cp1252.py", line 19, in encode\n    return codecs.charmap_encode(input,self.errors,encoding_table)[0]\n           ~~~~~~~~~~~~~~~~~~~~~^^^^^^^^^^^^^^^^^^^^^^^^^^^^^^^^^^\nUnicodeEncodeError: 'charmap' codec can't encode character '\\u2713' in position 60: character maps to <undefined>\nCall stack:\n  File "C:\\Users\\VIDYANKSHINI\\AppData\\Local\\Programs\\Python\\Python313\\Lib\\threading.py", line 1012, in _bootstrap\n    self._bootstrap_inner()\n  File "C:\\Users\\VIDYANKSHINI\\AppData\\Local\\Programs\\Python\\Python313\\Lib\\threading.py", line 1041, in _bootstrap_inner\n    self.run()\n  File "C:\\Users\\VIDYANKSHINI\\AppData\\Local\\Programs\\Python\\Python313\\Lib\\threading.py", line 992, in run\n    self._target(*self._args, **self._kwargs)\n  File "C:\\Users\\VIDYANKSHINI\\AppData\\Local\\Programs\\Python\\Python313\\Lib\\site-packages\\anyio\\from_thread.py", line 532, in run_blocking_portal\n    run_eventloop(\n  File "C:\\Users\\VIDYANKSHINI\\AppData\\Local\\Programs\\Python\\Python313\\Lib\\site-packages\\anyio\\_core\\_eventloop.py", line 77, in run\n    return async_backend.run(func, args, {}, backend_options)\n  File "C:\\Users\\VIDYANKSHINI\\AppData\\Local\\Programs\\Python\\Python313\\Lib\\site-packages\\anyio\\_backends\\_asyncio.py", line 2358, in run\n    return runner.run(wrapper())\n  File "C:\\Users\\VIDYANKSHINI\\AppData\\Local\\Programs\\Python\\Python313\\Lib\\asyncio\\runners.py", line 118, in run\n    return self._loop.run_until_complete(task)\n  File "C:\\Users\\VIDYANKSHINI\\AppData\\Local\\Programs\\Python\\Python313\\Lib\\asyncio\\base_events.py", line 712, in run_until_complete\n    self.run_forever()\n  File "C:\\Users\\VIDYANKSHINI\\AppData\\Local\\Programs\\Python\\Python313\\Lib\\asyncio\\base_events.py", line 683, in run_forever\n    self._run_once()\n  File "C:\\Users\\VIDYANKSHINI\\AppData\\Local\\Programs\\Python\\Python313\\Lib\\asyncio\\base_events.py", line 2040, in _run_once\n    handle._run()\n  File "C:\\Users\\VIDYANKSHINI\\AppData\\Local\\Programs\\Python\\Python313\\Lib\\asyncio\\events.py", line 89, in _run\n    self._context.run(self._callback, *self._args)\n  File "C:\\Users\\VIDYANKSHINI\\AppData\\Local\\Programs\\Python\\Python313\\Lib\\site-packages\\anyio\\from_thread.py", line 259, in _call_func\n    retval = await retval_or_awaitable\n  File "C:\\Users\\VIDYANKSHINI\\AppData\\Local\\Programs\\Python\\Python313\\Lib\\site-packages\\fastapi\\applications.py", line 1159, in __call__\n    await super().__call__(scope, receive, send)\n  File "C:\\Users\\VIDYANKSHINI\\AppData\\Local\\Programs\\Python\\Python313\\Lib\\site-packages\\starlette\\applications.py", line 107, in __call__\n    await self.middleware_stack(scope, receive, send)\n  File "C:\\Users\\VIDYANKSHINI\\AppData\\Local\\Programs\\Python\\Python313\\Lib\\site-packages\\starlette\\middleware\\errors.py", line 164, in __call__\n    await self.app(scope, receive, _send)\n  File "C:\\Users\\VIDYANKSHINI\\AppData\\Local\\Programs\\Python\\Python313\\Lib\\site-packages\\starlette\\middleware\\cors.py", line 87, in __call__\n    await self.app(scope, receive, send)\n  File "C:\\Users\\VIDYANKSHINI\\AppData\\Local\\Programs\\Python\\Python313\\Lib\\site-packages\\starlette\\middleware\\exceptions.py", line 63, in __call__\n    await wrap_app_handling_exceptions(self.app, conn)(scope, receive, send)\n  File "C:\\Users\\VIDYANKSHINI\\AppData\\Local\\Programs\\Python\\Python313\\Lib\\site-packages\\starlette\\_exception_handler.py", line 42, in wrapped_app\n    await app(scope, receive, sender)\n  File "C:\\Users\\VIDYANKSHINI\\AppData\\Local\\Programs\\Python\\Python313\\Lib\\site-packages\\fastapi\\middleware\\asyncexitstack.py", line 18, in __call__\n    await self.app(scope, receive, send)\n  File "C:\\Users\\VIDYANKSHINI\\AppData\\Local\\Programs\\Python\\Python313\\Lib\\site-packages\\starlette\\routing.py", line 716, in __call__\n    await self.middleware_stack(scope, receive, send)\n  File "C:\\Users\\VIDYANKSHINI\\AppData\\Local\\Programs\\Python\\Python313\\Lib\\site-packages\\starlette\\routing.py", line 736, in app\n    await route.handle(scope, receive, send)\n  File "C:\\Users\\VIDYANKSHINI\\AppData\\Local\\Programs\\Python\\Python313\\Lib\\site-packages\\starlette\\routing.py", line 290, in handle\n    await self.app(scope, receive, send)\n  File "C:\\Users\\VIDYANKSHINI\\AppData\\Local\\Programs\\Python\\Python313\\Lib\\site-packages\\fastapi\\routing.py", line 134, in app\n    await wrap_app_handling_exceptions(app, request)(scope, receive, send)\n  File "C:\\Users\\VIDYANKSHINI\\AppData\\Local\\Programs\\Python\\Python313\\Lib\\site-packages\\starlette\\_exception_handler.py", line 42, in wrapped_app\n    await app(scope, receive, sender)\n  File "C:\\Users\\VIDYANKSHINI\\AppData\\Local\\Programs\\Python\\Python313\\Lib\\site-packages\\fastapi\\routing.py", line 120, in app\n    response = await f(request)\n  File "C:\\Users\\VIDYANKSHINI\\AppData\\Local\\Programs\\Python\\Python313\\Lib\\site-packages\\fastapi\\routing.py", line 674, in app\n    raw_response = await run_endpoint_function(\n  File "C:\\Users\\VIDYANKSHINI\\AppData\\Local\\Programs\\Python\\Python313\\Lib\\site-packages\\fastapi\\routing.py", line 328, in run_endpoint_function\n    return await dependant.call(**values)\n  File "C:\\Users\\VIDYANKSHINI\\Desktop\\project\\SecuScan\\backend\\secuscan\\routes.py", line 269, in start_task\n    plugin_manager = await get_plugin_manager_for_request()\n  File "C:\\Users\\VIDYANKSHINI\\Desktop\\project\\SecuScan\\backend\\secuscan\\routes.py", line 177, in get_plugin_manager_for_request\n    return await init_plugins(settings.plugins_dir)\n  File "C:\\Users\\VIDYANKSHINI\\Desktop\\project\\SecuScan\\backend\\secuscan\\plugins.py", line 382, in init_plugins\n    await plugin_manager.load_plugins()\n  File "C:\\Users\\VIDYANKSHINI\\Desktop\\project\\SecuScan\\backend\\secuscan\\plugins.py", line 59, in load_plugins\n    logger.info(f"\u2713 Loaded plugin: {plugin_meta.name} v{plugin_meta.version}")\nMessage: '\u2713 Loaded plugin: dnsx v1.0.0'\nArguments: ()\n--- Logging error ---\nTraceback (most recent call last):\n  File "C:\\Users\\VIDYANKSHINI\\AppData\\Local\\Programs\\Python\\Python313\\Lib\\logging\\__init__.py", line 1153, in emit\n    stream.write(msg + self.terminator)\n    ~~~~~~~~~~~~^^^^^^^^^^^^^^^^^^^^^^^\n  File "C:\\Users\\VIDYANKSHINI\\AppData\\Local\\Programs\\Python\\Python313\\Lib\\encodings\\cp1252.py", line 19, in encode\n    return codecs.charmap_encode(input,self.errors,encoding_table)[0]\n           ~~~~~~~~~~~~~~~~~~~~~^^^^^^^^^^^^^^^^^^^^^^^^^^^^^^^^^^\nUnicodeEncodeError: 'charmap' codec can't encode character '\\u2713' in position 60: character maps to <undefined>\nCall stack:\n  File "C:\\Users\\VIDYANKSHINI\\AppData\\Local\\Programs\\Python\\Python313\\Lib\\threading.py", line 1012, in _bootstrap\n    self._bootstrap_inner()\n  File "C:\\Users\\VIDYANKSHINI\\AppData\\Local\\Programs\\Python\\Python313\\Lib\\threading.py", line 1041, in _bootstrap_inner\n    self.run()\n  File "C:\\Users\\VIDYANKSHINI\\AppData\\Local\\Programs\\Python\\Python313\\Lib\\threading.py", line 992, in run\n    self._target(*self._args, **self._kwargs)\n  File "C:\\Users\\VIDYANKSHINI\\AppData\\Local\\Programs\\Python\\Python313\\Lib\\site-packages\\anyio\\from_thread.py", line 532, in run_blocking_portal\n    run_eventloop(\n  File "C:\\Users\\VIDYANKSHINI\\AppData\\Local\\Programs\\Python\\Python313\\Lib\\site-packages\\anyio\\_core\\_eventloop.py", line 77, in run\n    return async_backend.run(func, args, {}, backend_options)\n  File "C:\\Users\\VIDYANKSHINI\\AppData\\Local\\Programs\\Python\\Python313\\Lib\\site-packages\\anyio\\_backends\\_asyncio.py", line 2358, in run\n    return runner.run(wrapper())\n  File "C:\\Users\\VIDYANKSHINI\\AppData\\Local\\Programs\\Python\\Python313\\Lib\\asyncio\\runners.py", line 118, in run\n    return self._loop.run_until_complete(task)\n  File "C:\\Users\\VIDYANKSHINI\\AppData\\Local\\Programs\\Python\\Python313\\Lib\\asyncio\\base_events.py", line 712, in run_until_complete\n    self.run_forever()\n  File "C:\\Users\\VIDYANKSHINI\\AppData\\Local\\Programs\\Python\\Python313\\Lib\\asyncio\\base_events.py", line 683, in run_forever\n    self._run_once()\n  File "C:\\Users\\VIDYANKSHINI\\AppData\\Local\\Programs\\Python\\Python313\\Lib\\asyncio\\base_events.py", line 2040, in _run_once\n    handle._run()\n  File "C:\\Users\\VIDYANKSHINI\\AppData\\Local\\Programs\\Python\\Python313\\Lib\\asyncio\\events.py", line 89, in _run\n    self._context.run(self._callback, *self._args)\n  File "C:\\Users\\VIDYANKSHINI\\AppData\\Local\\Programs\\Python\\Python313\\Lib\\site-packages\\anyio\\from_thread.py", line 259, in _call_func\n    retval = await retval_or_awaitable\n  File "C:\\Users\\VIDYANKSHINI\\AppData\\Local\\Programs\\Python\\Python313\\Lib\\site-packages\\fastapi\\applications.py", line 1159, in __call__\n    await super().__call__(scope, receive, send)\n  File "C:\\Users\\VIDYANKSHINI\\AppData\\Local\\Programs\\Python\\Python313\\Lib\\site-packages\\starlette\\applications.py", line 107, in __call__\n    await self.middleware_stack(scope, receive, send)\n  File "C:\\Users\\VIDYANKSHINI\\AppData\\Local\\Programs\\Python\\Python313\\Lib\\site-packages\\starlette\\middleware\\errors.py", line 164, in __call__\n    await self.app(scope, receive, _send)\n  File "C:\\Users\\VIDYANKSHINI\\AppData\\Local\\Programs\\Python\\Python313\\Lib\\site-packages\\starlette\\middleware\\cors.py", line 87, in __call__\n    await self.app(scope, receive, send)\n  File "C:\\Users\\VIDYANKSHINI\\AppData\\Local\\Programs\\Python\\Python313\\Lib\\site-packages\\starlette\\middleware\\exceptions.py", line 63, in __call__\n    await wrap_app_handling_exceptions(self.app, conn)(scope, receive, send)\n  File "C:\\Users\\VIDYANKSHINI\\AppData\\Local\\Programs\\Python\\Python313\\Lib\\site-packages\\starlette\\_exception_handler.py", line 42, in wrapped_app\n    await app(scope, receive, sender)\n  File "C:\\Users\\VIDYANKSHINI\\AppData\\Local\\Programs\\Python\\Python313\\Lib\\site-packages\\fastapi\\middleware\\asyncexitstack.py", line 18, in __call__\n    await self.app(scope, receive, send)\n  File "C:\\Users\\VIDYANKSHINI\\AppData\\Local\\Programs\\Python\\Python313\\Lib\\site-packages\\starlette\\routing.py", line 716, in __call__\n    await self.middleware_stack(scope, receive, send)\n  File "C:\\Users\\VIDYANKSHINI\\AppData\\Local\\Programs\\Python\\Python313\\Lib\\site-packages\\starlette\\routing.py", line 736, in app\n    await route.handle(scope, receive, send)\n  File "C:\\Users\\VIDYANKSHINI\\AppData\\Local\\Programs\\Python\\Python313\\Lib\\site-packages\\starlette\\routing.py", line 290, in handle\n    await self.app(scope, receive, send)\n  File "C:\\Users\\VIDYANKSHINI\\AppData\\Local\\Programs\\Python\\Python313\\Lib\\site-packages\\fastapi\\routing.py", line 134, in app\n    await wrap_app_handling_exceptions(app, request)(scope, receive, send)\n  File "C:\\Users\\VIDYANKSHINI\\AppData\\Local\\Programs\\Python\\Python313\\Lib\\site-packages\\starlette\\_exception_handler.py", line 42, in wrapped_app\n    await app(scope, receive, sender)\n  File "C:\\Users\\VIDYANKSHINI\\AppData\\Local\\Programs\\Python\\Python313\\Lib\\site-packages\\fastapi\\routing.py", line 120, in app\n    response = await f(request)\n  File "C:\\Users\\VIDYANKSHINI\\AppData\\Local\\Programs\\Python\\Python313\\Lib\\site-packages\\fastapi\\routing.py", line 674, in app\n    raw_response = await run_endpoint_function(\n  File "C:\\Users\\VIDYANKSHINI\\AppData\\Local\\Programs\\Python\\Python313\\Lib\\site-packages\\fastapi\\routing.py", line 328, in run_endpoint_function\n    return await dependant.call(**values)\n  File "C:\\Users\\VIDYANKSHINI\\Desktop\\project\\SecuScan\\backend\\secuscan\\routes.py", line 269, in start_task\n    plugin_manager = await get_plugin_manager_for_request()\n  File "C:\\Users\\VIDYANKSHINI\\Desktop\\project\\SecuScan\\backend\\secuscan\\routes.py", line 177, in get_plugin_manager_for_request\n    return await init_plugins(settings.plugins_dir)\n  File "C:\\Users\\VIDYANKSHINI\\Desktop\\project\\SecuScan\\backend\\secuscan\\plugins.py", line 382, in init_plugins\n    await plugin_manager.load_plugins()\n  File "C:\\Users\\VIDYANKSHINI\\Desktop\\project\\SecuScan\\backend\\secuscan\\plugins.py", line 59, in load_plugins\n    logger.info(f"\u2713 Loaded plugin: {plugin_meta.name} v{plugin_meta.version}")\nMessage: '\u2713 Loaded plugin: DNS Reconnaissance v1.0.0'\nArguments: ()\n--- Logging error ---\nTraceback (most recent call last):\n  File "C:\\Users\\VIDYANKSHINI\\AppData\\Local\\Programs\\Python\\Python313\\Lib\\logging\\__init__.py", line 1153, in emit\n    stream.write(msg + self.terminator)\n    ~~~~~~~~~~~~^^^^^^^^^^^^^^^^^^^^^^^\n  File "C:\\Users\\VIDYANKSHINI\\AppData\\Local\\Programs\\Python\\Python313\\Lib\\encodings\\cp1252.py", line 19, in encode\n    return codecs.charmap_encode(input,self.errors,encoding_table)[0]\n           ~~~~~~~~~~~~~~~~~~~~~^^^^^^^^^^^^^^^^^^^^^^^^^^^^^^^^^^\nUnicodeEncodeError: 'charmap' codec can't encode character '\\u2713' in position 60: character maps to <undefined>\nCall stack:\n  File "C:\\Users\\VIDYANKSHINI\\AppData\\Local\\Programs\\Python\\Python313\\Lib\\threading.py", line 1012, in _bootstrap\n    self._bootstrap_inner()\n  File "C:\\Users\\VIDYANKSHINI\\AppData\\Local\\Programs\\Python\\Python313\\Lib\\threading.py", line 1041, in _bootstrap_inner\n    self.run()\n  File "C:\\Users\\VIDYANKSHINI\\AppData\\Local\\Programs\\Python\\Python313\\Lib\\threading.py", line 992, in run\n    self._target(*self._args, **self._kwargs)\n  File "C:\\Users\\VIDYANKSHINI\\AppData\\Local\\Programs\\Python\\Python313\\Lib\\site-packages\\anyio\\from_thread.py", line 532, in run_blocking_portal\n    run_eventloop(\n  File "C:\\Users\\VIDYANKSHINI\\AppData\\Local\\Programs\\Python\\Python313\\Lib\\site-packages\\anyio\\_core\\_eventloop.py", line 77, in run\n    return async_backend.run(func, args, {}, backend_options)\n  File "C:\\Users\\VIDYANKSHINI\\AppData\\Local\\Programs\\Python\\Python313\\Lib\\site-packages\\anyio\\_backends\\_asyncio.py", line 2358, in run\n    return runner.run(wrapper())\n  File "C:\\Users\\VIDYANKSHINI\\AppData\\Local\\Programs\\Python\\Python313\\Lib\\asyncio\\runners.py", line 118, in run\n    return self._loop.run_until_complete(task)\n  File "C:\\Users\\VIDYANKSHINI\\AppData\\Local\\Programs\\Python\\Python313\\Lib\\asyncio\\base_events.py", line 712, in run_until_complete\n    self.run_forever()\n  File "C:\\Users\\VIDYANKSHINI\\AppData\\Local\\Programs\\Python\\Python313\\Lib\\asyncio\\base_events.py", line 683, in run_forever\n    self._run_once()\n  File "C:\\Users\\VIDYANKSHINI\\AppData\\Local\\Programs\\Python\\Python313\\Lib\\asyncio\\base_events.py", line 2040, in _run_once\n    handle._run()\n  File "C:\\Users\\VIDYANKSHINI\\AppData\\Local\\Programs\\Python\\Python313\\Lib\\asyncio\\events.py", line 89, in _run\n    self._context.run(self._callback, *self._args)\n  File "C:\\Users\\VIDYANKSHINI\\AppData\\Local\\Programs\\Python\\Python313\\Lib\\site-packages\\anyio\\from_thread.py", line 259, in _call_func\n    retval = await retval_or_awaitable\n  File "C:\\Users\\VIDYANKSHINI\\AppData\\Local\\Programs\\Python\\Python313\\Lib\\site-packages\\fastapi\\applications.py", line 1159, in __call__\n    await super().__call__(scope, receive, send)\n  File "C:\\Users\\VIDYANKSHINI\\AppData\\Local\\Programs\\Python\\Python313\\Lib\\site-packages\\starlette\\applications.py", line 107, in __call__\n    await self.middleware_stack(scope, receive, send)\n  File "C:\\Users\\VIDYANKSHINI\\AppData\\Local\\Programs\\Python\\Python313\\Lib\\site-packages\\starlette\\middleware\\errors.py", line 164, in __call__\n    await self.app(scope, receive, _send)\n  File "C:\\Users\\VIDYANKSHINI\\AppData\\Local\\Programs\\Python\\Python313\\Lib\\site-packages\\starlette\\middleware\\cors.py", line 87, in __call__\n    await self.app(scope, receive, send)\n  File "C:\\Users\\VIDYANKSHINI\\AppData\\Local\\Programs\\Python\\Python313\\Lib\\site-packages\\starlette\\middleware\\exceptions.py", line 63, in __call__\n    await wrap_app_handling_exceptions(self.app, conn)(scope, receive, send)\n  File "C:\\Users\\VIDYANKSHINI\\AppData\\Local\\Programs\\Python\\Python313\\Lib\\site-packages\\starlette\\_exception_handler.py", line 42, in wrapped_app\n    await app(scope, receive, sender)\n  File "C:\\Users\\VIDYANKSHINI\\AppData\\Local\\Programs\\Python\\Python313\\Lib\\site-packages\\fastapi\\middleware\\asyncexitstack.py", line 18, in __call__\n    await self.app(scope, receive, send)\n  File "C:\\Users\\VIDYANKSHINI\\AppData\\Local\\Programs\\Python\\Python313\\Lib\\site-packages\\starlette\\routing.py", line 716, in __call__\n    await self.middleware_stack(scope, receive, send)\n  File "C:\\Users\\VIDYANKSHINI\\AppData\\Local\\Programs\\Python\\Python313\\Lib\\site-packages\\starlette\\routing.py", line 736, in app\n    await route.handle(scope, receive, send)\n  File "C:\\Users\\VIDYANKSHINI\\AppData\\Local\\Programs\\Python\\Python313\\Lib\\site-packages\\starlette\\routing.py", line 290, in handle\n    await self.app(scope, receive, send)\n  File "C:\\Users\\VIDYANKSHINI\\AppData\\Local\\Programs\\Python\\Python313\\Lib\\site-packages\\fastapi\\routing.py", line 134, in app\n    await wrap_app_handling_exceptions(app, request)(scope, receive, send)\n  File "C:\\Users\\VIDYANKSHINI\\AppData\\Local\\Programs\\Python\\Python313\\Lib\\site-packages\\starlette\\_exception_handler.py", line 42, in wrapped_app\n    await app(scope, receive, sender)\n  File "C:\\Users\\VIDYANKSHINI\\AppData\\Local\\Programs\\Python\\Python313\\Lib\\site-packages\\fastapi\\routing.py", line 120, in app\n    response = await f(request)\n  File "C:\\Users\\VIDYANKSHINI\\AppData\\Local\\Programs\\Python\\Python313\\Lib\\site-packages\\fastapi\\routing.py", line 674, in app\n    raw_response = await run_endpoint_function(\n  File "C:\\Users\\VIDYANKSHINI\\AppData\\Local\\Programs\\Python\\Python313\\Lib\\site-packages\\fastapi\\routing.py", line 328, in run_endpoint_function\n    return await dependant.call(**values)\n  File "C:\\Users\\VIDYANKSHINI\\Desktop\\project\\SecuScan\\backend\\secuscan\\routes.py", line 269, in start_task\n    plugin_manager = await get_plugin_manager_for_request()\n  File "C:\\Users\\VIDYANKSHINI\\Desktop\\project\\SecuScan\\backend\\secuscan\\routes.py", line 177, in get_plugin_manager_for_request\n    return await init_plugins(settings.plugins_dir)\n  File "C:\\Users\\VIDYANKSHINI\\Desktop\\project\\SecuScan\\backend\\secuscan\\plugins.py", line 382, in init_plugins\n    await plugin_manager.load_plugins()\n  File "C:\\Users\\VIDYANKSHINI\\Desktop\\project\\SecuScan\\backend\\secuscan\\plugins.py", line 59, in load_plugins\n    logger.info(f"\u2713 Loaded plugin: {plugin_meta.name} v{plugin_meta.version}")\nMessage: '\u2713 Loaded plugin: Domain Finder v1.0.0'\nArguments: ()\n--- Logging error ---\nTraceback (most recent call last):\n  File "C:\\Users\\VIDYANKSHINI\\AppData\\Local\\Programs\\Python\\Python313\\Lib\\logging\\__init__.py", line 1153, in emit\n    stream.write(msg + self.terminator)\n    ~~~~~~~~~~~~^^^^^^^^^^^^^^^^^^^^^^^\n  File "C:\\Users\\VIDYANKSHINI\\AppData\\Local\\Programs\\Python\\Python313\\Lib\\encodings\\cp1252.py", line 19, in encode\n    return codecs.charmap_encode(input,self.errors,encoding_table)[0]\n           ~~~~~~~~~~~~~~~~~~~~~^^^^^^^^^^^^^^^^^^^^^^^^^^^^^^^^^^\nUnicodeEncodeError: 'charmap' codec can't encode character '\\u2713' in position 60: character maps to <undefined>\nCall stack:\n  File "C:\\Users\\VIDYANKSHINI\\AppData\\Local\\Programs\\Python\\Python313\\Lib\\threading.py", line 1012, in _bootstrap\n    self._bootstrap_inner()\n  File "C:\\Users\\VIDYANKSHINI\\AppData\\Local\\Programs\\Python\\Python313\\Lib\\threading.py", line 1041, in _bootstrap_inner\n    self.run()\n  File "C:\\Users\\VIDYANKSHINI\\AppData\\Local\\Programs\\Python\\Python313\\Lib\\threading.py", line 992, in run\n    self._target(*self._args, **self._kwargs)\n  File "C:\\Users\\VIDYANKSHINI\\AppData\\Local\\Programs\\Python\\Python313\\Lib\\site-packages\\anyio\\from_thread.py", line 532, in run_blocking_portal\n    run_eventloop(\n  File "C:\\Users\\VIDYANKSHINI\\AppData\\Local\\Programs\\Python\\Python313\\Lib\\site-packages\\anyio\\_core\\_eventloop.py", line 77, in run\n    return async_backend.run(func, args, {}, backend_options)\n  File "C:\\Users\\VIDYANKSHINI\\AppData\\Local\\Programs\\Python\\Python313\\Lib\\site-packages\\anyio\\_backends\\_asyncio.py", line 2358, in run\n    return runner.run(wrapper())\n  File "C:\\Users\\VIDYANKSHINI\\AppData\\Local\\Programs\\Python\\Python313\\Lib\\asyncio\\runners.py", line 118, in run\n    return self._loop.run_until_complete(task)\n  File "C:\\Users\\VIDYANKSHINI\\AppData\\Local\\Programs\\Python\\Python313\\Lib\\asyncio\\base_events.py", line 712, in run_until_complete\n    self.run_forever()\n  File "C:\\Users\\VIDYANKSHINI\\AppData\\Local\\Programs\\Python\\Python313\\Lib\\asyncio\\base_events.py", line 683, in run_forever\n    self._run_once()\n  File "C:\\Users\\VIDYANKSHINI\\AppData\\Local\\Programs\\Python\\Python313\\Lib\\asyncio\\base_events.py", line 2040, in _run_once\n    handle._run()\n  File "C:\\Users\\VIDYANKSHINI\\AppData\\Local\\Programs\\Python\\Python313\\Lib\\asyncio\\events.py", line 89, in _run\n    self._context.run(self._callback, *self._args)\n  File "C:\\Users\\VIDYANKSHINI\\AppData\\Local\\Programs\\Python\\Python313\\Lib\\site-packages\\anyio\\from_thread.py", line 259, in _call_func\n    retval = await retval_or_awaitable\n  File "C:\\Users\\VIDYANKSHINI\\AppData\\Local\\Programs\\Python\\Python313\\Lib\\site-packages\\fastapi\\applications.py", line 1159, in __call__\n    await super().__call__(scope, receive, send)\n  File "C:\\Users\\VIDYANKSHINI\\AppData\\Local\\Programs\\Python\\Python313\\Lib\\site-packages\\starlette\\applications.py", line 107, in __call__\n    await self.middleware_stack(scope, receive, send)\n  File "C:\\Users\\VIDYANKSHINI\\AppData\\Local\\Programs\\Python\\Python313\\Lib\\site-packages\\starlette\\middleware\\errors.py", line 164, in __call__\n    await self.app(scope, receive, _send)\n  File "C:\\Users\\VIDYANKSHINI\\AppData\\Local\\Programs\\Python\\Python313\\Lib\\site-packages\\starlette\\middleware\\cors.py", line 87, in __call__\n    await self.app(scope, receive, send)\n  File "C:\\Users\\VIDYANKSHINI\\AppData\\Local\\Programs\\Python\\Python313\\Lib\\site-packages\\starlette\\middleware\\exceptions.py", line 63, in __call__\n    await wrap_app_handling_exceptions(self.app, conn)(scope, receive, send)\n  File "C:\\Users\\VIDYANKSHINI\\AppData\\Local\\Programs\\Python\\Python313\\Lib\\site-packages\\starlette\\_exception_handler.py", line 42, in wrapped_app\n    await app(scope, receive, sender)\n  File "C:\\Users\\VIDYANKSHINI\\AppData\\Local\\Programs\\Python\\Python313\\Lib\\site-packages\\fastapi\\middleware\\asyncexitstack.py", line 18, in __call__\n    await self.app(scope, receive, send)\n  File "C:\\Users\\VIDYANKSHINI\\AppData\\Local\\Programs\\Python\\Python313\\Lib\\site-packages\\starlette\\routing.py", line 716, in __call__\n    await self.middleware_stack(scope, receive, send)\n  File "C:\\Users\\VIDYANKSHINI\\AppData\\Local\\Programs\\Python\\Python313\\Lib\\site-packages\\starlette\\routing.py", line 736, in app\n    await route.handle(scope, receive, send)\n  File "C:\\Users\\VIDYANKSHINI\\AppData\\Local\\Programs\\Python\\Python313\\Lib\\site-packages\\starlette\\routing.py", line 290, in handle\n    await self.app(scope, receive, send)\n  File "C:\\Users\\VIDYANKSHINI\\AppData\\Local\\Programs\\Python\\Python313\\Lib\\site-packages\\fastapi\\routing.py", line 134, in app\n    await wrap_app_handling_exceptions(app, request)(scope, receive, send)\n  File "C:\\Users\\VIDYANKSHINI\\AppData\\Local\\Programs\\Python\\Python313\\Lib\\site-packages\\starlette\\_exception_handler.py", line 42, in wrapped_app\n    await app(scope, receive, sender)\n  File "C:\\Users\\VIDYANKSHINI\\AppData\\Local\\Programs\\Python\\Python313\\Lib\\site-packages\\fastapi\\routing.py", line 120, in app\n    response = await f(request)\n  File "C:\\Users\\VIDYANKSHINI\\AppData\\Local\\Programs\\Python\\Python313\\Lib\\site-packages\\fastapi\\routing.py", line 674, in app\n    raw_response = await run_endpoint_function(\n  File "C:\\Users\\VIDYANKSHINI\\AppData\\Local\\Programs\\Python\\Python313\\Lib\\site-packages\\fastapi\\routing.py", line 328, in run_endpoint_function\n    return await dependant.call(**values)\n  File "C:\\Users\\VIDYANKSHINI\\Desktop\\project\\SecuScan\\backend\\secuscan\\routes.py", line 269, in start_task\n    plugin_manager = await get_plugin_manager_for_request()\n  File "C:\\Users\\VIDYANKSHINI\\Desktop\\project\\SecuScan\\backend\\secuscan\\routes.py", line 177, in get_plugin_manager_for_request\n    return await init_plugins(settings.plugins_dir)\n  File "C:\\Users\\VIDYANKSHINI\\Desktop\\project\\SecuScan\\backend\\secuscan\\plugins.py", line 382, in init_plugins\n    await plugin_manager.load_plugins()\n  File "C:\\Users\\VIDYANKSHINI\\Desktop\\project\\SecuScan\\backend\\secuscan\\plugins.py", line 59, in load_plugins\n    logger.info(f"\u2713 Loaded plugin: {plugin_meta.name} v{plugin_meta.version}")\nMessage: '\u2713 Loaded plugin: Drupal Security Scan v1.0.0'\nArguments: ()\n--- Logging error ---\nTraceback (most recent call last):\n  File "C:\\Users\\VIDYANKSHINI\\AppData\\Local\\Programs\\Python\\Python313\\Lib\\logging\\__init__.py", line 1153, in emit\n    stream.write(msg + self.terminator)\n    ~~~~~~~~~~~~^^^^^^^^^^^^^^^^^^^^^^^\n  File "C:\\Users\\VIDYANKSHINI\\AppData\\Local\\Programs\\Python\\Python313\\Lib\\encodings\\cp1252.py", line 19, in encode\n    return codecs.charmap_encode(input,self.errors,encoding_table)[0]\n           ~~~~~~~~~~~~~~~~~~~~~^^^^^^^^^^^^^^^^^^^^^^^^^^^^^^^^^^\nUnicodeEncodeError: 'charmap' codec can't encode character '\\u2713' in position 60: character maps to <undefined>\nCall stack:\n  File "C:\\Users\\VIDYANKSHINI\\AppData\\Local\\Programs\\Python\\Python313\\Lib\\threading.py", line 1012, in _bootstrap\n    self._bootstrap_inner()\n  File "C:\\Users\\VIDYANKSHINI\\AppData\\Local\\Programs\\Python\\Python313\\Lib\\threading.py", line 1041, in _bootstrap_inner\n    self.run()\n  File "C:\\Users\\VIDYANKSHINI\\AppData\\Local\\Programs\\Python\\Python313\\Lib\\threading.py", line 992, in run\n    self._target(*self._args, **self._kwargs)\n  File "C:\\Users\\VIDYANKSHINI\\AppData\\Local\\Programs\\Python\\Python313\\Lib\\site-packages\\anyio\\from_thread.py", line 532, in run_blocking_portal\n    run_eventloop(\n  File "C:\\Users\\VIDYANKSHINI\\AppData\\Local\\Programs\\Python\\Python313\\Lib\\site-packages\\anyio\\_core\\_eventloop.py", line 77, in run\n    return async_backend.run(func, args, {}, backend_options)\n  File "C:\\Users\\VIDYANKSHINI\\AppData\\Local\\Programs\\Python\\Python313\\Lib\\site-packages\\anyio\\_backends\\_asyncio.py", line 2358, in run\n    return runner.run(wrapper())\n  File "C:\\Users\\VIDYANKSHINI\\AppData\\Local\\Programs\\Python\\Python313\\Lib\\asyncio\\runners.py", line 118, in run\n    return self._loop.run_until_complete(task)\n  File "C:\\Users\\VIDYANKSHINI\\AppData\\Local\\Programs\\Python\\Python313\\Lib\\asyncio\\base_events.py", line 712, in run_until_complete\n    self.run_forever()\n  File "C:\\Users\\VIDYANKSHINI\\AppData\\Local\\Programs\\Python\\Python313\\Lib\\asyncio\\base_events.py", line 683, in run_forever\n    self._run_once()\n  File "C:\\Users\\VIDYANKSHINI\\AppData\\Local\\Programs\\Python\\Python313\\Lib\\asyncio\\base_events.py", line 2040, in _run_once\n    handle._run()\n  File "C:\\Users\\VIDYANKSHINI\\AppData\\Local\\Programs\\Python\\Python313\\Lib\\asyncio\\events.py", line 89, in _run\n    self._context.run(self._callback, *self._args)\n  File "C:\\Users\\VIDYANKSHINI\\AppData\\Local\\Programs\\Python\\Python313\\Lib\\site-packages\\anyio\\from_thread.py", line 259, in _call_func\n    retval = await retval_or_awaitable\n  File "C:\\Users\\VIDYANKSHINI\\AppData\\Local\\Programs\\Python\\Python313\\Lib\\site-packages\\fastapi\\applications.py", line 1159, in __call__\n    await super().__call__(scope, receive, send)\n  File "C:\\Users\\VIDYANKSHINI\\AppData\\Local\\Programs\\Python\\Python313\\Lib\\site-packages\\starlette\\applications.py", line 107, in __call__\n    await self.middleware_stack(scope, receive, send)\n  File "C:\\Users\\VIDYANKSHINI\\AppData\\Local\\Programs\\Python\\Python313\\Lib\\site-packages\\starlette\\middleware\\errors.py", line 164, in __call__\n    await self.app(scope, receive, _send)\n  File "C:\\Users\\VIDYANKSHINI\\AppData\\Local\\Programs\\Python\\Python313\\Lib\\site-packages\\starlette\\middleware\\cors.py", line 87, in __call__\n    await self.app(scope, receive, send)\n  File "C:\\Users\\VIDYANKSHINI\\AppData\\Local\\Programs\\Python\\Python313\\Lib\\site-packages\\starlette\\middleware\\exceptions.py", line 63, in __call__\n    await wrap_app_handling_exceptions(self.app, conn)(scope, receive, send)\n  File "C:\\Users\\VIDYANKSHINI\\AppData\\Local\\Programs\\Python\\Python313\\Lib\\site-packages\\starlette\\_exception_handler.py", line 42, in wrapped_app\n    await app(scope, receive, sender)\n  File "C:\\Users\\VIDYANKSHINI\\AppData\\Local\\Programs\\Python\\Python313\\Lib\\site-packages\\fastapi\\middleware\\asyncexitstack.py", line 18, in __call__\n    await self.app(scope, receive, send)\n  File "C:\\Users\\VIDYANKSHINI\\AppData\\Local\\Programs\\Python\\Python313\\Lib\\site-packages\\starlette\\routing.py", line 716, in __call__\n    await self.middleware_stack(scope, receive, send)\n  File "C:\\Users\\VIDYANKSHINI\\AppData\\Local\\Programs\\Python\\Python313\\Lib\\site-packages\\starlette\\routing.py", line 736, in app\n    await route.handle(scope, receive, send)\n  File "C:\\Users\\VIDYANKSHINI\\AppData\\Local\\Programs\\Python\\Python313\\Lib\\site-packages\\starlette\\routing.py", line 290, in handle\n    await self.app(scope, receive, send)\n  File "C:\\Users\\VIDYANKSHINI\\AppData\\Local\\Programs\\Python\\Python313\\Lib\\site-packages\\fastapi\\routing.py", line 134, in app\n    await wrap_app_handling_exceptions(app, request)(scope, receive, send)\n  File "C:\\Users\\VIDYANKSHINI\\AppData\\Local\\Programs\\Python\\Python313\\Lib\\site-packages\\starlette\\_exception_handler.py", line 42, in wrapped_app\n    await app(scope, receive, sender)\n  File "C:\\Users\\VIDYANKSHINI\\AppData\\Local\\Programs\\Python\\Python313\\Lib\\site-packages\\fastapi\\routing.py", line 120, in app\n    response = await f(request)\n  File "C:\\Users\\VIDYANKSHINI\\AppData\\Local\\Programs\\Python\\Python313\\Lib\\site-packages\\fastapi\\routing.py", line 674, in app\n    raw_response = await run_endpoint_function(\n  File "C:\\Users\\VIDYANKSHINI\\AppData\\Local\\Programs\\Python\\Python313\\Lib\\site-packages\\fastapi\\routing.py", line 328, in run_endpoint_function\n    return await dependant.call(**values)\n  File "C:\\Users\\VIDYANKSHINI\\Desktop\\project\\SecuScan\\backend\\secuscan\\routes.py", line 269, in start_task\n    plugin_manager = await get_plugin_manager_for_request()\n  File "C:\\Users\\VIDYANKSHINI\\Desktop\\project\\SecuScan\\backend\\secuscan\\routes.py", line 177, in get_plugin_manager_for_request\n    return await init_plugins(settings.plugins_dir)\n  File "C:\\Users\\VIDYANKSHINI\\Desktop\\project\\SecuScan\\backend\\secuscan\\plugins.py", line 382, in init_plugins\n    await plugin_manager.load_plugins()\n  File "C:\\Users\\VIDYANKSHINI\\Desktop\\project\\SecuScan\\backend\\secuscan\\plugins.py", line 59, in load_plugins\n    logger.info(f"\u2713 Loaded plugin: {plugin_meta.name} v{plugin_meta.version}")\nMessage: '\u2713 Loaded plugin: Payload Fuzzer v1.0.0'\nArguments: ()\n--- Logging error ---\nTraceback (most recent call last):\n  File "C:\\Users\\VIDYANKSHINI\\AppData\\Local\\Programs\\Python\\Python313\\Lib\\logging\\__init__.py", line 1153, in emit\n    stream.write(msg + self.terminator)\n    ~~~~~~~~~~~~^^^^^^^^^^^^^^^^^^^^^^^\n  File "C:\\Users\\VIDYANKSHINI\\AppData\\Local\\Programs\\Python\\Python313\\Lib\\encodings\\cp1252.py", line 19, in encode\n    return codecs.charmap_encode(input,self.errors,encoding_table)[0]\n           ~~~~~~~~~~~~~~~~~~~~~^^^^^^^^^^^^^^^^^^^^^^^^^^^^^^^^^^\nUnicodeEncodeError: 'charmap' codec can't encode character '\\u2713' in position 60: character maps to <undefined>\nCall stack:\n  File "C:\\Users\\VIDYANKSHINI\\AppData\\Local\\Programs\\Python\\Python313\\Lib\\threading.py", line 1012, in _bootstrap\n    self._bootstrap_inner()\n  File "C:\\Users\\VIDYANKSHINI\\AppData\\Local\\Programs\\Python\\Python313\\Lib\\threading.py", line 1041, in _bootstrap_inner\n    self.run()\n  File "C:\\Users\\VIDYANKSHINI\\AppData\\Local\\Programs\\Python\\Python313\\Lib\\threading.py", line 992, in run\n    self._target(*self._args, **self._kwargs)\n  File "C:\\Users\\VIDYANKSHINI\\AppData\\Local\\Programs\\Python\\Python313\\Lib\\site-packages\\anyio\\from_thread.py", line 532, in run_blocking_portal\n    run_eventloop(\n  File "C:\\Users\\VIDYANKSHINI\\AppData\\Local\\Programs\\Python\\Python313\\Lib\\site-packages\\anyio\\_core\\_eventloop.py", line 77, in run\n    return async_backend.run(func, args, {}, backend_options)\n  File "C:\\Users\\VIDYANKSHINI\\AppData\\Local\\Programs\\Python\\Python313\\Lib\\site-packages\\anyio\\_backends\\_asyncio.py", line 2358, in run\n    return runner.run(wrapper())\n  File "C:\\Users\\VIDYANKSHINI\\AppData\\Local\\Programs\\Python\\Python313\\Lib\\asyncio\\runners.py", line 118, in run\n    return self._loop.run_until_complete(task)\n  File "C:\\Users\\VIDYANKSHINI\\AppData\\Local\\Programs\\Python\\Python313\\Lib\\asyncio\\base_events.py", line 712, in run_until_complete\n    self.run_forever()\n  File "C:\\Users\\VIDYANKSHINI\\AppData\\Local\\Programs\\Python\\Python313\\Lib\\asyncio\\base_events.py", line 683, in run_forever\n    self._run_once()\n  File "C:\\Users\\VIDYANKSHINI\\AppData\\Local\\Programs\\Python\\Python313\\Lib\\asyncio\\base_events.py", line 2040, in _run_once\n    handle._run()\n  File "C:\\Users\\VIDYANKSHINI\\AppData\\Local\\Programs\\Python\\Python313\\Lib\\asyncio\\events.py", line 89, in _run\n    self._context.run(self._callback, *self._args)\n  File "C:\\Users\\VIDYANKSHINI\\AppData\\Local\\Programs\\Python\\Python313\\Lib\\site-packages\\anyio\\from_thread.py", line 259, in _call_func\n    retval = await retval_or_awaitable\n  File "C:\\Users\\VIDYANKSHINI\\AppData\\Local\\Programs\\Python\\Python313\\Lib\\site-packages\\fastapi\\applications.py", line 1159, in __call__\n    await super().__call__(scope, receive, send)\n  File "C:\\Users\\VIDYANKSHINI\\AppData\\Local\\Programs\\Python\\Python313\\Lib\\site-packages\\starlette\\applications.py", line 107, in __call__\n    await self.middleware_stack(scope, receive, send)\n  File "C:\\Users\\VIDYANKSHINI\\AppData\\Local\\Programs\\Python\\Python313\\Lib\\site-packages\\starlette\\middleware\\errors.py", line 164, in __call__\n    await self.app(scope, receive, _send)\n  File "C:\\Users\\VIDYANKSHINI\\AppData\\Local\\Programs\\Python\\Python313\\Lib\\site-packages\\starlette\\middleware\\cors.py", line 87, in __call__\n    await self.app(scope, receive, send)\n  File "C:\\Users\\VIDYANKSHINI\\AppData\\Local\\Programs\\Python\\Python313\\Lib\\site-packages\\starlette\\middleware\\exceptions.py", line 63, in __call__\n    await wrap_app_handling_exceptions(self.app, conn)(scope, receive, send)\n  File "C:\\Users\\VIDYANKSHINI\\AppData\\Local\\Programs\\Python\\Python313\\Lib\\site-packages\\starlette\\_exception_handler.py", line 42, in wrapped_app\n    await app(scope, receive, sender)\n  File "C:\\Users\\VIDYANKSHINI\\AppData\\Local\\Programs\\Python\\Python313\\Lib\\site-packages\\fastapi\\middleware\\asyncexitstack.py", line 18, in __call__\n    await self.app(scope, receive, send)\n  File "C:\\Users\\VIDYANKSHINI\\AppData\\Local\\Programs\\Python\\Python313\\Lib\\site-packages\\starlette\\routing.py", line 716, in __call__\n    await self.middleware_stack(scope, receive, send)\n  File "C:\\Users\\VIDYANKSHINI\\AppData\\Local\\Programs\\Python\\Python313\\Lib\\site-packages\\starlette\\routing.py", line 736, in app\n    await route.handle(scope, receive, send)\n  File "C:\\Users\\VIDYANKSHINI\\AppData\\Local\\Programs\\Python\\Python313\\Lib\\site-packages\\starlette\\routing.py", line 290, in handle\n    await self.app(scope, receive, send)\n  File "C:\\Users\\VIDYANKSHINI\\AppData\\Local\\Programs\\Python\\Python313\\Lib\\site-packages\\fastapi\\routing.py", line 134, in app\n    await wrap_app_handling_exceptions(app, request)(scope, receive, send)\n  File "C:\\Users\\VIDYANKSHINI\\AppData\\Local\\Programs\\Python\\Python313\\Lib\\site-packages\\starlette\\_exception_handler.py", line 42, in wrapped_app\n    await app(scope, receive, sender)\n  File "C:\\Users\\VIDYANKSHINI\\AppData\\Local\\Programs\\Python\\Python313\\Lib\\site-packages\\fastapi\\routing.py", line 120, in app\n    response = await f(request)\n  File "C:\\Users\\VIDYANKSHINI\\AppData\\Local\\Programs\\Python\\Python313\\Lib\\site-packages\\fastapi\\routing.py", line 674, in app\n    raw_response = await run_endpoint_function(\n  File "C:\\Users\\VIDYANKSHINI\\AppData\\Local\\Programs\\Python\\Python313\\Lib\\site-packages\\fastapi\\routing.py", line 328, in run_endpoint_function\n    return await dependant.call(**values)\n  File "C:\\Users\\VIDYANKSHINI\\Desktop\\project\\SecuScan\\backend\\secuscan\\routes.py", line 269, in start_task\n    plugin_manager = await get_plugin_manager_for_request()\n  File "C:\\Users\\VIDYANKSHINI\\Desktop\\project\\SecuScan\\backend\\secuscan\\routes.py", line 177, in get_plugin_manager_for_request\n    return await init_plugins(settings.plugins_dir)\n  File "C:\\Users\\VIDYANKSHINI\\Desktop\\project\\SecuScan\\backend\\secuscan\\plugins.py", line 382, in init_plugins\n    await plugin_manager.load_plugins()\n  File "C:\\Users\\VIDYANKSHINI\\Desktop\\project\\SecuScan\\backend\\secuscan\\plugins.py", line 59, in load_plugins\n    logger.info(f"\u2713 Loaded plugin: {plugin_meta.name} v{plugin_meta.version}")\nMessage: '\u2713 Loaded plugin: Google Hacking v1.0.0'\nArguments: ()\n--- Logging error ---\nTraceback (most recent call last):\n  File "C:\\Users\\VIDYANKSHINI\\AppData\\Local\\Programs\\Python\\Python313\\Lib\\logging\\__init__.py", line 1153, in emit\n    stream.write(msg + self.terminator)\n    ~~~~~~~~~~~~^^^^^^^^^^^^^^^^^^^^^^^\n  File "C:\\Users\\VIDYANKSHINI\\AppData\\Local\\Programs\\Python\\Python313\\Lib\\encodings\\cp1252.py", line 19, in encode\n    return codecs.charmap_encode(input,self.errors,encoding_table)[0]\n           ~~~~~~~~~~~~~~~~~~~~~^^^^^^^^^^^^^^^^^^^^^^^^^^^^^^^^^^\nUnicodeEncodeError: 'charmap' codec can't encode character '\\u2713' in position 60: character maps to <undefined>\nCall stack:\n  File "C:\\Users\\VIDYANKSHINI\\AppData\\Local\\Programs\\Python\\Python313\\Lib\\threading.py", line 1012, in _bootstrap\n    self._bootstrap_inner()\n  File "C:\\Users\\VIDYANKSHINI\\AppData\\Local\\Programs\\Python\\Python313\\Lib\\threading.py", line 1041, in _bootstrap_inner\n    self.run()\n  File "C:\\Users\\VIDYANKSHINI\\AppData\\Local\\Programs\\Python\\Python313\\Lib\\threading.py", line 992, in run\n    self._target(*self._args, **self._kwargs)\n  File "C:\\Users\\VIDYANKSHINI\\AppData\\Local\\Programs\\Python\\Python313\\Lib\\site-packages\\anyio\\from_thread.py", line 532, in run_blocking_portal\n    run_eventloop(\n  File "C:\\Users\\VIDYANKSHINI\\AppData\\Local\\Programs\\Python\\Python313\\Lib\\site-packages\\anyio\\_core\\_eventloop.py", line 77, in run\n    return async_backend.run(func, args, {}, backend_options)\n  File "C:\\Users\\VIDYANKSHINI\\AppData\\Local\\Programs\\Python\\Python313\\Lib\\site-packages\\anyio\\_backends\\_asyncio.py", line 2358, in run\n    return runner.run(wrapper())\n  File "C:\\Users\\VIDYANKSHINI\\AppData\\Local\\Programs\\Python\\Python313\\Lib\\asyncio\\runners.py", line 118, in run\n    return self._loop.run_until_complete(task)\n  File "C:\\Users\\VIDYANKSHINI\\AppData\\Local\\Programs\\Python\\Python313\\Lib\\asyncio\\base_events.py", line 712, in run_until_complete\n    self.run_forever()\n  File "C:\\Users\\VIDYANKSHINI\\AppData\\Local\\Programs\\Python\\Python313\\Lib\\asyncio\\base_events.py", line 683, in run_forever\n    self._run_once()\n  File "C:\\Users\\VIDYANKSHINI\\AppData\\Local\\Programs\\Python\\Python313\\Lib\\asyncio\\base_events.py", line 2040, in _run_once\n    handle._run()\n  File "C:\\Users\\VIDYANKSHINI\\AppData\\Local\\Programs\\Python\\Python313\\Lib\\asyncio\\events.py", line 89, in _run\n    self._context.run(self._callback, *self._args)\n  File "C:\\Users\\VIDYANKSHINI\\AppData\\Local\\Programs\\Python\\Python313\\Lib\\site-packages\\anyio\\from_thread.py", line 259, in _call_func\n    retval = await retval_or_awaitable\n  File "C:\\Users\\VIDYANKSHINI\\AppData\\Local\\Programs\\Python\\Python313\\Lib\\site-packages\\fastapi\\applications.py", line 1159, in __call__\n    await super().__call__(scope, receive, send)\n  File "C:\\Users\\VIDYANKSHINI\\AppData\\Local\\Programs\\Python\\Python313\\Lib\\site-packages\\starlette\\applications.py", line 107, in __call__\n    await self.middleware_stack(scope, receive, send)\n  File "C:\\Users\\VIDYANKSHINI\\AppData\\Local\\Programs\\Python\\Python313\\Lib\\site-packages\\starlette\\middleware\\errors.py", line 164, in __call__\n    await self.app(scope, receive, _send)\n  File "C:\\Users\\VIDYANKSHINI\\AppData\\Local\\Programs\\Python\\Python313\\Lib\\site-packages\\starlette\\middleware\\cors.py", line 87, in __call__\n    await self.app(scope, receive, send)\n  File "C:\\Users\\VIDYANKSHINI\\AppData\\Local\\Programs\\Python\\Python313\\Lib\\site-packages\\starlette\\middleware\\exceptions.py", line 63, in __call__\n    await wrap_app_handling_exceptions(self.app, conn)(scope, receive, send)\n  File "C:\\Users\\VIDYANKSHINI\\AppData\\Local\\Programs\\Python\\Python313\\Lib\\site-packages\\starlette\\_exception_handler.py", line 42, in wrapped_app\n    await app(scope, receive, sender)\n  File "C:\\Users\\VIDYANKSHINI\\AppData\\Local\\Programs\\Python\\Python313\\Lib\\site-packages\\fastapi\\middleware\\asyncexitstack.py", line 18, in __call__\n    await self.app(scope, receive, send)\n  File "C:\\Users\\VIDYANKSHINI\\AppData\\Local\\Programs\\Python\\Python313\\Lib\\site-packages\\starlette\\routing.py", line 716, in __call__\n    await self.middleware_stack(scope, receive, send)\n  File "C:\\Users\\VIDYANKSHINI\\AppData\\Local\\Programs\\Python\\Python313\\Lib\\site-packages\\starlette\\routing.py", line 736, in app\n    await route.handle(scope, receive, send)\n  File "C:\\Users\\VIDYANKSHINI\\AppData\\Local\\Programs\\Python\\Python313\\Lib\\site-packages\\starlette\\routing.py", line 290, in handle\n    await self.app(scope, receive, send)\n  File "C:\\Users\\VIDYANKSHINI\\AppData\\Local\\Programs\\Python\\Python313\\Lib\\site-packages\\fastapi\\routing.py", line 134, in app\n    await wrap_app_handling_exceptions(app, request)(scope, receive, send)\n  File "C:\\Users\\VIDYANKSHINI\\AppData\\Local\\Programs\\Python\\Python313\\Lib\\site-packages\\starlette\\_exception_handler.py", line 42, in wrapped_app\n    await app(scope, receive, sender)\n  File "C:\\Users\\VIDYANKSHINI\\AppData\\Local\\Programs\\Python\\Python313\\Lib\\site-packages\\fastapi\\routing.py", line 120, in app\n    response = await f(request)\n  File "C:\\Users\\VIDYANKSHINI\\AppData\\Local\\Programs\\Python\\Python313\\Lib\\site-packages\\fastapi\\routing.py", line 674, in app\n    raw_response = await run_endpoint_function(\n  File "C:\\Users\\VIDYANKSHINI\\AppData\\Local\\Programs\\Python\\Python313\\Lib\\site-packages\\fastapi\\routing.py", line 328, in run_endpoint_function\n    return await dependant.call(**values)\n  File "C:\\Users\\VIDYANKSHINI\\Desktop\\project\\SecuScan\\backend\\secuscan\\routes.py", line 269, in start_task\n    plugin_manager = await get_plugin_manager_for_request()\n  File "C:\\Users\\VIDYANKSHINI\\Desktop\\project\\SecuScan\\backend\\secuscan\\routes.py", line 177, in get_plugin_manager_for_request\n    return await init_plugins(settings.plugins_dir)\n  File "C:\\Users\\VIDYANKSHINI\\Desktop\\project\\SecuScan\\backend\\secuscan\\plugins.py", line 382, in init_plugins\n    await plugin_manager.load_plugins()\n  File "C:\\Users\\VIDYANKSHINI\\Desktop\\project\\SecuScan\\backend\\secuscan\\plugins.py", line 59, in load_plugins\n    logger.info(f"\u2713 Loaded plugin: {plugin_meta.name} v{plugin_meta.version}")\nMessage: '\u2713 Loaded plugin: Password Recovery Audit v1.0.0'\nArguments: ()\n--- Logging error ---\nTraceback (most recent call last):\n  File "C:\\Users\\VIDYANKSHINI\\AppData\\Local\\Programs\\Python\\Python313\\Lib\\logging\\__init__.py", line 1153, in emit\n    stream.write(msg + self.terminator)\n    ~~~~~~~~~~~~^^^^^^^^^^^^^^^^^^^^^^^\n  File "C:\\Users\\VIDYANKSHINI\\AppData\\Local\\Programs\\Python\\Python313\\Lib\\encodings\\cp1252.py", line 19, in encode\n    return codecs.charmap_encode(input,self.errors,encoding_table)[0]\n           ~~~~~~~~~~~~~~~~~~~~~^^^^^^^^^^^^^^^^^^^^^^^^^^^^^^^^^^\nUnicodeEncodeError: 'charmap' codec can't encode character '\\u2713' in position 60: character maps to <undefined>\nCall stack:\n  File "C:\\Users\\VIDYANKSHINI\\AppData\\Local\\Programs\\Python\\Python313\\Lib\\threading.py", line 1012, in _bootstrap\n    self._bootstrap_inner()\n  File "C:\\Users\\VIDYANKSHINI\\AppData\\Local\\Programs\\Python\\Python313\\Lib\\threading.py", line 1041, in _bootstrap_inner\n    self.run()\n  File "C:\\Users\\VIDYANKSHINI\\AppData\\Local\\Programs\\Python\\Python313\\Lib\\threading.py", line 992, in run\n    self._target(*self._args, **self._kwargs)\n  File "C:\\Users\\VIDYANKSHINI\\AppData\\Local\\Programs\\Python\\Python313\\Lib\\site-packages\\anyio\\from_thread.py", line 532, in run_blocking_portal\n    run_eventloop(\n  File "C:\\Users\\VIDYANKSHINI\\AppData\\Local\\Programs\\Python\\Python313\\Lib\\site-packages\\anyio\\_core\\_eventloop.py", line 77, in run\n    return async_backend.run(func, args, {}, backend_options)\n  File "C:\\Users\\VIDYANKSHINI\\AppData\\Local\\Programs\\Python\\Python313\\Lib\\site-packages\\anyio\\_backends\\_asyncio.py", line 2358, in run\n    return runner.run(wrapper())\n  File "C:\\Users\\VIDYANKSHINI\\AppData\\Local\\Programs\\Python\\Python313\\Lib\\asyncio\\runners.py", line 118, in run\n    return self._loop.run_until_complete(task)\n  File "C:\\Users\\VIDYANKSHINI\\AppData\\Local\\Programs\\Python\\Python313\\Lib\\asyncio\\base_events.py", line 712, in run_until_complete\n    self.run_forever()\n  File "C:\\Users\\VIDYANKSHINI\\AppData\\Local\\Programs\\Python\\Python313\\Lib\\asyncio\\base_events.py", line 683, in run_forever\n    self._run_once()\n  File "C:\\Users\\VIDYANKSHINI\\AppData\\Local\\Programs\\Python\\Python313\\Lib\\asyncio\\base_events.py", line 2040, in _run_once\n    handle._run()\n  File "C:\\Users\\VIDYANKSHINI\\AppData\\Local\\Programs\\Python\\Python313\\Lib\\asyncio\\events.py", line 89, in _run\n    self._context.run(self._callback, *self._args)\n  File "C:\\Users\\VIDYANKSHINI\\AppData\\Local\\Programs\\Python\\Python313\\Lib\\site-packages\\anyio\\from_thread.py", line 259, in _call_func\n    retval = await retval_or_awaitable\n  File "C:\\Users\\VIDYANKSHINI\\AppData\\Local\\Programs\\Python\\Python313\\Lib\\site-packages\\fastapi\\applications.py", line 1159, in __call__\n    await super().__call__(scope, receive, send)\n  File "C:\\Users\\VIDYANKSHINI\\AppData\\Local\\Programs\\Python\\Python313\\Lib\\site-packages\\starlette\\applications.py", line 107, in __call__\n    await self.middleware_stack(scope, receive, send)\n  File "C:\\Users\\VIDYANKSHINI\\AppData\\Local\\Programs\\Python\\Python313\\Lib\\site-packages\\starlette\\middleware\\errors.py", line 164, in __call__\n    await self.app(scope, receive, _send)\n  File "C:\\Users\\VIDYANKSHINI\\AppData\\Local\\Programs\\Python\\Python313\\Lib\\site-packages\\starlette\\middleware\\cors.py", line 87, in __call__\n    await self.app(scope, receive, send)\n  File "C:\\Users\\VIDYANKSHINI\\AppData\\Local\\Programs\\Python\\Python313\\Lib\\site-packages\\starlette\\middleware\\exceptions.py", line 63, in __call__\n    await wrap_app_handling_exceptions(self.app, conn)(scope, receive, send)\n  File "C:\\Users\\VIDYANKSHINI\\AppData\\Local\\Programs\\Python\\Python313\\Lib\\site-packages\\starlette\\_exception_handler.py", line 42, in wrapped_app\n    await app(scope, receive, sender)\n  File "C:\\Users\\VIDYANKSHINI\\AppData\\Local\\Programs\\Python\\Python313\\Lib\\site-packages\\fastapi\\middleware\\asyncexitstack.py", line 18, in __call__\n    await self.app(scope, receive, send)\n  File "C:\\Users\\VIDYANKSHINI\\AppData\\Local\\Programs\\Python\\Python313\\Lib\\site-packages\\starlette\\routing.py", line 716, in __call__\n    await self.middleware_stack(scope, receive, send)\n  File "C:\\Users\\VIDYANKSHINI\\AppData\\Local\\Programs\\Python\\Python313\\Lib\\site-packages\\starlette\\routing.py", line 736, in app\n    await route.handle(scope, receive, send)\n  File "C:\\Users\\VIDYANKSHINI\\AppData\\Local\\Programs\\Python\\Python313\\Lib\\site-packages\\starlette\\routing.py", line 290, in handle\n    await self.app(scope, receive, send)\n  File "C:\\Users\\VIDYANKSHINI\\AppData\\Local\\Programs\\Python\\Python313\\Lib\\site-packages\\fastapi\\routing.py", line 134, in app\n    await wrap_app_handling_exceptions(app, request)(scope, receive, send)\n  File "C:\\Users\\VIDYANKSHINI\\AppData\\Local\\Programs\\Python\\Python313\\Lib\\site-packages\\starlette\\_exception_handler.py", line 42, in wrapped_app\n    await app(scope, receive, sender)\n  File "C:\\Users\\VIDYANKSHINI\\AppData\\Local\\Programs\\Python\\Python313\\Lib\\site-packages\\fastapi\\routing.py", line 120, in app\n    response = await f(request)\n  File "C:\\Users\\VIDYANKSHINI\\AppData\\Local\\Programs\\Python\\Python313\\Lib\\site-packages\\fastapi\\routing.py", line 674, in app\n    raw_response = await run_endpoint_function(\n  File "C:\\Users\\VIDYANKSHINI\\AppData\\Local\\Programs\\Python\\Python313\\Lib\\site-packages\\fastapi\\routing.py", line 328, in run_endpoint_function\n    return await dependant.call(**values)\n  File "C:\\Users\\VIDYANKSHINI\\Desktop\\project\\SecuScan\\backend\\secuscan\\routes.py", line 269, in start_task\n    plugin_manager = await get_plugin_manager_for_request()\n  File "C:\\Users\\VIDYANKSHINI\\Desktop\\project\\SecuScan\\backend\\secuscan\\routes.py", line 177, in get_plugin_manager_for_request\n    return await init_plugins(settings.plugins_dir)\n  File "C:\\Users\\VIDYANKSHINI\\Desktop\\project\\SecuScan\\backend\\secuscan\\plugins.py", line 382, in init_plugins\n    await plugin_manager.load_plugins()\n  File "C:\\Users\\VIDYANKSHINI\\Desktop\\project\\SecuScan\\backend\\secuscan\\plugins.py", line 59, in load_plugins\n    logger.info(f"\u2713 Loaded plugin: {plugin_meta.name} v{plugin_meta.version}")\nMessage: '\u2713 Loaded plugin: httpx v1.0.0'\nArguments: ()\n--- Logging error ---\nTraceback (most recent call last):\n  File "C:\\Users\\VIDYANKSHINI\\AppData\\Local\\Programs\\Python\\Python313\\Lib\\logging\\__init__.py", line 1153, in emit\n    stream.write(msg + self.terminator)\n    ~~~~~~~~~~~~^^^^^^^^^^^^^^^^^^^^^^^\n  File "C:\\Users\\VIDYANKSHINI\\AppData\\Local\\Programs\\Python\\Python313\\Lib\\encodings\\cp1252.py", line 19, in encode\n    return codecs.charmap_encode(input,self.errors,encoding_table)[0]\n           ~~~~~~~~~~~~~~~~~~~~~^^^^^^^^^^^^^^^^^^^^^^^^^^^^^^^^^^\nUnicodeEncodeError: 'charmap' codec can't encode character '\\u2713' in position 60: character maps to <undefined>\nCall stack:\n  File "C:\\Users\\VIDYANKSHINI\\AppData\\Local\\Programs\\Python\\Python313\\Lib\\threading.py", line 1012, in _bootstrap\n    self._bootstrap_inner()\n  File "C:\\Users\\VIDYANKSHINI\\AppData\\Local\\Programs\\Python\\Python313\\Lib\\threading.py", line 1041, in _bootstrap_inner\n    self.run()\n  File "C:\\Users\\VIDYANKSHINI\\AppData\\Local\\Programs\\Python\\Python313\\Lib\\threading.py", line 992, in run\n    self._target(*self._args, **self._kwargs)\n  File "C:\\Users\\VIDYANKSHINI\\AppData\\Local\\Programs\\Python\\Python313\\Lib\\site-packages\\anyio\\from_thread.py", line 532, in run_blocking_portal\n    run_eventloop(\n  File "C:\\Users\\VIDYANKSHINI\\AppData\\Local\\Programs\\Python\\Python313\\Lib\\site-packages\\anyio\\_core\\_eventloop.py", line 77, in run\n    return async_backend.run(func, args, {}, backend_options)\n  File "C:\\Users\\VIDYANKSHINI\\AppData\\Local\\Programs\\Python\\Python313\\Lib\\site-packages\\anyio\\_backends\\_asyncio.py", line 2358, in run\n    return runner.run(wrapper())\n  File "C:\\Users\\VIDYANKSHINI\\AppData\\Local\\Programs\\Python\\Python313\\Lib\\asyncio\\runners.py", line 118, in run\n    return self._loop.run_until_complete(task)\n  File "C:\\Users\\VIDYANKSHINI\\AppData\\Local\\Programs\\Python\\Python313\\Lib\\asyncio\\base_events.py", line 712, in run_until_complete\n    self.run_forever()\n  File "C:\\Users\\VIDYANKSHINI\\AppData\\Local\\Programs\\Python\\Python313\\Lib\\asyncio\\base_events.py", line 683, in run_forever\n    self._run_once()\n  File "C:\\Users\\VIDYANKSHINI\\AppData\\Local\\Programs\\Python\\Python313\\Lib\\asyncio\\base_events.py", line 2040, in _run_once\n    handle._run()\n  File "C:\\Users\\VIDYANKSHINI\\AppData\\Local\\Programs\\Python\\Python313\\Lib\\asyncio\\events.py", line 89, in _run\n    self._context.run(self._callback, *self._args)\n  File "C:\\Users\\VIDYANKSHINI\\AppData\\Local\\Programs\\Python\\Python313\\Lib\\site-packages\\anyio\\from_thread.py", line 259, in _call_func\n    retval = await retval_or_awaitable\n  File "C:\\Users\\VIDYANKSHINI\\AppData\\Local\\Programs\\Python\\Python313\\Lib\\site-packages\\fastapi\\applications.py", line 1159, in __call__\n    await super().__call__(scope, receive, send)\n  File "C:\\Users\\VIDYANKSHINI\\AppData\\Local\\Programs\\Python\\Python313\\Lib\\site-packages\\starlette\\applications.py", line 107, in __call__\n    await self.middleware_stack(scope, receive, send)\n  File "C:\\Users\\VIDYANKSHINI\\AppData\\Local\\Programs\\Python\\Python313\\Lib\\site-packages\\starlette\\middleware\\errors.py", line 164, in __call__\n    await self.app(scope, receive, _send)\n  File "C:\\Users\\VIDYANKSHINI\\AppData\\Local\\Programs\\Python\\Python313\\Lib\\site-packages\\starlette\\middleware\\cors.py", line 87, in __call__\n    await self.app(scope, receive, send)\n  File "C:\\Users\\VIDYANKSHINI\\AppData\\Local\\Programs\\Python\\Python313\\Lib\\site-packages\\starlette\\middleware\\exceptions.py", line 63, in __call__\n    await wrap_app_handling_exceptions(self.app, conn)(scope, receive, send)\n  File "C:\\Users\\VIDYANKSHINI\\AppData\\Local\\Programs\\Python\\Python313\\Lib\\site-packages\\starlette\\_exception_handler.py", line 42, in wrapped_app\n    await app(scope, receive, sender)\n  File "C:\\Users\\VIDYANKSHINI\\AppData\\Local\\Programs\\Python\\Python313\\Lib\\site-packages\\fastapi\\middleware\\asyncexitstack.py", line 18, in __call__\n    await self.app(scope, receive, send)\n  File "C:\\Users\\VIDYANKSHINI\\AppData\\Local\\Programs\\Python\\Python313\\Lib\\site-packages\\starlette\\routing.py", line 716, in __call__\n    await self.middleware_stack(scope, receive, send)\n  File "C:\\Users\\VIDYANKSHINI\\AppData\\Local\\Programs\\Python\\Python313\\Lib\\site-packages\\starlette\\routing.py", line 736, in app\n    await route.handle(scope, receive, send)\n  File "C:\\Users\\VIDYANKSHINI\\AppData\\Local\\Programs\\Python\\Python313\\Lib\\site-packages\\starlette\\routing.py", line 290, in handle\n    await self.app(scope, receive, send)\n  File "C:\\Users\\VIDYANKSHINI\\AppData\\Local\\Programs\\Python\\Python313\\Lib\\site-packages\\fastapi\\routing.py", line 134, in app\n    await wrap_app_handling_exceptions(app, request)(scope, receive, send)\n  File "C:\\Users\\VIDYANKSHINI\\AppData\\Local\\Programs\\Python\\Python313\\Lib\\site-packages\\starlette\\_exception_handler.py", line 42, in wrapped_app\n    await app(scope, receive, sender)\n  File "C:\\Users\\VIDYANKSHINI\\AppData\\Local\\Programs\\Python\\Python313\\Lib\\site-packages\\fastapi\\routing.py", line 120, in app\n    response = await f(request)\n  File "C:\\Users\\VIDYANKSHINI\\AppData\\Local\\Programs\\Python\\Python313\\Lib\\site-packages\\fastapi\\routing.py", line 674, in app\n    raw_response = await run_endpoint_function(\n  File "C:\\Users\\VIDYANKSHINI\\AppData\\Local\\Programs\\Python\\Python313\\Lib\\site-packages\\fastapi\\routing.py", line 328, in run_endpoint_function\n    return await dependant.call(**values)\n  File "C:\\Users\\VIDYANKSHINI\\Desktop\\project\\SecuScan\\backend\\secuscan\\routes.py", line 269, in start_task\n    plugin_manager = await get_plugin_manager_for_request()\n  File "C:\\Users\\VIDYANKSHINI\\Desktop\\project\\SecuScan\\backend\\secuscan\\routes.py", line 177, in get_plugin_manager_for_request\n    return await init_plugins(settings.plugins_dir)\n  File "C:\\Users\\VIDYANKSHINI\\Desktop\\project\\SecuScan\\backend\\secuscan\\plugins.py", line 382, in init_plugins\n    await plugin_manager.load_plugins()\n  File "C:\\Users\\VIDYANKSHINI\\Desktop\\project\\SecuScan\\backend\\secuscan\\plugins.py", line 59, in load_plugins\n    logger.info(f"\u2713 Loaded plugin: {plugin_meta.name} v{plugin_meta.version}")\nMessage: '\u2713 Loaded plugin: HTTP Inspector v1.0.0'\nArguments: ()\n--- Logging error ---\nTraceback (most recent call last):\n  File "C:\\Users\\VIDYANKSHINI\\AppData\\Local\\Programs\\Python\\Python313\\Lib\\logging\\__init__.py", line 1153, in emit\n    stream.write(msg + self.terminator)\n    ~~~~~~~~~~~~^^^^^^^^^^^^^^^^^^^^^^^\n  File "C:\\Users\\VIDYANKSHINI\\AppData\\Local\\Programs\\Python\\Python313\\Lib\\encodings\\cp1252.py", line 19, in encode\n    return codecs.charmap_encode(input,self.errors,encoding_table)[0]\n           ~~~~~~~~~~~~~~~~~~~~~^^^^^^^^^^^^^^^^^^^^^^^^^^^^^^^^^^\nUnicodeEncodeError: 'charmap' codec can't encode character '\\u2713' in position 60: character maps to <undefined>\nCall stack:\n  File "C:\\Users\\VIDYANKSHINI\\AppData\\Local\\Programs\\Python\\Python313\\Lib\\threading.py", line 1012, in _bootstrap\n    self._bootstrap_inner()\n  File "C:\\Users\\VIDYANKSHINI\\AppData\\Local\\Programs\\Python\\Python313\\Lib\\threading.py", line 1041, in _bootstrap_inner\n    self.run()\n  File "C:\\Users\\VIDYANKSHINI\\AppData\\Local\\Programs\\Python\\Python313\\Lib\\threading.py", line 992, in run\n    self._target(*self._args, **self._kwargs)\n  File "C:\\Users\\VIDYANKSHINI\\AppData\\Local\\Programs\\Python\\Python313\\Lib\\site-packages\\anyio\\from_thread.py", line 532, in run_blocking_portal\n    run_eventloop(\n  File "C:\\Users\\VIDYANKSHINI\\AppData\\Local\\Programs\\Python\\Python313\\Lib\\site-packages\\anyio\\_core\\_eventloop.py", line 77, in run\n    return async_backend.run(func, args, {}, backend_options)\n  File "C:\\Users\\VIDYANKSHINI\\AppData\\Local\\Programs\\Python\\Python313\\Lib\\site-packages\\anyio\\_backends\\_asyncio.py", line 2358, in run\n    return runner.run(wrapper())\n  File "C:\\Users\\VIDYANKSHINI\\AppData\\Local\\Programs\\Python\\Python313\\Lib\\asyncio\\runners.py", line 118, in run\n    return self._loop.run_until_complete(task)\n  File "C:\\Users\\VIDYANKSHINI\\AppData\\Local\\Programs\\Python\\Python313\\Lib\\asyncio\\base_events.py", line 712, in run_until_complete\n    self.run_forever()\n  File "C:\\Users\\VIDYANKSHINI\\AppData\\Local\\Programs\\Python\\Python313\\Lib\\asyncio\\base_events.py", line 683, in run_forever\n    self._run_once()\n  File "C:\\Users\\VIDYANKSHINI\\AppData\\Local\\Programs\\Python\\Python313\\Lib\\asyncio\\base_events.py", line 2040, in _run_once\n    handle._run()\n  File "C:\\Users\\VIDYANKSHINI\\AppData\\Local\\Programs\\Python\\Python313\\Lib\\asyncio\\events.py", line 89, in _run\n    self._context.run(self._callback, *self._args)\n  File "C:\\Users\\VIDYANKSHINI\\AppData\\Local\\Programs\\Python\\Python313\\Lib\\site-packages\\anyio\\from_thread.py", line 259, in _call_func\n    retval = await retval_or_awaitable\n  File "C:\\Users\\VIDYANKSHINI\\AppData\\Local\\Programs\\Python\\Python313\\Lib\\site-packages\\fastapi\\applications.py", line 1159, in __call__\n    await super().__call__(scope, receive, send)\n  File "C:\\Users\\VIDYANKSHINI\\AppData\\Local\\Programs\\Python\\Python313\\Lib\\site-packages\\starlette\\applications.py", line 107, in __call__\n    await self.middleware_stack(scope, receive, send)\n  File "C:\\Users\\VIDYANKSHINI\\AppData\\Local\\Programs\\Python\\Python313\\Lib\\site-packages\\starlette\\middleware\\errors.py", line 164, in __call__\n    await self.app(scope, receive, _send)\n  File "C:\\Users\\VIDYANKSHINI\\AppData\\Local\\Programs\\Python\\Python313\\Lib\\site-packages\\starlette\\middleware\\cors.py", line 87, in __call__\n    await self.app(scope, receive, send)\n  File "C:\\Users\\VIDYANKSHINI\\AppData\\Local\\Programs\\Python\\Python313\\Lib\\site-packages\\starlette\\middleware\\exceptions.py", line 63, in __call__\n    await wrap_app_handling_exceptions(self.app, conn)(scope, receive, send)\n  File "C:\\Users\\VIDYANKSHINI\\AppData\\Local\\Programs\\Python\\Python313\\Lib\\site-packages\\starlette\\_exception_handler.py", line 42, in wrapped_app\n    await app(scope, receive, sender)\n  File "C:\\Users\\VIDYANKSHINI\\AppData\\Local\\Programs\\Python\\Python313\\Lib\\site-packages\\fastapi\\middleware\\asyncexitstack.py", line 18, in __call__\n    await self.app(scope, receive, send)\n  File "C:\\Users\\VIDYANKSHINI\\AppData\\Local\\Programs\\Python\\Python313\\Lib\\site-packages\\starlette\\routing.py", line 716, in __call__\n    await self.middleware_stack(scope, receive, send)\n  File "C:\\Users\\VIDYANKSHINI\\AppData\\Local\\Programs\\Python\\Python313\\Lib\\site-packages\\starlette\\routing.py", line 736, in app\n    await route.handle(scope, receive, send)\n  File "C:\\Users\\VIDYANKSHINI\\AppData\\Local\\Programs\\Python\\Python313\\Lib\\site-packages\\starlette\\routing.py", line 290, in handle\n    await self.app(scope, receive, send)\n  File "C:\\Users\\VIDYANKSHINI\\AppData\\Local\\Programs\\Python\\Python313\\Lib\\site-packages\\fastapi\\routing.py", line 134, in app\n    await wrap_app_handling_exceptions(app, request)(scope, receive, send)\n  File "C:\\Users\\VIDYANKSHINI\\AppData\\Local\\Programs\\Python\\Python313\\Lib\\site-packages\\starlette\\_exception_handler.py", line 42, in wrapped_app\n    await app(scope, receive, sender)\n  File "C:\\Users\\VIDYANKSHINI\\AppData\\Local\\Programs\\Python\\Python313\\Lib\\site-packages\\fastapi\\routing.py", line 120, in app\n    response = await f(request)\n  File "C:\\Users\\VIDYANKSHINI\\AppData\\Local\\Programs\\Python\\Python313\\Lib\\site-packages\\fastapi\\routing.py", line 674, in app\n    raw_response = await run_endpoint_function(\n  File "C:\\Users\\VIDYANKSHINI\\AppData\\Local\\Programs\\Python\\Python313\\Lib\\site-packages\\fastapi\\routing.py", line 328, in run_endpoint_function\n    return await dependant.call(**values)\n  File "C:\\Users\\VIDYANKSHINI\\Desktop\\project\\SecuScan\\backend\\secuscan\\routes.py", line 269, in start_task\n    plugin_manager = await get_plugin_manager_for_request()\n  File "C:\\Users\\VIDYANKSHINI\\Desktop\\project\\SecuScan\\backend\\secuscan\\routes.py", line 177, in get_plugin_manager_for_request\n    return await init_plugins(settings.plugins_dir)\n  File "C:\\Users\\VIDYANKSHINI\\Desktop\\project\\SecuScan\\backend\\secuscan\\plugins.py", line 382, in init_plugins\n    await plugin_manager.load_plugins()\n  File "C:\\Users\\VIDYANKSHINI\\Desktop\\project\\SecuScan\\backend\\secuscan\\plugins.py", line 59, in load_plugins\n    logger.info(f"\u2713 Loaded plugin: {plugin_meta.name} v{plugin_meta.version}")\nMessage: '\u2713 Loaded plugin: HTTP Request Logger v1.0.0'\nArguments: ()\n--- Logging error ---\nTraceback (most recent call last):\n  File "C:\\Users\\VIDYANKSHINI\\AppData\\Local\\Programs\\Python\\Python313\\Lib\\logging\\__init__.py", line 1153, in emit\n    stream.write(msg + self.terminator)\n    ~~~~~~~~~~~~^^^^^^^^^^^^^^^^^^^^^^^\n  File "C:\\Users\\VIDYANKSHINI\\AppData\\Local\\Programs\\Python\\Python313\\Lib\\encodings\\cp1252.py", line 19, in encode\n    return codecs.charmap_encode(input,self.errors,encoding_table)[0]\n           ~~~~~~~~~~~~~~~~~~~~~^^^^^^^^^^^^^^^^^^^^^^^^^^^^^^^^^^\nUnicodeEncodeError: 'charmap' codec can't encode character '\\u2713' in position 60: character maps to <undefined>\nCall stack:\n  File "C:\\Users\\VIDYANKSHINI\\AppData\\Local\\Programs\\Python\\Python313\\Lib\\threading.py", line 1012, in _bootstrap\n    self._bootstrap_inner()\n  File "C:\\Users\\VIDYANKSHINI\\AppData\\Local\\Programs\\Python\\Python313\\Lib\\threading.py", line 1041, in _bootstrap_inner\n    self.run()\n  File "C:\\Users\\VIDYANKSHINI\\AppData\\Local\\Programs\\Python\\Python313\\Lib\\threading.py", line 992, in run\n    self._target(*self._args, **self._kwargs)\n  File "C:\\Users\\VIDYANKSHINI\\AppData\\Local\\Programs\\Python\\Python313\\Lib\\site-packages\\anyio\\from_thread.py", line 532, in run_blocking_portal\n    run_eventloop(\n  File "C:\\Users\\VIDYANKSHINI\\AppData\\Local\\Programs\\Python\\Python313\\Lib\\site-packages\\anyio\\_core\\_eventloop.py", line 77, in run\n    return async_backend.run(func, args, {}, backend_options)\n  File "C:\\Users\\VIDYANKSHINI\\AppData\\Local\\Programs\\Python\\Python313\\Lib\\site-packages\\anyio\\_backends\\_asyncio.py", line 2358, in run\n    return runner.run(wrapper())\n  File "C:\\Users\\VIDYANKSHINI\\AppData\\Local\\Programs\\Python\\Python313\\Lib\\asyncio\\runners.py", line 118, in run\n    return self._loop.run_until_complete(task)\n  File "C:\\Users\\VIDYANKSHINI\\AppData\\Local\\Programs\\Python\\Python313\\Lib\\asyncio\\base_events.py", line 712, in run_until_complete\n    self.run_forever()\n  File "C:\\Users\\VIDYANKSHINI\\AppData\\Local\\Programs\\Python\\Python313\\Lib\\asyncio\\base_events.py", line 683, in run_forever\n    self._run_once()\n  File "C:\\Users\\VIDYANKSHINI\\AppData\\Local\\Programs\\Python\\Python313\\Lib\\asyncio\\base_events.py", line 2040, in _run_once\n    handle._run()\n  File "C:\\Users\\VIDYANKSHINI\\AppData\\Local\\Programs\\Python\\Python313\\Lib\\asyncio\\events.py", line 89, in _run\n    self._context.run(self._callback, *self._args)\n  File "C:\\Users\\VIDYANKSHINI\\AppData\\Local\\Programs\\Python\\Python313\\Lib\\site-packages\\anyio\\from_thread.py", line 259, in _call_func\n    retval = await retval_or_awaitable\n  File "C:\\Users\\VIDYANKSHINI\\AppData\\Local\\Programs\\Python\\Python313\\Lib\\site-packages\\fastapi\\applications.py", line 1159, in __call__\n    await super().__call__(scope, receive, send)\n  File "C:\\Users\\VIDYANKSHINI\\AppData\\Local\\Programs\\Python\\Python313\\Lib\\site-packages\\starlette\\applications.py", line 107, in __call__\n    await self.middleware_stack(scope, receive, send)\n  File "C:\\Users\\VIDYANKSHINI\\AppData\\Local\\Programs\\Python\\Python313\\Lib\\site-packages\\starlette\\middleware\\errors.py", line 164, in __call__\n    await self.app(scope, receive, _send)\n  File "C:\\Users\\VIDYANKSHINI\\AppData\\Local\\Programs\\Python\\Python313\\Lib\\site-packages\\starlette\\middleware\\cors.py", line 87, in __call__\n    await self.app(scope, receive, send)\n  File "C:\\Users\\VIDYANKSHINI\\AppData\\Local\\Programs\\Python\\Python313\\Lib\\site-packages\\starlette\\middleware\\exceptions.py", line 63, in __call__\n    await wrap_app_handling_exceptions(self.app, conn)(scope, receive, send)\n  File "C:\\Users\\VIDYANKSHINI\\AppData\\Local\\Programs\\Python\\Python313\\Lib\\site-packages\\starlette\\_exception_handler.py", line 42, in wrapped_app\n    await app(scope, receive, sender)\n  File "C:\\Users\\VIDYANKSHINI\\AppData\\Local\\Programs\\Python\\Python313\\Lib\\site-packages\\fastapi\\middleware\\asyncexitstack.py", line 18, in __call__\n    await self.app(scope, receive, send)\n  File "C:\\Users\\VIDYANKSHINI\\AppData\\Local\\Programs\\Python\\Python313\\Lib\\site-packages\\starlette\\routing.py", line 716, in __call__\n    await self.middleware_stack(scope, receive, send)\n  File "C:\\Users\\VIDYANKSHINI\\AppData\\Local\\Programs\\Python\\Python313\\Lib\\site-packages\\starlette\\routing.py", line 736, in app\n    await route.handle(scope, receive, send)\n  File "C:\\Users\\VIDYANKSHINI\\AppData\\Local\\Programs\\Python\\Python313\\Lib\\site-packages\\starlette\\routing.py", line 290, in handle\n    await self.app(scope, receive, send)\n  File "C:\\Users\\VIDYANKSHINI\\AppData\\Local\\Programs\\Python\\Python313\\Lib\\site-packages\\fastapi\\routing.py", line 134, in app\n    await wrap_app_handling_exceptions(app, request)(scope, receive, send)\n  File "C:\\Users\\VIDYANKSHINI\\AppData\\Local\\Programs\\Python\\Python313\\Lib\\site-packages\\starlette\\_exception_handler.py", line 42, in wrapped_app\n    await app(scope, receive, sender)\n  File "C:\\Users\\VIDYANKSHINI\\AppData\\Local\\Programs\\Python\\Python313\\Lib\\site-packages\\fastapi\\routing.py", line 120, in app\n    response = await f(request)\n  File "C:\\Users\\VIDYANKSHINI\\AppData\\Local\\Programs\\Python\\Python313\\Lib\\site-packages\\fastapi\\routing.py", line 674, in app\n    raw_response = await run_endpoint_function(\n  File "C:\\Users\\VIDYANKSHINI\\AppData\\Local\\Programs\\Python\\Python313\\Lib\\site-packages\\fastapi\\routing.py", line 328, in run_endpoint_function\n    return await dependant.call(**values)\n  File "C:\\Users\\VIDYANKSHINI\\Desktop\\project\\SecuScan\\backend\\secuscan\\routes.py", line 269, in start_task\n    plugin_manager = await get_plugin_manager_for_request()\n  File "C:\\Users\\VIDYANKSHINI\\Desktop\\project\\SecuScan\\backend\\secuscan\\routes.py", line 177, in get_plugin_manager_for_request\n    return await init_plugins(settings.plugins_dir)\n  File "C:\\Users\\VIDYANKSHINI\\Desktop\\project\\SecuScan\\backend\\secuscan\\plugins.py", line 382, in init_plugins\n    await plugin_manager.load_plugins()\n  File "C:\\Users\\VIDYANKSHINI\\Desktop\\project\\SecuScan\\backend\\secuscan\\plugins.py", line 59, in load_plugins\n    logger.info(f"\u2713 Loaded plugin: {plugin_meta.name} v{plugin_meta.version}")\nMessage: '\u2713 Loaded plugin: IaC Scanner (Checkov) v1.0.0'\nArguments: ()\n--- Logging error ---\nTraceback (most recent call last):\n  File "C:\\Users\\VIDYANKSHINI\\AppData\\Local\\Programs\\Python\\Python313\\Lib\\logging\\__init__.py", line 1153, in emit\n    stream.write(msg + self.terminator)\n    ~~~~~~~~~~~~^^^^^^^^^^^^^^^^^^^^^^^\n  File "C:\\Users\\VIDYANKSHINI\\AppData\\Local\\Programs\\Python\\Python313\\Lib\\encodings\\cp1252.py", line 19, in encode\n    return codecs.charmap_encode(input,self.errors,encoding_table)[0]\n           ~~~~~~~~~~~~~~~~~~~~~^^^^^^^^^^^^^^^^^^^^^^^^^^^^^^^^^^\nUnicodeEncodeError: 'charmap' codec can't encode character '\\u2713' in position 60: character maps to <undefined>\nCall stack:\n  File "C:\\Users\\VIDYANKSHINI\\AppData\\Local\\Programs\\Python\\Python313\\Lib\\threading.py", line 1012, in _bootstrap\n    self._bootstrap_inner()\n  File "C:\\Users\\VIDYANKSHINI\\AppData\\Local\\Programs\\Python\\Python313\\Lib\\threading.py", line 1041, in _bootstrap_inner\n    self.run()\n  File "C:\\Users\\VIDYANKSHINI\\AppData\\Local\\Programs\\Python\\Python313\\Lib\\threading.py", line 992, in run\n    self._target(*self._args, **self._kwargs)\n  File "C:\\Users\\VIDYANKSHINI\\AppData\\Local\\Programs\\Python\\Python313\\Lib\\site-packages\\anyio\\from_thread.py", line 532, in run_blocking_portal\n    run_eventloop(\n  File "C:\\Users\\VIDYANKSHINI\\AppData\\Local\\Programs\\Python\\Python313\\Lib\\site-packages\\anyio\\_core\\_eventloop.py", line 77, in run\n    return async_backend.run(func, args, {}, backend_options)\n  File "C:\\Users\\VIDYANKSHINI\\AppData\\Local\\Programs\\Python\\Python313\\Lib\\site-packages\\anyio\\_backends\\_asyncio.py", line 2358, in run\n    return runner.run(wrapper())\n  File "C:\\Users\\VIDYANKSHINI\\AppData\\Local\\Programs\\Python\\Python313\\Lib\\asyncio\\runners.py", line 118, in run\n    return self._loop.run_until_complete(task)\n  File "C:\\Users\\VIDYANKSHINI\\AppData\\Local\\Programs\\Python\\Python313\\Lib\\asyncio\\base_events.py", line 712, in run_until_complete\n    self.run_forever()\n  File "C:\\Users\\VIDYANKSHINI\\AppData\\Local\\Programs\\Python\\Python313\\Lib\\asyncio\\base_events.py", line 683, in run_forever\n    self._run_once()\n  File "C:\\Users\\VIDYANKSHINI\\AppData\\Local\\Programs\\Python\\Python313\\Lib\\asyncio\\base_events.py", line 2040, in _run_once\n    handle._run()\n  File "C:\\Users\\VIDYANKSHINI\\AppData\\Local\\Programs\\Python\\Python313\\Lib\\asyncio\\events.py", line 89, in _run\n    self._context.run(self._callback, *self._args)\n  File "C:\\Users\\VIDYANKSHINI\\AppData\\Local\\Programs\\Python\\Python313\\Lib\\site-packages\\anyio\\from_thread.py", line 259, in _call_func\n    retval = await retval_or_awaitable\n  File "C:\\Users\\VIDYANKSHINI\\AppData\\Local\\Programs\\Python\\Python313\\Lib\\site-packages\\fastapi\\applications.py", line 1159, in __call__\n    await super().__call__(scope, receive, send)\n  File "C:\\Users\\VIDYANKSHINI\\AppData\\Local\\Programs\\Python\\Python313\\Lib\\site-packages\\starlette\\applications.py", line 107, in __call__\n    await self.middleware_stack(scope, receive, send)\n  File "C:\\Users\\VIDYANKSHINI\\AppData\\Local\\Programs\\Python\\Python313\\Lib\\site-packages\\starlette\\middleware\\errors.py", line 164, in __call__\n    await self.app(scope, receive, _send)\n  File "C:\\Users\\VIDYANKSHINI\\AppData\\Local\\Programs\\Python\\Python313\\Lib\\site-packages\\starlette\\middleware\\cors.py", line 87, in __call__\n    await self.app(scope, receive, send)\n  File "C:\\Users\\VIDYANKSHINI\\AppData\\Local\\Programs\\Python\\Python313\\Lib\\site-packages\\starlette\\middleware\\exceptions.py", line 63, in __call__\n    await wrap_app_handling_exceptions(self.app, conn)(scope, receive, send)\n  File "C:\\Users\\VIDYANKSHINI\\AppData\\Local\\Programs\\Python\\Python313\\Lib\\site-packages\\starlette\\_exception_handler.py", line 42, in wrapped_app\n    await app(scope, receive, sender)\n  File "C:\\Users\\VIDYANKSHINI\\AppData\\Local\\Programs\\Python\\Python313\\Lib\\site-packages\\fastapi\\middleware\\asyncexitstack.py", line 18, in __call__\n    await self.app(scope, receive, send)\n  File "C:\\Users\\VIDYANKSHINI\\AppData\\Local\\Programs\\Python\\Python313\\Lib\\site-packages\\starlette\\routing.py", line 716, in __call__\n    await self.middleware_stack(scope, receive, send)\n  File "C:\\Users\\VIDYANKSHINI\\AppData\\Local\\Programs\\Python\\Python313\\Lib\\site-packages\\starlette\\routing.py", line 736, in app\n    await route.handle(scope, receive, send)\n  File "C:\\Users\\VIDYANKSHINI\\AppData\\Local\\Programs\\Python\\Python313\\Lib\\site-packages\\starlette\\routing.py", line 290, in handle\n    await self.app(scope, receive, send)\n  File "C:\\Users\\VIDYANKSHINI\\AppData\\Local\\Programs\\Python\\Python313\\Lib\\site-packages\\fastapi\\routing.py", line 134, in app\n    await wrap_app_handling_exceptions(app, request)(scope, receive, send)\n  File "C:\\Users\\VIDYANKSHINI\\AppData\\Local\\Programs\\Python\\Python313\\Lib\\site-packages\\starlette\\_exception_handler.py", line 42, in wrapped_app\n    await app(scope, receive, sender)\n  File "C:\\Users\\VIDYANKSHINI\\AppData\\Local\\Programs\\Python\\Python313\\Lib\\site-packages\\fastapi\\routing.py", line 120, in app\n    response = await f(request)\n  File "C:\\Users\\VIDYANKSHINI\\AppData\\Local\\Programs\\Python\\Python313\\Lib\\site-packages\\fastapi\\routing.py", line 674, in app\n    raw_response = await run_endpoint_function(\n  File "C:\\Users\\VIDYANKSHINI\\AppData\\Local\\Programs\\Python\\Python313\\Lib\\site-packages\\fastapi\\routing.py", line 328, in run_endpoint_function\n    return await dependant.call(**values)\n  File "C:\\Users\\VIDYANKSHINI\\Desktop\\project\\SecuScan\\backend\\secuscan\\routes.py", line 269, in start_task\n    plugin_manager = await get_plugin_manager_for_request()\n  File "C:\\Users\\VIDYANKSHINI\\Desktop\\project\\SecuScan\\backend\\secuscan\\routes.py", line 177, in get_plugin_manager_for_request\n    return await init_plugins(settings.plugins_dir)\n  File "C:\\Users\\VIDYANKSHINI\\Desktop\\project\\SecuScan\\backend\\secuscan\\plugins.py", line 382, in init_plugins\n    await plugin_manager.load_plugins()\n  File "C:\\Users\\VIDYANKSHINI\\Desktop\\project\\SecuScan\\backend\\secuscan\\plugins.py", line 59, in load_plugins\n    logger.info(f"\u2713 Loaded plugin: {plugin_meta.name} v{plugin_meta.version}")\nMessage: '\u2713 Loaded plugin: ICMP Ping v1.0.0'\nArguments: ()\n--- Logging error ---\nTraceback (most recent call last):\n  File "C:\\Users\\VIDYANKSHINI\\AppData\\Local\\Programs\\Python\\Python313\\Lib\\logging\\__init__.py", line 1153, in emit\n    stream.write(msg + self.terminator)\n    ~~~~~~~~~~~~^^^^^^^^^^^^^^^^^^^^^^^\n  File "C:\\Users\\VIDYANKSHINI\\AppData\\Local\\Programs\\Python\\Python313\\Lib\\encodings\\cp1252.py", line 19, in encode\n    return codecs.charmap_encode(input,self.errors,encoding_table)[0]\n           ~~~~~~~~~~~~~~~~~~~~~^^^^^^^^^^^^^^^^^^^^^^^^^^^^^^^^^^\nUnicodeEncodeError: 'charmap' codec can't encode character '\\u2713' in position 60: character maps to <undefined>\nCall stack:\n  File "C:\\Users\\VIDYANKSHINI\\AppData\\Local\\Programs\\Python\\Python313\\Lib\\threading.py", line 1012, in _bootstrap\n    self._bootstrap_inner()\n  File "C:\\Users\\VIDYANKSHINI\\AppData\\Local\\Programs\\Python\\Python313\\Lib\\threading.py", line 1041, in _bootstrap_inner\n    self.run()\n  File "C:\\Users\\VIDYANKSHINI\\AppData\\Local\\Programs\\Python\\Python313\\Lib\\threading.py", line 992, in run\n    self._target(*self._args, **self._kwargs)\n  File "C:\\Users\\VIDYANKSHINI\\AppData\\Local\\Programs\\Python\\Python313\\Lib\\site-packages\\anyio\\from_thread.py", line 532, in run_blocking_portal\n    run_eventloop(\n  File "C:\\Users\\VIDYANKSHINI\\AppData\\Local\\Programs\\Python\\Python313\\Lib\\site-packages\\anyio\\_core\\_eventloop.py", line 77, in run\n    return async_backend.run(func, args, {}, backend_options)\n  File "C:\\Users\\VIDYANKSHINI\\AppData\\Local\\Programs\\Python\\Python313\\Lib\\site-packages\\anyio\\_backends\\_asyncio.py", line 2358, in run\n    return runner.run(wrapper())\n  File "C:\\Users\\VIDYANKSHINI\\AppData\\Local\\Programs\\Python\\Python313\\Lib\\asyncio\\runners.py", line 118, in run\n    return self._loop.run_until_complete(task)\n  File "C:\\Users\\VIDYANKSHINI\\AppData\\Local\\Programs\\Python\\Python313\\Lib\\asyncio\\base_events.py", line 712, in run_until_complete\n    self.run_forever()\n  File "C:\\Users\\VIDYANKSHINI\\AppData\\Local\\Programs\\Python\\Python313\\Lib\\asyncio\\base_events.py", line 683, in run_forever\n    self._run_once()\n  File "C:\\Users\\VIDYANKSHINI\\AppData\\Local\\Programs\\Python\\Python313\\Lib\\asyncio\\base_events.py", line 2040, in _run_once\n    handle._run()\n  File "C:\\Users\\VIDYANKSHINI\\AppData\\Local\\Programs\\Python\\Python313\\Lib\\asyncio\\events.py", line 89, in _run\n    self._context.run(self._callback, *self._args)\n  File "C:\\Users\\VIDYANKSHINI\\AppData\\Local\\Programs\\Python\\Python313\\Lib\\site-packages\\anyio\\from_thread.py", line 259, in _call_func\n    retval = await retval_or_awaitable\n  File "C:\\Users\\VIDYANKSHINI\\AppData\\Local\\Programs\\Python\\Python313\\Lib\\site-packages\\fastapi\\applications.py", line 1159, in __call__\n    await super().__call__(scope, receive, send)\n  File "C:\\Users\\VIDYANKSHINI\\AppData\\Local\\Programs\\Python\\Python313\\Lib\\site-packages\\starlette\\applications.py", line 107, in __call__\n    await self.middleware_stack(scope, receive, send)\n  File "C:\\Users\\VIDYANKSHINI\\AppData\\Local\\Programs\\Python\\Python313\\Lib\\site-packages\\starlette\\middleware\\errors.py", line 164, in __call__\n    await self.app(scope, receive, _send)\n  File "C:\\Users\\VIDYANKSHINI\\AppData\\Local\\Programs\\Python\\Python313\\Lib\\site-packages\\starlette\\middleware\\cors.py", line 87, in __call__\n    await self.app(scope, receive, send)\n  File "C:\\Users\\VIDYANKSHINI\\AppData\\Local\\Programs\\Python\\Python313\\Lib\\site-packages\\starlette\\middleware\\exceptions.py", line 63, in __call__\n    await wrap_app_handling_exceptions(self.app, conn)(scope, receive, send)\n  File "C:\\Users\\VIDYANKSHINI\\AppData\\Local\\Programs\\Python\\Python313\\Lib\\site-packages\\starlette\\_exception_handler.py", line 42, in wrapped_app\n    await app(scope, receive, sender)\n  File "C:\\Users\\VIDYANKSHINI\\AppData\\Local\\Programs\\Python\\Python313\\Lib\\site-packages\\fastapi\\middleware\\asyncexitstack.py", line 18, in __call__\n    await self.app(scope, receive, send)\n  File "C:\\Users\\VIDYANKSHINI\\AppData\\Local\\Programs\\Python\\Python313\\Lib\\site-packages\\starlette\\routing.py", line 716, in __call__\n    await self.middleware_stack(scope, receive, send)\n  File "C:\\Users\\VIDYANKSHINI\\AppData\\Local\\Programs\\Python\\Python313\\Lib\\site-packages\\starlette\\routing.py", line 736, in app\n    await route.handle(scope, receive, send)\n  File "C:\\Users\\VIDYANKSHINI\\AppData\\Local\\Programs\\Python\\Python313\\Lib\\site-packages\\starlette\\routing.py", line 290, in handle\n    await self.app(scope, receive, send)\n  File "C:\\Users\\VIDYANKSHINI\\AppData\\Local\\Programs\\Python\\Python313\\Lib\\site-packages\\fastapi\\routing.py", line 134, in app\n    await wrap_app_handling_exceptions(app, request)(scope, receive, send)\n  File "C:\\Users\\VIDYANKSHINI\\AppData\\Local\\Programs\\Python\\Python313\\Lib\\site-packages\\starlette\\_exception_handler.py", line 42, in wrapped_app\n    await app(scope, receive, sender)\n  File "C:\\Users\\VIDYANKSHINI\\AppData\\Local\\Programs\\Python\\Python313\\Lib\\site-packages\\fastapi\\routing.py", line 120, in app\n    response = await f(request)\n  File "C:\\Users\\VIDYANKSHINI\\AppData\\Local\\Programs\\Python\\Python313\\Lib\\site-packages\\fastapi\\routing.py", line 674, in app\n    raw_response = await run_endpoint_function(\n  File "C:\\Users\\VIDYANKSHINI\\AppData\\Local\\Programs\\Python\\Python313\\Lib\\site-packages\\fastapi\\routing.py", line 328, in run_endpoint_function\n    return await dependant.call(**values)\n  File "C:\\Users\\VIDYANKSHINI\\Desktop\\project\\SecuScan\\backend\\secuscan\\routes.py", line 269, in start_task\n    plugin_manager = await get_plugin_manager_for_request()\n  File "C:\\Users\\VIDYANKSHINI\\Desktop\\project\\SecuScan\\backend\\secuscan\\routes.py", line 177, in get_plugin_manager_for_request\n    return await init_plugins(settings.plugins_dir)\n  File "C:\\Users\\VIDYANKSHINI\\Desktop\\project\\SecuScan\\backend\\secuscan\\plugins.py", line 382, in init_plugins\n    await plugin_manager.load_plugins()\n  File "C:\\Users\\VIDYANKSHINI\\Desktop\\project\\SecuScan\\backend\\secuscan\\plugins.py", line 59, in load_plugins\n    logger.info(f"\u2713 Loaded plugin: {plugin_meta.name} v{plugin_meta.version}")\nMessage: '\u2713 Loaded plugin: Joomla Security Scan v1.0.0'\nArguments: ()\n--- Logging error ---\nTraceback (most recent call last):\n  File "C:\\Users\\VIDYANKSHINI\\AppData\\Local\\Programs\\Python\\Python313\\Lib\\logging\\__init__.py", line 1153, in emit\n    stream.write(msg + self.terminator)\n    ~~~~~~~~~~~~^^^^^^^^^^^^^^^^^^^^^^^\n  File "C:\\Users\\VIDYANKSHINI\\AppData\\Local\\Programs\\Python\\Python313\\Lib\\encodings\\cp1252.py", line 19, in encode\n    return codecs.charmap_encode(input,self.errors,encoding_table)[0]\n           ~~~~~~~~~~~~~~~~~~~~~^^^^^^^^^^^^^^^^^^^^^^^^^^^^^^^^^^\nUnicodeEncodeError: 'charmap' codec can't encode character '\\u2713' in position 60: character maps to <undefined>\nCall stack:\n  File "C:\\Users\\VIDYANKSHINI\\AppData\\Local\\Programs\\Python\\Python313\\Lib\\threading.py", line 1012, in _bootstrap\n    self._bootstrap_inner()\n  File "C:\\Users\\VIDYANKSHINI\\AppData\\Local\\Programs\\Python\\Python313\\Lib\\threading.py", line 1041, in _bootstrap_inner\n    self.run()\n  File "C:\\Users\\VIDYANKSHINI\\AppData\\Local\\Programs\\Python\\Python313\\Lib\\threading.py", line 992, in run\n    self._target(*self._args, **self._kwargs)\n  File "C:\\Users\\VIDYANKSHINI\\AppData\\Local\\Programs\\Python\\Python313\\Lib\\site-packages\\anyio\\from_thread.py", line 532, in run_blocking_portal\n    run_eventloop(\n  File "C:\\Users\\VIDYANKSHINI\\AppData\\Local\\Programs\\Python\\Python313\\Lib\\site-packages\\anyio\\_core\\_eventloop.py", line 77, in run\n    return async_backend.run(func, args, {}, backend_options)\n  File "C:\\Users\\VIDYANKSHINI\\AppData\\Local\\Programs\\Python\\Python313\\Lib\\site-packages\\anyio\\_backends\\_asyncio.py", line 2358, in run\n    return runner.run(wrapper())\n  File "C:\\Users\\VIDYANKSHINI\\AppData\\Local\\Programs\\Python\\Python313\\Lib\\asyncio\\runners.py", line 118, in run\n    return self._loop.run_until_complete(task)\n  File "C:\\Users\\VIDYANKSHINI\\AppData\\Local\\Programs\\Python\\Python313\\Lib\\asyncio\\base_events.py", line 712, in run_until_complete\n    self.run_forever()\n  File "C:\\Users\\VIDYANKSHINI\\AppData\\Local\\Programs\\Python\\Python313\\Lib\\asyncio\\base_events.py", line 683, in run_forever\n    self._run_once()\n  File "C:\\Users\\VIDYANKSHINI\\AppData\\Local\\Programs\\Python\\Python313\\Lib\\asyncio\\base_events.py", line 2040, in _run_once\n    handle._run()\n  File "C:\\Users\\VIDYANKSHINI\\AppData\\Local\\Programs\\Python\\Python313\\Lib\\asyncio\\events.py", line 89, in _run\n    self._context.run(self._callback, *self._args)\n  File "C:\\Users\\VIDYANKSHINI\\AppData\\Local\\Programs\\Python\\Python313\\Lib\\site-packages\\anyio\\from_thread.py", line 259, in _call_func\n    retval = await retval_or_awaitable\n  File "C:\\Users\\VIDYANKSHINI\\AppData\\Local\\Programs\\Python\\Python313\\Lib\\site-packages\\fastapi\\applications.py", line 1159, in __call__\n    await super().__call__(scope, receive, send)\n  File "C:\\Users\\VIDYANKSHINI\\AppData\\Local\\Programs\\Python\\Python313\\Lib\\site-packages\\starlette\\applications.py", line 107, in __call__\n    await self.middleware_stack(scope, receive, send)\n  File "C:\\Users\\VIDYANKSHINI\\AppData\\Local\\Programs\\Python\\Python313\\Lib\\site-packages\\starlette\\middleware\\errors.py", line 164, in __call__\n    await self.app(scope, receive, _send)\n  File "C:\\Users\\VIDYANKSHINI\\AppData\\Local\\Programs\\Python\\Python313\\Lib\\site-packages\\starlette\\middleware\\cors.py", line 87, in __call__\n    await self.app(scope, receive, send)\n  File "C:\\Users\\VIDYANKSHINI\\AppData\\Local\\Programs\\Python\\Python313\\Lib\\site-packages\\starlette\\middleware\\exceptions.py", line 63, in __call__\n    await wrap_app_handling_exceptions(self.app, conn)(scope, receive, send)\n  File "C:\\Users\\VIDYANKSHINI\\AppData\\Local\\Programs\\Python\\Python313\\Lib\\site-packages\\starlette\\_exception_handler.py", line 42, in wrapped_app\n    await app(scope, receive, sender)\n  File "C:\\Users\\VIDYANKSHINI\\AppData\\Local\\Programs\\Python\\Python313\\Lib\\site-packages\\fastapi\\middleware\\asyncexitstack.py", line 18, in __call__\n    await self.app(scope, receive, send)\n  File "C:\\Users\\VIDYANKSHINI\\AppData\\Local\\Programs\\Python\\Python313\\Lib\\site-packages\\starlette\\routing.py", line 716, in __call__\n    await self.middleware_stack(scope, receive, send)\n  File "C:\\Users\\VIDYANKSHINI\\AppData\\Local\\Programs\\Python\\Python313\\Lib\\site-packages\\starlette\\routing.py", line 736, in app\n    await route.handle(scope, receive, send)\n  File "C:\\Users\\VIDYANKSHINI\\AppData\\Local\\Programs\\Python\\Python313\\Lib\\site-packages\\starlette\\routing.py", line 290, in handle\n    await self.app(scope, receive, send)\n  File "C:\\Users\\VIDYANKSHINI\\AppData\\Local\\Programs\\Python\\Python313\\Lib\\site-packages\\fastapi\\routing.py", line 134, in app\n    await wrap_app_handling_exceptions(app, request)(scope, receive, send)\n  File "C:\\Users\\VIDYANKSHINI\\AppData\\Local\\Programs\\Python\\Python313\\Lib\\site-packages\\starlette\\_exception_handler.py", line 42, in wrapped_app\n    await app(scope, receive, sender)\n  File "C:\\Users\\VIDYANKSHINI\\AppData\\Local\\Programs\\Python\\Python313\\Lib\\site-packages\\fastapi\\routing.py", line 120, in app\n    response = await f(request)\n  File "C:\\Users\\VIDYANKSHINI\\AppData\\Local\\Programs\\Python\\Python313\\Lib\\site-packages\\fastapi\\routing.py", line 674, in app\n    raw_response = await run_endpoint_function(\n  File "C:\\Users\\VIDYANKSHINI\\AppData\\Local\\Programs\\Python\\Python313\\Lib\\site-packages\\fastapi\\routing.py", line 328, in run_endpoint_function\n    return await dependant.call(**values)\n  File "C:\\Users\\VIDYANKSHINI\\Desktop\\project\\SecuScan\\backend\\secuscan\\routes.py", line 269, in start_task\n    plugin_manager = await get_plugin_manager_for_request()\n  File "C:\\Users\\VIDYANKSHINI\\Desktop\\project\\SecuScan\\backend\\secuscan\\routes.py", line 177, in get_plugin_manager_for_request\n    return await init_plugins(settings.plugins_dir)\n  File "C:\\Users\\VIDYANKSHINI\\Desktop\\project\\SecuScan\\backend\\secuscan\\plugins.py", line 382, in init_plugins\n    await plugin_manager.load_plugins()\n  File "C:\\Users\\VIDYANKSHINI\\Desktop\\project\\SecuScan\\backend\\secuscan\\plugins.py", line 59, in load_plugins\n    logger.info(f"\u2713 Loaded plugin: {plugin_meta.name} v{plugin_meta.version}")\nMessage: '\u2713 Loaded plugin: Katana v1.0.0'\nArguments: ()\n--- Logging error ---\nTraceback (most recent call last):\n  File "C:\\Users\\VIDYANKSHINI\\AppData\\Local\\Programs\\Python\\Python313\\Lib\\logging\\__init__.py", line 1153, in emit\n    stream.write(msg + self.terminator)\n    ~~~~~~~~~~~~^^^^^^^^^^^^^^^^^^^^^^^\n  File "C:\\Users\\VIDYANKSHINI\\AppData\\Local\\Programs\\Python\\Python313\\Lib\\encodings\\cp1252.py", line 19, in encode\n    return codecs.charmap_encode(input,self.errors,encoding_table)[0]\n           ~~~~~~~~~~~~~~~~~~~~~^^^^^^^^^^^^^^^^^^^^^^^^^^^^^^^^^^\nUnicodeEncodeError: 'charmap' codec can't encode character '\\u2713' in position 60: character maps to <undefined>\nCall stack:\n  File "C:\\Users\\VIDYANKSHINI\\AppData\\Local\\Programs\\Python\\Python313\\Lib\\threading.py", line 1012, in _bootstrap\n    self._bootstrap_inner()\n  File "C:\\Users\\VIDYANKSHINI\\AppData\\Local\\Programs\\Python\\Python313\\Lib\\threading.py", line 1041, in _bootstrap_inner\n    self.run()\n  File "C:\\Users\\VIDYANKSHINI\\AppData\\Local\\Programs\\Python\\Python313\\Lib\\threading.py", line 992, in run\n    self._target(*self._args, **self._kwargs)\n  File "C:\\Users\\VIDYANKSHINI\\AppData\\Local\\Programs\\Python\\Python313\\Lib\\site-packages\\anyio\\from_thread.py", line 532, in run_blocking_portal\n    run_eventloop(\n  File "C:\\Users\\VIDYANKSHINI\\AppData\\Local\\Programs\\Python\\Python313\\Lib\\site-packages\\anyio\\_core\\_eventloop.py", line 77, in run\n    return async_backend.run(func, args, {}, backend_options)\n  File "C:\\Users\\VIDYANKSHINI\\AppData\\Local\\Programs\\Python\\Python313\\Lib\\site-packages\\anyio\\_backends\\_asyncio.py", line 2358, in run\n    return runner.run(wrapper())\n  File "C:\\Users\\VIDYANKSHINI\\AppData\\Local\\Programs\\Python\\Python313\\Lib\\asyncio\\runners.py", line 118, in run\n    return self._loop.run_until_complete(task)\n  File "C:\\Users\\VIDYANKSHINI\\AppData\\Local\\Programs\\Python\\Python313\\Lib\\asyncio\\base_events.py", line 712, in run_until_complete\n    self.run_forever()\n  File "C:\\Users\\VIDYANKSHINI\\AppData\\Local\\Programs\\Python\\Python313\\Lib\\asyncio\\base_events.py", line 683, in run_forever\n    self._run_once()\n  File "C:\\Users\\VIDYANKSHINI\\AppData\\Local\\Programs\\Python\\Python313\\Lib\\asyncio\\base_events.py", line 2040, in _run_once\n    handle._run()\n  File "C:\\Users\\VIDYANKSHINI\\AppData\\Local\\Programs\\Python\\Python313\\Lib\\asyncio\\events.py", line 89, in _run\n    self._context.run(self._callback, *self._args)\n  File "C:\\Users\\VIDYANKSHINI\\AppData\\Local\\Programs\\Python\\Python313\\Lib\\site-packages\\anyio\\from_thread.py", line 259, in _call_func\n    retval = await retval_or_awaitable\n  File "C:\\Users\\VIDYANKSHINI\\AppData\\Local\\Programs\\Python\\Python313\\Lib\\site-packages\\fastapi\\applications.py", line 1159, in __call__\n    await super().__call__(scope, receive, send)\n  File "C:\\Users\\VIDYANKSHINI\\AppData\\Local\\Programs\\Python\\Python313\\Lib\\site-packages\\starlette\\applications.py", line 107, in __call__\n    await self.middleware_stack(scope, receive, send)\n  File "C:\\Users\\VIDYANKSHINI\\AppData\\Local\\Programs\\Python\\Python313\\Lib\\site-packages\\starlette\\middleware\\errors.py", line 164, in __call__\n    await self.app(scope, receive, _send)\n  File "C:\\Users\\VIDYANKSHINI\\AppData\\Local\\Programs\\Python\\Python313\\Lib\\site-packages\\starlette\\middleware\\cors.py", line 87, in __call__\n    await self.app(scope, receive, send)\n  File "C:\\Users\\VIDYANKSHINI\\AppData\\Local\\Programs\\Python\\Python313\\Lib\\site-packages\\starlette\\middleware\\exceptions.py", line 63, in __call__\n    await wrap_app_handling_exceptions(self.app, conn)(scope, receive, send)\n  File "C:\\Users\\VIDYANKSHINI\\AppData\\Local\\Programs\\Python\\Python313\\Lib\\site-packages\\starlette\\_exception_handler.py", line 42, in wrapped_app\n    await app(scope, receive, sender)\n  File "C:\\Users\\VIDYANKSHINI\\AppData\\Local\\Programs\\Python\\Python313\\Lib\\site-packages\\fastapi\\middleware\\asyncexitstack.py", line 18, in __call__\n    await self.app(scope, receive, send)\n  File "C:\\Users\\VIDYANKSHINI\\AppData\\Local\\Programs\\Python\\Python313\\Lib\\site-packages\\starlette\\routing.py", line 716, in __call__\n    await self.middleware_stack(scope, receive, send)\n  File "C:\\Users\\VIDYANKSHINI\\AppData\\Local\\Programs\\Python\\Python313\\Lib\\site-packages\\starlette\\routing.py", line 736, in app\n    await route.handle(scope, receive, send)\n  File "C:\\Users\\VIDYANKSHINI\\AppData\\Local\\Programs\\Python\\Python313\\Lib\\site-packages\\starlette\\routing.py", line 290, in handle\n    await self.app(scope, receive, send)\n  File "C:\\Users\\VIDYANKSHINI\\AppData\\Local\\Programs\\Python\\Python313\\Lib\\site-packages\\fastapi\\routing.py", line 134, in app\n    await wrap_app_handling_exceptions(app, request)(scope, receive, send)\n  File "C:\\Users\\VIDYANKSHINI\\AppData\\Local\\Programs\\Python\\Python313\\Lib\\site-packages\\starlette\\_exception_handler.py", line 42, in wrapped_app\n    await app(scope, receive, sender)\n  File "C:\\Users\\VIDYANKSHINI\\AppData\\Local\\Programs\\Python\\Python313\\Lib\\site-packages\\fastapi\\routing.py", line 120, in app\n    response = await f(request)\n  File "C:\\Users\\VIDYANKSHINI\\AppData\\Local\\Programs\\Python\\Python313\\Lib\\site-packages\\fastapi\\routing.py", line 674, in app\n    raw_response = await run_endpoint_function(\n  File "C:\\Users\\VIDYANKSHINI\\AppData\\Local\\Programs\\Python\\Python313\\Lib\\site-packages\\fastapi\\routing.py", line 328, in run_endpoint_function\n    return await dependant.call(**values)\n  File "C:\\Users\\VIDYANKSHINI\\Desktop\\project\\SecuScan\\backend\\secuscan\\routes.py", line 269, in start_task\n    plugin_manager = await get_plugin_manager_for_request()\n  File "C:\\Users\\VIDYANKSHINI\\Desktop\\project\\SecuScan\\backend\\secuscan\\routes.py", line 177, in get_plugin_manager_for_request\n    return await init_plugins(settings.plugins_dir)\n  File "C:\\Users\\VIDYANKSHINI\\Desktop\\project\\SecuScan\\backend\\secuscan\\plugins.py", line 382, in init_plugins\n    await plugin_manager.load_plugins()\n  File "C:\\Users\\VIDYANKSHINI\\Desktop\\project\\SecuScan\\backend\\secuscan\\plugins.py", line 59, in load_plugins\n    logger.info(f"\u2713 Loaded plugin: {plugin_meta.name} v{plugin_meta.version}")\nMessage: '\u2713 Loaded plugin: K8s Scanner v1.0.0'\nArguments: ()\n--- Logging error ---\nTraceback (most recent call last):\n  File "C:\\Users\\VIDYANKSHINI\\AppData\\Local\\Programs\\Python\\Python313\\Lib\\logging\\__init__.py", line 1153, in emit\n    stream.write(msg + self.terminator)\n    ~~~~~~~~~~~~^^^^^^^^^^^^^^^^^^^^^^^\n  File "C:\\Users\\VIDYANKSHINI\\AppData\\Local\\Programs\\Python\\Python313\\Lib\\encodings\\cp1252.py", line 19, in encode\n    return codecs.charmap_encode(input,self.errors,encoding_table)[0]\n           ~~~~~~~~~~~~~~~~~~~~~^^^^^^^^^^^^^^^^^^^^^^^^^^^^^^^^^^\nUnicodeEncodeError: 'charmap' codec can't encode character '\\u2713' in position 60: character maps to <undefined>\nCall stack:\n  File "C:\\Users\\VIDYANKSHINI\\AppData\\Local\\Programs\\Python\\Python313\\Lib\\threading.py", line 1012, in _bootstrap\n    self._bootstrap_inner()\n  File "C:\\Users\\VIDYANKSHINI\\AppData\\Local\\Programs\\Python\\Python313\\Lib\\threading.py", line 1041, in _bootstrap_inner\n    self.run()\n  File "C:\\Users\\VIDYANKSHINI\\AppData\\Local\\Programs\\Python\\Python313\\Lib\\threading.py", line 992, in run\n    self._target(*self._args, **self._kwargs)\n  File "C:\\Users\\VIDYANKSHINI\\AppData\\Local\\Programs\\Python\\Python313\\Lib\\site-packages\\anyio\\from_thread.py", line 532, in run_blocking_portal\n    run_eventloop(\n  File "C:\\Users\\VIDYANKSHINI\\AppData\\Local\\Programs\\Python\\Python313\\Lib\\site-packages\\anyio\\_core\\_eventloop.py", line 77, in run\n    return async_backend.run(func, args, {}, backend_options)\n  File "C:\\Users\\VIDYANKSHINI\\AppData\\Local\\Programs\\Python\\Python313\\Lib\\site-packages\\anyio\\_backends\\_asyncio.py", line 2358, in run\n    return runner.run(wrapper())\n  File "C:\\Users\\VIDYANKSHINI\\AppData\\Local\\Programs\\Python\\Python313\\Lib\\asyncio\\runners.py", line 118, in run\n    return self._loop.run_until_complete(task)\n  File "C:\\Users\\VIDYANKSHINI\\AppData\\Local\\Programs\\Python\\Python313\\Lib\\asyncio\\base_events.py", line 712, in run_until_complete\n    self.run_forever()\n  File "C:\\Users\\VIDYANKSHINI\\AppData\\Local\\Programs\\Python\\Python313\\Lib\\asyncio\\base_events.py", line 683, in run_forever\n    self._run_once()\n  File "C:\\Users\\VIDYANKSHINI\\AppData\\Local\\Programs\\Python\\Python313\\Lib\\asyncio\\base_events.py", line 2040, in _run_once\n    handle._run()\n  File "C:\\Users\\VIDYANKSHINI\\AppData\\Local\\Programs\\Python\\Python313\\Lib\\asyncio\\events.py", line 89, in _run\n    self._context.run(self._callback, *self._args)\n  File "C:\\Users\\VIDYANKSHINI\\AppData\\Local\\Programs\\Python\\Python313\\Lib\\site-packages\\anyio\\from_thread.py", line 259, in _call_func\n    retval = await retval_or_awaitable\n  File "C:\\Users\\VIDYANKSHINI\\AppData\\Local\\Programs\\Python\\Python313\\Lib\\site-packages\\fastapi\\applications.py", line 1159, in __call__\n    await super().__call__(scope, receive, send)\n  File "C:\\Users\\VIDYANKSHINI\\AppData\\Local\\Programs\\Python\\Python313\\Lib\\site-packages\\starlette\\applications.py", line 107, in __call__\n    await self.middleware_stack(scope, receive, send)\n  File "C:\\Users\\VIDYANKSHINI\\AppData\\Local\\Programs\\Python\\Python313\\Lib\\site-packages\\starlette\\middleware\\errors.py", line 164, in __call__\n    await self.app(scope, receive, _send)\n  File "C:\\Users\\VIDYANKSHINI\\AppData\\Local\\Programs\\Python\\Python313\\Lib\\site-packages\\starlette\\middleware\\cors.py", line 87, in __call__\n    await self.app(scope, receive, send)\n  File "C:\\Users\\VIDYANKSHINI\\AppData\\Local\\Programs\\Python\\Python313\\Lib\\site-packages\\starlette\\middleware\\exceptions.py", line 63, in __call__\n    await wrap_app_handling_exceptions(self.app, conn)(scope, receive, send)\n  File "C:\\Users\\VIDYANKSHINI\\AppData\\Local\\Programs\\Python\\Python313\\Lib\\site-packages\\starlette\\_exception_handler.py", line 42, in wrapped_app\n    await app(scope, receive, sender)\n  File "C:\\Users\\VIDYANKSHINI\\AppData\\Local\\Programs\\Python\\Python313\\Lib\\site-packages\\fastapi\\middleware\\asyncexitstack.py", line 18, in __call__\n    await self.app(scope, receive, send)\n  File "C:\\Users\\VIDYANKSHINI\\AppData\\Local\\Programs\\Python\\Python313\\Lib\\site-packages\\starlette\\routing.py", line 716, in __call__\n    await self.middleware_stack(scope, receive, send)\n  File "C:\\Users\\VIDYANKSHINI\\AppData\\Local\\Programs\\Python\\Python313\\Lib\\site-packages\\starlette\\routing.py", line 736, in app\n    await route.handle(scope, receive, send)\n  File "C:\\Users\\VIDYANKSHINI\\AppData\\Local\\Programs\\Python\\Python313\\Lib\\site-packages\\starlette\\routing.py", line 290, in handle\n    await self.app(scope, receive, send)\n  File "C:\\Users\\VIDYANKSHINI\\AppData\\Local\\Programs\\Python\\Python313\\Lib\\site-packages\\fastapi\\routing.py", line 134, in app\n    await wrap_app_handling_exceptions(app, request)(scope, receive, send)\n  File "C:\\Users\\VIDYANKSHINI\\AppData\\Local\\Programs\\Python\\Python313\\Lib\\site-packages\\starlette\\_exception_handler.py", line 42, in wrapped_app\n    await app(scope, receive, sender)\n  File "C:\\Users\\VIDYANKSHINI\\AppData\\Local\\Programs\\Python\\Python313\\Lib\\site-packages\\fastapi\\routing.py", line 120, in app\n    response = await f(request)\n  File "C:\\Users\\VIDYANKSHINI\\AppData\\Local\\Programs\\Python\\Python313\\Lib\\site-packages\\fastapi\\routing.py", line 674, in app\n    raw_response = await run_endpoint_function(\n  File "C:\\Users\\VIDYANKSHINI\\AppData\\Local\\Programs\\Python\\Python313\\Lib\\site-packages\\fastapi\\routing.py", line 328, in run_endpoint_function\n    return await dependant.call(**values)\n  File "C:\\Users\\VIDYANKSHINI\\Desktop\\project\\SecuScan\\backend\\secuscan\\routes.py", line 269, in start_task\n    plugin_manager = await get_plugin_manager_for_request()\n  File "C:\\Users\\VIDYANKSHINI\\Desktop\\project\\SecuScan\\backend\\secuscan\\routes.py", line 177, in get_plugin_manager_for_request\n    return await init_plugins(settings.plugins_dir)\n  File "C:\\Users\\VIDYANKSHINI\\Desktop\\project\\SecuScan\\backend\\secuscan\\plugins.py", line 382, in init_plugins\n    await plugin_manager.load_plugins()\n  File "C:\\Users\\VIDYANKSHINI\\Desktop\\project\\SecuScan\\backend\\secuscan\\plugins.py", line 59, in load_plugins\n    logger.info(f"\u2713 Loaded plugin: {plugin_meta.name} v{plugin_meta.version}")\nMessage: '\u2713 Loaded plugin: Exploitation Connector v1.0.0'\nArguments: ()\n--- Logging error ---\nTraceback (most recent call last):\n  File "C:\\Users\\VIDYANKSHINI\\AppData\\Local\\Programs\\Python\\Python313\\Lib\\logging\\__init__.py", line 1153, in emit\n    stream.write(msg + self.terminator)\n    ~~~~~~~~~~~~^^^^^^^^^^^^^^^^^^^^^^^\n  File "C:\\Users\\VIDYANKSHINI\\AppData\\Local\\Programs\\Python\\Python313\\Lib\\encodings\\cp1252.py", line 19, in encode\n    return codecs.charmap_encode(input,self.errors,encoding_table)[0]\n           ~~~~~~~~~~~~~~~~~~~~~^^^^^^^^^^^^^^^^^^^^^^^^^^^^^^^^^^\nUnicodeEncodeError: 'charmap' codec can't encode character '\\u2713' in position 60: character maps to <undefined>\nCall stack:\n  File "C:\\Users\\VIDYANKSHINI\\AppData\\Local\\Programs\\Python\\Python313\\Lib\\threading.py", line 1012, in _bootstrap\n    self._bootstrap_inner()\n  File "C:\\Users\\VIDYANKSHINI\\AppData\\Local\\Programs\\Python\\Python313\\Lib\\threading.py", line 1041, in _bootstrap_inner\n    self.run()\n  File "C:\\Users\\VIDYANKSHINI\\AppData\\Local\\Programs\\Python\\Python313\\Lib\\threading.py", line 992, in run\n    self._target(*self._args, **self._kwargs)\n  File "C:\\Users\\VIDYANKSHINI\\AppData\\Local\\Programs\\Python\\Python313\\Lib\\site-packages\\anyio\\from_thread.py", line 532, in run_blocking_portal\n    run_eventloop(\n  File "C:\\Users\\VIDYANKSHINI\\AppData\\Local\\Programs\\Python\\Python313\\Lib\\site-packages\\anyio\\_core\\_eventloop.py", line 77, in run\n    return async_backend.run(func, args, {}, backend_options)\n  File "C:\\Users\\VIDYANKSHINI\\AppData\\Local\\Programs\\Python\\Python313\\Lib\\site-packages\\anyio\\_backends\\_asyncio.py", line 2358, in run\n    return runner.run(wrapper())\n  File "C:\\Users\\VIDYANKSHINI\\AppData\\Local\\Programs\\Python\\Python313\\Lib\\asyncio\\runners.py", line 118, in run\n    return self._loop.run_until_complete(task)\n  File "C:\\Users\\VIDYANKSHINI\\AppData\\Local\\Programs\\Python\\Python313\\Lib\\asyncio\\base_events.py", line 712, in run_until_complete\n    self.run_forever()\n  File "C:\\Users\\VIDYANKSHINI\\AppData\\Local\\Programs\\Python\\Python313\\Lib\\asyncio\\base_events.py", line 683, in run_forever\n    self._run_once()\n  File "C:\\Users\\VIDYANKSHINI\\AppData\\Local\\Programs\\Python\\Python313\\Lib\\asyncio\\base_events.py", line 2040, in _run_once\n    handle._run()\n  File "C:\\Users\\VIDYANKSHINI\\AppData\\Local\\Programs\\Python\\Python313\\Lib\\asyncio\\events.py", line 89, in _run\n    self._context.run(self._callback, *self._args)\n  File "C:\\Users\\VIDYANKSHINI\\AppData\\Local\\Programs\\Python\\Python313\\Lib\\site-packages\\anyio\\from_thread.py", line 259, in _call_func\n    retval = await retval_or_awaitable\n  File "C:\\Users\\VIDYANKSHINI\\AppData\\Local\\Programs\\Python\\Python313\\Lib\\site-packages\\fastapi\\applications.py", line 1159, in __call__\n    await super().__call__(scope, receive, send)\n  File "C:\\Users\\VIDYANKSHINI\\AppData\\Local\\Programs\\Python\\Python313\\Lib\\site-packages\\starlette\\applications.py", line 107, in __call__\n    await self.middleware_stack(scope, receive, send)\n  File "C:\\Users\\VIDYANKSHINI\\AppData\\Local\\Programs\\Python\\Python313\\Lib\\site-packages\\starlette\\middleware\\errors.py", line 164, in __call__\n    await self.app(scope, receive, _send)\n  File "C:\\Users\\VIDYANKSHINI\\AppData\\Local\\Programs\\Python\\Python313\\Lib\\site-packages\\starlette\\middleware\\cors.py", line 87, in __call__\n    await self.app(scope, receive, send)\n  File "C:\\Users\\VIDYANKSHINI\\AppData\\Local\\Programs\\Python\\Python313\\Lib\\site-packages\\starlette\\middleware\\exceptions.py", line 63, in __call__\n    await wrap_app_handling_exceptions(self.app, conn)(scope, receive, send)\n  File "C:\\Users\\VIDYANKSHINI\\AppData\\Local\\Programs\\Python\\Python313\\Lib\\site-packages\\starlette\\_exception_handler.py", line 42, in wrapped_app\n    await app(scope, receive, sender)\n  File "C:\\Users\\VIDYANKSHINI\\AppData\\Local\\Programs\\Python\\Python313\\Lib\\site-packages\\fastapi\\middleware\\asyncexitstack.py", line 18, in __call__\n    await self.app(scope, receive, send)\n  File "C:\\Users\\VIDYANKSHINI\\AppData\\Local\\Programs\\Python\\Python313\\Lib\\site-packages\\starlette\\routing.py", line 716, in __call__\n    await self.middleware_stack(scope, receive, send)\n  File "C:\\Users\\VIDYANKSHINI\\AppData\\Local\\Programs\\Python\\Python313\\Lib\\site-packages\\starlette\\routing.py", line 736, in app\n    await route.handle(scope, receive, send)\n  File "C:\\Users\\VIDYANKSHINI\\AppData\\Local\\Programs\\Python\\Python313\\Lib\\site-packages\\starlette\\routing.py", line 290, in handle\n    await self.app(scope, receive, send)\n  File "C:\\Users\\VIDYANKSHINI\\AppData\\Local\\Programs\\Python\\Python313\\Lib\\site-packages\\fastapi\\routing.py", line 134, in app\n    await wrap_app_handling_exceptions(app, request)(scope, receive, send)\n  File "C:\\Users\\VIDYANKSHINI\\AppData\\Local\\Programs\\Python\\Python313\\Lib\\site-packages\\starlette\\_exception_handler.py", line 42, in wrapped_app\n    await app(scope, receive, sender)\n  File "C:\\Users\\VIDYANKSHINI\\AppData\\Local\\Programs\\Python\\Python313\\Lib\\site-packages\\fastapi\\routing.py", line 120, in app\n    response = await f(request)\n  File "C:\\Users\\VIDYANKSHINI\\AppData\\Local\\Programs\\Python\\Python313\\Lib\\site-packages\\fastapi\\routing.py", line 674, in app\n    raw_response = await run_endpoint_function(\n  File "C:\\Users\\VIDYANKSHINI\\AppData\\Local\\Programs\\Python\\Python313\\Lib\\site-packages\\fastapi\\routing.py", line 328, in run_endpoint_function\n    return await dependant.call(**values)\n  File "C:\\Users\\VIDYANKSHINI\\Desktop\\project\\SecuScan\\backend\\secuscan\\routes.py", line 269, in start_task\n    plugin_manager = await get_plugin_manager_for_request()\n  File "C:\\Users\\VIDYANKSHINI\\Desktop\\project\\SecuScan\\backend\\secuscan\\routes.py", line 177, in get_plugin_manager_for_request\n    return await init_plugins(settings.plugins_dir)\n  File "C:\\Users\\VIDYANKSHINI\\Desktop\\project\\SecuScan\\backend\\secuscan\\plugins.py", line 382, in init_plugins\n    await plugin_manager.load_plugins()\n  File "C:\\Users\\VIDYANKSHINI\\Desktop\\project\\SecuScan\\backend\\secuscan\\plugins.py", line 59, in load_plugins\n    logger.info(f"\u2713 Loaded plugin: {plugin_meta.name} v{plugin_meta.version}")\nMessage: '\u2713 Loaded plugin: Network Scanner v1.0.0'\nArguments: ()\n--- Logging error ---\nTraceback (most recent call last):\n  File "C:\\Users\\VIDYANKSHINI\\AppData\\Local\\Programs\\Python\\Python313\\Lib\\logging\\__init__.py", line 1153, in emit\n    stream.write(msg + self.terminator)\n    ~~~~~~~~~~~~^^^^^^^^^^^^^^^^^^^^^^^\n  File "C:\\Users\\VIDYANKSHINI\\AppData\\Local\\Programs\\Python\\Python313\\Lib\\encodings\\cp1252.py", line 19, in encode\n    return codecs.charmap_encode(input,self.errors,encoding_table)[0]\n           ~~~~~~~~~~~~~~~~~~~~~^^^^^^^^^^^^^^^^^^^^^^^^^^^^^^^^^^\nUnicodeEncodeError: 'charmap' codec can't encode character '\\u2713' in position 60: character maps to <undefined>\nCall stack:\n  File "C:\\Users\\VIDYANKSHINI\\AppData\\Local\\Programs\\Python\\Python313\\Lib\\threading.py", line 1012, in _bootstrap\n    self._bootstrap_inner()\n  File "C:\\Users\\VIDYANKSHINI\\AppData\\Local\\Programs\\Python\\Python313\\Lib\\threading.py", line 1041, in _bootstrap_inner\n    self.run()\n  File "C:\\Users\\VIDYANKSHINI\\AppData\\Local\\Programs\\Python\\Python313\\Lib\\threading.py", line 992, in run\n    self._target(*self._args, **self._kwargs)\n  File "C:\\Users\\VIDYANKSHINI\\AppData\\Local\\Programs\\Python\\Python313\\Lib\\site-packages\\anyio\\from_thread.py", line 532, in run_blocking_portal\n    run_eventloop(\n  File "C:\\Users\\VIDYANKSHINI\\AppData\\Local\\Programs\\Python\\Python313\\Lib\\site-packages\\anyio\\_core\\_eventloop.py", line 77, in run\n    return async_backend.run(func, args, {}, backend_options)\n  File "C:\\Users\\VIDYANKSHINI\\AppData\\Local\\Programs\\Python\\Python313\\Lib\\site-packages\\anyio\\_backends\\_asyncio.py", line 2358, in run\n    return runner.run(wrapper())\n  File "C:\\Users\\VIDYANKSHINI\\AppData\\Local\\Programs\\Python\\Python313\\Lib\\asyncio\\runners.py", line 118, in run\n    return self._loop.run_until_complete(task)\n  File "C:\\Users\\VIDYANKSHINI\\AppData\\Local\\Programs\\Python\\Python313\\Lib\\asyncio\\base_events.py", line 712, in run_until_complete\n    self.run_forever()\n  File "C:\\Users\\VIDYANKSHINI\\AppData\\Local\\Programs\\Python\\Python313\\Lib\\asyncio\\base_events.py", line 683, in run_forever\n    self._run_once()\n  File "C:\\Users\\VIDYANKSHINI\\AppData\\Local\\Programs\\Python\\Python313\\Lib\\asyncio\\base_events.py", line 2040, in _run_once\n    handle._run()\n  File "C:\\Users\\VIDYANKSHINI\\AppData\\Local\\Programs\\Python\\Python313\\Lib\\asyncio\\events.py", line 89, in _run\n    self._context.run(self._callback, *self._args)\n  File "C:\\Users\\VIDYANKSHINI\\AppData\\Local\\Programs\\Python\\Python313\\Lib\\site-packages\\anyio\\from_thread.py", line 259, in _call_func\n    retval = await retval_or_awaitable\n  File "C:\\Users\\VIDYANKSHINI\\AppData\\Local\\Programs\\Python\\Python313\\Lib\\site-packages\\fastapi\\applications.py", line 1159, in __call__\n    await super().__call__(scope, receive, send)\n  File "C:\\Users\\VIDYANKSHINI\\AppData\\Local\\Programs\\Python\\Python313\\Lib\\site-packages\\starlette\\applications.py", line 107, in __call__\n    await self.middleware_stack(scope, receive, send)\n  File "C:\\Users\\VIDYANKSHINI\\AppData\\Local\\Programs\\Python\\Python313\\Lib\\site-packages\\starlette\\middleware\\errors.py", line 164, in __call__\n    await self.app(scope, receive, _send)\n  File "C:\\Users\\VIDYANKSHINI\\AppData\\Local\\Programs\\Python\\Python313\\Lib\\site-packages\\starlette\\middleware\\cors.py", line 87, in __call__\n    await self.app(scope, receive, send)\n  File "C:\\Users\\VIDYANKSHINI\\AppData\\Local\\Programs\\Python\\Python313\\Lib\\site-packages\\starlette\\middleware\\exceptions.py", line 63, in __call__\n    await wrap_app_handling_exceptions(self.app, conn)(scope, receive, send)\n  File "C:\\Users\\VIDYANKSHINI\\AppData\\Local\\Programs\\Python\\Python313\\Lib\\site-packages\\starlette\\_exception_handler.py", line 42, in wrapped_app\n    await app(scope, receive, sender)\n  File "C:\\Users\\VIDYANKSHINI\\AppData\\Local\\Programs\\Python\\Python313\\Lib\\site-packages\\fastapi\\middleware\\asyncexitstack.py", line 18, in __call__\n    await self.app(scope, receive, send)\n  File "C:\\Users\\VIDYANKSHINI\\AppData\\Local\\Programs\\Python\\Python313\\Lib\\site-packages\\starlette\\routing.py", line 716, in __call__\n    await self.middleware_stack(scope, receive, send)\n  File "C:\\Users\\VIDYANKSHINI\\AppData\\Local\\Programs\\Python\\Python313\\Lib\\site-packages\\starlette\\routing.py", line 736, in app\n    await route.handle(scope, receive, send)\n  File "C:\\Users\\VIDYANKSHINI\\AppData\\Local\\Programs\\Python\\Python313\\Lib\\site-packages\\starlette\\routing.py", line 290, in handle\n    await self.app(scope, receive, send)\n  File "C:\\Users\\VIDYANKSHINI\\AppData\\Local\\Programs\\Python\\Python313\\Lib\\site-packages\\fastapi\\routing.py", line 134, in app\n    await wrap_app_handling_exceptions(app, request)(scope, receive, send)\n  File "C:\\Users\\VIDYANKSHINI\\AppData\\Local\\Programs\\Python\\Python313\\Lib\\site-packages\\starlette\\_exception_handler.py", line 42, in wrapped_app\n    await app(scope, receive, sender)\n  File "C:\\Users\\VIDYANKSHINI\\AppData\\Local\\Programs\\Python\\Python313\\Lib\\site-packages\\fastapi\\routing.py", line 120, in app\n    response = await f(request)\n  File "C:\\Users\\VIDYANKSHINI\\AppData\\Local\\Programs\\Python\\Python313\\Lib\\site-packages\\fastapi\\routing.py", line 674, in app\n    raw_response = await run_endpoint_function(\n  File "C:\\Users\\VIDYANKSHINI\\AppData\\Local\\Programs\\Python\\Python313\\Lib\\site-packages\\fastapi\\routing.py", line 328, in run_endpoint_function\n    return await dependant.call(**values)\n  File "C:\\Users\\VIDYANKSHINI\\Desktop\\project\\SecuScan\\backend\\secuscan\\routes.py", line 269, in start_task\n    plugin_manager = await get_plugin_manager_for_request()\n  File "C:\\Users\\VIDYANKSHINI\\Desktop\\project\\SecuScan\\backend\\secuscan\\routes.py", line 177, in get_plugin_manager_for_request\n    return await init_plugins(settings.plugins_dir)\n  File "C:\\Users\\VIDYANKSHINI\\Desktop\\project\\SecuScan\\backend\\secuscan\\plugins.py", line 382, in init_plugins\n    await plugin_manager.load_plugins()\n  File "C:\\Users\\VIDYANKSHINI\\Desktop\\project\\SecuScan\\backend\\secuscan\\plugins.py", line 59, in load_plugins\n    logger.info(f"\u2713 Loaded plugin: {plugin_meta.name} v{plugin_meta.version}")\nMessage: '\u2713 Loaded plugin: Nikto v1.1.0'\nArguments: ()\n--- Logging error ---\nTraceback (most recent call last):\n  File "C:\\Users\\VIDYANKSHINI\\AppData\\Local\\Programs\\Python\\Python313\\Lib\\logging\\__init__.py", line 1153, in emit\n    stream.write(msg + self.terminator)\n    ~~~~~~~~~~~~^^^^^^^^^^^^^^^^^^^^^^^\n  File "C:\\Users\\VIDYANKSHINI\\AppData\\Local\\Programs\\Python\\Python313\\Lib\\encodings\\cp1252.py", line 19, in encode\n    return codecs.charmap_encode(input,self.errors,encoding_table)[0]\n           ~~~~~~~~~~~~~~~~~~~~~^^^^^^^^^^^^^^^^^^^^^^^^^^^^^^^^^^\nUnicodeEncodeError: 'charmap' codec can't encode character '\\u2713' in position 60: character maps to <undefined>\nCall stack:\n  File "C:\\Users\\VIDYANKSHINI\\AppData\\Local\\Programs\\Python\\Python313\\Lib\\threading.py", line 1012, in _bootstrap\n    self._bootstrap_inner()\n  File "C:\\Users\\VIDYANKSHINI\\AppData\\Local\\Programs\\Python\\Python313\\Lib\\threading.py", line 1041, in _bootstrap_inner\n    self.run()\n  File "C:\\Users\\VIDYANKSHINI\\AppData\\Local\\Programs\\Python\\Python313\\Lib\\threading.py", line 992, in run\n    self._target(*self._args, **self._kwargs)\n  File "C:\\Users\\VIDYANKSHINI\\AppData\\Local\\Programs\\Python\\Python313\\Lib\\site-packages\\anyio\\from_thread.py", line 532, in run_blocking_portal\n    run_eventloop(\n  File "C:\\Users\\VIDYANKSHINI\\AppData\\Local\\Programs\\Python\\Python313\\Lib\\site-packages\\anyio\\_core\\_eventloop.py", line 77, in run\n    return async_backend.run(func, args, {}, backend_options)\n  File "C:\\Users\\VIDYANKSHINI\\AppData\\Local\\Programs\\Python\\Python313\\Lib\\site-packages\\anyio\\_backends\\_asyncio.py", line 2358, in run\n    return runner.run(wrapper())\n  File "C:\\Users\\VIDYANKSHINI\\AppData\\Local\\Programs\\Python\\Python313\\Lib\\asyncio\\runners.py", line 118, in run\n    return self._loop.run_until_complete(task)\n  File "C:\\Users\\VIDYANKSHINI\\AppData\\Local\\Programs\\Python\\Python313\\Lib\\asyncio\\base_events.py", line 712, in run_until_complete\n    self.run_forever()\n  File "C:\\Users\\VIDYANKSHINI\\AppData\\Local\\Programs\\Python\\Python313\\Lib\\asyncio\\base_events.py", line 683, in run_forever\n    self._run_once()\n  File "C:\\Users\\VIDYANKSHINI\\AppData\\Local\\Programs\\Python\\Python313\\Lib\\asyncio\\base_events.py", line 2040, in _run_once\n    handle._run()\n  File "C:\\Users\\VIDYANKSHINI\\AppData\\Local\\Programs\\Python\\Python313\\Lib\\asyncio\\events.py", line 89, in _run\n    self._context.run(self._callback, *self._args)\n  File "C:\\Users\\VIDYANKSHINI\\AppData\\Local\\Programs\\Python\\Python313\\Lib\\site-packages\\anyio\\from_thread.py", line 259, in _call_func\n    retval = await retval_or_awaitable\n  File "C:\\Users\\VIDYANKSHINI\\AppData\\Local\\Programs\\Python\\Python313\\Lib\\site-packages\\fastapi\\applications.py", line 1159, in __call__\n    await super().__call__(scope, receive, send)\n  File "C:\\Users\\VIDYANKSHINI\\AppData\\Local\\Programs\\Python\\Python313\\Lib\\site-packages\\starlette\\applications.py", line 107, in __call__\n    await self.middleware_stack(scope, receive, send)\n  File "C:\\Users\\VIDYANKSHINI\\AppData\\Local\\Programs\\Python\\Python313\\Lib\\site-packages\\starlette\\middleware\\errors.py", line 164, in __call__\n    await self.app(scope, receive, _send)\n  File "C:\\Users\\VIDYANKSHINI\\AppData\\Local\\Programs\\Python\\Python313\\Lib\\site-packages\\starlette\\middleware\\cors.py", line 87, in __call__\n    await self.app(scope, receive, send)\n  File "C:\\Users\\VIDYANKSHINI\\AppData\\Local\\Programs\\Python\\Python313\\Lib\\site-packages\\starlette\\middleware\\exceptions.py", line 63, in __call__\n    await wrap_app_handling_exceptions(self.app, conn)(scope, receive, send)\n  File "C:\\Users\\VIDYANKSHINI\\AppData\\Local\\Programs\\Python\\Python313\\Lib\\site-packages\\starlette\\_exception_handler.py", line 42, in wrapped_app\n    await app(scope, receive, sender)\n  File "C:\\Users\\VIDYANKSHINI\\AppData\\Local\\Programs\\Python\\Python313\\Lib\\site-packages\\fastapi\\middleware\\asyncexitstack.py", line 18, in __call__\n    await self.app(scope, receive, send)\n  File "C:\\Users\\VIDYANKSHINI\\AppData\\Local\\Programs\\Python\\Python313\\Lib\\site-packages\\starlette\\routing.py", line 716, in __call__\n    await self.middleware_stack(scope, receive, send)\n  File "C:\\Users\\VIDYANKSHINI\\AppData\\Local\\Programs\\Python\\Python313\\Lib\\site-packages\\starlette\\routing.py", line 736, in app\n    await route.handle(scope, receive, send)\n  File "C:\\Users\\VIDYANKSHINI\\AppData\\Local\\Programs\\Python\\Python313\\Lib\\site-packages\\starlette\\routing.py", line 290, in handle\n    await self.app(scope, receive, send)\n  File "C:\\Users\\VIDYANKSHINI\\AppData\\Local\\Programs\\Python\\Python313\\Lib\\site-packages\\fastapi\\routing.py", line 134, in app\n    await wrap_app_handling_exceptions(app, request)(scope, receive, send)\n  File "C:\\Users\\VIDYANKSHINI\\AppData\\Local\\Programs\\Python\\Python313\\Lib\\site-packages\\starlette\\_exception_handler.py", line 42, in wrapped_app\n    await app(scope, receive, sender)\n  File "C:\\Users\\VIDYANKSHINI\\AppData\\Local\\Programs\\Python\\Python313\\Lib\\site-packages\\fastapi\\routing.py", line 120, in app\n    response = await f(request)\n  File "C:\\Users\\VIDYANKSHINI\\AppData\\Local\\Programs\\Python\\Python313\\Lib\\site-packages\\fastapi\\routing.py", line 674, in app\n    raw_response = await run_endpoint_function(\n  File "C:\\Users\\VIDYANKSHINI\\AppData\\Local\\Programs\\Python\\Python313\\Lib\\site-packages\\fastapi\\routing.py", line 328, in run_endpoint_function\n    return await dependant.call(**values)\n  File "C:\\Users\\VIDYANKSHINI\\Desktop\\project\\SecuScan\\backend\\secuscan\\routes.py", line 269, in start_task\n    plugin_manager = await get_plugin_manager_for_request()\n  File "C:\\Users\\VIDYANKSHINI\\Desktop\\project\\SecuScan\\backend\\secuscan\\routes.py", line 177, in get_plugin_manager_for_request\n    return await init_plugins(settings.plugins_dir)\n  File "C:\\Users\\VIDYANKSHINI\\Desktop\\project\\SecuScan\\backend\\secuscan\\plugins.py", line 382, in init_plugins\n    await plugin_manager.load_plugins()\n  File "C:\\Users\\VIDYANKSHINI\\Desktop\\project\\SecuScan\\backend\\secuscan\\plugins.py", line 59, in load_plugins\n    logger.info(f"\u2713 Loaded plugin: {plugin_meta.name} v{plugin_meta.version}")\nMessage: '\u2713 Loaded plugin: Network Scanning v1.0.0'\nArguments: ()\n--- Logging error ---\nTraceback (most recent call last):\n  File "C:\\Users\\VIDYANKSHINI\\AppData\\Local\\Programs\\Python\\Python313\\Lib\\logging\\__init__.py", line 1153, in emit\n    stream.write(msg + self.terminator)\n    ~~~~~~~~~~~~^^^^^^^^^^^^^^^^^^^^^^^\n  File "C:\\Users\\VIDYANKSHINI\\AppData\\Local\\Programs\\Python\\Python313\\Lib\\encodings\\cp1252.py", line 19, in encode\n    return codecs.charmap_encode(input,self.errors,encoding_table)[0]\n           ~~~~~~~~~~~~~~~~~~~~~^^^^^^^^^^^^^^^^^^^^^^^^^^^^^^^^^^\nUnicodeEncodeError: 'charmap' codec can't encode character '\\u2713' in position 60: character maps to <undefined>\nCall stack:\n  File "C:\\Users\\VIDYANKSHINI\\AppData\\Local\\Programs\\Python\\Python313\\Lib\\threading.py", line 1012, in _bootstrap\n    self._bootstrap_inner()\n  File "C:\\Users\\VIDYANKSHINI\\AppData\\Local\\Programs\\Python\\Python313\\Lib\\threading.py", line 1041, in _bootstrap_inner\n    self.run()\n  File "C:\\Users\\VIDYANKSHINI\\AppData\\Local\\Programs\\Python\\Python313\\Lib\\threading.py", line 992, in run\n    self._target(*self._args, **self._kwargs)\n  File "C:\\Users\\VIDYANKSHINI\\AppData\\Local\\Programs\\Python\\Python313\\Lib\\site-packages\\anyio\\from_thread.py", line 532, in run_blocking_portal\n    run_eventloop(\n  File "C:\\Users\\VIDYANKSHINI\\AppData\\Local\\Programs\\Python\\Python313\\Lib\\site-packages\\anyio\\_core\\_eventloop.py", line 77, in run\n    return async_backend.run(func, args, {}, backend_options)\n  File "C:\\Users\\VIDYANKSHINI\\AppData\\Local\\Programs\\Python\\Python313\\Lib\\site-packages\\anyio\\_backends\\_asyncio.py", line 2358, in run\n    return runner.run(wrapper())\n  File "C:\\Users\\VIDYANKSHINI\\AppData\\Local\\Programs\\Python\\Python313\\Lib\\asyncio\\runners.py", line 118, in run\n    return self._loop.run_until_complete(task)\n  File "C:\\Users\\VIDYANKSHINI\\AppData\\Local\\Programs\\Python\\Python313\\Lib\\asyncio\\base_events.py", line 712, in run_until_complete\n    self.run_forever()\n  File "C:\\Users\\VIDYANKSHINI\\AppData\\Local\\Programs\\Python\\Python313\\Lib\\asyncio\\base_events.py", line 683, in run_forever\n    self._run_once()\n  File "C:\\Users\\VIDYANKSHINI\\AppData\\Local\\Programs\\Python\\Python313\\Lib\\asyncio\\base_events.py", line 2040, in _run_once\n    handle._run()\n  File "C:\\Users\\VIDYANKSHINI\\AppData\\Local\\Programs\\Python\\Python313\\Lib\\asyncio\\events.py", line 89, in _run\n    self._context.run(self._callback, *self._args)\n  File "C:\\Users\\VIDYANKSHINI\\AppData\\Local\\Programs\\Python\\Python313\\Lib\\site-packages\\anyio\\from_thread.py", line 259, in _call_func\n    retval = await retval_or_awaitable\n  File "C:\\Users\\VIDYANKSHINI\\AppData\\Local\\Programs\\Python\\Python313\\Lib\\site-packages\\fastapi\\applications.py", line 1159, in __call__\n    await super().__call__(scope, receive, send)\n  File "C:\\Users\\VIDYANKSHINI\\AppData\\Local\\Programs\\Python\\Python313\\Lib\\site-packages\\starlette\\applications.py", line 107, in __call__\n    await self.middleware_stack(scope, receive, send)\n  File "C:\\Users\\VIDYANKSHINI\\AppData\\Local\\Programs\\Python\\Python313\\Lib\\site-packages\\starlette\\middleware\\errors.py", line 164, in __call__\n    await self.app(scope, receive, _send)\n  File "C:\\Users\\VIDYANKSHINI\\AppData\\Local\\Programs\\Python\\Python313\\Lib\\site-packages\\starlette\\middleware\\cors.py", line 87, in __call__\n    await self.app(scope, receive, send)\n  File "C:\\Users\\VIDYANKSHINI\\AppData\\Local\\Programs\\Python\\Python313\\Lib\\site-packages\\starlette\\middleware\\exceptions.py", line 63, in __call__\n    await wrap_app_handling_exceptions(self.app, conn)(scope, receive, send)\n  File "C:\\Users\\VIDYANKSHINI\\AppData\\Local\\Programs\\Python\\Python313\\Lib\\site-packages\\starlette\\_exception_handler.py", line 42, in wrapped_app\n    await app(scope, receive, sender)\n  File "C:\\Users\\VIDYANKSHINI\\AppData\\Local\\Programs\\Python\\Python313\\Lib\\site-packages\\fastapi\\middleware\\asyncexitstack.py", line 18, in __call__\n    await self.app(scope, receive, send)\n  File "C:\\Users\\VIDYANKSHINI\\AppData\\Local\\Programs\\Python\\Python313\\Lib\\site-packages\\starlette\\routing.py", line 716, in __call__\n    await self.middleware_stack(scope, receive, send)\n  File "C:\\Users\\VIDYANKSHINI\\AppData\\Local\\Programs\\Python\\Python313\\Lib\\site-packages\\starlette\\routing.py", line 736, in app\n    await route.handle(scope, receive, send)\n  File "C:\\Users\\VIDYANKSHINI\\AppData\\Local\\Programs\\Python\\Python313\\Lib\\site-packages\\starlette\\routing.py", line 290, in handle\n    await self.app(scope, receive, send)\n  File "C:\\Users\\VIDYANKSHINI\\AppData\\Local\\Programs\\Python\\Python313\\Lib\\site-packages\\fastapi\\routing.py", line 134, in app\n    await wrap_app_handling_exceptions(app, request)(scope, receive, send)\n  File "C:\\Users\\VIDYANKSHINI\\AppData\\Local\\Programs\\Python\\Python313\\Lib\\site-packages\\starlette\\_exception_handler.py", line 42, in wrapped_app\n    await app(scope, receive, sender)\n  File "C:\\Users\\VIDYANKSHINI\\AppData\\Local\\Programs\\Python\\Python313\\Lib\\site-packages\\fastapi\\routing.py", line 120, in app\n    response = await f(request)\n  File "C:\\Users\\VIDYANKSHINI\\AppData\\Local\\Programs\\Python\\Python313\\Lib\\site-packages\\fastapi\\routing.py", line 674, in app\n    raw_response = await run_endpoint_function(\n  File "C:\\Users\\VIDYANKSHINI\\AppData\\Local\\Programs\\Python\\Python313\\Lib\\site-packages\\fastapi\\routing.py", line 328, in run_endpoint_function\n    return await dependant.call(**values)\n  File "C:\\Users\\VIDYANKSHINI\\Desktop\\project\\SecuScan\\backend\\secuscan\\routes.py", line 269, in start_task\n    plugin_manager = await get_plugin_manager_for_request()\n  File "C:\\Users\\VIDYANKSHINI\\Desktop\\project\\SecuScan\\backend\\secuscan\\routes.py", line 177, in get_plugin_manager_for_request\n    return await init_plugins(settings.plugins_dir)\n  File "C:\\Users\\VIDYANKSHINI\\Desktop\\project\\SecuScan\\backend\\secuscan\\plugins.py", line 382, in init_plugins\n    await plugin_manager.load_plugins()\n  File "C:\\Users\\VIDYANKSHINI\\Desktop\\project\\SecuScan\\backend\\secuscan\\plugins.py", line 59, in load_plugins\n    logger.info(f"\u2713 Loaded plugin: {plugin_meta.name} v{plugin_meta.version}")\nMessage: '\u2713 Loaded plugin: Template Vulnerability Scan v1.0.0'\nArguments: ()\n--- Logging error ---\nTraceback (most recent call last):\n  File "C:\\Users\\VIDYANKSHINI\\AppData\\Local\\Programs\\Python\\Python313\\Lib\\logging\\__init__.py", line 1153, in emit\n    stream.write(msg + self.terminator)\n    ~~~~~~~~~~~~^^^^^^^^^^^^^^^^^^^^^^^\n  File "C:\\Users\\VIDYANKSHINI\\AppData\\Local\\Programs\\Python\\Python313\\Lib\\encodings\\cp1252.py", line 19, in encode\n    return codecs.charmap_encode(input,self.errors,encoding_table)[0]\n           ~~~~~~~~~~~~~~~~~~~~~^^^^^^^^^^^^^^^^^^^^^^^^^^^^^^^^^^\nUnicodeEncodeError: 'charmap' codec can't encode character '\\u2713' in position 60: character maps to <undefined>\nCall stack:\n  File "C:\\Users\\VIDYANKSHINI\\AppData\\Local\\Programs\\Python\\Python313\\Lib\\threading.py", line 1012, in _bootstrap\n    self._bootstrap_inner()\n  File "C:\\Users\\VIDYANKSHINI\\AppData\\Local\\Programs\\Python\\Python313\\Lib\\threading.py", line 1041, in _bootstrap_inner\n    self.run()\n  File "C:\\Users\\VIDYANKSHINI\\AppData\\Local\\Programs\\Python\\Python313\\Lib\\threading.py", line 992, in run\n    self._target(*self._args, **self._kwargs)\n  File "C:\\Users\\VIDYANKSHINI\\AppData\\Local\\Programs\\Python\\Python313\\Lib\\site-packages\\anyio\\from_thread.py", line 532, in run_blocking_portal\n    run_eventloop(\n  File "C:\\Users\\VIDYANKSHINI\\AppData\\Local\\Programs\\Python\\Python313\\Lib\\site-packages\\anyio\\_core\\_eventloop.py", line 77, in run\n    return async_backend.run(func, args, {}, backend_options)\n  File "C:\\Users\\VIDYANKSHINI\\AppData\\Local\\Programs\\Python\\Python313\\Lib\\site-packages\\anyio\\_backends\\_asyncio.py", line 2358, in run\n    return runner.run(wrapper())\n  File "C:\\Users\\VIDYANKSHINI\\AppData\\Local\\Programs\\Python\\Python313\\Lib\\asyncio\\runners.py", line 118, in run\n    return self._loop.run_until_complete(task)\n  File "C:\\Users\\VIDYANKSHINI\\AppData\\Local\\Programs\\Python\\Python313\\Lib\\asyncio\\base_events.py", line 712, in run_until_complete\n    self.run_forever()\n  File "C:\\Users\\VIDYANKSHINI\\AppData\\Local\\Programs\\Python\\Python313\\Lib\\asyncio\\base_events.py", line 683, in run_forever\n    self._run_once()\n  File "C:\\Users\\VIDYANKSHINI\\AppData\\Local\\Programs\\Python\\Python313\\Lib\\asyncio\\base_events.py", line 2040, in _run_once\n    handle._run()\n  File "C:\\Users\\VIDYANKSHINI\\AppData\\Local\\Programs\\Python\\Python313\\Lib\\asyncio\\events.py", line 89, in _run\n    self._context.run(self._callback, *self._args)\n  File "C:\\Users\\VIDYANKSHINI\\AppData\\Local\\Programs\\Python\\Python313\\Lib\\site-packages\\anyio\\from_thread.py", line 259, in _call_func\n    retval = await retval_or_awaitable\n  File "C:\\Users\\VIDYANKSHINI\\AppData\\Local\\Programs\\Python\\Python313\\Lib\\site-packages\\fastapi\\applications.py", line 1159, in __call__\n    await super().__call__(scope, receive, send)\n  File "C:\\Users\\VIDYANKSHINI\\AppData\\Local\\Programs\\Python\\Python313\\Lib\\site-packages\\starlette\\applications.py", line 107, in __call__\n    await self.middleware_stack(scope, receive, send)\n  File "C:\\Users\\VIDYANKSHINI\\AppData\\Local\\Programs\\Python\\Python313\\Lib\\site-packages\\starlette\\middleware\\errors.py", line 164, in __call__\n    await self.app(scope, receive, _send)\n  File "C:\\Users\\VIDYANKSHINI\\AppData\\Local\\Programs\\Python\\Python313\\Lib\\site-packages\\starlette\\middleware\\cors.py", line 87, in __call__\n    await self.app(scope, receive, send)\n  File "C:\\Users\\VIDYANKSHINI\\AppData\\Local\\Programs\\Python\\Python313\\Lib\\site-packages\\starlette\\middleware\\exceptions.py", line 63, in __call__\n    await wrap_app_handling_exceptions(self.app, conn)(scope, receive, send)\n  File "C:\\Users\\VIDYANKSHINI\\AppData\\Local\\Programs\\Python\\Python313\\Lib\\site-packages\\starlette\\_exception_handler.py", line 42, in wrapped_app\n    await app(scope, receive, sender)\n  File "C:\\Users\\VIDYANKSHINI\\AppData\\Local\\Programs\\Python\\Python313\\Lib\\site-packages\\fastapi\\middleware\\asyncexitstack.py", line 18, in __call__\n    await self.app(scope, receive, send)\n  File "C:\\Users\\VIDYANKSHINI\\AppData\\Local\\Programs\\Python\\Python313\\Lib\\site-packages\\starlette\\routing.py", line 716, in __call__\n    await self.middleware_stack(scope, receive, send)\n  File "C:\\Users\\VIDYANKSHINI\\AppData\\Local\\Programs\\Python\\Python313\\Lib\\site-packages\\starlette\\routing.py", line 736, in app\n    await route.handle(scope, receive, send)\n  File "C:\\Users\\VIDYANKSHINI\\AppData\\Local\\Programs\\Python\\Python313\\Lib\\site-packages\\starlette\\routing.py", line 290, in handle\n    await self.app(scope, receive, send)\n  File "C:\\Users\\VIDYANKSHINI\\AppData\\Local\\Programs\\Python\\Python313\\Lib\\site-packages\\fastapi\\routing.py", line 134, in app\n    await wrap_app_handling_exceptions(app, request)(scope, receive, send)\n  File "C:\\Users\\VIDYANKSHINI\\AppData\\Local\\Programs\\Python\\Python313\\Lib\\site-packages\\starlette\\_exception_handler.py", line 42, in wrapped_app\n    await app(scope, receive, sender)\n  File "C:\\Users\\VIDYANKSHINI\\AppData\\Local\\Programs\\Python\\Python313\\Lib\\site-packages\\fastapi\\routing.py", line 120, in app\n    response = await f(request)\n  File "C:\\Users\\VIDYANKSHINI\\AppData\\Local\\Programs\\Python\\Python313\\Lib\\site-packages\\fastapi\\routing.py", line 674, in app\n    raw_response = await run_endpoint_function(\n  File "C:\\Users\\VIDYANKSHINI\\AppData\\Local\\Programs\\Python\\Python313\\Lib\\site-packages\\fastapi\\routing.py", line 328, in run_endpoint_function\n    return await dependant.call(**values)\n  File "C:\\Users\\VIDYANKSHINI\\Desktop\\project\\SecuScan\\backend\\secuscan\\routes.py", line 269, in start_task\n    plugin_manager = await get_plugin_manager_for_request()\n  File "C:\\Users\\VIDYANKSHINI\\Desktop\\project\\SecuScan\\backend\\secuscan\\routes.py", line 177, in get_plugin_manager_for_request\n    return await init_plugins(settings.plugins_dir)\n  File "C:\\Users\\VIDYANKSHINI\\Desktop\\project\\SecuScan\\backend\\secuscan\\plugins.py", line 382, in init_plugins\n    await plugin_manager.load_plugins()\n  File "C:\\Users\\VIDYANKSHINI\\Desktop\\project\\SecuScan\\backend\\secuscan\\plugins.py", line 59, in load_plugins\n    logger.info(f"\u2713 Loaded plugin: {plugin_meta.name} v{plugin_meta.version}")\nMessage: '\u2713 Loaded plugin: Password Auditor v1.0.0'\nArguments: ()\n--- Logging error ---\nTraceback (most recent call last):\n  File "C:\\Users\\VIDYANKSHINI\\AppData\\Local\\Programs\\Python\\Python313\\Lib\\logging\\__init__.py", line 1153, in emit\n    stream.write(msg + self.terminator)\n    ~~~~~~~~~~~~^^^^^^^^^^^^^^^^^^^^^^^\n  File "C:\\Users\\VIDYANKSHINI\\AppData\\Local\\Programs\\Python\\Python313\\Lib\\encodings\\cp1252.py", line 19, in encode\n    return codecs.charmap_encode(input,self.errors,encoding_table)[0]\n           ~~~~~~~~~~~~~~~~~~~~~^^^^^^^^^^^^^^^^^^^^^^^^^^^^^^^^^^\nUnicodeEncodeError: 'charmap' codec can't encode character '\\u2713' in position 60: character maps to <undefined>\nCall stack:\n  File "C:\\Users\\VIDYANKSHINI\\AppData\\Local\\Programs\\Python\\Python313\\Lib\\threading.py", line 1012, in _bootstrap\n    self._bootstrap_inner()\n  File "C:\\Users\\VIDYANKSHINI\\AppData\\Local\\Programs\\Python\\Python313\\Lib\\threading.py", line 1041, in _bootstrap_inner\n    self.run()\n  File "C:\\Users\\VIDYANKSHINI\\AppData\\Local\\Programs\\Python\\Python313\\Lib\\threading.py", line 992, in run\n    self._target(*self._args, **self._kwargs)\n  File "C:\\Users\\VIDYANKSHINI\\AppData\\Local\\Programs\\Python\\Python313\\Lib\\site-packages\\anyio\\from_thread.py", line 532, in run_blocking_portal\n    run_eventloop(\n  File "C:\\Users\\VIDYANKSHINI\\AppData\\Local\\Programs\\Python\\Python313\\Lib\\site-packages\\anyio\\_core\\_eventloop.py", line 77, in run\n    return async_backend.run(func, args, {}, backend_options)\n  File "C:\\Users\\VIDYANKSHINI\\AppData\\Local\\Programs\\Python\\Python313\\Lib\\site-packages\\anyio\\_backends\\_asyncio.py", line 2358, in run\n    return runner.run(wrapper())\n  File "C:\\Users\\VIDYANKSHINI\\AppData\\Local\\Programs\\Python\\Python313\\Lib\\asyncio\\runners.py", line 118, in run\n    return self._loop.run_until_complete(task)\n  File "C:\\Users\\VIDYANKSHINI\\AppData\\Local\\Programs\\Python\\Python313\\Lib\\asyncio\\base_events.py", line 712, in run_until_complete\n    self.run_forever()\n  File "C:\\Users\\VIDYANKSHINI\\AppData\\Local\\Programs\\Python\\Python313\\Lib\\asyncio\\base_events.py", line 683, in run_forever\n    self._run_once()\n  File "C:\\Users\\VIDYANKSHINI\\AppData\\Local\\Programs\\Python\\Python313\\Lib\\asyncio\\base_events.py", line 2040, in _run_once\n    handle._run()\n  File "C:\\Users\\VIDYANKSHINI\\AppData\\Local\\Programs\\Python\\Python313\\Lib\\asyncio\\events.py", line 89, in _run\n    self._context.run(self._callback, *self._args)\n  File "C:\\Users\\VIDYANKSHINI\\AppData\\Local\\Programs\\Python\\Python313\\Lib\\site-packages\\anyio\\from_thread.py", line 259, in _call_func\n    retval = await retval_or_awaitable\n  File "C:\\Users\\VIDYANKSHINI\\AppData\\Local\\Programs\\Python\\Python313\\Lib\\site-packages\\fastapi\\applications.py", line 1159, in __call__\n    await super().__call__(scope, receive, send)\n  File "C:\\Users\\VIDYANKSHINI\\AppData\\Local\\Programs\\Python\\Python313\\Lib\\site-packages\\starlette\\applications.py", line 107, in __call__\n    await self.middleware_stack(scope, receive, send)\n  File "C:\\Users\\VIDYANKSHINI\\AppData\\Local\\Programs\\Python\\Python313\\Lib\\site-packages\\starlette\\middleware\\errors.py", line 164, in __call__\n    await self.app(scope, receive, _send)\n  File "C:\\Users\\VIDYANKSHINI\\AppData\\Local\\Programs\\Python\\Python313\\Lib\\site-packages\\starlette\\middleware\\cors.py", line 87, in __call__\n    await self.app(scope, receive, send)\n  File "C:\\Users\\VIDYANKSHINI\\AppData\\Local\\Programs\\Python\\Python313\\Lib\\site-packages\\starlette\\middleware\\exceptions.py", line 63, in __call__\n    await wrap_app_handling_exceptions(self.app, conn)(scope, receive, send)\n  File "C:\\Users\\VIDYANKSHINI\\AppData\\Local\\Programs\\Python\\Python313\\Lib\\site-packages\\starlette\\_exception_handler.py", line 42, in wrapped_app\n    await app(scope, receive, sender)\n  File "C:\\Users\\VIDYANKSHINI\\AppData\\Local\\Programs\\Python\\Python313\\Lib\\site-packages\\fastapi\\middleware\\asyncexitstack.py", line 18, in __call__\n    await self.app(scope, receive, send)\n  File "C:\\Users\\VIDYANKSHINI\\AppData\\Local\\Programs\\Python\\Python313\\Lib\\site-packages\\starlette\\routing.py", line 716, in __call__\n    await self.middleware_stack(scope, receive, send)\n  File "C:\\Users\\VIDYANKSHINI\\AppData\\Local\\Programs\\Python\\Python313\\Lib\\site-packages\\starlette\\routing.py", line 736, in app\n    await route.handle(scope, receive, send)\n  File "C:\\Users\\VIDYANKSHINI\\AppData\\Local\\Programs\\Python\\Python313\\Lib\\site-packages\\starlette\\routing.py", line 290, in handle\n    await self.app(scope, receive, send)\n  File "C:\\Users\\VIDYANKSHINI\\AppData\\Local\\Programs\\Python\\Python313\\Lib\\site-packages\\fastapi\\routing.py", line 134, in app\n    await wrap_app_handling_exceptions(app, request)(scope, receive, send)\n  File "C:\\Users\\VIDYANKSHINI\\AppData\\Local\\Programs\\Python\\Python313\\Lib\\site-packages\\starlette\\_exception_handler.py", line 42, in wrapped_app\n    await app(scope, receive, sender)\n  File "C:\\Users\\VIDYANKSHINI\\AppData\\Local\\Programs\\Python\\Python313\\Lib\\site-packages\\fastapi\\routing.py", line 120, in app\n    response = await f(request)\n  File "C:\\Users\\VIDYANKSHINI\\AppData\\Local\\Programs\\Python\\Python313\\Lib\\site-packages\\fastapi\\routing.py", line 674, in app\n    raw_response = await run_endpoint_function(\n  File "C:\\Users\\VIDYANKSHINI\\AppData\\Local\\Programs\\Python\\Python313\\Lib\\site-packages\\fastapi\\routing.py", line 328, in run_endpoint_function\n    return await dependant.call(**values)\n  File "C:\\Users\\VIDYANKSHINI\\Desktop\\project\\SecuScan\\backend\\secuscan\\routes.py", line 269, in start_task\n    plugin_manager = await get_plugin_manager_for_request()\n  File "C:\\Users\\VIDYANKSHINI\\Desktop\\project\\SecuScan\\backend\\secuscan\\routes.py", line 177, in get_plugin_manager_for_request\n    return await init_plugins(settings.plugins_dir)\n  File "C:\\Users\\VIDYANKSHINI\\Desktop\\project\\SecuScan\\backend\\secuscan\\plugins.py", line 382, in init_plugins\n    await plugin_manager.load_plugins()\n  File "C:\\Users\\VIDYANKSHINI\\Desktop\\project\\SecuScan\\backend\\secuscan\\plugins.py", line 59, in load_plugins\n    logger.info(f"\u2713 Loaded plugin: {plugin_meta.name} v{plugin_meta.version}")\nMessage: '\u2713 Loaded plugin: People Hunter v1.0.0'\nArguments: ()\n--- Logging error ---\nTraceback (most recent call last):\n  File "C:\\Users\\VIDYANKSHINI\\AppData\\Local\\Programs\\Python\\Python313\\Lib\\logging\\__init__.py", line 1153, in emit\n    stream.write(msg + self.terminator)\n    ~~~~~~~~~~~~^^^^^^^^^^^^^^^^^^^^^^^\n  File "C:\\Users\\VIDYANKSHINI\\AppData\\Local\\Programs\\Python\\Python313\\Lib\\encodings\\cp1252.py", line 19, in encode\n    return codecs.charmap_encode(input,self.errors,encoding_table)[0]\n           ~~~~~~~~~~~~~~~~~~~~~^^^^^^^^^^^^^^^^^^^^^^^^^^^^^^^^^^\nUnicodeEncodeError: 'charmap' codec can't encode character '\\u2713' in position 60: character maps to <undefined>\nCall stack:\n  File "C:\\Users\\VIDYANKSHINI\\AppData\\Local\\Programs\\Python\\Python313\\Lib\\threading.py", line 1012, in _bootstrap\n    self._bootstrap_inner()\n  File "C:\\Users\\VIDYANKSHINI\\AppData\\Local\\Programs\\Python\\Python313\\Lib\\threading.py", line 1041, in _bootstrap_inner\n    self.run()\n  File "C:\\Users\\VIDYANKSHINI\\AppData\\Local\\Programs\\Python\\Python313\\Lib\\threading.py", line 992, in run\n    self._target(*self._args, **self._kwargs)\n  File "C:\\Users\\VIDYANKSHINI\\AppData\\Local\\Programs\\Python\\Python313\\Lib\\site-packages\\anyio\\from_thread.py", line 532, in run_blocking_portal\n    run_eventloop(\n  File "C:\\Users\\VIDYANKSHINI\\AppData\\Local\\Programs\\Python\\Python313\\Lib\\site-packages\\anyio\\_core\\_eventloop.py", line 77, in run\n    return async_backend.run(func, args, {}, backend_options)\n  File "C:\\Users\\VIDYANKSHINI\\AppData\\Local\\Programs\\Python\\Python313\\Lib\\site-packages\\anyio\\_backends\\_asyncio.py", line 2358, in run\n    return runner.run(wrapper())\n  File "C:\\Users\\VIDYANKSHINI\\AppData\\Local\\Programs\\Python\\Python313\\Lib\\asyncio\\runners.py", line 118, in run\n    return self._loop.run_until_complete(task)\n  File "C:\\Users\\VIDYANKSHINI\\AppData\\Local\\Programs\\Python\\Python313\\Lib\\asyncio\\base_events.py", line 712, in run_until_complete\n    self.run_forever()\n  File "C:\\Users\\VIDYANKSHINI\\AppData\\Local\\Programs\\Python\\Python313\\Lib\\asyncio\\base_events.py", line 683, in run_forever\n    self._run_once()\n  File "C:\\Users\\VIDYANKSHINI\\AppData\\Local\\Programs\\Python\\Python313\\Lib\\asyncio\\base_events.py", line 2040, in _run_once\n    handle._run()\n  File "C:\\Users\\VIDYANKSHINI\\AppData\\Local\\Programs\\Python\\Python313\\Lib\\asyncio\\events.py", line 89, in _run\n    self._context.run(self._callback, *self._args)\n  File "C:\\Users\\VIDYANKSHINI\\AppData\\Local\\Programs\\Python\\Python313\\Lib\\site-packages\\anyio\\from_thread.py", line 259, in _call_func\n    retval = await retval_or_awaitable\n  File "C:\\Users\\VIDYANKSHINI\\AppData\\Local\\Programs\\Python\\Python313\\Lib\\site-packages\\fastapi\\applications.py", line 1159, in __call__\n    await super().__call__(scope, receive, send)\n  File "C:\\Users\\VIDYANKSHINI\\AppData\\Local\\Programs\\Python\\Python313\\Lib\\site-packages\\starlette\\applications.py", line 107, in __call__\n    await self.middleware_stack(scope, receive, send)\n  File "C:\\Users\\VIDYANKSHINI\\AppData\\Local\\Programs\\Python\\Python313\\Lib\\site-packages\\starlette\\middleware\\errors.py", line 164, in __call__\n    await self.app(scope, receive, _send)\n  File "C:\\Users\\VIDYANKSHINI\\AppData\\Local\\Programs\\Python\\Python313\\Lib\\site-packages\\starlette\\middleware\\cors.py", line 87, in __call__\n    await self.app(scope, receive, send)\n  File "C:\\Users\\VIDYANKSHINI\\AppData\\Local\\Programs\\Python\\Python313\\Lib\\site-packages\\starlette\\middleware\\exceptions.py", line 63, in __call__\n    await wrap_app_handling_exceptions(self.app, conn)(scope, receive, send)\n  File "C:\\Users\\VIDYANKSHINI\\AppData\\Local\\Programs\\Python\\Python313\\Lib\\site-packages\\starlette\\_exception_handler.py", line 42, in wrapped_app\n    await app(scope, receive, sender)\n  File "C:\\Users\\VIDYANKSHINI\\AppData\\Local\\Programs\\Python\\Python313\\Lib\\site-packages\\fastapi\\middleware\\asyncexitstack.py", line 18, in __call__\n    await self.app(scope, receive, send)\n  File "C:\\Users\\VIDYANKSHINI\\AppData\\Local\\Programs\\Python\\Python313\\Lib\\site-packages\\starlette\\routing.py", line 716, in __call__\n    await self.middleware_stack(scope, receive, send)\n  File "C:\\Users\\VIDYANKSHINI\\AppData\\Local\\Programs\\Python\\Python313\\Lib\\site-packages\\starlette\\routing.py", line 736, in app\n    await route.handle(scope, receive, send)\n  File "C:\\Users\\VIDYANKSHINI\\AppData\\Local\\Programs\\Python\\Python313\\Lib\\site-packages\\starlette\\routing.py", line 290, in handle\n    await self.app(scope, receive, send)\n  File "C:\\Users\\VIDYANKSHINI\\AppData\\Local\\Programs\\Python\\Python313\\Lib\\site-packages\\fastapi\\routing.py", line 134, in app\n    await wrap_app_handling_exceptions(app, request)(scope, receive, send)\n  File "C:\\Users\\VIDYANKSHINI\\AppData\\Local\\Programs\\Python\\Python313\\Lib\\site-packages\\starlette\\_exception_handler.py", line 42, in wrapped_app\n    await app(scope, receive, sender)\n  File "C:\\Users\\VIDYANKSHINI\\AppData\\Local\\Programs\\Python\\Python313\\Lib\\site-packages\\fastapi\\routing.py", line 120, in app\n    response = await f(request)\n  File "C:\\Users\\VIDYANKSHINI\\AppData\\Local\\Programs\\Python\\Python313\\Lib\\site-packages\\fastapi\\routing.py", line 674, in app\n    raw_response = await run_endpoint_function(\n  File "C:\\Users\\VIDYANKSHINI\\AppData\\Local\\Programs\\Python\\Python313\\Lib\\site-packages\\fastapi\\routing.py", line 328, in run_endpoint_function\n    return await dependant.call(**values)\n  File "C:\\Users\\VIDYANKSHINI\\Desktop\\project\\SecuScan\\backend\\secuscan\\routes.py", line 269, in start_task\n    plugin_manager = await get_plugin_manager_for_request()\n  File "C:\\Users\\VIDYANKSHINI\\Desktop\\project\\SecuScan\\backend\\secuscan\\routes.py", line 177, in get_plugin_manager_for_request\n    return await init_plugins(settings.plugins_dir)\n  File "C:\\Users\\VIDYANKSHINI\\Desktop\\project\\SecuScan\\backend\\secuscan\\plugins.py", line 382, in init_plugins\n    await plugin_manager.load_plugins()\n  File "C:\\Users\\VIDYANKSHINI\\Desktop\\project\\SecuScan\\backend\\secuscan\\plugins.py", line 59, in load_plugins\n    logger.info(f"\u2713 Loaded plugin: {plugin_meta.name} v{plugin_meta.version}")\nMessage: '\u2713 Loaded plugin: Port Scanner v1.0.0'\nArguments: ()\n--- Logging error ---\nTraceback (most recent call last):\n  File "C:\\Users\\VIDYANKSHINI\\AppData\\Local\\Programs\\Python\\Python313\\Lib\\logging\\__init__.py", line 1153, in emit\n    stream.write(msg + self.terminator)\n    ~~~~~~~~~~~~^^^^^^^^^^^^^^^^^^^^^^^\n  File "C:\\Users\\VIDYANKSHINI\\AppData\\Local\\Programs\\Python\\Python313\\Lib\\encodings\\cp1252.py", line 19, in encode\n    return codecs.charmap_encode(input,self.errors,encoding_table)[0]\n           ~~~~~~~~~~~~~~~~~~~~~^^^^^^^^^^^^^^^^^^^^^^^^^^^^^^^^^^\nUnicodeEncodeError: 'charmap' codec can't encode character '\\u2713' in position 60: character maps to <undefined>\nCall stack:\n  File "C:\\Users\\VIDYANKSHINI\\AppData\\Local\\Programs\\Python\\Python313\\Lib\\threading.py", line 1012, in _bootstrap\n    self._bootstrap_inner()\n  File "C:\\Users\\VIDYANKSHINI\\AppData\\Local\\Programs\\Python\\Python313\\Lib\\threading.py", line 1041, in _bootstrap_inner\n    self.run()\n  File "C:\\Users\\VIDYANKSHINI\\AppData\\Local\\Programs\\Python\\Python313\\Lib\\threading.py", line 992, in run\n    self._target(*self._args, **self._kwargs)\n  File "C:\\Users\\VIDYANKSHINI\\AppData\\Local\\Programs\\Python\\Python313\\Lib\\site-packages\\anyio\\from_thread.py", line 532, in run_blocking_portal\n    run_eventloop(\n  File "C:\\Users\\VIDYANKSHINI\\AppData\\Local\\Programs\\Python\\Python313\\Lib\\site-packages\\anyio\\_core\\_eventloop.py", line 77, in run\n    return async_backend.run(func, args, {}, backend_options)\n  File "C:\\Users\\VIDYANKSHINI\\AppData\\Local\\Programs\\Python\\Python313\\Lib\\site-packages\\anyio\\_backends\\_asyncio.py", line 2358, in run\n    return runner.run(wrapper())\n  File "C:\\Users\\VIDYANKSHINI\\AppData\\Local\\Programs\\Python\\Python313\\Lib\\asyncio\\runners.py", line 118, in run\n    return self._loop.run_until_complete(task)\n  File "C:\\Users\\VIDYANKSHINI\\AppData\\Local\\Programs\\Python\\Python313\\Lib\\asyncio\\base_events.py", line 712, in run_until_complete\n    self.run_forever()\n  File "C:\\Users\\VIDYANKSHINI\\AppData\\Local\\Programs\\Python\\Python313\\Lib\\asyncio\\base_events.py", line 683, in run_forever\n    self._run_once()\n  File "C:\\Users\\VIDYANKSHINI\\AppData\\Local\\Programs\\Python\\Python313\\Lib\\asyncio\\base_events.py", line 2040, in _run_once\n    handle._run()\n  File "C:\\Users\\VIDYANKSHINI\\AppData\\Local\\Programs\\Python\\Python313\\Lib\\asyncio\\events.py", line 89, in _run\n    self._context.run(self._callback, *self._args)\n  File "C:\\Users\\VIDYANKSHINI\\AppData\\Local\\Programs\\Python\\Python313\\Lib\\site-packages\\anyio\\from_thread.py", line 259, in _call_func\n    retval = await retval_or_awaitable\n  File "C:\\Users\\VIDYANKSHINI\\AppData\\Local\\Programs\\Python\\Python313\\Lib\\site-packages\\fastapi\\applications.py", line 1159, in __call__\n    await super().__call__(scope, receive, send)\n  File "C:\\Users\\VIDYANKSHINI\\AppData\\Local\\Programs\\Python\\Python313\\Lib\\site-packages\\starlette\\applications.py", line 107, in __call__\n    await self.middleware_stack(scope, receive, send)\n  File "C:\\Users\\VIDYANKSHINI\\AppData\\Local\\Programs\\Python\\Python313\\Lib\\site-packages\\starlette\\middleware\\errors.py", line 164, in __call__\n    await self.app(scope, receive, _send)\n  File "C:\\Users\\VIDYANKSHINI\\AppData\\Local\\Programs\\Python\\Python313\\Lib\\site-packages\\starlette\\middleware\\cors.py", line 87, in __call__\n    await self.app(scope, receive, send)\n  File "C:\\Users\\VIDYANKSHINI\\AppData\\Local\\Programs\\Python\\Python313\\Lib\\site-packages\\starlette\\middleware\\exceptions.py", line 63, in __call__\n    await wrap_app_handling_exceptions(self.app, conn)(scope, receive, send)\n  File "C:\\Users\\VIDYANKSHINI\\AppData\\Local\\Programs\\Python\\Python313\\Lib\\site-packages\\starlette\\_exception_handler.py", line 42, in wrapped_app\n    await app(scope, receive, sender)\n  File "C:\\Users\\VIDYANKSHINI\\AppData\\Local\\Programs\\Python\\Python313\\Lib\\site-packages\\fastapi\\middleware\\asyncexitstack.py", line 18, in __call__\n    await self.app(scope, receive, send)\n  File "C:\\Users\\VIDYANKSHINI\\AppData\\Local\\Programs\\Python\\Python313\\Lib\\site-packages\\starlette\\routing.py", line 716, in __call__\n    await self.middleware_stack(scope, receive, send)\n  File "C:\\Users\\VIDYANKSHINI\\AppData\\Local\\Programs\\Python\\Python313\\Lib\\site-packages\\starlette\\routing.py", line 736, in app\n    await route.handle(scope, receive, send)\n  File "C:\\Users\\VIDYANKSHINI\\AppData\\Local\\Programs\\Python\\Python313\\Lib\\site-packages\\starlette\\routing.py", line 290, in handle\n    await self.app(scope, receive, send)\n  File "C:\\Users\\VIDYANKSHINI\\AppData\\Local\\Programs\\Python\\Python313\\Lib\\site-packages\\fastapi\\routing.py", line 134, in app\n    await wrap_app_handling_exceptions(app, request)(scope, receive, send)\n  File "C:\\Users\\VIDYANKSHINI\\AppData\\Local\\Programs\\Python\\Python313\\Lib\\site-packages\\starlette\\_exception_handler.py", line 42, in wrapped_app\n    await app(scope, receive, sender)\n  File "C:\\Users\\VIDYANKSHINI\\AppData\\Local\\Programs\\Python\\Python313\\Lib\\site-packages\\fastapi\\routing.py", line 120, in app\n    response = await f(request)\n  File "C:\\Users\\VIDYANKSHINI\\AppData\\Local\\Programs\\Python\\Python313\\Lib\\site-packages\\fastapi\\routing.py", line 674, in app\n    raw_response = await run_endpoint_function(\n  File "C:\\Users\\VIDYANKSHINI\\AppData\\Local\\Programs\\Python\\Python313\\Lib\\site-packages\\fastapi\\routing.py", line 328, in run_endpoint_function\n    return await dependant.call(**values)\n  File "C:\\Users\\VIDYANKSHINI\\Desktop\\project\\SecuScan\\backend\\secuscan\\routes.py", line 269, in start_task\n    plugin_manager = await get_plugin_manager_for_request()\n  File "C:\\Users\\VIDYANKSHINI\\Desktop\\project\\SecuScan\\backend\\secuscan\\routes.py", line 177, in get_plugin_manager_for_request\n    return await init_plugins(settings.plugins_dir)\n  File "C:\\Users\\VIDYANKSHINI\\Desktop\\project\\SecuScan\\backend\\secuscan\\plugins.py", line 382, in init_plugins\n    await plugin_manager.load_plugins()\n  File "C:\\Users\\VIDYANKSHINI\\Desktop\\project\\SecuScan\\backend\\secuscan\\plugins.py", line 59, in load_plugins\n    logger.info(f"\u2713 Loaded plugin: {plugin_meta.name} v{plugin_meta.version}")\nMessage: '\u2713 Loaded plugin: Advanced Network Recon v1.0.0'\nArguments: ()\n--- Logging error ---\nTraceback (most recent call last):\n  File "C:\\Users\\VIDYANKSHINI\\AppData\\Local\\Programs\\Python\\Python313\\Lib\\logging\\__init__.py", line 1153, in emit\n    stream.write(msg + self.terminator)\n    ~~~~~~~~~~~~^^^^^^^^^^^^^^^^^^^^^^^\n  File "C:\\Users\\VIDYANKSHINI\\AppData\\Local\\Programs\\Python\\Python313\\Lib\\encodings\\cp1252.py", line 19, in encode\n    return codecs.charmap_encode(input,self.errors,encoding_table)[0]\n           ~~~~~~~~~~~~~~~~~~~~~^^^^^^^^^^^^^^^^^^^^^^^^^^^^^^^^^^\nUnicodeEncodeError: 'charmap' codec can't encode character '\\u2713' in position 60: character maps to <undefined>\nCall stack:\n  File "C:\\Users\\VIDYANKSHINI\\AppData\\Local\\Programs\\Python\\Python313\\Lib\\threading.py", line 1012, in _bootstrap\n    self._bootstrap_inner()\n  File "C:\\Users\\VIDYANKSHINI\\AppData\\Local\\Programs\\Python\\Python313\\Lib\\threading.py", line 1041, in _bootstrap_inner\n    self.run()\n  File "C:\\Users\\VIDYANKSHINI\\AppData\\Local\\Programs\\Python\\Python313\\Lib\\threading.py", line 992, in run\n    self._target(*self._args, **self._kwargs)\n  File "C:\\Users\\VIDYANKSHINI\\AppData\\Local\\Programs\\Python\\Python313\\Lib\\site-packages\\anyio\\from_thread.py", line 532, in run_blocking_portal\n    run_eventloop(\n  File "C:\\Users\\VIDYANKSHINI\\AppData\\Local\\Programs\\Python\\Python313\\Lib\\site-packages\\anyio\\_core\\_eventloop.py", line 77, in run\n    return async_backend.run(func, args, {}, backend_options)\n  File "C:\\Users\\VIDYANKSHINI\\AppData\\Local\\Programs\\Python\\Python313\\Lib\\site-packages\\anyio\\_backends\\_asyncio.py", line 2358, in run\n    return runner.run(wrapper())\n  File "C:\\Users\\VIDYANKSHINI\\AppData\\Local\\Programs\\Python\\Python313\\Lib\\asyncio\\runners.py", line 118, in run\n    return self._loop.run_until_complete(task)\n  File "C:\\Users\\VIDYANKSHINI\\AppData\\Local\\Programs\\Python\\Python313\\Lib\\asyncio\\base_events.py", line 712, in run_until_complete\n    self.run_forever()\n  File "C:\\Users\\VIDYANKSHINI\\AppData\\Local\\Programs\\Python\\Python313\\Lib\\asyncio\\base_events.py", line 683, in run_forever\n    self._run_once()\n  File "C:\\Users\\VIDYANKSHINI\\AppData\\Local\\Programs\\Python\\Python313\\Lib\\asyncio\\base_events.py", line 2040, in _run_once\n    handle._run()\n  File "C:\\Users\\VIDYANKSHINI\\AppData\\Local\\Programs\\Python\\Python313\\Lib\\asyncio\\events.py", line 89, in _run\n    self._context.run(self._callback, *self._args)\n  File "C:\\Users\\VIDYANKSHINI\\AppData\\Local\\Programs\\Python\\Python313\\Lib\\site-packages\\anyio\\from_thread.py", line 259, in _call_func\n    retval = await retval_or_awaitable\n  File "C:\\Users\\VIDYANKSHINI\\AppData\\Local\\Programs\\Python\\Python313\\Lib\\site-packages\\fastapi\\applications.py", line 1159, in __call__\n    await super().__call__(scope, receive, send)\n  File "C:\\Users\\VIDYANKSHINI\\AppData\\Local\\Programs\\Python\\Python313\\Lib\\site-packages\\starlette\\applications.py", line 107, in __call__\n    await self.middleware_stack(scope, receive, send)\n  File "C:\\Users\\VIDYANKSHINI\\AppData\\Local\\Programs\\Python\\Python313\\Lib\\site-packages\\starlette\\middleware\\errors.py", line 164, in __call__\n    await self.app(scope, receive, _send)\n  File "C:\\Users\\VIDYANKSHINI\\AppData\\Local\\Programs\\Python\\Python313\\Lib\\site-packages\\starlette\\middleware\\cors.py", line 87, in __call__\n    await self.app(scope, receive, send)\n  File "C:\\Users\\VIDYANKSHINI\\AppData\\Local\\Programs\\Python\\Python313\\Lib\\site-packages\\starlette\\middleware\\exceptions.py", line 63, in __call__\n    await wrap_app_handling_exceptions(self.app, conn)(scope, receive, send)\n  File "C:\\Users\\VIDYANKSHINI\\AppData\\Local\\Programs\\Python\\Python313\\Lib\\site-packages\\starlette\\_exception_handler.py", line 42, in wrapped_app\n    await app(scope, receive, sender)\n  File "C:\\Users\\VIDYANKSHINI\\AppData\\Local\\Programs\\Python\\Python313\\Lib\\site-packages\\fastapi\\middleware\\asyncexitstack.py", line 18, in __call__\n    await self.app(scope, receive, send)\n  File "C:\\Users\\VIDYANKSHINI\\AppData\\Local\\Programs\\Python\\Python313\\Lib\\site-packages\\starlette\\routing.py", line 716, in __call__\n    await self.middleware_stack(scope, receive, send)\n  File "C:\\Users\\VIDYANKSHINI\\AppData\\Local\\Programs\\Python\\Python313\\Lib\\site-packages\\starlette\\routing.py", line 736, in app\n    await route.handle(scope, receive, send)\n  File "C:\\Users\\VIDYANKSHINI\\AppData\\Local\\Programs\\Python\\Python313\\Lib\\site-packages\\starlette\\routing.py", line 290, in handle\n    await self.app(scope, receive, send)\n  File "C:\\Users\\VIDYANKSHINI\\AppData\\Local\\Programs\\Python\\Python313\\Lib\\site-packages\\fastapi\\routing.py", line 134, in app\n    await wrap_app_handling_exceptions(app, request)(scope, receive, send)\n  File "C:\\Users\\VIDYANKSHINI\\AppData\\Local\\Programs\\Python\\Python313\\Lib\\site-packages\\starlette\\_exception_handler.py", line 42, in wrapped_app\n    await app(scope, receive, sender)\n  File "C:\\Users\\VIDYANKSHINI\\AppData\\Local\\Programs\\Python\\Python313\\Lib\\site-packages\\fastapi\\routing.py", line 120, in app\n    response = await f(request)\n  File "C:\\Users\\VIDYANKSHINI\\AppData\\Local\\Programs\\Python\\Python313\\Lib\\site-packages\\fastapi\\routing.py", line 674, in app\n    raw_response = await run_endpoint_function(\n  File "C:\\Users\\VIDYANKSHINI\\AppData\\Local\\Programs\\Python\\Python313\\Lib\\site-packages\\fastapi\\routing.py", line 328, in run_endpoint_function\n    return await dependant.call(**values)\n  File "C:\\Users\\VIDYANKSHINI\\Desktop\\project\\SecuScan\\backend\\secuscan\\routes.py", line 269, in start_task\n    plugin_manager = await get_plugin_manager_for_request()\n  File "C:\\Users\\VIDYANKSHINI\\Desktop\\project\\SecuScan\\backend\\secuscan\\routes.py", line 177, in get_plugin_manager_for_request\n    return await init_plugins(settings.plugins_dir)\n  File "C:\\Users\\VIDYANKSHINI\\Desktop\\project\\SecuScan\\backend\\secuscan\\plugins.py", line 382, in init_plugins\n    await plugin_manager.load_plugins()\n  File "C:\\Users\\VIDYANKSHINI\\Desktop\\project\\SecuScan\\backend\\secuscan\\plugins.py", line 59, in load_plugins\n    logger.info(f"\u2713 Loaded plugin: {plugin_meta.name} v{plugin_meta.version}")\nMessage: '\u2713 Loaded plugin: Secret Scanner v1.0.0'\nArguments: ()\n--- Logging error ---\nTraceback (most recent call last):\n  File "C:\\Users\\VIDYANKSHINI\\AppData\\Local\\Programs\\Python\\Python313\\Lib\\logging\\__init__.py", line 1153, in emit\n    stream.write(msg + self.terminator)\n    ~~~~~~~~~~~~^^^^^^^^^^^^^^^^^^^^^^^\n  File "C:\\Users\\VIDYANKSHINI\\AppData\\Local\\Programs\\Python\\Python313\\Lib\\encodings\\cp1252.py", line 19, in encode\n    return codecs.charmap_encode(input,self.errors,encoding_table)[0]\n           ~~~~~~~~~~~~~~~~~~~~~^^^^^^^^^^^^^^^^^^^^^^^^^^^^^^^^^^\nUnicodeEncodeError: 'charmap' codec can't encode character '\\u2713' in position 60: character maps to <undefined>\nCall stack:\n  File "C:\\Users\\VIDYANKSHINI\\AppData\\Local\\Programs\\Python\\Python313\\Lib\\threading.py", line 1012, in _bootstrap\n    self._bootstrap_inner()\n  File "C:\\Users\\VIDYANKSHINI\\AppData\\Local\\Programs\\Python\\Python313\\Lib\\threading.py", line 1041, in _bootstrap_inner\n    self.run()\n  File "C:\\Users\\VIDYANKSHINI\\AppData\\Local\\Programs\\Python\\Python313\\Lib\\threading.py", line 992, in run\n    self._target(*self._args, **self._kwargs)\n  File "C:\\Users\\VIDYANKSHINI\\AppData\\Local\\Programs\\Python\\Python313\\Lib\\site-packages\\anyio\\from_thread.py", line 532, in run_blocking_portal\n    run_eventloop(\n  File "C:\\Users\\VIDYANKSHINI\\AppData\\Local\\Programs\\Python\\Python313\\Lib\\site-packages\\anyio\\_core\\_eventloop.py", line 77, in run\n    return async_backend.run(func, args, {}, backend_options)\n  File "C:\\Users\\VIDYANKSHINI\\AppData\\Local\\Programs\\Python\\Python313\\Lib\\site-packages\\anyio\\_backends\\_asyncio.py", line 2358, in run\n    return runner.run(wrapper())\n  File "C:\\Users\\VIDYANKSHINI\\AppData\\Local\\Programs\\Python\\Python313\\Lib\\asyncio\\runners.py", line 118, in run\n    return self._loop.run_until_complete(task)\n  File "C:\\Users\\VIDYANKSHINI\\AppData\\Local\\Programs\\Python\\Python313\\Lib\\asyncio\\base_events.py", line 712, in run_until_complete\n    self.run_forever()\n  File "C:\\Users\\VIDYANKSHINI\\AppData\\Local\\Programs\\Python\\Python313\\Lib\\asyncio\\base_events.py", line 683, in run_forever\n    self._run_once()\n  File "C:\\Users\\VIDYANKSHINI\\AppData\\Local\\Programs\\Python\\Python313\\Lib\\asyncio\\base_events.py", line 2040, in _run_once\n    handle._run()\n  File "C:\\Users\\VIDYANKSHINI\\AppData\\Local\\Programs\\Python\\Python313\\Lib\\asyncio\\events.py", line 89, in _run\n    self._context.run(self._callback, *self._args)\n  File "C:\\Users\\VIDYANKSHINI\\AppData\\Local\\Programs\\Python\\Python313\\Lib\\site-packages\\anyio\\from_thread.py", line 259, in _call_func\n    retval = await retval_or_awaitable\n  File "C:\\Users\\VIDYANKSHINI\\AppData\\Local\\Programs\\Python\\Python313\\Lib\\site-packages\\fastapi\\applications.py", line 1159, in __call__\n    await super().__call__(scope, receive, send)\n  File "C:\\Users\\VIDYANKSHINI\\AppData\\Local\\Programs\\Python\\Python313\\Lib\\site-packages\\starlette\\applications.py", line 107, in __call__\n    await self.middleware_stack(scope, receive, send)\n  File "C:\\Users\\VIDYANKSHINI\\AppData\\Local\\Programs\\Python\\Python313\\Lib\\site-packages\\starlette\\middleware\\errors.py", line 164, in __call__\n    await self.app(scope, receive, _send)\n  File "C:\\Users\\VIDYANKSHINI\\AppData\\Local\\Programs\\Python\\Python313\\Lib\\site-packages\\starlette\\middleware\\cors.py", line 87, in __call__\n    await self.app(scope, receive, send)\n  File "C:\\Users\\VIDYANKSHINI\\AppData\\Local\\Programs\\Python\\Python313\\Lib\\site-packages\\starlette\\middleware\\exceptions.py", line 63, in __call__\n    await wrap_app_handling_exceptions(self.app, conn)(scope, receive, send)\n  File "C:\\Users\\VIDYANKSHINI\\AppData\\Local\\Programs\\Python\\Python313\\Lib\\site-packages\\starlette\\_exception_handler.py", line 42, in wrapped_app\n    await app(scope, receive, sender)\n  File "C:\\Users\\VIDYANKSHINI\\AppData\\Local\\Programs\\Python\\Python313\\Lib\\site-packages\\fastapi\\middleware\\asyncexitstack.py", line 18, in __call__\n    await self.app(scope, receive, send)\n  File "C:\\Users\\VIDYANKSHINI\\AppData\\Local\\Programs\\Python\\Python313\\Lib\\site-packages\\starlette\\routing.py", line 716, in __call__\n    await self.middleware_stack(scope, receive, send)\n  File "C:\\Users\\VIDYANKSHINI\\AppData\\Local\\Programs\\Python\\Python313\\Lib\\site-packages\\starlette\\routing.py", line 736, in app\n    await route.handle(scope, receive, send)\n  File "C:\\Users\\VIDYANKSHINI\\AppData\\Local\\Programs\\Python\\Python313\\Lib\\site-packages\\starlette\\routing.py", line 290, in handle\n    await self.app(scope, receive, send)\n  File "C:\\Users\\VIDYANKSHINI\\AppData\\Local\\Programs\\Python\\Python313\\Lib\\site-packages\\fastapi\\routing.py", line 134, in app\n    await wrap_app_handling_exceptions(app, request)(scope, receive, send)\n  File "C:\\Users\\VIDYANKSHINI\\AppData\\Local\\Programs\\Python\\Python313\\Lib\\site-packages\\starlette\\_exception_handler.py", line 42, in wrapped_app\n    await app(scope, receive, sender)\n  File "C:\\Users\\VIDYANKSHINI\\AppData\\Local\\Programs\\Python\\Python313\\Lib\\site-packages\\fastapi\\routing.py", line 120, in app\n    response = await f(request)\n  File "C:\\Users\\VIDYANKSHINI\\AppData\\Local\\Programs\\Python\\Python313\\Lib\\site-packages\\fastapi\\routing.py", line 674, in app\n    raw_response = await run_endpoint_function(\n  File "C:\\Users\\VIDYANKSHINI\\AppData\\Local\\Programs\\Python\\Python313\\Lib\\site-packages\\fastapi\\routing.py", line 328, in run_endpoint_function\n    return await dependant.call(**values)\n  File "C:\\Users\\VIDYANKSHINI\\Desktop\\project\\SecuScan\\backend\\secuscan\\routes.py", line 269, in start_task\n    plugin_manager = await get_plugin_manager_for_request()\n  File "C:\\Users\\VIDYANKSHINI\\Desktop\\project\\SecuScan\\backend\\secuscan\\routes.py", line 177, in get_plugin_manager_for_request\n    return await init_plugins(settings.plugins_dir)\n  File "C:\\Users\\VIDYANKSHINI\\Desktop\\project\\SecuScan\\backend\\secuscan\\plugins.py", line 382, in init_plugins\n    await plugin_manager.load_plugins()\n  File "C:\\Users\\VIDYANKSHINI\\Desktop\\project\\SecuScan\\backend\\secuscan\\plugins.py", line 59, in load_plugins\n    logger.info(f"\u2713 Loaded plugin: {plugin_meta.name} v{plugin_meta.version}")\nMessage: '\u2713 Loaded plugin: Sharepoint Scanner v1.0.0'\nArguments: ()\n--- Logging error ---\nTraceback (most recent call last):\n  File "C:\\Users\\VIDYANKSHINI\\AppData\\Local\\Programs\\Python\\Python313\\Lib\\logging\\__init__.py", line 1153, in emit\n    stream.write(msg + self.terminator)\n    ~~~~~~~~~~~~^^^^^^^^^^^^^^^^^^^^^^^\n  File "C:\\Users\\VIDYANKSHINI\\AppData\\Local\\Programs\\Python\\Python313\\Lib\\encodings\\cp1252.py", line 19, in encode\n    return codecs.charmap_encode(input,self.errors,encoding_table)[0]\n           ~~~~~~~~~~~~~~~~~~~~~^^^^^^^^^^^^^^^^^^^^^^^^^^^^^^^^^^\nUnicodeEncodeError: 'charmap' codec can't encode character '\\u2713' in position 60: character maps to <undefined>\nCall stack:\n  File "C:\\Users\\VIDYANKSHINI\\AppData\\Local\\Programs\\Python\\Python313\\Lib\\threading.py", line 1012, in _bootstrap\n    self._bootstrap_inner()\n  File "C:\\Users\\VIDYANKSHINI\\AppData\\Local\\Programs\\Python\\Python313\\Lib\\threading.py", line 1041, in _bootstrap_inner\n    self.run()\n  File "C:\\Users\\VIDYANKSHINI\\AppData\\Local\\Programs\\Python\\Python313\\Lib\\threading.py", line 992, in run\n    self._target(*self._args, **self._kwargs)\n  File "C:\\Users\\VIDYANKSHINI\\AppData\\Local\\Programs\\Python\\Python313\\Lib\\site-packages\\anyio\\from_thread.py", line 532, in run_blocking_portal\n    run_eventloop(\n  File "C:\\Users\\VIDYANKSHINI\\AppData\\Local\\Programs\\Python\\Python313\\Lib\\site-packages\\anyio\\_core\\_eventloop.py", line 77, in run\n    return async_backend.run(func, args, {}, backend_options)\n  File "C:\\Users\\VIDYANKSHINI\\AppData\\Local\\Programs\\Python\\Python313\\Lib\\site-packages\\anyio\\_backends\\_asyncio.py", line 2358, in run\n    return runner.run(wrapper())\n  File "C:\\Users\\VIDYANKSHINI\\AppData\\Local\\Programs\\Python\\Python313\\Lib\\asyncio\\runners.py", line 118, in run\n    return self._loop.run_until_complete(task)\n  File "C:\\Users\\VIDYANKSHINI\\AppData\\Local\\Programs\\Python\\Python313\\Lib\\asyncio\\base_events.py", line 712, in run_until_complete\n    self.run_forever()\n  File "C:\\Users\\VIDYANKSHINI\\AppData\\Local\\Programs\\Python\\Python313\\Lib\\asyncio\\base_events.py", line 683, in run_forever\n    self._run_once()\n  File "C:\\Users\\VIDYANKSHINI\\AppData\\Local\\Programs\\Python\\Python313\\Lib\\asyncio\\base_events.py", line 2040, in _run_once\n    handle._run()\n  File "C:\\Users\\VIDYANKSHINI\\AppData\\Local\\Programs\\Python\\Python313\\Lib\\asyncio\\events.py", line 89, in _run\n    self._context.run(self._callback, *self._args)\n  File "C:\\Users\\VIDYANKSHINI\\AppData\\Local\\Programs\\Python\\Python313\\Lib\\site-packages\\anyio\\from_thread.py", line 259, in _call_func\n    retval = await retval_or_awaitable\n  File "C:\\Users\\VIDYANKSHINI\\AppData\\Local\\Programs\\Python\\Python313\\Lib\\site-packages\\fastapi\\applications.py", line 1159, in __call__\n    await super().__call__(scope, receive, send)\n  File "C:\\Users\\VIDYANKSHINI\\AppData\\Local\\Programs\\Python\\Python313\\Lib\\site-packages\\starlette\\applications.py", line 107, in __call__\n    await self.middleware_stack(scope, receive, send)\n  File "C:\\Users\\VIDYANKSHINI\\AppData\\Local\\Programs\\Python\\Python313\\Lib\\site-packages\\starlette\\middleware\\errors.py", line 164, in __call__\n    await self.app(scope, receive, _send)\n  File "C:\\Users\\VIDYANKSHINI\\AppData\\Local\\Programs\\Python\\Python313\\Lib\\site-packages\\starlette\\middleware\\cors.py", line 87, in __call__\n    await self.app(scope, receive, send)\n  File "C:\\Users\\VIDYANKSHINI\\AppData\\Local\\Programs\\Python\\Python313\\Lib\\site-packages\\starlette\\middleware\\exceptions.py", line 63, in __call__\n    await wrap_app_handling_exceptions(self.app, conn)(scope, receive, send)\n  File "C:\\Users\\VIDYANKSHINI\\AppData\\Local\\Programs\\Python\\Python313\\Lib\\site-packages\\starlette\\_exception_handler.py", line 42, in wrapped_app\n    await app(scope, receive, sender)\n  File "C:\\Users\\VIDYANKSHINI\\AppData\\Local\\Programs\\Python\\Python313\\Lib\\site-packages\\fastapi\\middleware\\asyncexitstack.py", line 18, in __call__\n    await self.app(scope, receive, send)\n  File "C:\\Users\\VIDYANKSHINI\\AppData\\Local\\Programs\\Python\\Python313\\Lib\\site-packages\\starlette\\routing.py", line 716, in __call__\n    await self.middleware_stack(scope, receive, send)\n  File "C:\\Users\\VIDYANKSHINI\\AppData\\Local\\Programs\\Python\\Python313\\Lib\\site-packages\\starlette\\routing.py", line 736, in app\n    await route.handle(scope, receive, send)\n  File "C:\\Users\\VIDYANKSHINI\\AppData\\Local\\Programs\\Python\\Python313\\Lib\\site-packages\\starlette\\routing.py", line 290, in handle\n    await self.app(scope, receive, send)\n  File "C:\\Users\\VIDYANKSHINI\\AppData\\Local\\Programs\\Python\\Python313\\Lib\\site-packages\\fastapi\\routing.py", line 134, in app\n    await wrap_app_handling_exceptions(app, request)(scope, receive, send)\n  File "C:\\Users\\VIDYANKSHINI\\AppData\\Local\\Programs\\Python\\Python313\\Lib\\site-packages\\starlette\\_exception_handler.py", line 42, in wrapped_app\n    await app(scope, receive, sender)\n  File "C:\\Users\\VIDYANKSHINI\\AppData\\Local\\Programs\\Python\\Python313\\Lib\\site-packages\\fastapi\\routing.py", line 120, in app\n    response = await f(request)\n  File "C:\\Users\\VIDYANKSHINI\\AppData\\Local\\Programs\\Python\\Python313\\Lib\\site-packages\\fastapi\\routing.py", line 674, in app\n    raw_response = await run_endpoint_function(\n  File "C:\\Users\\VIDYANKSHINI\\AppData\\Local\\Programs\\Python\\Python313\\Lib\\site-packages\\fastapi\\routing.py", line 328, in run_endpoint_function\n    return await dependant.call(**values)\n  File "C:\\Users\\VIDYANKSHINI\\Desktop\\project\\SecuScan\\backend\\secuscan\\routes.py", line 269, in start_task\n    plugin_manager = await get_plugin_manager_for_request()\n  File "C:\\Users\\VIDYANKSHINI\\Desktop\\project\\SecuScan\\backend\\secuscan\\routes.py", line 177, in get_plugin_manager_for_request\n    return await init_plugins(settings.plugins_dir)\n  File "C:\\Users\\VIDYANKSHINI\\Desktop\\project\\SecuScan\\backend\\secuscan\\plugins.py", line 382, in init_plugins\n    await plugin_manager.load_plugins()\n  File "C:\\Users\\VIDYANKSHINI\\Desktop\\project\\SecuScan\\backend\\secuscan\\plugins.py", line 59, in load_plugins\n    logger.info(f"\u2713 Loaded plugin: {plugin_meta.name} v{plugin_meta.version}")\nMessage: '\u2713 Loaded plugin: Sitemap Generator v1.0.0'\nArguments: ()\n--- Logging error ---\nTraceback (most recent call last):\n  File "C:\\Users\\VIDYANKSHINI\\AppData\\Local\\Programs\\Python\\Python313\\Lib\\logging\\__init__.py", line 1153, in emit\n    stream.write(msg + self.terminator)\n    ~~~~~~~~~~~~^^^^^^^^^^^^^^^^^^^^^^^\n  File "C:\\Users\\VIDYANKSHINI\\AppData\\Local\\Programs\\Python\\Python313\\Lib\\encodings\\cp1252.py", line 19, in encode\n    return codecs.charmap_encode(input,self.errors,encoding_table)[0]\n           ~~~~~~~~~~~~~~~~~~~~~^^^^^^^^^^^^^^^^^^^^^^^^^^^^^^^^^^\nUnicodeEncodeError: 'charmap' codec can't encode character '\\u2713' in position 60: character maps to <undefined>\nCall stack:\n  File "C:\\Users\\VIDYANKSHINI\\AppData\\Local\\Programs\\Python\\Python313\\Lib\\threading.py", line 1012, in _bootstrap\n    self._bootstrap_inner()\n  File "C:\\Users\\VIDYANKSHINI\\AppData\\Local\\Programs\\Python\\Python313\\Lib\\threading.py", line 1041, in _bootstrap_inner\n    self.run()\n  File "C:\\Users\\VIDYANKSHINI\\AppData\\Local\\Programs\\Python\\Python313\\Lib\\threading.py", line 992, in run\n    self._target(*self._args, **self._kwargs)\n  File "C:\\Users\\VIDYANKSHINI\\AppData\\Local\\Programs\\Python\\Python313\\Lib\\site-packages\\anyio\\from_thread.py", line 532, in run_blocking_portal\n    run_eventloop(\n  File "C:\\Users\\VIDYANKSHINI\\AppData\\Local\\Programs\\Python\\Python313\\Lib\\site-packages\\anyio\\_core\\_eventloop.py", line 77, in run\n    return async_backend.run(func, args, {}, backend_options)\n  File "C:\\Users\\VIDYANKSHINI\\AppData\\Local\\Programs\\Python\\Python313\\Lib\\site-packages\\anyio\\_backends\\_asyncio.py", line 2358, in run\n    return runner.run(wrapper())\n  File "C:\\Users\\VIDYANKSHINI\\AppData\\Local\\Programs\\Python\\Python313\\Lib\\asyncio\\runners.py", line 118, in run\n    return self._loop.run_until_complete(task)\n  File "C:\\Users\\VIDYANKSHINI\\AppData\\Local\\Programs\\Python\\Python313\\Lib\\asyncio\\base_events.py", line 712, in run_until_complete\n    self.run_forever()\n  File "C:\\Users\\VIDYANKSHINI\\AppData\\Local\\Programs\\Python\\Python313\\Lib\\asyncio\\base_events.py", line 683, in run_forever\n    self._run_once()\n  File "C:\\Users\\VIDYANKSHINI\\AppData\\Local\\Programs\\Python\\Python313\\Lib\\asyncio\\base_events.py", line 2040, in _run_once\n    handle._run()\n  File "C:\\Users\\VIDYANKSHINI\\AppData\\Local\\Programs\\Python\\Python313\\Lib\\asyncio\\events.py", line 89, in _run\n    self._context.run(self._callback, *self._args)\n  File "C:\\Users\\VIDYANKSHINI\\AppData\\Local\\Programs\\Python\\Python313\\Lib\\site-packages\\anyio\\from_thread.py", line 259, in _call_func\n    retval = await retval_or_awaitable\n  File "C:\\Users\\VIDYANKSHINI\\AppData\\Local\\Programs\\Python\\Python313\\Lib\\site-packages\\fastapi\\applications.py", line 1159, in __call__\n    await super().__call__(scope, receive, send)\n  File "C:\\Users\\VIDYANKSHINI\\AppData\\Local\\Programs\\Python\\Python313\\Lib\\site-packages\\starlette\\applications.py", line 107, in __call__\n    await self.middleware_stack(scope, receive, send)\n  File "C:\\Users\\VIDYANKSHINI\\AppData\\Local\\Programs\\Python\\Python313\\Lib\\site-packages\\starlette\\middleware\\errors.py", line 164, in __call__\n    await self.app(scope, receive, _send)\n  File "C:\\Users\\VIDYANKSHINI\\AppData\\Local\\Programs\\Python\\Python313\\Lib\\site-packages\\starlette\\middleware\\cors.py", line 87, in __call__\n    await self.app(scope, receive, send)\n  File "C:\\Users\\VIDYANKSHINI\\AppData\\Local\\Programs\\Python\\Python313\\Lib\\site-packages\\starlette\\middleware\\exceptions.py", line 63, in __call__\n    await wrap_app_handling_exceptions(self.app, conn)(scope, receive, send)\n  File "C:\\Users\\VIDYANKSHINI\\AppData\\Local\\Programs\\Python\\Python313\\Lib\\site-packages\\starlette\\_exception_handler.py", line 42, in wrapped_app\n    await app(scope, receive, sender)\n  File "C:\\Users\\VIDYANKSHINI\\AppData\\Local\\Programs\\Python\\Python313\\Lib\\site-packages\\fastapi\\middleware\\asyncexitstack.py", line 18, in __call__\n    await self.app(scope, receive, send)\n  File "C:\\Users\\VIDYANKSHINI\\AppData\\Local\\Programs\\Python\\Python313\\Lib\\site-packages\\starlette\\routing.py", line 716, in __call__\n    await self.middleware_stack(scope, receive, send)\n  File "C:\\Users\\VIDYANKSHINI\\AppData\\Local\\Programs\\Python\\Python313\\Lib\\site-packages\\starlette\\routing.py", line 736, in app\n    await route.handle(scope, receive, send)\n  File "C:\\Users\\VIDYANKSHINI\\AppData\\Local\\Programs\\Python\\Python313\\Lib\\site-packages\\starlette\\routing.py", line 290, in handle\n    await self.app(scope, receive, send)\n  File "C:\\Users\\VIDYANKSHINI\\AppData\\Local\\Programs\\Python\\Python313\\Lib\\site-packages\\fastapi\\routing.py", line 134, in app\n    await wrap_app_handling_exceptions(app, request)(scope, receive, send)\n  File "C:\\Users\\VIDYANKSHINI\\AppData\\Local\\Programs\\Python\\Python313\\Lib\\site-packages\\starlette\\_exception_handler.py", line 42, in wrapped_app\n    await app(scope, receive, sender)\n  File "C:\\Users\\VIDYANKSHINI\\AppData\\Local\\Programs\\Python\\Python313\\Lib\\site-packages\\fastapi\\routing.py", line 120, in app\n    response = await f(request)\n  File "C:\\Users\\VIDYANKSHINI\\AppData\\Local\\Programs\\Python\\Python313\\Lib\\site-packages\\fastapi\\routing.py", line 674, in app\n    raw_response = await run_endpoint_function(\n  File "C:\\Users\\VIDYANKSHINI\\AppData\\Local\\Programs\\Python\\Python313\\Lib\\site-packages\\fastapi\\routing.py", line 328, in run_endpoint_function\n    return await dependant.call(**values)\n  File "C:\\Users\\VIDYANKSHINI\\Desktop\\project\\SecuScan\\backend\\secuscan\\routes.py", line 269, in start_task\n    plugin_manager = await get_plugin_manager_for_request()\n  File "C:\\Users\\VIDYANKSHINI\\Desktop\\project\\SecuScan\\backend\\secuscan\\routes.py", line 177, in get_plugin_manager_for_request\n    return await init_plugins(settings.plugins_dir)\n  File "C:\\Users\\VIDYANKSHINI\\Desktop\\project\\SecuScan\\backend\\secuscan\\plugins.py", line 382, in init_plugins\n    await plugin_manager.load_plugins()\n  File "C:\\Users\\VIDYANKSHINI\\Desktop\\project\\SecuScan\\backend\\secuscan\\plugins.py", line 59, in load_plugins\n    logger.info(f"\u2713 Loaded plugin: {plugin_meta.name} v{plugin_meta.version}")\nMessage: '\u2713 Loaded plugin: Sniper: Auto-Exploiter v1.0.0'\nArguments: ()\n--- Logging error ---\nTraceback (most recent call last):\n  File "C:\\Users\\VIDYANKSHINI\\AppData\\Local\\Programs\\Python\\Python313\\Lib\\logging\\__init__.py", line 1153, in emit\n    stream.write(msg + self.terminator)\n    ~~~~~~~~~~~~^^^^^^^^^^^^^^^^^^^^^^^\n  File "C:\\Users\\VIDYANKSHINI\\AppData\\Local\\Programs\\Python\\Python313\\Lib\\encodings\\cp1252.py", line 19, in encode\n    return codecs.charmap_encode(input,self.errors,encoding_table)[0]\n           ~~~~~~~~~~~~~~~~~~~~~^^^^^^^^^^^^^^^^^^^^^^^^^^^^^^^^^^\nUnicodeEncodeError: 'charmap' codec can't encode character '\\u2713' in position 60: character maps to <undefined>\nCall stack:\n  File "C:\\Users\\VIDYANKSHINI\\AppData\\Local\\Programs\\Python\\Python313\\Lib\\threading.py", line 1012, in _bootstrap\n    self._bootstrap_inner()\n  File "C:\\Users\\VIDYANKSHINI\\AppData\\Local\\Programs\\Python\\Python313\\Lib\\threading.py", line 1041, in _bootstrap_inner\n    self.run()\n  File "C:\\Users\\VIDYANKSHINI\\AppData\\Local\\Programs\\Python\\Python313\\Lib\\threading.py", line 992, in run\n    self._target(*self._args, **self._kwargs)\n  File "C:\\Users\\VIDYANKSHINI\\AppData\\Local\\Programs\\Python\\Python313\\Lib\\site-packages\\anyio\\from_thread.py", line 532, in run_blocking_portal\n    run_eventloop(\n  File "C:\\Users\\VIDYANKSHINI\\AppData\\Local\\Programs\\Python\\Python313\\Lib\\site-packages\\anyio\\_core\\_eventloop.py", line 77, in run\n    return async_backend.run(func, args, {}, backend_options)\n  File "C:\\Users\\VIDYANKSHINI\\AppData\\Local\\Programs\\Python\\Python313\\Lib\\site-packages\\anyio\\_backends\\_asyncio.py", line 2358, in run\n    return runner.run(wrapper())\n  File "C:\\Users\\VIDYANKSHINI\\AppData\\Local\\Programs\\Python\\Python313\\Lib\\asyncio\\runners.py", line 118, in run\n    return self._loop.run_until_complete(task)\n  File "C:\\Users\\VIDYANKSHINI\\AppData\\Local\\Programs\\Python\\Python313\\Lib\\asyncio\\base_events.py", line 712, in run_until_complete\n    self.run_forever()\n  File "C:\\Users\\VIDYANKSHINI\\AppData\\Local\\Programs\\Python\\Python313\\Lib\\asyncio\\base_events.py", line 683, in run_forever\n    self._run_once()\n  File "C:\\Users\\VIDYANKSHINI\\AppData\\Local\\Programs\\Python\\Python313\\Lib\\asyncio\\base_events.py", line 2040, in _run_once\n    handle._run()\n  File "C:\\Users\\VIDYANKSHINI\\AppData\\Local\\Programs\\Python\\Python313\\Lib\\asyncio\\events.py", line 89, in _run\n    self._context.run(self._callback, *self._args)\n  File "C:\\Users\\VIDYANKSHINI\\AppData\\Local\\Programs\\Python\\Python313\\Lib\\site-packages\\anyio\\from_thread.py", line 259, in _call_func\n    retval = await retval_or_awaitable\n  File "C:\\Users\\VIDYANKSHINI\\AppData\\Local\\Programs\\Python\\Python313\\Lib\\site-packages\\fastapi\\applications.py", line 1159, in __call__\n    await super().__call__(scope, receive, send)\n  File "C:\\Users\\VIDYANKSHINI\\AppData\\Local\\Programs\\Python\\Python313\\Lib\\site-packages\\starlette\\applications.py", line 107, in __call__\n    await self.middleware_stack(scope, receive, send)\n  File "C:\\Users\\VIDYANKSHINI\\AppData\\Local\\Programs\\Python\\Python313\\Lib\\site-packages\\starlette\\middleware\\errors.py", line 164, in __call__\n    await self.app(scope, receive, _send)\n  File "C:\\Users\\VIDYANKSHINI\\AppData\\Local\\Programs\\Python\\Python313\\Lib\\site-packages\\starlette\\middleware\\cors.py", line 87, in __call__\n    await self.app(scope, receive, send)\n  File "C:\\Users\\VIDYANKSHINI\\AppData\\Local\\Programs\\Python\\Python313\\Lib\\site-packages\\starlette\\middleware\\exceptions.py", line 63, in __call__\n    await wrap_app_handling_exceptions(self.app, conn)(scope, receive, send)\n  File "C:\\Users\\VIDYANKSHINI\\AppData\\Local\\Programs\\Python\\Python313\\Lib\\site-packages\\starlette\\_exception_handler.py", line 42, in wrapped_app\n    await app(scope, receive, sender)\n  File "C:\\Users\\VIDYANKSHINI\\AppData\\Local\\Programs\\Python\\Python313\\Lib\\site-packages\\fastapi\\middleware\\asyncexitstack.py", line 18, in __call__\n    await self.app(scope, receive, send)\n  File "C:\\Users\\VIDYANKSHINI\\AppData\\Local\\Programs\\Python\\Python313\\Lib\\site-packages\\starlette\\routing.py", line 716, in __call__\n    await self.middleware_stack(scope, receive, send)\n  File "C:\\Users\\VIDYANKSHINI\\AppData\\Local\\Programs\\Python\\Python313\\Lib\\site-packages\\starlette\\routing.py", line 736, in app\n    await route.handle(scope, receive, send)\n  File "C:\\Users\\VIDYANKSHINI\\AppData\\Local\\Programs\\Python\\Python313\\Lib\\site-packages\\starlette\\routing.py", line 290, in handle\n    await self.app(scope, receive, send)\n  File "C:\\Users\\VIDYANKSHINI\\AppData\\Local\\Programs\\Python\\Python313\\Lib\\site-packages\\fastapi\\routing.py", line 134, in app\n    await wrap_app_handling_exceptions(app, request)(scope, receive, send)\n  File "C:\\Users\\VIDYANKSHINI\\AppData\\Local\\Programs\\Python\\Python313\\Lib\\site-packages\\starlette\\_exception_handler.py", line 42, in wrapped_app\n    await app(scope, receive, sender)\n  File "C:\\Users\\VIDYANKSHINI\\AppData\\Local\\Programs\\Python\\Python313\\Lib\\site-packages\\fastapi\\routing.py", line 120, in app\n    response = await f(request)\n  File "C:\\Users\\VIDYANKSHINI\\AppData\\Local\\Programs\\Python\\Python313\\Lib\\site-packages\\fastapi\\routing.py", line 674, in app\n    raw_response = await run_endpoint_function(\n  File "C:\\Users\\VIDYANKSHINI\\AppData\\Local\\Programs\\Python\\Python313\\Lib\\site-packages\\fastapi\\routing.py", line 328, in run_endpoint_function\n    return await dependant.call(**values)\n  File "C:\\Users\\VIDYANKSHINI\\Desktop\\project\\SecuScan\\backend\\secuscan\\routes.py", line 269, in start_task\n    plugin_manager = await get_plugin_manager_for_request()\n  File "C:\\Users\\VIDYANKSHINI\\Desktop\\project\\SecuScan\\backend\\secuscan\\routes.py", line 177, in get_plugin_manager_for_request\n    return await init_plugins(settings.plugins_dir)\n  File "C:\\Users\\VIDYANKSHINI\\Desktop\\project\\SecuScan\\backend\\secuscan\\plugins.py", line 382, in init_plugins\n    await plugin_manager.load_plugins()\n  File "C:\\Users\\VIDYANKSHINI\\Desktop\\project\\SecuScan\\backend\\secuscan\\plugins.py", line 59, in load_plugins\n    logger.info(f"\u2713 Loaded plugin: {plugin_meta.name} v{plugin_meta.version}")\nMessage: '\u2713 Loaded plugin: Spider v1.0.0'\nArguments: ()\n--- Logging error ---\nTraceback (most recent call last):\n  File "C:\\Users\\VIDYANKSHINI\\AppData\\Local\\Programs\\Python\\Python313\\Lib\\logging\\__init__.py", line 1153, in emit\n    stream.write(msg + self.terminator)\n    ~~~~~~~~~~~~^^^^^^^^^^^^^^^^^^^^^^^\n  File "C:\\Users\\VIDYANKSHINI\\AppData\\Local\\Programs\\Python\\Python313\\Lib\\encodings\\cp1252.py", line 19, in encode\n    return codecs.charmap_encode(input,self.errors,encoding_table)[0]\n           ~~~~~~~~~~~~~~~~~~~~~^^^^^^^^^^^^^^^^^^^^^^^^^^^^^^^^^^\nUnicodeEncodeError: 'charmap' codec can't encode character '\\u2713' in position 60: character maps to <undefined>\nCall stack:\n  File "C:\\Users\\VIDYANKSHINI\\AppData\\Local\\Programs\\Python\\Python313\\Lib\\threading.py", line 1012, in _bootstrap\n    self._bootstrap_inner()\n  File "C:\\Users\\VIDYANKSHINI\\AppData\\Local\\Programs\\Python\\Python313\\Lib\\threading.py", line 1041, in _bootstrap_inner\n    self.run()\n  File "C:\\Users\\VIDYANKSHINI\\AppData\\Local\\Programs\\Python\\Python313\\Lib\\threading.py", line 992, in run\n    self._target(*self._args, **self._kwargs)\n  File "C:\\Users\\VIDYANKSHINI\\AppData\\Local\\Programs\\Python\\Python313\\Lib\\site-packages\\anyio\\from_thread.py", line 532, in run_blocking_portal\n    run_eventloop(\n  File "C:\\Users\\VIDYANKSHINI\\AppData\\Local\\Programs\\Python\\Python313\\Lib\\site-packages\\anyio\\_core\\_eventloop.py", line 77, in run\n    return async_backend.run(func, args, {}, backend_options)\n  File "C:\\Users\\VIDYANKSHINI\\AppData\\Local\\Programs\\Python\\Python313\\Lib\\site-packages\\anyio\\_backends\\_asyncio.py", line 2358, in run\n    return runner.run(wrapper())\n  File "C:\\Users\\VIDYANKSHINI\\AppData\\Local\\Programs\\Python\\Python313\\Lib\\asyncio\\runners.py", line 118, in run\n    return self._loop.run_until_complete(task)\n  File "C:\\Users\\VIDYANKSHINI\\AppData\\Local\\Programs\\Python\\Python313\\Lib\\asyncio\\base_events.py", line 712, in run_until_complete\n    self.run_forever()\n  File "C:\\Users\\VIDYANKSHINI\\AppData\\Local\\Programs\\Python\\Python313\\Lib\\asyncio\\base_events.py", line 683, in run_forever\n    self._run_once()\n  File "C:\\Users\\VIDYANKSHINI\\AppData\\Local\\Programs\\Python\\Python313\\Lib\\asyncio\\base_events.py", line 2040, in _run_once\n    handle._run()\n  File "C:\\Users\\VIDYANKSHINI\\AppData\\Local\\Programs\\Python\\Python313\\Lib\\asyncio\\events.py", line 89, in _run\n    self._context.run(self._callback, *self._args)\n  File "C:\\Users\\VIDYANKSHINI\\AppData\\Local\\Programs\\Python\\Python313\\Lib\\site-packages\\anyio\\from_thread.py", line 259, in _call_func\n    retval = await retval_or_awaitable\n  File "C:\\Users\\VIDYANKSHINI\\AppData\\Local\\Programs\\Python\\Python313\\Lib\\site-packages\\fastapi\\applications.py", line 1159, in __call__\n    await super().__call__(scope, receive, send)\n  File "C:\\Users\\VIDYANKSHINI\\AppData\\Local\\Programs\\Python\\Python313\\Lib\\site-packages\\starlette\\applications.py", line 107, in __call__\n    await self.middleware_stack(scope, receive, send)\n  File "C:\\Users\\VIDYANKSHINI\\AppData\\Local\\Programs\\Python\\Python313\\Lib\\site-packages\\starlette\\middleware\\errors.py", line 164, in __call__\n    await self.app(scope, receive, _send)\n  File "C:\\Users\\VIDYANKSHINI\\AppData\\Local\\Programs\\Python\\Python313\\Lib\\site-packages\\starlette\\middleware\\cors.py", line 87, in __call__\n    await self.app(scope, receive, send)\n  File "C:\\Users\\VIDYANKSHINI\\AppData\\Local\\Programs\\Python\\Python313\\Lib\\site-packages\\starlette\\middleware\\exceptions.py", line 63, in __call__\n    await wrap_app_handling_exceptions(self.app, conn)(scope, receive, send)\n  File "C:\\Users\\VIDYANKSHINI\\AppData\\Local\\Programs\\Python\\Python313\\Lib\\site-packages\\starlette\\_exception_handler.py", line 42, in wrapped_app\n    await app(scope, receive, sender)\n  File "C:\\Users\\VIDYANKSHINI\\AppData\\Local\\Programs\\Python\\Python313\\Lib\\site-packages\\fastapi\\middleware\\asyncexitstack.py", line 18, in __call__\n    await self.app(scope, receive, send)\n  File "C:\\Users\\VIDYANKSHINI\\AppData\\Local\\Programs\\Python\\Python313\\Lib\\site-packages\\starlette\\routing.py", line 716, in __call__\n    await self.middleware_stack(scope, receive, send)\n  File "C:\\Users\\VIDYANKSHINI\\AppData\\Local\\Programs\\Python\\Python313\\Lib\\site-packages\\starlette\\routing.py", line 736, in app\n    await route.handle(scope, receive, send)\n  File "C:\\Users\\VIDYANKSHINI\\AppData\\Local\\Programs\\Python\\Python313\\Lib\\site-packages\\starlette\\routing.py", line 290, in handle\n    await self.app(scope, receive, send)\n  File "C:\\Users\\VIDYANKSHINI\\AppData\\Local\\Programs\\Python\\Python313\\Lib\\site-packages\\fastapi\\routing.py", line 134, in app\n    await wrap_app_handling_exceptions(app, request)(scope, receive, send)\n  File "C:\\Users\\VIDYANKSHINI\\AppData\\Local\\Programs\\Python\\Python313\\Lib\\site-packages\\starlette\\_exception_handler.py", line 42, in wrapped_app\n    await app(scope, receive, sender)\n  File "C:\\Users\\VIDYANKSHINI\\AppData\\Local\\Programs\\Python\\Python313\\Lib\\site-packages\\fastapi\\routing.py", line 120, in app\n    response = await f(request)\n  File "C:\\Users\\VIDYANKSHINI\\AppData\\Local\\Programs\\Python\\Python313\\Lib\\site-packages\\fastapi\\routing.py", line 674, in app\n    raw_response = await run_endpoint_function(\n  File "C:\\Users\\VIDYANKSHINI\\AppData\\Local\\Programs\\Python\\Python313\\Lib\\site-packages\\fastapi\\routing.py", line 328, in run_endpoint_function\n    return await dependant.call(**values)\n  File "C:\\Users\\VIDYANKSHINI\\Desktop\\project\\SecuScan\\backend\\secuscan\\routes.py", line 269, in start_task\n    plugin_manager = await get_plugin_manager_for_request()\n  File "C:\\Users\\VIDYANKSHINI\\Desktop\\project\\SecuScan\\backend\\secuscan\\routes.py", line 177, in get_plugin_manager_for_request\n    return await init_plugins(settings.plugins_dir)\n  File "C:\\Users\\VIDYANKSHINI\\Desktop\\project\\SecuScan\\backend\\secuscan\\plugins.py", line 382, in init_plugins\n    await plugin_manager.load_plugins()\n  File "C:\\Users\\VIDYANKSHINI\\Desktop\\project\\SecuScan\\backend\\secuscan\\plugins.py", line 59, in load_plugins\n    logger.info(f"\u2713 Loaded plugin: {plugin_meta.name} v{plugin_meta.version}")\nMessage: '\u2713 Loaded plugin: SQL Injection Feasibility v1.0.0'\nArguments: ()\n--- Logging error ---\nTraceback (most recent call last):\n  File "C:\\Users\\VIDYANKSHINI\\AppData\\Local\\Programs\\Python\\Python313\\Lib\\logging\\__init__.py", line 1153, in emit\n    stream.write(msg + self.terminator)\n    ~~~~~~~~~~~~^^^^^^^^^^^^^^^^^^^^^^^\n  File "C:\\Users\\VIDYANKSHINI\\AppData\\Local\\Programs\\Python\\Python313\\Lib\\encodings\\cp1252.py", line 19, in encode\n    return codecs.charmap_encode(input,self.errors,encoding_table)[0]\n           ~~~~~~~~~~~~~~~~~~~~~^^^^^^^^^^^^^^^^^^^^^^^^^^^^^^^^^^\nUnicodeEncodeError: 'charmap' codec can't encode character '\\u2713' in position 60: character maps to <undefined>\nCall stack:\n  File "C:\\Users\\VIDYANKSHINI\\AppData\\Local\\Programs\\Python\\Python313\\Lib\\threading.py", line 1012, in _bootstrap\n    self._bootstrap_inner()\n  File "C:\\Users\\VIDYANKSHINI\\AppData\\Local\\Programs\\Python\\Python313\\Lib\\threading.py", line 1041, in _bootstrap_inner\n    self.run()\n  File "C:\\Users\\VIDYANKSHINI\\AppData\\Local\\Programs\\Python\\Python313\\Lib\\threading.py", line 992, in run\n    self._target(*self._args, **self._kwargs)\n  File "C:\\Users\\VIDYANKSHINI\\AppData\\Local\\Programs\\Python\\Python313\\Lib\\site-packages\\anyio\\from_thread.py", line 532, in run_blocking_portal\n    run_eventloop(\n  File "C:\\Users\\VIDYANKSHINI\\AppData\\Local\\Programs\\Python\\Python313\\Lib\\site-packages\\anyio\\_core\\_eventloop.py", line 77, in run\n    return async_backend.run(func, args, {}, backend_options)\n  File "C:\\Users\\VIDYANKSHINI\\AppData\\Local\\Programs\\Python\\Python313\\Lib\\site-packages\\anyio\\_backends\\_asyncio.py", line 2358, in run\n    return runner.run(wrapper())\n  File "C:\\Users\\VIDYANKSHINI\\AppData\\Local\\Programs\\Python\\Python313\\Lib\\asyncio\\runners.py", line 118, in run\n    return self._loop.run_until_complete(task)\n  File "C:\\Users\\VIDYANKSHINI\\AppData\\Local\\Programs\\Python\\Python313\\Lib\\asyncio\\base_events.py", line 712, in run_until_complete\n    self.run_forever()\n  File "C:\\Users\\VIDYANKSHINI\\AppData\\Local\\Programs\\Python\\Python313\\Lib\\asyncio\\base_events.py", line 683, in run_forever\n    self._run_once()\n  File "C:\\Users\\VIDYANKSHINI\\AppData\\Local\\Programs\\Python\\Python313\\Lib\\asyncio\\base_events.py", line 2040, in _run_once\n    handle._run()\n  File "C:\\Users\\VIDYANKSHINI\\AppData\\Local\\Programs\\Python\\Python313\\Lib\\asyncio\\events.py", line 89, in _run\n    self._context.run(self._callback, *self._args)\n  File "C:\\Users\\VIDYANKSHINI\\AppData\\Local\\Programs\\Python\\Python313\\Lib\\site-packages\\anyio\\from_thread.py", line 259, in _call_func\n    retval = await retval_or_awaitable\n  File "C:\\Users\\VIDYANKSHINI\\AppData\\Local\\Programs\\Python\\Python313\\Lib\\site-packages\\fastapi\\applications.py", line 1159, in __call__\n    await super().__call__(scope, receive, send)\n  File "C:\\Users\\VIDYANKSHINI\\AppData\\Local\\Programs\\Python\\Python313\\Lib\\site-packages\\starlette\\applications.py", line 107, in __call__\n    await self.middleware_stack(scope, receive, send)\n  File "C:\\Users\\VIDYANKSHINI\\AppData\\Local\\Programs\\Python\\Python313\\Lib\\site-packages\\starlette\\middleware\\errors.py", line 164, in __call__\n    await self.app(scope, receive, _send)\n  File "C:\\Users\\VIDYANKSHINI\\AppData\\Local\\Programs\\Python\\Python313\\Lib\\site-packages\\starlette\\middleware\\cors.py", line 87, in __call__\n    await self.app(scope, receive, send)\n  File "C:\\Users\\VIDYANKSHINI\\AppData\\Local\\Programs\\Python\\Python313\\Lib\\site-packages\\starlette\\middleware\\exceptions.py", line 63, in __call__\n    await wrap_app_handling_exceptions(self.app, conn)(scope, receive, send)\n  File "C:\\Users\\VIDYANKSHINI\\AppData\\Local\\Programs\\Python\\Python313\\Lib\\site-packages\\starlette\\_exception_handler.py", line 42, in wrapped_app\n    await app(scope, receive, sender)\n  File "C:\\Users\\VIDYANKSHINI\\AppData\\Local\\Programs\\Python\\Python313\\Lib\\site-packages\\fastapi\\middleware\\asyncexitstack.py", line 18, in __call__\n    await self.app(scope, receive, send)\n  File "C:\\Users\\VIDYANKSHINI\\AppData\\Local\\Programs\\Python\\Python313\\Lib\\site-packages\\starlette\\routing.py", line 716, in __call__\n    await self.middleware_stack(scope, receive, send)\n  File "C:\\Users\\VIDYANKSHINI\\AppData\\Local\\Programs\\Python\\Python313\\Lib\\site-packages\\starlette\\routing.py", line 736, in app\n    await route.handle(scope, receive, send)\n  File "C:\\Users\\VIDYANKSHINI\\AppData\\Local\\Programs\\Python\\Python313\\Lib\\site-packages\\starlette\\routing.py", line 290, in handle\n    await self.app(scope, receive, send)\n  File "C:\\Users\\VIDYANKSHINI\\AppData\\Local\\Programs\\Python\\Python313\\Lib\\site-packages\\fastapi\\routing.py", line 134, in app\n    await wrap_app_handling_exceptions(app, request)(scope, receive, send)\n  File "C:\\Users\\VIDYANKSHINI\\AppData\\Local\\Programs\\Python\\Python313\\Lib\\site-packages\\starlette\\_exception_handler.py", line 42, in wrapped_app\n    await app(scope, receive, sender)\n  File "C:\\Users\\VIDYANKSHINI\\AppData\\Local\\Programs\\Python\\Python313\\Lib\\site-packages\\fastapi\\routing.py", line 120, in app\n    response = await f(request)\n  File "C:\\Users\\VIDYANKSHINI\\AppData\\Local\\Programs\\Python\\Python313\\Lib\\site-packages\\fastapi\\routing.py", line 674, in app\n    raw_response = await run_endpoint_function(\n  File "C:\\Users\\VIDYANKSHINI\\AppData\\Local\\Programs\\Python\\Python313\\Lib\\site-packages\\fastapi\\routing.py", line 328, in run_endpoint_function\n    return await dependant.call(**values)\n  File "C:\\Users\\VIDYANKSHINI\\Desktop\\project\\SecuScan\\backend\\secuscan\\routes.py", line 269, in start_task\n    plugin_manager = await get_plugin_manager_for_request()\n  File "C:\\Users\\VIDYANKSHINI\\Desktop\\project\\SecuScan\\backend\\secuscan\\routes.py", line 177, in get_plugin_manager_for_request\n    return await init_plugins(settings.plugins_dir)\n  File "C:\\Users\\VIDYANKSHINI\\Desktop\\project\\SecuScan\\backend\\secuscan\\plugins.py", line 382, in init_plugins\n    await plugin_manager.load_plugins()\n  File "C:\\Users\\VIDYANKSHINI\\Desktop\\project\\SecuScan\\backend\\secuscan\\plugins.py", line 59, in load_plugins\n    logger.info(f"\u2713 Loaded plugin: {plugin_meta.name} v{plugin_meta.version}")\nMessage: '\u2713 Loaded plugin: SQLi Exploiter v1.0.0'\nArguments: ()\n--- Logging error ---\nTraceback (most recent call last):\n  File "C:\\Users\\VIDYANKSHINI\\AppData\\Local\\Programs\\Python\\Python313\\Lib\\logging\\__init__.py", line 1153, in emit\n    stream.write(msg + self.terminator)\n    ~~~~~~~~~~~~^^^^^^^^^^^^^^^^^^^^^^^\n  File "C:\\Users\\VIDYANKSHINI\\AppData\\Local\\Programs\\Python\\Python313\\Lib\\encodings\\cp1252.py", line 19, in encode\n    return codecs.charmap_encode(input,self.errors,encoding_table)[0]\n           ~~~~~~~~~~~~~~~~~~~~~^^^^^^^^^^^^^^^^^^^^^^^^^^^^^^^^^^\nUnicodeEncodeError: 'charmap' codec can't encode character '\\u2713' in position 60: character maps to <undefined>\nCall stack:\n  File "C:\\Users\\VIDYANKSHINI\\AppData\\Local\\Programs\\Python\\Python313\\Lib\\threading.py", line 1012, in _bootstrap\n    self._bootstrap_inner()\n  File "C:\\Users\\VIDYANKSHINI\\AppData\\Local\\Programs\\Python\\Python313\\Lib\\threading.py", line 1041, in _bootstrap_inner\n    self.run()\n  File "C:\\Users\\VIDYANKSHINI\\AppData\\Local\\Programs\\Python\\Python313\\Lib\\threading.py", line 992, in run\n    self._target(*self._args, **self._kwargs)\n  File "C:\\Users\\VIDYANKSHINI\\AppData\\Local\\Programs\\Python\\Python313\\Lib\\site-packages\\anyio\\from_thread.py", line 532, in run_blocking_portal\n    run_eventloop(\n  File "C:\\Users\\VIDYANKSHINI\\AppData\\Local\\Programs\\Python\\Python313\\Lib\\site-packages\\anyio\\_core\\_eventloop.py", line 77, in run\n    return async_backend.run(func, args, {}, backend_options)\n  File "C:\\Users\\VIDYANKSHINI\\AppData\\Local\\Programs\\Python\\Python313\\Lib\\site-packages\\anyio\\_backends\\_asyncio.py", line 2358, in run\n    return runner.run(wrapper())\n  File "C:\\Users\\VIDYANKSHINI\\AppData\\Local\\Programs\\Python\\Python313\\Lib\\asyncio\\runners.py", line 118, in run\n    return self._loop.run_until_complete(task)\n  File "C:\\Users\\VIDYANKSHINI\\AppData\\Local\\Programs\\Python\\Python313\\Lib\\asyncio\\base_events.py", line 712, in run_until_complete\n    self.run_forever()\n  File "C:\\Users\\VIDYANKSHINI\\AppData\\Local\\Programs\\Python\\Python313\\Lib\\asyncio\\base_events.py", line 683, in run_forever\n    self._run_once()\n  File "C:\\Users\\VIDYANKSHINI\\AppData\\Local\\Programs\\Python\\Python313\\Lib\\asyncio\\base_events.py", line 2040, in _run_once\n    handle._run()\n  File "C:\\Users\\VIDYANKSHINI\\AppData\\Local\\Programs\\Python\\Python313\\Lib\\asyncio\\events.py", line 89, in _run\n    self._context.run(self._callback, *self._args)\n  File "C:\\Users\\VIDYANKSHINI\\AppData\\Local\\Programs\\Python\\Python313\\Lib\\site-packages\\anyio\\from_thread.py", line 259, in _call_func\n    retval = await retval_or_awaitable\n  File "C:\\Users\\VIDYANKSHINI\\AppData\\Local\\Programs\\Python\\Python313\\Lib\\site-packages\\fastapi\\applications.py", line 1159, in __call__\n    await super().__call__(scope, receive, send)\n  File "C:\\Users\\VIDYANKSHINI\\AppData\\Local\\Programs\\Python\\Python313\\Lib\\site-packages\\starlette\\applications.py", line 107, in __call__\n    await self.middleware_stack(scope, receive, send)\n  File "C:\\Users\\VIDYANKSHINI\\AppData\\Local\\Programs\\Python\\Python313\\Lib\\site-packages\\starlette\\middleware\\errors.py", line 164, in __call__\n    await self.app(scope, receive, _send)\n  File "C:\\Users\\VIDYANKSHINI\\AppData\\Local\\Programs\\Python\\Python313\\Lib\\site-packages\\starlette\\middleware\\cors.py", line 87, in __call__\n    await self.app(scope, receive, send)\n  File "C:\\Users\\VIDYANKSHINI\\AppData\\Local\\Programs\\Python\\Python313\\Lib\\site-packages\\starlette\\middleware\\exceptions.py", line 63, in __call__\n    await wrap_app_handling_exceptions(self.app, conn)(scope, receive, send)\n  File "C:\\Users\\VIDYANKSHINI\\AppData\\Local\\Programs\\Python\\Python313\\Lib\\site-packages\\starlette\\_exception_handler.py", line 42, in wrapped_app\n    await app(scope, receive, sender)\n  File "C:\\Users\\VIDYANKSHINI\\AppData\\Local\\Programs\\Python\\Python313\\Lib\\site-packages\\fastapi\\middleware\\asyncexitstack.py", line 18, in __call__\n    await self.app(scope, receive, send)\n  File "C:\\Users\\VIDYANKSHINI\\AppData\\Local\\Programs\\Python\\Python313\\Lib\\site-packages\\starlette\\routing.py", line 716, in __call__\n    await self.middleware_stack(scope, receive, send)\n  File "C:\\Users\\VIDYANKSHINI\\AppData\\Local\\Programs\\Python\\Python313\\Lib\\site-packages\\starlette\\routing.py", line 736, in app\n    await route.handle(scope, receive, send)\n  File "C:\\Users\\VIDYANKSHINI\\AppData\\Local\\Programs\\Python\\Python313\\Lib\\site-packages\\starlette\\routing.py", line 290, in handle\n    await self.app(scope, receive, send)\n  File "C:\\Users\\VIDYANKSHINI\\AppData\\Local\\Programs\\Python\\Python313\\Lib\\site-packages\\fastapi\\routing.py", line 134, in app\n    await wrap_app_handling_exceptions(app, request)(scope, receive, send)\n  File "C:\\Users\\VIDYANKSHINI\\AppData\\Local\\Programs\\Python\\Python313\\Lib\\site-packages\\starlette\\_exception_handler.py", line 42, in wrapped_app\n    await app(scope, receive, sender)\n  File "C:\\Users\\VIDYANKSHINI\\AppData\\Local\\Programs\\Python\\Python313\\Lib\\site-packages\\fastapi\\routing.py", line 120, in app\n    response = await f(request)\n  File "C:\\Users\\VIDYANKSHINI\\AppData\\Local\\Programs\\Python\\Python313\\Lib\\site-packages\\fastapi\\routing.py", line 674, in app\n    raw_response = await run_endpoint_function(\n  File "C:\\Users\\VIDYANKSHINI\\AppData\\Local\\Programs\\Python\\Python313\\Lib\\site-packages\\fastapi\\routing.py", line 328, in run_endpoint_function\n    return await dependant.call(**values)\n  File "C:\\Users\\VIDYANKSHINI\\Desktop\\project\\SecuScan\\backend\\secuscan\\routes.py", line 269, in start_task\n    plugin_manager = await get_plugin_manager_for_request()\n  File "C:\\Users\\VIDYANKSHINI\\Desktop\\project\\SecuScan\\backend\\secuscan\\routes.py", line 177, in get_plugin_manager_for_request\n    return await init_plugins(settings.plugins_dir)\n  File "C:\\Users\\VIDYANKSHINI\\Desktop\\project\\SecuScan\\backend\\secuscan\\plugins.py", line 382, in init_plugins\n    await plugin_manager.load_plugins()\n  File "C:\\Users\\VIDYANKSHINI\\Desktop\\project\\SecuScan\\backend\\secuscan\\plugins.py", line 59, in load_plugins\n    logger.info(f"\u2713 Loaded plugin: {plugin_meta.name} v{plugin_meta.version}")\nMessage: '\u2713 Loaded plugin: SQL Injection Testing v1.0.0'\nArguments: ()\n--- Logging error ---\nTraceback (most recent call last):\n  File "C:\\Users\\VIDYANKSHINI\\AppData\\Local\\Programs\\Python\\Python313\\Lib\\logging\\__init__.py", line 1153, in emit\n    stream.write(msg + self.terminator)\n    ~~~~~~~~~~~~^^^^^^^^^^^^^^^^^^^^^^^\n  File "C:\\Users\\VIDYANKSHINI\\AppData\\Local\\Programs\\Python\\Python313\\Lib\\encodings\\cp1252.py", line 19, in encode\n    return codecs.charmap_encode(input,self.errors,encoding_table)[0]\n           ~~~~~~~~~~~~~~~~~~~~~^^^^^^^^^^^^^^^^^^^^^^^^^^^^^^^^^^\nUnicodeEncodeError: 'charmap' codec can't encode character '\\u2713' in position 60: character maps to <undefined>\nCall stack:\n  File "C:\\Users\\VIDYANKSHINI\\AppData\\Local\\Programs\\Python\\Python313\\Lib\\threading.py", line 1012, in _bootstrap\n    self._bootstrap_inner()\n  File "C:\\Users\\VIDYANKSHINI\\AppData\\Local\\Programs\\Python\\Python313\\Lib\\threading.py", line 1041, in _bootstrap_inner\n    self.run()\n  File "C:\\Users\\VIDYANKSHINI\\AppData\\Local\\Programs\\Python\\Python313\\Lib\\threading.py", line 992, in run\n    self._target(*self._args, **self._kwargs)\n  File "C:\\Users\\VIDYANKSHINI\\AppData\\Local\\Programs\\Python\\Python313\\Lib\\site-packages\\anyio\\from_thread.py", line 532, in run_blocking_portal\n    run_eventloop(\n  File "C:\\Users\\VIDYANKSHINI\\AppData\\Local\\Programs\\Python\\Python313\\Lib\\site-packages\\anyio\\_core\\_eventloop.py", line 77, in run\n    return async_backend.run(func, args, {}, backend_options)\n  File "C:\\Users\\VIDYANKSHINI\\AppData\\Local\\Programs\\Python\\Python313\\Lib\\site-packages\\anyio\\_backends\\_asyncio.py", line 2358, in run\n    return runner.run(wrapper())\n  File "C:\\Users\\VIDYANKSHINI\\AppData\\Local\\Programs\\Python\\Python313\\Lib\\asyncio\\runners.py", line 118, in run\n    return self._loop.run_until_complete(task)\n  File "C:\\Users\\VIDYANKSHINI\\AppData\\Local\\Programs\\Python\\Python313\\Lib\\asyncio\\base_events.py", line 712, in run_until_complete\n    self.run_forever()\n  File "C:\\Users\\VIDYANKSHINI\\AppData\\Local\\Programs\\Python\\Python313\\Lib\\asyncio\\base_events.py", line 683, in run_forever\n    self._run_once()\n  File "C:\\Users\\VIDYANKSHINI\\AppData\\Local\\Programs\\Python\\Python313\\Lib\\asyncio\\base_events.py", line 2040, in _run_once\n    handle._run()\n  File "C:\\Users\\VIDYANKSHINI\\AppData\\Local\\Programs\\Python\\Python313\\Lib\\asyncio\\events.py", line 89, in _run\n    self._context.run(self._callback, *self._args)\n  File "C:\\Users\\VIDYANKSHINI\\AppData\\Local\\Programs\\Python\\Python313\\Lib\\site-packages\\anyio\\from_thread.py", line 259, in _call_func\n    retval = await retval_or_awaitable\n  File "C:\\Users\\VIDYANKSHINI\\AppData\\Local\\Programs\\Python\\Python313\\Lib\\site-packages\\fastapi\\applications.py", line 1159, in __call__\n    await super().__call__(scope, receive, send)\n  File "C:\\Users\\VIDYANKSHINI\\AppData\\Local\\Programs\\Python\\Python313\\Lib\\site-packages\\starlette\\applications.py", line 107, in __call__\n    await self.middleware_stack(scope, receive, send)\n  File "C:\\Users\\VIDYANKSHINI\\AppData\\Local\\Programs\\Python\\Python313\\Lib\\site-packages\\starlette\\middleware\\errors.py", line 164, in __call__\n    await self.app(scope, receive, _send)\n  File "C:\\Users\\VIDYANKSHINI\\AppData\\Local\\Programs\\Python\\Python313\\Lib\\site-packages\\starlette\\middleware\\cors.py", line 87, in __call__\n    await self.app(scope, receive, send)\n  File "C:\\Users\\VIDYANKSHINI\\AppData\\Local\\Programs\\Python\\Python313\\Lib\\site-packages\\starlette\\middleware\\exceptions.py", line 63, in __call__\n    await wrap_app_handling_exceptions(self.app, conn)(scope, receive, send)\n  File "C:\\Users\\VIDYANKSHINI\\AppData\\Local\\Programs\\Python\\Python313\\Lib\\site-packages\\starlette\\_exception_handler.py", line 42, in wrapped_app\n    await app(scope, receive, sender)\n  File "C:\\Users\\VIDYANKSHINI\\AppData\\Local\\Programs\\Python\\Python313\\Lib\\site-packages\\fastapi\\middleware\\asyncexitstack.py", line 18, in __call__\n    await self.app(scope, receive, send)\n  File "C:\\Users\\VIDYANKSHINI\\AppData\\Local\\Programs\\Python\\Python313\\Lib\\site-packages\\starlette\\routing.py", line 716, in __call__\n    await self.middleware_stack(scope, receive, send)\n  File "C:\\Users\\VIDYANKSHINI\\AppData\\Local\\Programs\\Python\\Python313\\Lib\\site-packages\\starlette\\routing.py", line 736, in app\n    await route.handle(scope, receive, send)\n  File "C:\\Users\\VIDYANKSHINI\\AppData\\Local\\Programs\\Python\\Python313\\Lib\\site-packages\\starlette\\routing.py", line 290, in handle\n    await self.app(scope, receive, send)\n  File "C:\\Users\\VIDYANKSHINI\\AppData\\Local\\Programs\\Python\\Python313\\Lib\\site-packages\\fastapi\\routing.py", line 134, in app\n    await wrap_app_handling_exceptions(app, request)(scope, receive, send)\n  File "C:\\Users\\VIDYANKSHINI\\AppData\\Local\\Programs\\Python\\Python313\\Lib\\site-packages\\starlette\\_exception_handler.py", line 42, in wrapped_app\n    await app(scope, receive, sender)\n  File "C:\\Users\\VIDYANKSHINI\\AppData\\Local\\Programs\\Python\\Python313\\Lib\\site-packages\\fastapi\\routing.py", line 120, in app\n    response = await f(request)\n  File "C:\\Users\\VIDYANKSHINI\\AppData\\Local\\Programs\\Python\\Python313\\Lib\\site-packages\\fastapi\\routing.py", line 674, in app\n    raw_response = await run_endpoint_function(\n  File "C:\\Users\\VIDYANKSHINI\\AppData\\Local\\Programs\\Python\\Python313\\Lib\\site-packages\\fastapi\\routing.py", line 328, in run_endpoint_function\n    return await dependant.call(**values)\n  File "C:\\Users\\VIDYANKSHINI\\Desktop\\project\\SecuScan\\backend\\secuscan\\routes.py", line 269, in start_task\n    plugin_manager = await get_plugin_manager_for_request()\n  File "C:\\Users\\VIDYANKSHINI\\Desktop\\project\\SecuScan\\backend\\secuscan\\routes.py", line 177, in get_plugin_manager_for_request\n    return await init_plugins(settings.plugins_dir)\n  File "C:\\Users\\VIDYANKSHINI\\Desktop\\project\\SecuScan\\backend\\secuscan\\plugins.py", line 382, in init_plugins\n    await plugin_manager.load_plugins()\n  File "C:\\Users\\VIDYANKSHINI\\Desktop\\project\\SecuScan\\backend\\secuscan\\plugins.py", line 59, in load_plugins\n    logger.info(f"\u2713 Loaded plugin: {plugin_meta.name} v{plugin_meta.version}")\nMessage: '\u2713 Loaded plugin: SSH Runner v1.0.0'\nArguments: ()\n--- Logging error ---\nTraceback (most recent call last):\n  File "C:\\Users\\VIDYANKSHINI\\AppData\\Local\\Programs\\Python\\Python313\\Lib\\logging\\__init__.py", line 1153, in emit\n    stream.write(msg + self.terminator)\n    ~~~~~~~~~~~~^^^^^^^^^^^^^^^^^^^^^^^\n  File "C:\\Users\\VIDYANKSHINI\\AppData\\Local\\Programs\\Python\\Python313\\Lib\\encodings\\cp1252.py", line 19, in encode\n    return codecs.charmap_encode(input,self.errors,encoding_table)[0]\n           ~~~~~~~~~~~~~~~~~~~~~^^^^^^^^^^^^^^^^^^^^^^^^^^^^^^^^^^\nUnicodeEncodeError: 'charmap' codec can't encode character '\\u2713' in position 60: character maps to <undefined>\nCall stack:\n  File "C:\\Users\\VIDYANKSHINI\\AppData\\Local\\Programs\\Python\\Python313\\Lib\\threading.py", line 1012, in _bootstrap\n    self._bootstrap_inner()\n  File "C:\\Users\\VIDYANKSHINI\\AppData\\Local\\Programs\\Python\\Python313\\Lib\\threading.py", line 1041, in _bootstrap_inner\n    self.run()\n  File "C:\\Users\\VIDYANKSHINI\\AppData\\Local\\Programs\\Python\\Python313\\Lib\\threading.py", line 992, in run\n    self._target(*self._args, **self._kwargs)\n  File "C:\\Users\\VIDYANKSHINI\\AppData\\Local\\Programs\\Python\\Python313\\Lib\\site-packages\\anyio\\from_thread.py", line 532, in run_blocking_portal\n    run_eventloop(\n  File "C:\\Users\\VIDYANKSHINI\\AppData\\Local\\Programs\\Python\\Python313\\Lib\\site-packages\\anyio\\_core\\_eventloop.py", line 77, in run\n    return async_backend.run(func, args, {}, backend_options)\n  File "C:\\Users\\VIDYANKSHINI\\AppData\\Local\\Programs\\Python\\Python313\\Lib\\site-packages\\anyio\\_backends\\_asyncio.py", line 2358, in run\n    return runner.run(wrapper())\n  File "C:\\Users\\VIDYANKSHINI\\AppData\\Local\\Programs\\Python\\Python313\\Lib\\asyncio\\runners.py", line 118, in run\n    return self._loop.run_until_complete(task)\n  File "C:\\Users\\VIDYANKSHINI\\AppData\\Local\\Programs\\Python\\Python313\\Lib\\asyncio\\base_events.py", line 712, in run_until_complete\n    self.run_forever()\n  File "C:\\Users\\VIDYANKSHINI\\AppData\\Local\\Programs\\Python\\Python313\\Lib\\asyncio\\base_events.py", line 683, in run_forever\n    self._run_once()\n  File "C:\\Users\\VIDYANKSHINI\\AppData\\Local\\Programs\\Python\\Python313\\Lib\\asyncio\\base_events.py", line 2040, in _run_once\n    handle._run()\n  File "C:\\Users\\VIDYANKSHINI\\AppData\\Local\\Programs\\Python\\Python313\\Lib\\asyncio\\events.py", line 89, in _run\n    self._context.run(self._callback, *self._args)\n  File "C:\\Users\\VIDYANKSHINI\\AppData\\Local\\Programs\\Python\\Python313\\Lib\\site-packages\\anyio\\from_thread.py", line 259, in _call_func\n    retval = await retval_or_awaitable\n  File "C:\\Users\\VIDYANKSHINI\\AppData\\Local\\Programs\\Python\\Python313\\Lib\\site-packages\\fastapi\\applications.py", line 1159, in __call__\n    await super().__call__(scope, receive, send)\n  File "C:\\Users\\VIDYANKSHINI\\AppData\\Local\\Programs\\Python\\Python313\\Lib\\site-packages\\starlette\\applications.py", line 107, in __call__\n    await self.middleware_stack(scope, receive, send)\n  File "C:\\Users\\VIDYANKSHINI\\AppData\\Local\\Programs\\Python\\Python313\\Lib\\site-packages\\starlette\\middleware\\errors.py", line 164, in __call__\n    await self.app(scope, receive, _send)\n  File "C:\\Users\\VIDYANKSHINI\\AppData\\Local\\Programs\\Python\\Python313\\Lib\\site-packages\\starlette\\middleware\\cors.py", line 87, in __call__\n    await self.app(scope, receive, send)\n  File "C:\\Users\\VIDYANKSHINI\\AppData\\Local\\Programs\\Python\\Python313\\Lib\\site-packages\\starlette\\middleware\\exceptions.py", line 63, in __call__\n    await wrap_app_handling_exceptions(self.app, conn)(scope, receive, send)\n  File "C:\\Users\\VIDYANKSHINI\\AppData\\Local\\Programs\\Python\\Python313\\Lib\\site-packages\\starlette\\_exception_handler.py", line 42, in wrapped_app\n    await app(scope, receive, sender)\n  File "C:\\Users\\VIDYANKSHINI\\AppData\\Local\\Programs\\Python\\Python313\\Lib\\site-packages\\fastapi\\middleware\\asyncexitstack.py", line 18, in __call__\n    await self.app(scope, receive, send)\n  File "C:\\Users\\VIDYANKSHINI\\AppData\\Local\\Programs\\Python\\Python313\\Lib\\site-packages\\starlette\\routing.py", line 716, in __call__\n    await self.middleware_stack(scope, receive, send)\n  File "C:\\Users\\VIDYANKSHINI\\AppData\\Local\\Programs\\Python\\Python313\\Lib\\site-packages\\starlette\\routing.py", line 736, in app\n    await route.handle(scope, receive, send)\n  File "C:\\Users\\VIDYANKSHINI\\AppData\\Local\\Programs\\Python\\Python313\\Lib\\site-packages\\starlette\\routing.py", line 290, in handle\n    await self.app(scope, receive, send)\n  File "C:\\Users\\VIDYANKSHINI\\AppData\\Local\\Programs\\Python\\Python313\\Lib\\site-packages\\fastapi\\routing.py", line 134, in app\n    await wrap_app_handling_exceptions(app, request)(scope, receive, send)\n  File "C:\\Users\\VIDYANKSHINI\\AppData\\Local\\Programs\\Python\\Python313\\Lib\\site-packages\\starlette\\_exception_handler.py", line 42, in wrapped_app\n    await app(scope, receive, sender)\n  File "C:\\Users\\VIDYANKSHINI\\AppData\\Local\\Programs\\Python\\Python313\\Lib\\site-packages\\fastapi\\routing.py", line 120, in app\n    response = await f(request)\n  File "C:\\Users\\VIDYANKSHINI\\AppData\\Local\\Programs\\Python\\Python313\\Lib\\site-packages\\fastapi\\routing.py", line 674, in app\n    raw_response = await run_endpoint_function(\n  File "C:\\Users\\VIDYANKSHINI\\AppData\\Local\\Programs\\Python\\Python313\\Lib\\site-packages\\fastapi\\routing.py", line 328, in run_endpoint_function\n    return await dependant.call(**values)\n  File "C:\\Users\\VIDYANKSHINI\\Desktop\\project\\SecuScan\\backend\\secuscan\\routes.py", line 269, in start_task\n    plugin_manager = await get_plugin_manager_for_request()\n  File "C:\\Users\\VIDYANKSHINI\\Desktop\\project\\SecuScan\\backend\\secuscan\\routes.py", line 177, in get_plugin_manager_for_request\n    return await init_plugins(settings.plugins_dir)\n  File "C:\\Users\\VIDYANKSHINI\\Desktop\\project\\SecuScan\\backend\\secuscan\\plugins.py", line 382, in init_plugins\n    await plugin_manager.load_plugins()\n  File "C:\\Users\\VIDYANKSHINI\\Desktop\\project\\SecuScan\\backend\\secuscan\\plugins.py", line 59, in load_plugins\n    logger.info(f"\u2713 Loaded plugin: {plugin_meta.name} v{plugin_meta.version}")\nMessage: '\u2713 Loaded plugin: Subdomain Finder v1.0.0'\nArguments: ()\n--- Logging error ---\nTraceback (most recent call last):\n  File "C:\\Users\\VIDYANKSHINI\\AppData\\Local\\Programs\\Python\\Python313\\Lib\\logging\\__init__.py", line 1153, in emit\n    stream.write(msg + self.terminator)\n    ~~~~~~~~~~~~^^^^^^^^^^^^^^^^^^^^^^^\n  File "C:\\Users\\VIDYANKSHINI\\AppData\\Local\\Programs\\Python\\Python313\\Lib\\encodings\\cp1252.py", line 19, in encode\n    return codecs.charmap_encode(input,self.errors,encoding_table)[0]\n           ~~~~~~~~~~~~~~~~~~~~~^^^^^^^^^^^^^^^^^^^^^^^^^^^^^^^^^^\nUnicodeEncodeError: 'charmap' codec can't encode character '\\u2713' in position 60: character maps to <undefined>\nCall stack:\n  File "C:\\Users\\VIDYANKSHINI\\AppData\\Local\\Programs\\Python\\Python313\\Lib\\threading.py", line 1012, in _bootstrap\n    self._bootstrap_inner()\n  File "C:\\Users\\VIDYANKSHINI\\AppData\\Local\\Programs\\Python\\Python313\\Lib\\threading.py", line 1041, in _bootstrap_inner\n    self.run()\n  File "C:\\Users\\VIDYANKSHINI\\AppData\\Local\\Programs\\Python\\Python313\\Lib\\threading.py", line 992, in run\n    self._target(*self._args, **self._kwargs)\n  File "C:\\Users\\VIDYANKSHINI\\AppData\\Local\\Programs\\Python\\Python313\\Lib\\site-packages\\anyio\\from_thread.py", line 532, in run_blocking_portal\n    run_eventloop(\n  File "C:\\Users\\VIDYANKSHINI\\AppData\\Local\\Programs\\Python\\Python313\\Lib\\site-packages\\anyio\\_core\\_eventloop.py", line 77, in run\n    return async_backend.run(func, args, {}, backend_options)\n  File "C:\\Users\\VIDYANKSHINI\\AppData\\Local\\Programs\\Python\\Python313\\Lib\\site-packages\\anyio\\_backends\\_asyncio.py", line 2358, in run\n    return runner.run(wrapper())\n  File "C:\\Users\\VIDYANKSHINI\\AppData\\Local\\Programs\\Python\\Python313\\Lib\\asyncio\\runners.py", line 118, in run\n    return self._loop.run_until_complete(task)\n  File "C:\\Users\\VIDYANKSHINI\\AppData\\Local\\Programs\\Python\\Python313\\Lib\\asyncio\\base_events.py", line 712, in run_until_complete\n    self.run_forever()\n  File "C:\\Users\\VIDYANKSHINI\\AppData\\Local\\Programs\\Python\\Python313\\Lib\\asyncio\\base_events.py", line 683, in run_forever\n    self._run_once()\n  File "C:\\Users\\VIDYANKSHINI\\AppData\\Local\\Programs\\Python\\Python313\\Lib\\asyncio\\base_events.py", line 2040, in _run_once\n    handle._run()\n  File "C:\\Users\\VIDYANKSHINI\\AppData\\Local\\Programs\\Python\\Python313\\Lib\\asyncio\\events.py", line 89, in _run\n    self._context.run(self._callback, *self._args)\n  File "C:\\Users\\VIDYANKSHINI\\AppData\\Local\\Programs\\Python\\Python313\\Lib\\site-packages\\anyio\\from_thread.py", line 259, in _call_func\n    retval = await retval_or_awaitable\n  File "C:\\Users\\VIDYANKSHINI\\AppData\\Local\\Programs\\Python\\Python313\\Lib\\site-packages\\fastapi\\applications.py", line 1159, in __call__\n    await super().__call__(scope, receive, send)\n  File "C:\\Users\\VIDYANKSHINI\\AppData\\Local\\Programs\\Python\\Python313\\Lib\\site-packages\\starlette\\applications.py", line 107, in __call__\n    await self.middleware_stack(scope, receive, send)\n  File "C:\\Users\\VIDYANKSHINI\\AppData\\Local\\Programs\\Python\\Python313\\Lib\\site-packages\\starlette\\middleware\\errors.py", line 164, in __call__\n    await self.app(scope, receive, _send)\n  File "C:\\Users\\VIDYANKSHINI\\AppData\\Local\\Programs\\Python\\Python313\\Lib\\site-packages\\starlette\\middleware\\cors.py", line 87, in __call__\n    await self.app(scope, receive, send)\n  File "C:\\Users\\VIDYANKSHINI\\AppData\\Local\\Programs\\Python\\Python313\\Lib\\site-packages\\starlette\\middleware\\exceptions.py", line 63, in __call__\n    await wrap_app_handling_exceptions(self.app, conn)(scope, receive, send)\n  File "C:\\Users\\VIDYANKSHINI\\AppData\\Local\\Programs\\Python\\Python313\\Lib\\site-packages\\starlette\\_exception_handler.py", line 42, in wrapped_app\n    await app(scope, receive, sender)\n  File "C:\\Users\\VIDYANKSHINI\\AppData\\Local\\Programs\\Python\\Python313\\Lib\\site-packages\\fastapi\\middleware\\asyncexitstack.py", line 18, in __call__\n    await self.app(scope, receive, send)\n  File "C:\\Users\\VIDYANKSHINI\\AppData\\Local\\Programs\\Python\\Python313\\Lib\\site-packages\\starlette\\routing.py", line 716, in __call__\n    await self.middleware_stack(scope, receive, send)\n  File "C:\\Users\\VIDYANKSHINI\\AppData\\Local\\Programs\\Python\\Python313\\Lib\\site-packages\\starlette\\routing.py", line 736, in app\n    await route.handle(scope, receive, send)\n  File "C:\\Users\\VIDYANKSHINI\\AppData\\Local\\Programs\\Python\\Python313\\Lib\\site-packages\\starlette\\routing.py", line 290, in handle\n    await self.app(scope, receive, send)\n  File "C:\\Users\\VIDYANKSHINI\\AppData\\Local\\Programs\\Python\\Python313\\Lib\\site-packages\\fastapi\\routing.py", line 134, in app\n    await wrap_app_handling_exceptions(app, request)(scope, receive, send)\n  File "C:\\Users\\VIDYANKSHINI\\AppData\\Local\\Programs\\Python\\Python313\\Lib\\site-packages\\starlette\\_exception_handler.py", line 42, in wrapped_app\n    await app(scope, receive, sender)\n  File "C:\\Users\\VIDYANKSHINI\\AppData\\Local\\Programs\\Python\\Python313\\Lib\\site-packages\\fastapi\\routing.py", line 120, in app\n    response = await f(request)\n  File "C:\\Users\\VIDYANKSHINI\\AppData\\Local\\Programs\\Python\\Python313\\Lib\\site-packages\\fastapi\\routing.py", line 674, in app\n    raw_response = await run_endpoint_function(\n  File "C:\\Users\\VIDYANKSHINI\\AppData\\Local\\Programs\\Python\\Python313\\Lib\\site-packages\\fastapi\\routing.py", line 328, in run_endpoint_function\n    return await dependant.call(**values)\n  File "C:\\Users\\VIDYANKSHINI\\Desktop\\project\\SecuScan\\backend\\secuscan\\routes.py", line 269, in start_task\n    plugin_manager = await get_plugin_manager_for_request()\n  File "C:\\Users\\VIDYANKSHINI\\Desktop\\project\\SecuScan\\backend\\secuscan\\routes.py", line 177, in get_plugin_manager_for_request\n    return await init_plugins(settings.plugins_dir)\n  File "C:\\Users\\VIDYANKSHINI\\Desktop\\project\\SecuScan\\backend\\secuscan\\plugins.py", line 382, in init_plugins\n    await plugin_manager.load_plugins()\n  File "C:\\Users\\VIDYANKSHINI\\Desktop\\project\\SecuScan\\backend\\secuscan\\plugins.py", line 59, in load_plugins\n    logger.info(f"\u2713 Loaded plugin: {plugin_meta.name} v{plugin_meta.version}")\nMessage: '\u2713 Loaded plugin: Subdomain Scanner v1.0.0'\nArguments: ()\n--- Logging error ---\nTraceback (most recent call last):\n  File "C:\\Users\\VIDYANKSHINI\\AppData\\Local\\Programs\\Python\\Python313\\Lib\\logging\\__init__.py", line 1153, in emit\n    stream.write(msg + self.terminator)\n    ~~~~~~~~~~~~^^^^^^^^^^^^^^^^^^^^^^^\n  File "C:\\Users\\VIDYANKSHINI\\AppData\\Local\\Programs\\Python\\Python313\\Lib\\encodings\\cp1252.py", line 19, in encode\n    return codecs.charmap_encode(input,self.errors,encoding_table)[0]\n           ~~~~~~~~~~~~~~~~~~~~~^^^^^^^^^^^^^^^^^^^^^^^^^^^^^^^^^^\nUnicodeEncodeError: 'charmap' codec can't encode character '\\u2713' in position 60: character maps to <undefined>\nCall stack:\n  File "C:\\Users\\VIDYANKSHINI\\AppData\\Local\\Programs\\Python\\Python313\\Lib\\threading.py", line 1012, in _bootstrap\n    self._bootstrap_inner()\n  File "C:\\Users\\VIDYANKSHINI\\AppData\\Local\\Programs\\Python\\Python313\\Lib\\threading.py", line 1041, in _bootstrap_inner\n    self.run()\n  File "C:\\Users\\VIDYANKSHINI\\AppData\\Local\\Programs\\Python\\Python313\\Lib\\threading.py", line 992, in run\n    self._target(*self._args, **self._kwargs)\n  File "C:\\Users\\VIDYANKSHINI\\AppData\\Local\\Programs\\Python\\Python313\\Lib\\site-packages\\anyio\\from_thread.py", line 532, in run_blocking_portal\n    run_eventloop(\n  File "C:\\Users\\VIDYANKSHINI\\AppData\\Local\\Programs\\Python\\Python313\\Lib\\site-packages\\anyio\\_core\\_eventloop.py", line 77, in run\n    return async_backend.run(func, args, {}, backend_options)\n  File "C:\\Users\\VIDYANKSHINI\\AppData\\Local\\Programs\\Python\\Python313\\Lib\\site-packages\\anyio\\_backends\\_asyncio.py", line 2358, in run\n    return runner.run(wrapper())\n  File "C:\\Users\\VIDYANKSHINI\\AppData\\Local\\Programs\\Python\\Python313\\Lib\\asyncio\\runners.py", line 118, in run\n    return self._loop.run_until_complete(task)\n  File "C:\\Users\\VIDYANKSHINI\\AppData\\Local\\Programs\\Python\\Python313\\Lib\\asyncio\\base_events.py", line 712, in run_until_complete\n    self.run_forever()\n  File "C:\\Users\\VIDYANKSHINI\\AppData\\Local\\Programs\\Python\\Python313\\Lib\\asyncio\\base_events.py", line 683, in run_forever\n    self._run_once()\n  File "C:\\Users\\VIDYANKSHINI\\AppData\\Local\\Programs\\Python\\Python313\\Lib\\asyncio\\base_events.py", line 2040, in _run_once\n    handle._run()\n  File "C:\\Users\\VIDYANKSHINI\\AppData\\Local\\Programs\\Python\\Python313\\Lib\\asyncio\\events.py", line 89, in _run\n    self._context.run(self._callback, *self._args)\n  File "C:\\Users\\VIDYANKSHINI\\AppData\\Local\\Programs\\Python\\Python313\\Lib\\site-packages\\anyio\\from_thread.py", line 259, in _call_func\n    retval = await retval_or_awaitable\n  File "C:\\Users\\VIDYANKSHINI\\AppData\\Local\\Programs\\Python\\Python313\\Lib\\site-packages\\fastapi\\applications.py", line 1159, in __call__\n    await super().__call__(scope, receive, send)\n  File "C:\\Users\\VIDYANKSHINI\\AppData\\Local\\Programs\\Python\\Python313\\Lib\\site-packages\\starlette\\applications.py", line 107, in __call__\n    await self.middleware_stack(scope, receive, send)\n  File "C:\\Users\\VIDYANKSHINI\\AppData\\Local\\Programs\\Python\\Python313\\Lib\\site-packages\\starlette\\middleware\\errors.py", line 164, in __call__\n    await self.app(scope, receive, _send)\n  File "C:\\Users\\VIDYANKSHINI\\AppData\\Local\\Programs\\Python\\Python313\\Lib\\site-packages\\starlette\\middleware\\cors.py", line 87, in __call__\n    await self.app(scope, receive, send)\n  File "C:\\Users\\VIDYANKSHINI\\AppData\\Local\\Programs\\Python\\Python313\\Lib\\site-packages\\starlette\\middleware\\exceptions.py", line 63, in __call__\n    await wrap_app_handling_exceptions(self.app, conn)(scope, receive, send)\n  File "C:\\Users\\VIDYANKSHINI\\AppData\\Local\\Programs\\Python\\Python313\\Lib\\site-packages\\starlette\\_exception_handler.py", line 42, in wrapped_app\n    await app(scope, receive, sender)\n  File "C:\\Users\\VIDYANKSHINI\\AppData\\Local\\Programs\\Python\\Python313\\Lib\\site-packages\\fastapi\\middleware\\asyncexitstack.py", line 18, in __call__\n    await self.app(scope, receive, send)\n  File "C:\\Users\\VIDYANKSHINI\\AppData\\Local\\Programs\\Python\\Python313\\Lib\\site-packages\\starlette\\routing.py", line 716, in __call__\n    await self.middleware_stack(scope, receive, send)\n  File "C:\\Users\\VIDYANKSHINI\\AppData\\Local\\Programs\\Python\\Python313\\Lib\\site-packages\\starlette\\routing.py", line 736, in app\n    await route.handle(scope, receive, send)\n  File "C:\\Users\\VIDYANKSHINI\\AppData\\Local\\Programs\\Python\\Python313\\Lib\\site-packages\\starlette\\routing.py", line 290, in handle\n    await self.app(scope, receive, send)\n  File "C:\\Users\\VIDYANKSHINI\\AppData\\Local\\Programs\\Python\\Python313\\Lib\\site-packages\\fastapi\\routing.py", line 134, in app\n    await wrap_app_handling_exceptions(app, request)(scope, receive, send)\n  File "C:\\Users\\VIDYANKSHINI\\AppData\\Local\\Programs\\Python\\Python313\\Lib\\site-packages\\starlette\\_exception_handler.py", line 42, in wrapped_app\n    await app(scope, receive, sender)\n  File "C:\\Users\\VIDYANKSHINI\\AppData\\Local\\Programs\\Python\\Python313\\Lib\\site-packages\\fastapi\\routing.py", line 120, in app\n    response = await f(request)\n  File "C:\\Users\\VIDYANKSHINI\\AppData\\Local\\Programs\\Python\\Python313\\Lib\\site-packages\\fastapi\\routing.py", line 674, in app\n    raw_response = await run_endpoint_function(\n  File "C:\\Users\\VIDYANKSHINI\\AppData\\Local\\Programs\\Python\\Python313\\Lib\\site-packages\\fastapi\\routing.py", line 328, in run_endpoint_function\n    return await dependant.call(**values)\n  File "C:\\Users\\VIDYANKSHINI\\Desktop\\project\\SecuScan\\backend\\secuscan\\routes.py", line 269, in start_task\n    plugin_manager = await get_plugin_manager_for_request()\n  File "C:\\Users\\VIDYANKSHINI\\Desktop\\project\\SecuScan\\backend\\secuscan\\routes.py", line 177, in get_plugin_manager_for_request\n    return await init_plugins(settings.plugins_dir)\n  File "C:\\Users\\VIDYANKSHINI\\Desktop\\project\\SecuScan\\backend\\secuscan\\plugins.py", line 382, in init_plugins\n    await plugin_manager.load_plugins()\n  File "C:\\Users\\VIDYANKSHINI\\Desktop\\project\\SecuScan\\backend\\secuscan\\plugins.py", line 59, in load_plugins\n    logger.info(f"\u2713 Loaded plugin: {plugin_meta.name} v{plugin_meta.version}")\nMessage: '\u2713 Loaded plugin: Subdomain Takeover v1.0.0'\nArguments: ()\n--- Logging error ---\nTraceback (most recent call last):\n  File "C:\\Users\\VIDYANKSHINI\\AppData\\Local\\Programs\\Python\\Python313\\Lib\\logging\\__init__.py", line 1153, in emit\n    stream.write(msg + self.terminator)\n    ~~~~~~~~~~~~^^^^^^^^^^^^^^^^^^^^^^^\n  File "C:\\Users\\VIDYANKSHINI\\AppData\\Local\\Programs\\Python\\Python313\\Lib\\encodings\\cp1252.py", line 19, in encode\n    return codecs.charmap_encode(input,self.errors,encoding_table)[0]\n           ~~~~~~~~~~~~~~~~~~~~~^^^^^^^^^^^^^^^^^^^^^^^^^^^^^^^^^^\nUnicodeEncodeError: 'charmap' codec can't encode character '\\u2713' in position 60: character maps to <undefined>\nCall stack:\n  File "C:\\Users\\VIDYANKSHINI\\AppData\\Local\\Programs\\Python\\Python313\\Lib\\threading.py", line 1012, in _bootstrap\n    self._bootstrap_inner()\n  File "C:\\Users\\VIDYANKSHINI\\AppData\\Local\\Programs\\Python\\Python313\\Lib\\threading.py", line 1041, in _bootstrap_inner\n    self.run()\n  File "C:\\Users\\VIDYANKSHINI\\AppData\\Local\\Programs\\Python\\Python313\\Lib\\threading.py", line 992, in run\n    self._target(*self._args, **self._kwargs)\n  File "C:\\Users\\VIDYANKSHINI\\AppData\\Local\\Programs\\Python\\Python313\\Lib\\site-packages\\anyio\\from_thread.py", line 532, in run_blocking_portal\n    run_eventloop(\n  File "C:\\Users\\VIDYANKSHINI\\AppData\\Local\\Programs\\Python\\Python313\\Lib\\site-packages\\anyio\\_core\\_eventloop.py", line 77, in run\n    return async_backend.run(func, args, {}, backend_options)\n  File "C:\\Users\\VIDYANKSHINI\\AppData\\Local\\Programs\\Python\\Python313\\Lib\\site-packages\\anyio\\_backends\\_asyncio.py", line 2358, in run\n    return runner.run(wrapper())\n  File "C:\\Users\\VIDYANKSHINI\\AppData\\Local\\Programs\\Python\\Python313\\Lib\\asyncio\\runners.py", line 118, in run\n    return self._loop.run_until_complete(task)\n  File "C:\\Users\\VIDYANKSHINI\\AppData\\Local\\Programs\\Python\\Python313\\Lib\\asyncio\\base_events.py", line 712, in run_until_complete\n    self.run_forever()\n  File "C:\\Users\\VIDYANKSHINI\\AppData\\Local\\Programs\\Python\\Python313\\Lib\\asyncio\\base_events.py", line 683, in run_forever\n    self._run_once()\n  File "C:\\Users\\VIDYANKSHINI\\AppData\\Local\\Programs\\Python\\Python313\\Lib\\asyncio\\base_events.py", line 2040, in _run_once\n    handle._run()\n  File "C:\\Users\\VIDYANKSHINI\\AppData\\Local\\Programs\\Python\\Python313\\Lib\\asyncio\\events.py", line 89, in _run\n    self._context.run(self._callback, *self._args)\n  File "C:\\Users\\VIDYANKSHINI\\AppData\\Local\\Programs\\Python\\Python313\\Lib\\site-packages\\anyio\\from_thread.py", line 259, in _call_func\n    retval = await retval_or_awaitable\n  File "C:\\Users\\VIDYANKSHINI\\AppData\\Local\\Programs\\Python\\Python313\\Lib\\site-packages\\fastapi\\applications.py", line 1159, in __call__\n    await super().__call__(scope, receive, send)\n  File "C:\\Users\\VIDYANKSHINI\\AppData\\Local\\Programs\\Python\\Python313\\Lib\\site-packages\\starlette\\applications.py", line 107, in __call__\n    await self.middleware_stack(scope, receive, send)\n  File "C:\\Users\\VIDYANKSHINI\\AppData\\Local\\Programs\\Python\\Python313\\Lib\\site-packages\\starlette\\middleware\\errors.py", line 164, in __call__\n    await self.app(scope, receive, _send)\n  File "C:\\Users\\VIDYANKSHINI\\AppData\\Local\\Programs\\Python\\Python313\\Lib\\site-packages\\starlette\\middleware\\cors.py", line 87, in __call__\n    await self.app(scope, receive, send)\n  File "C:\\Users\\VIDYANKSHINI\\AppData\\Local\\Programs\\Python\\Python313\\Lib\\site-packages\\starlette\\middleware\\exceptions.py", line 63, in __call__\n    await wrap_app_handling_exceptions(self.app, conn)(scope, receive, send)\n  File "C:\\Users\\VIDYANKSHINI\\AppData\\Local\\Programs\\Python\\Python313\\Lib\\site-packages\\starlette\\_exception_handler.py", line 42, in wrapped_app\n    await app(scope, receive, sender)\n  File "C:\\Users\\VIDYANKSHINI\\AppData\\Local\\Programs\\Python\\Python313\\Lib\\site-packages\\fastapi\\middleware\\asyncexitstack.py", line 18, in __call__\n    await self.app(scope, receive, send)\n  File "C:\\Users\\VIDYANKSHINI\\AppData\\Local\\Programs\\Python\\Python313\\Lib\\site-packages\\starlette\\routing.py", line 716, in __call__\n    await self.middleware_stack(scope, receive, send)\n  File "C:\\Users\\VIDYANKSHINI\\AppData\\Local\\Programs\\Python\\Python313\\Lib\\site-packages\\starlette\\routing.py", line 736, in app\n    await route.handle(scope, receive, send)\n  File "C:\\Users\\VIDYANKSHINI\\AppData\\Local\\Programs\\Python\\Python313\\Lib\\site-packages\\starlette\\routing.py", line 290, in handle\n    await self.app(scope, receive, send)\n  File "C:\\Users\\VIDYANKSHINI\\AppData\\Local\\Programs\\Python\\Python313\\Lib\\site-packages\\fastapi\\routing.py", line 134, in app\n    await wrap_app_handling_exceptions(app, request)(scope, receive, send)\n  File "C:\\Users\\VIDYANKSHINI\\AppData\\Local\\Programs\\Python\\Python313\\Lib\\site-packages\\starlette\\_exception_handler.py", line 42, in wrapped_app\n    await app(scope, receive, sender)\n  File "C:\\Users\\VIDYANKSHINI\\AppData\\Local\\Programs\\Python\\Python313\\Lib\\site-packages\\fastapi\\routing.py", line 120, in app\n    response = await f(request)\n  File "C:\\Users\\VIDYANKSHINI\\AppData\\Local\\Programs\\Python\\Python313\\Lib\\site-packages\\fastapi\\routing.py", line 674, in app\n    raw_response = await run_endpoint_function(\n  File "C:\\Users\\VIDYANKSHINI\\AppData\\Local\\Programs\\Python\\Python313\\Lib\\site-packages\\fastapi\\routing.py", line 328, in run_endpoint_function\n    return await dependant.call(**values)\n  File "C:\\Users\\VIDYANKSHINI\\Desktop\\project\\SecuScan\\backend\\secuscan\\routes.py", line 269, in start_task\n    plugin_manager = await get_plugin_manager_for_request()\n  File "C:\\Users\\VIDYANKSHINI\\Desktop\\project\\SecuScan\\backend\\secuscan\\routes.py", line 177, in get_plugin_manager_for_request\n    return await init_plugins(settings.plugins_dir)\n  File "C:\\Users\\VIDYANKSHINI\\Desktop\\project\\SecuScan\\backend\\secuscan\\plugins.py", line 382, in init_plugins\n    await plugin_manager.load_plugins()\n  File "C:\\Users\\VIDYANKSHINI\\Desktop\\project\\SecuScan\\backend\\secuscan\\plugins.py", line 59, in load_plugins\n    logger.info(f"\u2713 Loaded plugin: {plugin_meta.name} v{plugin_meta.version}")\nMessage: '\u2713 Loaded plugin: Subfinder v1.0.0'\nArguments: ()\n--- Logging error ---\nTraceback (most recent call last):\n  File "C:\\Users\\VIDYANKSHINI\\AppData\\Local\\Programs\\Python\\Python313\\Lib\\logging\\__init__.py", line 1153, in emit\n    stream.write(msg + self.terminator)\n    ~~~~~~~~~~~~^^^^^^^^^^^^^^^^^^^^^^^\n  File "C:\\Users\\VIDYANKSHINI\\AppData\\Local\\Programs\\Python\\Python313\\Lib\\encodings\\cp1252.py", line 19, in encode\n    return codecs.charmap_encode(input,self.errors,encoding_table)[0]\n           ~~~~~~~~~~~~~~~~~~~~~^^^^^^^^^^^^^^^^^^^^^^^^^^^^^^^^^^\nUnicodeEncodeError: 'charmap' codec can't encode character '\\u2713' in position 60: character maps to <undefined>\nCall stack:\n  File "C:\\Users\\VIDYANKSHINI\\AppData\\Local\\Programs\\Python\\Python313\\Lib\\threading.py", line 1012, in _bootstrap\n    self._bootstrap_inner()\n  File "C:\\Users\\VIDYANKSHINI\\AppData\\Local\\Programs\\Python\\Python313\\Lib\\threading.py", line 1041, in _bootstrap_inner\n    self.run()\n  File "C:\\Users\\VIDYANKSHINI\\AppData\\Local\\Programs\\Python\\Python313\\Lib\\threading.py", line 992, in run\n    self._target(*self._args, **self._kwargs)\n  File "C:\\Users\\VIDYANKSHINI\\AppData\\Local\\Programs\\Python\\Python313\\Lib\\site-packages\\anyio\\from_thread.py", line 532, in run_blocking_portal\n    run_eventloop(\n  File "C:\\Users\\VIDYANKSHINI\\AppData\\Local\\Programs\\Python\\Python313\\Lib\\site-packages\\anyio\\_core\\_eventloop.py", line 77, in run\n    return async_backend.run(func, args, {}, backend_options)\n  File "C:\\Users\\VIDYANKSHINI\\AppData\\Local\\Programs\\Python\\Python313\\Lib\\site-packages\\anyio\\_backends\\_asyncio.py", line 2358, in run\n    return runner.run(wrapper())\n  File "C:\\Users\\VIDYANKSHINI\\AppData\\Local\\Programs\\Python\\Python313\\Lib\\asyncio\\runners.py", line 118, in run\n    return self._loop.run_until_complete(task)\n  File "C:\\Users\\VIDYANKSHINI\\AppData\\Local\\Programs\\Python\\Python313\\Lib\\asyncio\\base_events.py", line 712, in run_until_complete\n    self.run_forever()\n  File "C:\\Users\\VIDYANKSHINI\\AppData\\Local\\Programs\\Python\\Python313\\Lib\\asyncio\\base_events.py", line 683, in run_forever\n    self._run_once()\n  File "C:\\Users\\VIDYANKSHINI\\AppData\\Local\\Programs\\Python\\Python313\\Lib\\asyncio\\base_events.py", line 2040, in _run_once\n    handle._run()\n  File "C:\\Users\\VIDYANKSHINI\\AppData\\Local\\Programs\\Python\\Python313\\Lib\\asyncio\\events.py", line 89, in _run\n    self._context.run(self._callback, *self._args)\n  File "C:\\Users\\VIDYANKSHINI\\AppData\\Local\\Programs\\Python\\Python313\\Lib\\site-packages\\anyio\\from_thread.py", line 259, in _call_func\n    retval = await retval_or_awaitable\n  File "C:\\Users\\VIDYANKSHINI\\AppData\\Local\\Programs\\Python\\Python313\\Lib\\site-packages\\fastapi\\applications.py", line 1159, in __call__\n    await super().__call__(scope, receive, send)\n  File "C:\\Users\\VIDYANKSHINI\\AppData\\Local\\Programs\\Python\\Python313\\Lib\\site-packages\\starlette\\applications.py", line 107, in __call__\n    await self.middleware_stack(scope, receive, send)\n  File "C:\\Users\\VIDYANKSHINI\\AppData\\Local\\Programs\\Python\\Python313\\Lib\\site-packages\\starlette\\middleware\\errors.py", line 164, in __call__\n    await self.app(scope, receive, _send)\n  File "C:\\Users\\VIDYANKSHINI\\AppData\\Local\\Programs\\Python\\Python313\\Lib\\site-packages\\starlette\\middleware\\cors.py", line 87, in __call__\n    await self.app(scope, receive, send)\n  File "C:\\Users\\VIDYANKSHINI\\AppData\\Local\\Programs\\Python\\Python313\\Lib\\site-packages\\starlette\\middleware\\exceptions.py", line 63, in __call__\n    await wrap_app_handling_exceptions(self.app, conn)(scope, receive, send)\n  File "C:\\Users\\VIDYANKSHINI\\AppData\\Local\\Programs\\Python\\Python313\\Lib\\site-packages\\starlette\\_exception_handler.py", line 42, in wrapped_app\n    await app(scope, receive, sender)\n  File "C:\\Users\\VIDYANKSHINI\\AppData\\Local\\Programs\\Python\\Python313\\Lib\\site-packages\\fastapi\\middleware\\asyncexitstack.py", line 18, in __call__\n    await self.app(scope, receive, send)\n  File "C:\\Users\\VIDYANKSHINI\\AppData\\Local\\Programs\\Python\\Python313\\Lib\\site-packages\\starlette\\routing.py", line 716, in __call__\n    await self.middleware_stack(scope, receive, send)\n  File "C:\\Users\\VIDYANKSHINI\\AppData\\Local\\Programs\\Python\\Python313\\Lib\\site-packages\\starlette\\routing.py", line 736, in app\n    await route.handle(scope, receive, send)\n  File "C:\\Users\\VIDYANKSHINI\\AppData\\Local\\Programs\\Python\\Python313\\Lib\\site-packages\\starlette\\routing.py", line 290, in handle\n    await self.app(scope, receive, send)\n  File "C:\\Users\\VIDYANKSHINI\\AppData\\Local\\Programs\\Python\\Python313\\Lib\\site-packages\\fastapi\\routing.py", line 134, in app\n    await wrap_app_handling_exceptions(app, request)(scope, receive, send)\n  File "C:\\Users\\VIDYANKSHINI\\AppData\\Local\\Programs\\Python\\Python313\\Lib\\site-packages\\starlette\\_exception_handler.py", line 42, in wrapped_app\n    await app(scope, receive, sender)\n  File "C:\\Users\\VIDYANKSHINI\\AppData\\Local\\Programs\\Python\\Python313\\Lib\\site-packages\\fastapi\\routing.py", line 120, in app\n    response = await f(request)\n  File "C:\\Users\\VIDYANKSHINI\\AppData\\Local\\Programs\\Python\\Python313\\Lib\\site-packages\\fastapi\\routing.py", line 674, in app\n    raw_response = await run_endpoint_function(\n  File "C:\\Users\\VIDYANKSHINI\\AppData\\Local\\Programs\\Python\\Python313\\Lib\\site-packages\\fastapi\\routing.py", line 328, in run_endpoint_function\n    return await dependant.call(**values)\n  File "C:\\Users\\VIDYANKSHINI\\Desktop\\project\\SecuScan\\backend\\secuscan\\routes.py", line 269, in start_task\n    plugin_manager = await get_plugin_manager_for_request()\n  File "C:\\Users\\VIDYANKSHINI\\Desktop\\project\\SecuScan\\backend\\secuscan\\routes.py", line 177, in get_plugin_manager_for_request\n    return await init_plugins(settings.plugins_dir)\n  File "C:\\Users\\VIDYANKSHINI\\Desktop\\project\\SecuScan\\backend\\secuscan\\plugins.py", line 382, in init_plugins\n    await plugin_manager.load_plugins()\n  File "C:\\Users\\VIDYANKSHINI\\Desktop\\project\\SecuScan\\backend\\secuscan\\plugins.py", line 59, in load_plugins\n    logger.info(f"\u2713 Loaded plugin: {plugin_meta.name} v{plugin_meta.version}")\nMessage: '\u2713 Loaded plugin: theHarvester v1.0.0'\nArguments: ()\n--- Logging error ---\nTraceback (most recent call last):\n  File "C:\\Users\\VIDYANKSHINI\\AppData\\Local\\Programs\\Python\\Python313\\Lib\\logging\\__init__.py", line 1153, in emit\n    stream.write(msg + self.terminator)\n    ~~~~~~~~~~~~^^^^^^^^^^^^^^^^^^^^^^^\n  File "C:\\Users\\VIDYANKSHINI\\AppData\\Local\\Programs\\Python\\Python313\\Lib\\encodings\\cp1252.py", line 19, in encode\n    return codecs.charmap_encode(input,self.errors,encoding_table)[0]\n           ~~~~~~~~~~~~~~~~~~~~~^^^^^^^^^^^^^^^^^^^^^^^^^^^^^^^^^^\nUnicodeEncodeError: 'charmap' codec can't encode character '\\u2713' in position 60: character maps to <undefined>\nCall stack:\n  File "C:\\Users\\VIDYANKSHINI\\AppData\\Local\\Programs\\Python\\Python313\\Lib\\threading.py", line 1012, in _bootstrap\n    self._bootstrap_inner()\n  File "C:\\Users\\VIDYANKSHINI\\AppData\\Local\\Programs\\Python\\Python313\\Lib\\threading.py", line 1041, in _bootstrap_inner\n    self.run()\n  File "C:\\Users\\VIDYANKSHINI\\AppData\\Local\\Programs\\Python\\Python313\\Lib\\threading.py", line 992, in run\n    self._target(*self._args, **self._kwargs)\n  File "C:\\Users\\VIDYANKSHINI\\AppData\\Local\\Programs\\Python\\Python313\\Lib\\site-packages\\anyio\\from_thread.py", line 532, in run_blocking_portal\n    run_eventloop(\n  File "C:\\Users\\VIDYANKSHINI\\AppData\\Local\\Programs\\Python\\Python313\\Lib\\site-packages\\anyio\\_core\\_eventloop.py", line 77, in run\n    return async_backend.run(func, args, {}, backend_options)\n  File "C:\\Users\\VIDYANKSHINI\\AppData\\Local\\Programs\\Python\\Python313\\Lib\\site-packages\\anyio\\_backends\\_asyncio.py", line 2358, in run\n    return runner.run(wrapper())\n  File "C:\\Users\\VIDYANKSHINI\\AppData\\Local\\Programs\\Python\\Python313\\Lib\\asyncio\\runners.py", line 118, in run\n    return self._loop.run_until_complete(task)\n  File "C:\\Users\\VIDYANKSHINI\\AppData\\Local\\Programs\\Python\\Python313\\Lib\\asyncio\\base_events.py", line 712, in run_until_complete\n    self.run_forever()\n  File "C:\\Users\\VIDYANKSHINI\\AppData\\Local\\Programs\\Python\\Python313\\Lib\\asyncio\\base_events.py", line 683, in run_forever\n    self._run_once()\n  File "C:\\Users\\VIDYANKSHINI\\AppData\\Local\\Programs\\Python\\Python313\\Lib\\asyncio\\base_events.py", line 2040, in _run_once\n    handle._run()\n  File "C:\\Users\\VIDYANKSHINI\\AppData\\Local\\Programs\\Python\\Python313\\Lib\\asyncio\\events.py", line 89, in _run\n    self._context.run(self._callback, *self._args)\n  File "C:\\Users\\VIDYANKSHINI\\AppData\\Local\\Programs\\Python\\Python313\\Lib\\site-packages\\anyio\\from_thread.py", line 259, in _call_func\n    retval = await retval_or_awaitable\n  File "C:\\Users\\VIDYANKSHINI\\AppData\\Local\\Programs\\Python\\Python313\\Lib\\site-packages\\fastapi\\applications.py", line 1159, in __call__\n    await super().__call__(scope, receive, send)\n  File "C:\\Users\\VIDYANKSHINI\\AppData\\Local\\Programs\\Python\\Python313\\Lib\\site-packages\\starlette\\applications.py", line 107, in __call__\n    await self.middleware_stack(scope, receive, send)\n  File "C:\\Users\\VIDYANKSHINI\\AppData\\Local\\Programs\\Python\\Python313\\Lib\\site-packages\\starlette\\middleware\\errors.py", line 164, in __call__\n    await self.app(scope, receive, _send)\n  File "C:\\Users\\VIDYANKSHINI\\AppData\\Local\\Programs\\Python\\Python313\\Lib\\site-packages\\starlette\\middleware\\cors.py", line 87, in __call__\n    await self.app(scope, receive, send)\n  File "C:\\Users\\VIDYANKSHINI\\AppData\\Local\\Programs\\Python\\Python313\\Lib\\site-packages\\starlette\\middleware\\exceptions.py", line 63, in __call__\n    await wrap_app_handling_exceptions(self.app, conn)(scope, receive, send)\n  File "C:\\Users\\VIDYANKSHINI\\AppData\\Local\\Programs\\Python\\Python313\\Lib\\site-packages\\starlette\\_exception_handler.py", line 42, in wrapped_app\n    await app(scope, receive, sender)\n  File "C:\\Users\\VIDYANKSHINI\\AppData\\Local\\Programs\\Python\\Python313\\Lib\\site-packages\\fastapi\\middleware\\asyncexitstack.py", line 18, in __call__\n    await self.app(scope, receive, send)\n  File "C:\\Users\\VIDYANKSHINI\\AppData\\Local\\Programs\\Python\\Python313\\Lib\\site-packages\\starlette\\routing.py", line 716, in __call__\n    await self.middleware_stack(scope, receive, send)\n  File "C:\\Users\\VIDYANKSHINI\\AppData\\Local\\Programs\\Python\\Python313\\Lib\\site-packages\\starlette\\routing.py", line 736, in app\n    await route.handle(scope, receive, send)\n  File "C:\\Users\\VIDYANKSHINI\\AppData\\Local\\Programs\\Python\\Python313\\Lib\\site-packages\\starlette\\routing.py", line 290, in handle\n    await self.app(scope, receive, send)\n  File "C:\\Users\\VIDYANKSHINI\\AppData\\Local\\Programs\\Python\\Python313\\Lib\\site-packages\\fastapi\\routing.py", line 134, in app\n    await wrap_app_handling_exceptions(app, request)(scope, receive, send)\n  File "C:\\Users\\VIDYANKSHINI\\AppData\\Local\\Programs\\Python\\Python313\\Lib\\site-packages\\starlette\\_exception_handler.py", line 42, in wrapped_app\n    await app(scope, receive, sender)\n  File "C:\\Users\\VIDYANKSHINI\\AppData\\Local\\Programs\\Python\\Python313\\Lib\\site-packages\\fastapi\\routing.py", line 120, in app\n    response = await f(request)\n  File "C:\\Users\\VIDYANKSHINI\\AppData\\Local\\Programs\\Python\\Python313\\Lib\\site-packages\\fastapi\\routing.py", line 674, in app\n    raw_response = await run_endpoint_function(\n  File "C:\\Users\\VIDYANKSHINI\\AppData\\Local\\Programs\\Python\\Python313\\Lib\\site-packages\\fastapi\\routing.py", line 328, in run_endpoint_function\n    return await dependant.call(**values)\n  File "C:\\Users\\VIDYANKSHINI\\Desktop\\project\\SecuScan\\backend\\secuscan\\routes.py", line 269, in start_task\n    plugin_manager = await get_plugin_manager_for_request()\n  File "C:\\Users\\VIDYANKSHINI\\Desktop\\project\\SecuScan\\backend\\secuscan\\routes.py", line 177, in get_plugin_manager_for_request\n    return await init_plugins(settings.plugins_dir)\n  File "C:\\Users\\VIDYANKSHINI\\Desktop\\project\\SecuScan\\backend\\secuscan\\plugins.py", line 382, in init_plugins\n    await plugin_manager.load_plugins()\n  File "C:\\Users\\VIDYANKSHINI\\Desktop\\project\\SecuScan\\backend\\secuscan\\plugins.py", line 59, in load_plugins\n    logger.info(f"\u2713 Loaded plugin: {plugin_meta.name} v{plugin_meta.version}")\nMessage: '\u2713 Loaded plugin: TLS Security Analysis v1.0.0'\nArguments: ()\n--- Logging error ---\nTraceback (most recent call last):\n  File "C:\\Users\\VIDYANKSHINI\\AppData\\Local\\Programs\\Python\\Python313\\Lib\\logging\\__init__.py", line 1153, in emit\n    stream.write(msg + self.terminator)\n    ~~~~~~~~~~~~^^^^^^^^^^^^^^^^^^^^^^^\n  File "C:\\Users\\VIDYANKSHINI\\AppData\\Local\\Programs\\Python\\Python313\\Lib\\encodings\\cp1252.py", line 19, in encode\n    return codecs.charmap_encode(input,self.errors,encoding_table)[0]\n           ~~~~~~~~~~~~~~~~~~~~~^^^^^^^^^^^^^^^^^^^^^^^^^^^^^^^^^^\nUnicodeEncodeError: 'charmap' codec can't encode character '\\u2713' in position 60: character maps to <undefined>\nCall stack:\n  File "C:\\Users\\VIDYANKSHINI\\AppData\\Local\\Programs\\Python\\Python313\\Lib\\threading.py", line 1012, in _bootstrap\n    self._bootstrap_inner()\n  File "C:\\Users\\VIDYANKSHINI\\AppData\\Local\\Programs\\Python\\Python313\\Lib\\threading.py", line 1041, in _bootstrap_inner\n    self.run()\n  File "C:\\Users\\VIDYANKSHINI\\AppData\\Local\\Programs\\Python\\Python313\\Lib\\threading.py", line 992, in run\n    self._target(*self._args, **self._kwargs)\n  File "C:\\Users\\VIDYANKSHINI\\AppData\\Local\\Programs\\Python\\Python313\\Lib\\site-packages\\anyio\\from_thread.py", line 532, in run_blocking_portal\n    run_eventloop(\n  File "C:\\Users\\VIDYANKSHINI\\AppData\\Local\\Programs\\Python\\Python313\\Lib\\site-packages\\anyio\\_core\\_eventloop.py", line 77, in run\n    return async_backend.run(func, args, {}, backend_options)\n  File "C:\\Users\\VIDYANKSHINI\\AppData\\Local\\Programs\\Python\\Python313\\Lib\\site-packages\\anyio\\_backends\\_asyncio.py", line 2358, in run\n    return runner.run(wrapper())\n  File "C:\\Users\\VIDYANKSHINI\\AppData\\Local\\Programs\\Python\\Python313\\Lib\\asyncio\\runners.py", line 118, in run\n    return self._loop.run_until_complete(task)\n  File "C:\\Users\\VIDYANKSHINI\\AppData\\Local\\Programs\\Python\\Python313\\Lib\\asyncio\\base_events.py", line 712, in run_until_complete\n    self.run_forever()\n  File "C:\\Users\\VIDYANKSHINI\\AppData\\Local\\Programs\\Python\\Python313\\Lib\\asyncio\\base_events.py", line 683, in run_forever\n    self._run_once()\n  File "C:\\Users\\VIDYANKSHINI\\AppData\\Local\\Programs\\Python\\Python313\\Lib\\asyncio\\base_events.py", line 2040, in _run_once\n    handle._run()\n  File "C:\\Users\\VIDYANKSHINI\\AppData\\Local\\Programs\\Python\\Python313\\Lib\\asyncio\\events.py", line 89, in _run\n    self._context.run(self._callback, *self._args)\n  File "C:\\Users\\VIDYANKSHINI\\AppData\\Local\\Programs\\Python\\Python313\\Lib\\site-packages\\anyio\\from_thread.py", line 259, in _call_func\n    retval = await retval_or_awaitable\n  File "C:\\Users\\VIDYANKSHINI\\AppData\\Local\\Programs\\Python\\Python313\\Lib\\site-packages\\fastapi\\applications.py", line 1159, in __call__\n    await super().__call__(scope, receive, send)\n  File "C:\\Users\\VIDYANKSHINI\\AppData\\Local\\Programs\\Python\\Python313\\Lib\\site-packages\\starlette\\applications.py", line 107, in __call__\n    await self.middleware_stack(scope, receive, send)\n  File "C:\\Users\\VIDYANKSHINI\\AppData\\Local\\Programs\\Python\\Python313\\Lib\\site-packages\\starlette\\middleware\\errors.py", line 164, in __call__\n    await self.app(scope, receive, _send)\n  File "C:\\Users\\VIDYANKSHINI\\AppData\\Local\\Programs\\Python\\Python313\\Lib\\site-packages\\starlette\\middleware\\cors.py", line 87, in __call__\n    await self.app(scope, receive, send)\n  File "C:\\Users\\VIDYANKSHINI\\AppData\\Local\\Programs\\Python\\Python313\\Lib\\site-packages\\starlette\\middleware\\exceptions.py", line 63, in __call__\n    await wrap_app_handling_exceptions(self.app, conn)(scope, receive, send)\n  File "C:\\Users\\VIDYANKSHINI\\AppData\\Local\\Programs\\Python\\Python313\\Lib\\site-packages\\starlette\\_exception_handler.py", line 42, in wrapped_app\n    await app(scope, receive, sender)\n  File "C:\\Users\\VIDYANKSHINI\\AppData\\Local\\Programs\\Python\\Python313\\Lib\\site-packages\\fastapi\\middleware\\asyncexitstack.py", line 18, in __call__\n    await self.app(scope, receive, send)\n  File "C:\\Users\\VIDYANKSHINI\\AppData\\Local\\Programs\\Python\\Python313\\Lib\\site-packages\\starlette\\routing.py", line 716, in __call__\n    await self.middleware_stack(scope, receive, send)\n  File "C:\\Users\\VIDYANKSHINI\\AppData\\Local\\Programs\\Python\\Python313\\Lib\\site-packages\\starlette\\routing.py", line 736, in app\n    await route.handle(scope, receive, send)\n  File "C:\\Users\\VIDYANKSHINI\\AppData\\Local\\Programs\\Python\\Python313\\Lib\\site-packages\\starlette\\routing.py", line 290, in handle\n    await self.app(scope, receive, send)\n  File "C:\\Users\\VIDYANKSHINI\\AppData\\Local\\Programs\\Python\\Python313\\Lib\\site-packages\\fastapi\\routing.py", line 134, in app\n    await wrap_app_handling_exceptions(app, request)(scope, receive, send)\n  File "C:\\Users\\VIDYANKSHINI\\AppData\\Local\\Programs\\Python\\Python313\\Lib\\site-packages\\starlette\\_exception_handler.py", line 42, in wrapped_app\n    await app(scope, receive, sender)\n  File "C:\\Users\\VIDYANKSHINI\\AppData\\Local\\Programs\\Python\\Python313\\Lib\\site-packages\\fastapi\\routing.py", line 120, in app\n    response = await f(request)\n  File "C:\\Users\\VIDYANKSHINI\\AppData\\Local\\Programs\\Python\\Python313\\Lib\\site-packages\\fastapi\\routing.py", line 674, in app\n    raw_response = await run_endpoint_function(\n  File "C:\\Users\\VIDYANKSHINI\\AppData\\Local\\Programs\\Python\\Python313\\Lib\\site-packages\\fastapi\\routing.py", line 328, in run_endpoint_function\n    return await dependant.call(**values)\n  File "C:\\Users\\VIDYANKSHINI\\Desktop\\project\\SecuScan\\backend\\secuscan\\routes.py", line 269, in start_task\n    plugin_manager = await get_plugin_manager_for_request()\n  File "C:\\Users\\VIDYANKSHINI\\Desktop\\project\\SecuScan\\backend\\secuscan\\routes.py", line 177, in get_plugin_manager_for_request\n    return await init_plugins(settings.plugins_dir)\n  File "C:\\Users\\VIDYANKSHINI\\Desktop\\project\\SecuScan\\backend\\secuscan\\plugins.py", line 382, in init_plugins\n    await plugin_manager.load_plugins()\n  File "C:\\Users\\VIDYANKSHINI\\Desktop\\project\\SecuScan\\backend\\secuscan\\plugins.py", line 59, in load_plugins\n    logger.info(f"\u2713 Loaded plugin: {plugin_meta.name} v{plugin_meta.version}")\nMessage: '\u2713 Loaded plugin: Uncover v1.0.0'\nArguments: ()\n--- Logging error ---\nTraceback (most recent call last):\n  File "C:\\Users\\VIDYANKSHINI\\AppData\\Local\\Programs\\Python\\Python313\\Lib\\logging\\__init__.py", line 1153, in emit\n    stream.write(msg + self.terminator)\n    ~~~~~~~~~~~~^^^^^^^^^^^^^^^^^^^^^^^\n  File "C:\\Users\\VIDYANKSHINI\\AppData\\Local\\Programs\\Python\\Python313\\Lib\\encodings\\cp1252.py", line 19, in encode\n    return codecs.charmap_encode(input,self.errors,encoding_table)[0]\n           ~~~~~~~~~~~~~~~~~~~~~^^^^^^^^^^^^^^^^^^^^^^^^^^^^^^^^^^\nUnicodeEncodeError: 'charmap' codec can't encode character '\\u2713' in position 60: character maps to <undefined>\nCall stack:\n  File "C:\\Users\\VIDYANKSHINI\\AppData\\Local\\Programs\\Python\\Python313\\Lib\\threading.py", line 1012, in _bootstrap\n    self._bootstrap_inner()\n  File "C:\\Users\\VIDYANKSHINI\\AppData\\Local\\Programs\\Python\\Python313\\Lib\\threading.py", line 1041, in _bootstrap_inner\n    self.run()\n  File "C:\\Users\\VIDYANKSHINI\\AppData\\Local\\Programs\\Python\\Python313\\Lib\\threading.py", line 992, in run\n    self._target(*self._args, **self._kwargs)\n  File "C:\\Users\\VIDYANKSHINI\\AppData\\Local\\Programs\\Python\\Python313\\Lib\\site-packages\\anyio\\from_thread.py", line 532, in run_blocking_portal\n    run_eventloop(\n  File "C:\\Users\\VIDYANKSHINI\\AppData\\Local\\Programs\\Python\\Python313\\Lib\\site-packages\\anyio\\_core\\_eventloop.py", line 77, in run\n    return async_backend.run(func, args, {}, backend_options)\n  File "C:\\Users\\VIDYANKSHINI\\AppData\\Local\\Programs\\Python\\Python313\\Lib\\site-packages\\anyio\\_backends\\_asyncio.py", line 2358, in run\n    return runner.run(wrapper())\n  File "C:\\Users\\VIDYANKSHINI\\AppData\\Local\\Programs\\Python\\Python313\\Lib\\asyncio\\runners.py", line 118, in run\n    return self._loop.run_until_complete(task)\n  File "C:\\Users\\VIDYANKSHINI\\AppData\\Local\\Programs\\Python\\Python313\\Lib\\asyncio\\base_events.py", line 712, in run_until_complete\n    self.run_forever()\n  File "C:\\Users\\VIDYANKSHINI\\AppData\\Local\\Programs\\Python\\Python313\\Lib\\asyncio\\base_events.py", line 683, in run_forever\n    self._run_once()\n  File "C:\\Users\\VIDYANKSHINI\\AppData\\Local\\Programs\\Python\\Python313\\Lib\\asyncio\\base_events.py", line 2040, in _run_once\n    handle._run()\n  File "C:\\Users\\VIDYANKSHINI\\AppData\\Local\\Programs\\Python\\Python313\\Lib\\asyncio\\events.py", line 89, in _run\n    self._context.run(self._callback, *self._args)\n  File "C:\\Users\\VIDYANKSHINI\\AppData\\Local\\Programs\\Python\\Python313\\Lib\\site-packages\\anyio\\from_thread.py", line 259, in _call_func\n    retval = await retval_or_awaitable\n  File "C:\\Users\\VIDYANKSHINI\\AppData\\Local\\Programs\\Python\\Python313\\Lib\\site-packages\\fastapi\\applications.py", line 1159, in __call__\n    await super().__call__(scope, receive, send)\n  File "C:\\Users\\VIDYANKSHINI\\AppData\\Local\\Programs\\Python\\Python313\\Lib\\site-packages\\starlette\\applications.py", line 107, in __call__\n    await self.middleware_stack(scope, receive, send)\n  File "C:\\Users\\VIDYANKSHINI\\AppData\\Local\\Programs\\Python\\Python313\\Lib\\site-packages\\starlette\\middleware\\errors.py", line 164, in __call__\n    await self.app(scope, receive, _send)\n  File "C:\\Users\\VIDYANKSHINI\\AppData\\Local\\Programs\\Python\\Python313\\Lib\\site-packages\\starlette\\middleware\\cors.py", line 87, in __call__\n    await self.app(scope, receive, send)\n  File "C:\\Users\\VIDYANKSHINI\\AppData\\Local\\Programs\\Python\\Python313\\Lib\\site-packages\\starlette\\middleware\\exceptions.py", line 63, in __call__\n    await wrap_app_handling_exceptions(self.app, conn)(scope, receive, send)\n  File "C:\\Users\\VIDYANKSHINI\\AppData\\Local\\Programs\\Python\\Python313\\Lib\\site-packages\\starlette\\_exception_handler.py", line 42, in wrapped_app\n    await app(scope, receive, sender)\n  File "C:\\Users\\VIDYANKSHINI\\AppData\\Local\\Programs\\Python\\Python313\\Lib\\site-packages\\fastapi\\middleware\\asyncexitstack.py", line 18, in __call__\n    await self.app(scope, receive, send)\n  File "C:\\Users\\VIDYANKSHINI\\AppData\\Local\\Programs\\Python\\Python313\\Lib\\site-packages\\starlette\\routing.py", line 716, in __call__\n    await self.middleware_stack(scope, receive, send)\n  File "C:\\Users\\VIDYANKSHINI\\AppData\\Local\\Programs\\Python\\Python313\\Lib\\site-packages\\starlette\\routing.py", line 736, in app\n    await route.handle(scope, receive, send)\n  File "C:\\Users\\VIDYANKSHINI\\AppData\\Local\\Programs\\Python\\Python313\\Lib\\site-packages\\starlette\\routing.py", line 290, in handle\n    await self.app(scope, receive, send)\n  File "C:\\Users\\VIDYANKSHINI\\AppData\\Local\\Programs\\Python\\Python313\\Lib\\site-packages\\fastapi\\routing.py", line 134, in app\n    await wrap_app_handling_exceptions(app, request)(scope, receive, send)\n  File "C:\\Users\\VIDYANKSHINI\\AppData\\Local\\Programs\\Python\\Python313\\Lib\\site-packages\\starlette\\_exception_handler.py", line 42, in wrapped_app\n    await app(scope, receive, sender)\n  File "C:\\Users\\VIDYANKSHINI\\AppData\\Local\\Programs\\Python\\Python313\\Lib\\site-packages\\fastapi\\routing.py", line 120, in app\n    response = await f(request)\n  File "C:\\Users\\VIDYANKSHINI\\AppData\\Local\\Programs\\Python\\Python313\\Lib\\site-packages\\fastapi\\routing.py", line 674, in app\n    raw_response = await run_endpoint_function(\n  File "C:\\Users\\VIDYANKSHINI\\AppData\\Local\\Programs\\Python\\Python313\\Lib\\site-packages\\fastapi\\routing.py", line 328, in run_endpoint_function\n    return await dependant.call(**values)\n  File "C:\\Users\\VIDYANKSHINI\\Desktop\\project\\SecuScan\\backend\\secuscan\\routes.py", line 269, in start_task\n    plugin_manager = await get_plugin_manager_for_request()\n  File "C:\\Users\\VIDYANKSHINI\\Desktop\\project\\SecuScan\\backend\\secuscan\\routes.py", line 177, in get_plugin_manager_for_request\n    return await init_plugins(settings.plugins_dir)\n  File "C:\\Users\\VIDYANKSHINI\\Desktop\\project\\SecuScan\\backend\\secuscan\\plugins.py", line 382, in init_plugins\n    await plugin_manager.load_plugins()\n  File "C:\\Users\\VIDYANKSHINI\\Desktop\\project\\SecuScan\\backend\\secuscan\\plugins.py", line 59, in load_plugins\n    logger.info(f"\u2713 Loaded plugin: {plugin_meta.name} v{plugin_meta.version}")\nMessage: '\u2713 Loaded plugin: URL Fuzzer v1.0.0'\nArguments: ()\n--- Logging error ---\nTraceback (most recent call last):\n  File "C:\\Users\\VIDYANKSHINI\\AppData\\Local\\Programs\\Python\\Python313\\Lib\\logging\\__init__.py", line 1153, in emit\n    stream.write(msg + self.terminator)\n    ~~~~~~~~~~~~^^^^^^^^^^^^^^^^^^^^^^^\n  File "C:\\Users\\VIDYANKSHINI\\AppData\\Local\\Programs\\Python\\Python313\\Lib\\encodings\\cp1252.py", line 19, in encode\n    return codecs.charmap_encode(input,self.errors,encoding_table)[0]\n           ~~~~~~~~~~~~~~~~~~~~~^^^^^^^^^^^^^^^^^^^^^^^^^^^^^^^^^^\nUnicodeEncodeError: 'charmap' codec can't encode character '\\u2713' in position 60: character maps to <undefined>\nCall stack:\n  File "C:\\Users\\VIDYANKSHINI\\AppData\\Local\\Programs\\Python\\Python313\\Lib\\threading.py", line 1012, in _bootstrap\n    self._bootstrap_inner()\n  File "C:\\Users\\VIDYANKSHINI\\AppData\\Local\\Programs\\Python\\Python313\\Lib\\threading.py", line 1041, in _bootstrap_inner\n    self.run()\n  File "C:\\Users\\VIDYANKSHINI\\AppData\\Local\\Programs\\Python\\Python313\\Lib\\threading.py", line 992, in run\n    self._target(*self._args, **self._kwargs)\n  File "C:\\Users\\VIDYANKSHINI\\AppData\\Local\\Programs\\Python\\Python313\\Lib\\site-packages\\anyio\\from_thread.py", line 532, in run_blocking_portal\n    run_eventloop(\n  File "C:\\Users\\VIDYANKSHINI\\AppData\\Local\\Programs\\Python\\Python313\\Lib\\site-packages\\anyio\\_core\\_eventloop.py", line 77, in run\n    return async_backend.run(func, args, {}, backend_options)\n  File "C:\\Users\\VIDYANKSHINI\\AppData\\Local\\Programs\\Python\\Python313\\Lib\\site-packages\\anyio\\_backends\\_asyncio.py", line 2358, in run\n    return runner.run(wrapper())\n  File "C:\\Users\\VIDYANKSHINI\\AppData\\Local\\Programs\\Python\\Python313\\Lib\\asyncio\\runners.py", line 118, in run\n    return self._loop.run_until_complete(task)\n  File "C:\\Users\\VIDYANKSHINI\\AppData\\Local\\Programs\\Python\\Python313\\Lib\\asyncio\\base_events.py", line 712, in run_until_complete\n    self.run_forever()\n  File "C:\\Users\\VIDYANKSHINI\\AppData\\Local\\Programs\\Python\\Python313\\Lib\\asyncio\\base_events.py", line 683, in run_forever\n    self._run_once()\n  File "C:\\Users\\VIDYANKSHINI\\AppData\\Local\\Programs\\Python\\Python313\\Lib\\asyncio\\base_events.py", line 2040, in _run_once\n    handle._run()\n  File "C:\\Users\\VIDYANKSHINI\\AppData\\Local\\Programs\\Python\\Python313\\Lib\\asyncio\\events.py", line 89, in _run\n    self._context.run(self._callback, *self._args)\n  File "C:\\Users\\VIDYANKSHINI\\AppData\\Local\\Programs\\Python\\Python313\\Lib\\site-packages\\anyio\\from_thread.py", line 259, in _call_func\n    retval = await retval_or_awaitable\n  File "C:\\Users\\VIDYANKSHINI\\AppData\\Local\\Programs\\Python\\Python313\\Lib\\site-packages\\fastapi\\applications.py", line 1159, in __call__\n    await super().__call__(scope, receive, send)\n  File "C:\\Users\\VIDYANKSHINI\\AppData\\Local\\Programs\\Python\\Python313\\Lib\\site-packages\\starlette\\applications.py", line 107, in __call__\n    await self.middleware_stack(scope, receive, send)\n  File "C:\\Users\\VIDYANKSHINI\\AppData\\Local\\Programs\\Python\\Python313\\Lib\\site-packages\\starlette\\middleware\\errors.py", line 164, in __call__\n    await self.app(scope, receive, _send)\n  File "C:\\Users\\VIDYANKSHINI\\AppData\\Local\\Programs\\Python\\Python313\\Lib\\site-packages\\starlette\\middleware\\cors.py", line 87, in __call__\n    await self.app(scope, receive, send)\n  File "C:\\Users\\VIDYANKSHINI\\AppData\\Local\\Programs\\Python\\Python313\\Lib\\site-packages\\starlette\\middleware\\exceptions.py", line 63, in __call__\n    await wrap_app_handling_exceptions(self.app, conn)(scope, receive, send)\n  File "C:\\Users\\VIDYANKSHINI\\AppData\\Local\\Programs\\Python\\Python313\\Lib\\site-packages\\starlette\\_exception_handler.py", line 42, in wrapped_app\n    await app(scope, receive, sender)\n  File "C:\\Users\\VIDYANKSHINI\\AppData\\Local\\Programs\\Python\\Python313\\Lib\\site-packages\\fastapi\\middleware\\asyncexitstack.py", line 18, in __call__\n    await self.app(scope, receive, send)\n  File "C:\\Users\\VIDYANKSHINI\\AppData\\Local\\Programs\\Python\\Python313\\Lib\\site-packages\\starlette\\routing.py", line 716, in __call__\n    await self.middleware_stack(scope, receive, send)\n  File "C:\\Users\\VIDYANKSHINI\\AppData\\Local\\Programs\\Python\\Python313\\Lib\\site-packages\\starlette\\routing.py", line 736, in app\n    await route.handle(scope, receive, send)\n  File "C:\\Users\\VIDYANKSHINI\\AppData\\Local\\Programs\\Python\\Python313\\Lib\\site-packages\\starlette\\routing.py", line 290, in handle\n    await self.app(scope, receive, send)\n  File "C:\\Users\\VIDYANKSHINI\\AppData\\Local\\Programs\\Python\\Python313\\Lib\\site-packages\\fastapi\\routing.py", line 134, in app\n    await wrap_app_handling_exceptions(app, request)(scope, receive, send)\n  File "C:\\Users\\VIDYANKSHINI\\AppData\\Local\\Programs\\Python\\Python313\\Lib\\site-packages\\starlette\\_exception_handler.py", line 42, in wrapped_app\n    await app(scope, receive, sender)\n  File "C:\\Users\\VIDYANKSHINI\\AppData\\Local\\Programs\\Python\\Python313\\Lib\\site-packages\\fastapi\\routing.py", line 120, in app\n    response = await f(request)\n  File "C:\\Users\\VIDYANKSHINI\\AppData\\Local\\Programs\\Python\\Python313\\Lib\\site-packages\\fastapi\\routing.py", line 674, in app\n    raw_response = await run_endpoint_function(\n  File "C:\\Users\\VIDYANKSHINI\\AppData\\Local\\Programs\\Python\\Python313\\Lib\\site-packages\\fastapi\\routing.py", line 328, in run_endpoint_function\n    return await dependant.call(**values)\n  File "C:\\Users\\VIDYANKSHINI\\Desktop\\project\\SecuScan\\backend\\secuscan\\routes.py", line 269, in start_task\n    plugin_manager = await get_plugin_manager_for_request()\n  File "C:\\Users\\VIDYANKSHINI\\Desktop\\project\\SecuScan\\backend\\secuscan\\routes.py", line 177, in get_plugin_manager_for_request\n    return await init_plugins(settings.plugins_dir)\n  File "C:\\Users\\VIDYANKSHINI\\Desktop\\project\\SecuScan\\backend\\secuscan\\plugins.py", line 382, in init_plugins\n    await plugin_manager.load_plugins()\n  File "C:\\Users\\VIDYANKSHINI\\Desktop\\project\\SecuScan\\backend\\secuscan\\plugins.py", line 59, in load_plugins\n    logger.info(f"\u2713 Loaded plugin: {plugin_meta.name} v{plugin_meta.version}")\nMessage: '\u2713 Loaded plugin: urlfinder v1.0.0'\nArguments: ()\n--- Logging error ---\nTraceback (most recent call last):\n  File "C:\\Users\\VIDYANKSHINI\\AppData\\Local\\Programs\\Python\\Python313\\Lib\\logging\\__init__.py", line 1153, in emit\n    stream.write(msg + self.terminator)\n    ~~~~~~~~~~~~^^^^^^^^^^^^^^^^^^^^^^^\n  File "C:\\Users\\VIDYANKSHINI\\AppData\\Local\\Programs\\Python\\Python313\\Lib\\encodings\\cp1252.py", line 19, in encode\n    return codecs.charmap_encode(input,self.errors,encoding_table)[0]\n           ~~~~~~~~~~~~~~~~~~~~~^^^^^^^^^^^^^^^^^^^^^^^^^^^^^^^^^^\nUnicodeEncodeError: 'charmap' codec can't encode character '\\u2713' in position 60: character maps to <undefined>\nCall stack:\n  File "C:\\Users\\VIDYANKSHINI\\AppData\\Local\\Programs\\Python\\Python313\\Lib\\threading.py", line 1012, in _bootstrap\n    self._bootstrap_inner()\n  File "C:\\Users\\VIDYANKSHINI\\AppData\\Local\\Programs\\Python\\Python313\\Lib\\threading.py", line 1041, in _bootstrap_inner\n    self.run()\n  File "C:\\Users\\VIDYANKSHINI\\AppData\\Local\\Programs\\Python\\Python313\\Lib\\threading.py", line 992, in run\n    self._target(*self._args, **self._kwargs)\n  File "C:\\Users\\VIDYANKSHINI\\AppData\\Local\\Programs\\Python\\Python313\\Lib\\site-packages\\anyio\\from_thread.py", line 532, in run_blocking_portal\n    run_eventloop(\n  File "C:\\Users\\VIDYANKSHINI\\AppData\\Local\\Programs\\Python\\Python313\\Lib\\site-packages\\anyio\\_core\\_eventloop.py", line 77, in run\n    return async_backend.run(func, args, {}, backend_options)\n  File "C:\\Users\\VIDYANKSHINI\\AppData\\Local\\Programs\\Python\\Python313\\Lib\\site-packages\\anyio\\_backends\\_asyncio.py", line 2358, in run\n    return runner.run(wrapper())\n  File "C:\\Users\\VIDYANKSHINI\\AppData\\Local\\Programs\\Python\\Python313\\Lib\\asyncio\\runners.py", line 118, in run\n    return self._loop.run_until_complete(task)\n  File "C:\\Users\\VIDYANKSHINI\\AppData\\Local\\Programs\\Python\\Python313\\Lib\\asyncio\\base_events.py", line 712, in run_until_complete\n    self.run_forever()\n  File "C:\\Users\\VIDYANKSHINI\\AppData\\Local\\Programs\\Python\\Python313\\Lib\\asyncio\\base_events.py", line 683, in run_forever\n    self._run_once()\n  File "C:\\Users\\VIDYANKSHINI\\AppData\\Local\\Programs\\Python\\Python313\\Lib\\asyncio\\base_events.py", line 2040, in _run_once\n    handle._run()\n  File "C:\\Users\\VIDYANKSHINI\\AppData\\Local\\Programs\\Python\\Python313\\Lib\\asyncio\\events.py", line 89, in _run\n    self._context.run(self._callback, *self._args)\n  File "C:\\Users\\VIDYANKSHINI\\AppData\\Local\\Programs\\Python\\Python313\\Lib\\site-packages\\anyio\\from_thread.py", line 259, in _call_func\n    retval = await retval_or_awaitable\n  File "C:\\Users\\VIDYANKSHINI\\AppData\\Local\\Programs\\Python\\Python313\\Lib\\site-packages\\fastapi\\applications.py", line 1159, in __call__\n    await super().__call__(scope, receive, send)\n  File "C:\\Users\\VIDYANKSHINI\\AppData\\Local\\Programs\\Python\\Python313\\Lib\\site-packages\\starlette\\applications.py", line 107, in __call__\n    await self.middleware_stack(scope, receive, send)\n  File "C:\\Users\\VIDYANKSHINI\\AppData\\Local\\Programs\\Python\\Python313\\Lib\\site-packages\\starlette\\middleware\\errors.py", line 164, in __call__\n    await self.app(scope, receive, _send)\n  File "C:\\Users\\VIDYANKSHINI\\AppData\\Local\\Programs\\Python\\Python313\\Lib\\site-packages\\starlette\\middleware\\cors.py", line 87, in __call__\n    await self.app(scope, receive, send)\n  File "C:\\Users\\VIDYANKSHINI\\AppData\\Local\\Programs\\Python\\Python313\\Lib\\site-packages\\starlette\\middleware\\exceptions.py", line 63, in __call__\n    await wrap_app_handling_exceptions(self.app, conn)(scope, receive, send)\n  File "C:\\Users\\VIDYANKSHINI\\AppData\\Local\\Programs\\Python\\Python313\\Lib\\site-packages\\starlette\\_exception_handler.py", line 42, in wrapped_app\n    await app(scope, receive, sender)\n  File "C:\\Users\\VIDYANKSHINI\\AppData\\Local\\Programs\\Python\\Python313\\Lib\\site-packages\\fastapi\\middleware\\asyncexitstack.py", line 18, in __call__\n    await self.app(scope, receive, send)\n  File "C:\\Users\\VIDYANKSHINI\\AppData\\Local\\Programs\\Python\\Python313\\Lib\\site-packages\\starlette\\routing.py", line 716, in __call__\n    await self.middleware_stack(scope, receive, send)\n  File "C:\\Users\\VIDYANKSHINI\\AppData\\Local\\Programs\\Python\\Python313\\Lib\\site-packages\\starlette\\routing.py", line 736, in app\n    await route.handle(scope, receive, send)\n  File "C:\\Users\\VIDYANKSHINI\\AppData\\Local\\Programs\\Python\\Python313\\Lib\\site-packages\\starlette\\routing.py", line 290, in handle\n    await self.app(scope, receive, send)\n  File "C:\\Users\\VIDYANKSHINI\\AppData\\Local\\Programs\\Python\\Python313\\Lib\\site-packages\\fastapi\\routing.py", line 134, in app\n    await wrap_app_handling_exceptions(app, request)(scope, receive, send)\n  File "C:\\Users\\VIDYANKSHINI\\AppData\\Local\\Programs\\Python\\Python313\\Lib\\site-packages\\starlette\\_exception_handler.py", line 42, in wrapped_app\n    await app(scope, receive, sender)\n  File "C:\\Users\\VIDYANKSHINI\\AppData\\Local\\Programs\\Python\\Python313\\Lib\\site-packages\\fastapi\\routing.py", line 120, in app\n    response = await f(request)\n  File "C:\\Users\\VIDYANKSHINI\\AppData\\Local\\Programs\\Python\\Python313\\Lib\\site-packages\\fastapi\\routing.py", line 674, in app\n    raw_response = await run_endpoint_function(\n  File "C:\\Users\\VIDYANKSHINI\\AppData\\Local\\Programs\\Python\\Python313\\Lib\\site-packages\\fastapi\\routing.py", line 328, in run_endpoint_function\n    return await dependant.call(**values)\n  File "C:\\Users\\VIDYANKSHINI\\Desktop\\project\\SecuScan\\backend\\secuscan\\routes.py", line 269, in start_task\n    plugin_manager = await get_plugin_manager_for_request()\n  File "C:\\Users\\VIDYANKSHINI\\Desktop\\project\\SecuScan\\backend\\secuscan\\routes.py", line 177, in get_plugin_manager_for_request\n    return await init_plugins(settings.plugins_dir)\n  File "C:\\Users\\VIDYANKSHINI\\Desktop\\project\\SecuScan\\backend\\secuscan\\plugins.py", line 382, in init_plugins\n    await plugin_manager.load_plugins()\n  File "C:\\Users\\VIDYANKSHINI\\Desktop\\project\\SecuScan\\backend\\secuscan\\plugins.py", line 59, in load_plugins\n    logger.info(f"\u2713 Loaded plugin: {plugin_meta.name} v{plugin_meta.version}")\nMessage: '\u2713 Loaded plugin: Virtual Hosts Finder v1.0.0'\nArguments: ()\n--- Logging error ---\nTraceback (most recent call last):\n  File "C:\\Users\\VIDYANKSHINI\\AppData\\Local\\Programs\\Python\\Python313\\Lib\\logging\\__init__.py", line 1153, in emit\n    stream.write(msg + self.terminator)\n    ~~~~~~~~~~~~^^^^^^^^^^^^^^^^^^^^^^^\n  File "C:\\Users\\VIDYANKSHINI\\AppData\\Local\\Programs\\Python\\Python313\\Lib\\encodings\\cp1252.py", line 19, in encode\n    return codecs.charmap_encode(input,self.errors,encoding_table)[0]\n           ~~~~~~~~~~~~~~~~~~~~~^^^^^^^^^^^^^^^^^^^^^^^^^^^^^^^^^^\nUnicodeEncodeError: 'charmap' codec can't encode character '\\u2713' in position 60: character maps to <undefined>\nCall stack:\n  File "C:\\Users\\VIDYANKSHINI\\AppData\\Local\\Programs\\Python\\Python313\\Lib\\threading.py", line 1012, in _bootstrap\n    self._bootstrap_inner()\n  File "C:\\Users\\VIDYANKSHINI\\AppData\\Local\\Programs\\Python\\Python313\\Lib\\threading.py", line 1041, in _bootstrap_inner\n    self.run()\n  File "C:\\Users\\VIDYANKSHINI\\AppData\\Local\\Programs\\Python\\Python313\\Lib\\threading.py", line 992, in run\n    self._target(*self._args, **self._kwargs)\n  File "C:\\Users\\VIDYANKSHINI\\AppData\\Local\\Programs\\Python\\Python313\\Lib\\site-packages\\anyio\\from_thread.py", line 532, in run_blocking_portal\n    run_eventloop(\n  File "C:\\Users\\VIDYANKSHINI\\AppData\\Local\\Programs\\Python\\Python313\\Lib\\site-packages\\anyio\\_core\\_eventloop.py", line 77, in run\n    return async_backend.run(func, args, {}, backend_options)\n  File "C:\\Users\\VIDYANKSHINI\\AppData\\Local\\Programs\\Python\\Python313\\Lib\\site-packages\\anyio\\_backends\\_asyncio.py", line 2358, in run\n    return runner.run(wrapper())\n  File "C:\\Users\\VIDYANKSHINI\\AppData\\Local\\Programs\\Python\\Python313\\Lib\\asyncio\\runners.py", line 118, in run\n    return self._loop.run_until_complete(task)\n  File "C:\\Users\\VIDYANKSHINI\\AppData\\Local\\Programs\\Python\\Python313\\Lib\\asyncio\\base_events.py", line 712, in run_until_complete\n    self.run_forever()\n  File "C:\\Users\\VIDYANKSHINI\\AppData\\Local\\Programs\\Python\\Python313\\Lib\\asyncio\\base_events.py", line 683, in run_forever\n    self._run_once()\n  File "C:\\Users\\VIDYANKSHINI\\AppData\\Local\\Programs\\Python\\Python313\\Lib\\asyncio\\base_events.py", line 2040, in _run_once\n    handle._run()\n  File "C:\\Users\\VIDYANKSHINI\\AppData\\Local\\Programs\\Python\\Python313\\Lib\\asyncio\\events.py", line 89, in _run\n    self._context.run(self._callback, *self._args)\n  File "C:\\Users\\VIDYANKSHINI\\AppData\\Local\\Programs\\Python\\Python313\\Lib\\site-packages\\anyio\\from_thread.py", line 259, in _call_func\n    retval = await retval_or_awaitable\n  File "C:\\Users\\VIDYANKSHINI\\AppData\\Local\\Programs\\Python\\Python313\\Lib\\site-packages\\fastapi\\applications.py", line 1159, in __call__\n    await super().__call__(scope, receive, send)\n  File "C:\\Users\\VIDYANKSHINI\\AppData\\Local\\Programs\\Python\\Python313\\Lib\\site-packages\\starlette\\applications.py", line 107, in __call__\n    await self.middleware_stack(scope, receive, send)\n  File "C:\\Users\\VIDYANKSHINI\\AppData\\Local\\Programs\\Python\\Python313\\Lib\\site-packages\\starlette\\middleware\\errors.py", line 164, in __call__\n    await self.app(scope, receive, _send)\n  File "C:\\Users\\VIDYANKSHINI\\AppData\\Local\\Programs\\Python\\Python313\\Lib\\site-packages\\starlette\\middleware\\cors.py", line 87, in __call__\n    await self.app(scope, receive, send)\n  File "C:\\Users\\VIDYANKSHINI\\AppData\\Local\\Programs\\Python\\Python313\\Lib\\site-packages\\starlette\\middleware\\exceptions.py", line 63, in __call__\n    await wrap_app_handling_exceptions(self.app, conn)(scope, receive, send)\n  File "C:\\Users\\VIDYANKSHINI\\AppData\\Local\\Programs\\Python\\Python313\\Lib\\site-packages\\starlette\\_exception_handler.py", line 42, in wrapped_app\n    await app(scope, receive, sender)\n  File "C:\\Users\\VIDYANKSHINI\\AppData\\Local\\Programs\\Python\\Python313\\Lib\\site-packages\\fastapi\\middleware\\asyncexitstack.py", line 18, in __call__\n    await self.app(scope, receive, send)\n  File "C:\\Users\\VIDYANKSHINI\\AppData\\Local\\Programs\\Python\\Python313\\Lib\\site-packages\\starlette\\routing.py", line 716, in __call__\n    await self.middleware_stack(scope, receive, send)\n  File "C:\\Users\\VIDYANKSHINI\\AppData\\Local\\Programs\\Python\\Python313\\Lib\\site-packages\\starlette\\routing.py", line 736, in app\n    await route.handle(scope, receive, send)\n  File "C:\\Users\\VIDYANKSHINI\\AppData\\Local\\Programs\\Python\\Python313\\Lib\\site-packages\\starlette\\routing.py", line 290, in handle\n    await self.app(scope, receive, send)\n  File "C:\\Users\\VIDYANKSHINI\\AppData\\Local\\Programs\\Python\\Python313\\Lib\\site-packages\\fastapi\\routing.py", line 134, in app\n    await wrap_app_handling_exceptions(app, request)(scope, receive, send)\n  File "C:\\Users\\VIDYANKSHINI\\AppData\\Local\\Programs\\Python\\Python313\\Lib\\site-packages\\starlette\\_exception_handler.py", line 42, in wrapped_app\n    await app(scope, receive, sender)\n  File "C:\\Users\\VIDYANKSHINI\\AppData\\Local\\Programs\\Python\\Python313\\Lib\\site-packages\\fastapi\\routing.py", line 120, in app\n    response = await f(request)\n  File "C:\\Users\\VIDYANKSHINI\\AppData\\Local\\Programs\\Python\\Python313\\Lib\\site-packages\\fastapi\\routing.py", line 674, in app\n    raw_response = await run_endpoint_function(\n  File "C:\\Users\\VIDYANKSHINI\\AppData\\Local\\Programs\\Python\\Python313\\Lib\\site-packages\\fastapi\\routing.py", line 328, in run_endpoint_function\n    return await dependant.call(**values)\n  File "C:\\Users\\VIDYANKSHINI\\Desktop\\project\\SecuScan\\backend\\secuscan\\routes.py", line 269, in start_task\n    plugin_manager = await get_plugin_manager_for_request()\n  File "C:\\Users\\VIDYANKSHINI\\Desktop\\project\\SecuScan\\backend\\secuscan\\routes.py", line 177, in get_plugin_manager_for_request\n    return await init_plugins(settings.plugins_dir)\n  File "C:\\Users\\VIDYANKSHINI\\Desktop\\project\\SecuScan\\backend\\secuscan\\plugins.py", line 382, in init_plugins\n    await plugin_manager.load_plugins()\n  File "C:\\Users\\VIDYANKSHINI\\Desktop\\project\\SecuScan\\backend\\secuscan\\plugins.py", line 59, in load_plugins\n    logger.info(f"\u2713 Loaded plugin: {plugin_meta.name} v{plugin_meta.version}")\nMessage: '\u2713 Loaded plugin: Volatility v1.0.0'\nArguments: ()\n--- Logging error ---\nTraceback (most recent call last):\n  File "C:\\Users\\VIDYANKSHINI\\AppData\\Local\\Programs\\Python\\Python313\\Lib\\logging\\__init__.py", line 1153, in emit\n    stream.write(msg + self.terminator)\n    ~~~~~~~~~~~~^^^^^^^^^^^^^^^^^^^^^^^\n  File "C:\\Users\\VIDYANKSHINI\\AppData\\Local\\Programs\\Python\\Python313\\Lib\\encodings\\cp1252.py", line 19, in encode\n    return codecs.charmap_encode(input,self.errors,encoding_table)[0]\n           ~~~~~~~~~~~~~~~~~~~~~^^^^^^^^^^^^^^^^^^^^^^^^^^^^^^^^^^\nUnicodeEncodeError: 'charmap' codec can't encode character '\\u2713' in position 60: character maps to <undefined>\nCall stack:\n  File "C:\\Users\\VIDYANKSHINI\\AppData\\Local\\Programs\\Python\\Python313\\Lib\\threading.py", line 1012, in _bootstrap\n    self._bootstrap_inner()\n  File "C:\\Users\\VIDYANKSHINI\\AppData\\Local\\Programs\\Python\\Python313\\Lib\\threading.py", line 1041, in _bootstrap_inner\n    self.run()\n  File "C:\\Users\\VIDYANKSHINI\\AppData\\Local\\Programs\\Python\\Python313\\Lib\\threading.py", line 992, in run\n    self._target(*self._args, **self._kwargs)\n  File "C:\\Users\\VIDYANKSHINI\\AppData\\Local\\Programs\\Python\\Python313\\Lib\\site-packages\\anyio\\from_thread.py", line 532, in run_blocking_portal\n    run_eventloop(\n  File "C:\\Users\\VIDYANKSHINI\\AppData\\Local\\Programs\\Python\\Python313\\Lib\\site-packages\\anyio\\_core\\_eventloop.py", line 77, in run\n    return async_backend.run(func, args, {}, backend_options)\n  File "C:\\Users\\VIDYANKSHINI\\AppData\\Local\\Programs\\Python\\Python313\\Lib\\site-packages\\anyio\\_backends\\_asyncio.py", line 2358, in run\n    return runner.run(wrapper())\n  File "C:\\Users\\VIDYANKSHINI\\AppData\\Local\\Programs\\Python\\Python313\\Lib\\asyncio\\runners.py", line 118, in run\n    return self._loop.run_until_complete(task)\n  File "C:\\Users\\VIDYANKSHINI\\AppData\\Local\\Programs\\Python\\Python313\\Lib\\asyncio\\base_events.py", line 712, in run_until_complete\n    self.run_forever()\n  File "C:\\Users\\VIDYANKSHINI\\AppData\\Local\\Programs\\Python\\Python313\\Lib\\asyncio\\base_events.py", line 683, in run_forever\n    self._run_once()\n  File "C:\\Users\\VIDYANKSHINI\\AppData\\Local\\Programs\\Python\\Python313\\Lib\\asyncio\\base_events.py", line 2040, in _run_once\n    handle._run()\n  File "C:\\Users\\VIDYANKSHINI\\AppData\\Local\\Programs\\Python\\Python313\\Lib\\asyncio\\events.py", line 89, in _run\n    self._context.run(self._callback, *self._args)\n  File "C:\\Users\\VIDYANKSHINI\\AppData\\Local\\Programs\\Python\\Python313\\Lib\\site-packages\\anyio\\from_thread.py", line 259, in _call_func\n    retval = await retval_or_awaitable\n  File "C:\\Users\\VIDYANKSHINI\\AppData\\Local\\Programs\\Python\\Python313\\Lib\\site-packages\\fastapi\\applications.py", line 1159, in __call__\n    await super().__call__(scope, receive, send)\n  File "C:\\Users\\VIDYANKSHINI\\AppData\\Local\\Programs\\Python\\Python313\\Lib\\site-packages\\starlette\\applications.py", line 107, in __call__\n    await self.middleware_stack(scope, receive, send)\n  File "C:\\Users\\VIDYANKSHINI\\AppData\\Local\\Programs\\Python\\Python313\\Lib\\site-packages\\starlette\\middleware\\errors.py", line 164, in __call__\n    await self.app(scope, receive, _send)\n  File "C:\\Users\\VIDYANKSHINI\\AppData\\Local\\Programs\\Python\\Python313\\Lib\\site-packages\\starlette\\middleware\\cors.py", line 87, in __call__\n    await self.app(scope, receive, send)\n  File "C:\\Users\\VIDYANKSHINI\\AppData\\Local\\Programs\\Python\\Python313\\Lib\\site-packages\\starlette\\middleware\\exceptions.py", line 63, in __call__\n    await wrap_app_handling_exceptions(self.app, conn)(scope, receive, send)\n  File "C:\\Users\\VIDYANKSHINI\\AppData\\Local\\Programs\\Python\\Python313\\Lib\\site-packages\\starlette\\_exception_handler.py", line 42, in wrapped_app\n    await app(scope, receive, sender)\n  File "C:\\Users\\VIDYANKSHINI\\AppData\\Local\\Programs\\Python\\Python313\\Lib\\site-packages\\fastapi\\middleware\\asyncexitstack.py", line 18, in __call__\n    await self.app(scope, receive, send)\n  File "C:\\Users\\VIDYANKSHINI\\AppData\\Local\\Programs\\Python\\Python313\\Lib\\site-packages\\starlette\\routing.py", line 716, in __call__\n    await self.middleware_stack(scope, receive, send)\n  File "C:\\Users\\VIDYANKSHINI\\AppData\\Local\\Programs\\Python\\Python313\\Lib\\site-packages\\starlette\\routing.py", line 736, in app\n    await route.handle(scope, receive, send)\n  File "C:\\Users\\VIDYANKSHINI\\AppData\\Local\\Programs\\Python\\Python313\\Lib\\site-packages\\starlette\\routing.py", line 290, in handle\n    await self.app(scope, receive, send)\n  File "C:\\Users\\VIDYANKSHINI\\AppData\\Local\\Programs\\Python\\Python313\\Lib\\site-packages\\fastapi\\routing.py", line 134, in app\n    await wrap_app_handling_exceptions(app, request)(scope, receive, send)\n  File "C:\\Users\\VIDYANKSHINI\\AppData\\Local\\Programs\\Python\\Python313\\Lib\\site-packages\\starlette\\_exception_handler.py", line 42, in wrapped_app\n    await app(scope, receive, sender)\n  File "C:\\Users\\VIDYANKSHINI\\AppData\\Local\\Programs\\Python\\Python313\\Lib\\site-packages\\fastapi\\routing.py", line 120, in app\n    response = await f(request)\n  File "C:\\Users\\VIDYANKSHINI\\AppData\\Local\\Programs\\Python\\Python313\\Lib\\site-packages\\fastapi\\routing.py", line 674, in app\n    raw_response = await run_endpoint_function(\n  File "C:\\Users\\VIDYANKSHINI\\AppData\\Local\\Programs\\Python\\Python313\\Lib\\site-packages\\fastapi\\routing.py", line 328, in run_endpoint_function\n    return await dependant.call(**values)\n  File "C:\\Users\\VIDYANKSHINI\\Desktop\\project\\SecuScan\\backend\\secuscan\\routes.py", line 269, in start_task\n    plugin_manager = await get_plugin_manager_for_request()\n  File "C:\\Users\\VIDYANKSHINI\\Desktop\\project\\SecuScan\\backend\\secuscan\\routes.py", line 177, in get_plugin_manager_for_request\n    return await init_plugins(settings.plugins_dir)\n  File "C:\\Users\\VIDYANKSHINI\\Desktop\\project\\SecuScan\\backend\\secuscan\\plugins.py", line 382, in init_plugins\n    await plugin_manager.load_plugins()\n  File "C:\\Users\\VIDYANKSHINI\\Desktop\\project\\SecuScan\\backend\\secuscan\\plugins.py", line 59, in load_plugins\n    logger.info(f"\u2713 Loaded plugin: {plugin_meta.name} v{plugin_meta.version}")\nMessage: '\u2713 Loaded plugin: WAF Detector v1.0.0'\nArguments: ()\n--- Logging error ---\nTraceback (most recent call last):\n  File "C:\\Users\\VIDYANKSHINI\\AppData\\Local\\Programs\\Python\\Python313\\Lib\\logging\\__init__.py", line 1153, in emit\n    stream.write(msg + self.terminator)\n    ~~~~~~~~~~~~^^^^^^^^^^^^^^^^^^^^^^^\n  File "C:\\Users\\VIDYANKSHINI\\AppData\\Local\\Programs\\Python\\Python313\\Lib\\encodings\\cp1252.py", line 19, in encode\n    return codecs.charmap_encode(input,self.errors,encoding_table)[0]\n           ~~~~~~~~~~~~~~~~~~~~~^^^^^^^^^^^^^^^^^^^^^^^^^^^^^^^^^^\nUnicodeEncodeError: 'charmap' codec can't encode character '\\u2713' in position 60: character maps to <undefined>\nCall stack:\n  File "C:\\Users\\VIDYANKSHINI\\AppData\\Local\\Programs\\Python\\Python313\\Lib\\threading.py", line 1012, in _bootstrap\n    self._bootstrap_inner()\n  File "C:\\Users\\VIDYANKSHINI\\AppData\\Local\\Programs\\Python\\Python313\\Lib\\threading.py", line 1041, in _bootstrap_inner\n    self.run()\n  File "C:\\Users\\VIDYANKSHINI\\AppData\\Local\\Programs\\Python\\Python313\\Lib\\threading.py", line 992, in run\n    self._target(*self._args, **self._kwargs)\n  File "C:\\Users\\VIDYANKSHINI\\AppData\\Local\\Programs\\Python\\Python313\\Lib\\site-packages\\anyio\\from_thread.py", line 532, in run_blocking_portal\n    run_eventloop(\n  File "C:\\Users\\VIDYANKSHINI\\AppData\\Local\\Programs\\Python\\Python313\\Lib\\site-packages\\anyio\\_core\\_eventloop.py", line 77, in run\n    return async_backend.run(func, args, {}, backend_options)\n  File "C:\\Users\\VIDYANKSHINI\\AppData\\Local\\Programs\\Python\\Python313\\Lib\\site-packages\\anyio\\_backends\\_asyncio.py", line 2358, in run\n    return runner.run(wrapper())\n  File "C:\\Users\\VIDYANKSHINI\\AppData\\Local\\Programs\\Python\\Python313\\Lib\\asyncio\\runners.py", line 118, in run\n    return self._loop.run_until_complete(task)\n  File "C:\\Users\\VIDYANKSHINI\\AppData\\Local\\Programs\\Python\\Python313\\Lib\\asyncio\\base_events.py", line 712, in run_until_complete\n    self.run_forever()\n  File "C:\\Users\\VIDYANKSHINI\\AppData\\Local\\Programs\\Python\\Python313\\Lib\\asyncio\\base_events.py", line 683, in run_forever\n    self._run_once()\n  File "C:\\Users\\VIDYANKSHINI\\AppData\\Local\\Programs\\Python\\Python313\\Lib\\asyncio\\base_events.py", line 2040, in _run_once\n    handle._run()\n  File "C:\\Users\\VIDYANKSHINI\\AppData\\Local\\Programs\\Python\\Python313\\Lib\\asyncio\\events.py", line 89, in _run\n    self._context.run(self._callback, *self._args)\n  File "C:\\Users\\VIDYANKSHINI\\AppData\\Local\\Programs\\Python\\Python313\\Lib\\site-packages\\anyio\\from_thread.py", line 259, in _call_func\n    retval = await retval_or_awaitable\n  File "C:\\Users\\VIDYANKSHINI\\AppData\\Local\\Programs\\Python\\Python313\\Lib\\site-packages\\fastapi\\applications.py", line 1159, in __call__\n    await super().__call__(scope, receive, send)\n  File "C:\\Users\\VIDYANKSHINI\\AppData\\Local\\Programs\\Python\\Python313\\Lib\\site-packages\\starlette\\applications.py", line 107, in __call__\n    await self.middleware_stack(scope, receive, send)\n  File "C:\\Users\\VIDYANKSHINI\\AppData\\Local\\Programs\\Python\\Python313\\Lib\\site-packages\\starlette\\middleware\\errors.py", line 164, in __call__\n    await self.app(scope, receive, _send)\n  File "C:\\Users\\VIDYANKSHINI\\AppData\\Local\\Programs\\Python\\Python313\\Lib\\site-packages\\starlette\\middleware\\cors.py", line 87, in __call__\n    await self.app(scope, receive, send)\n  File "C:\\Users\\VIDYANKSHINI\\AppData\\Local\\Programs\\Python\\Python313\\Lib\\site-packages\\starlette\\middleware\\exceptions.py", line 63, in __call__\n    await wrap_app_handling_exceptions(self.app, conn)(scope, receive, send)\n  File "C:\\Users\\VIDYANKSHINI\\AppData\\Local\\Programs\\Python\\Python313\\Lib\\site-packages\\starlette\\_exception_handler.py", line 42, in wrapped_app\n    await app(scope, receive, sender)\n  File "C:\\Users\\VIDYANKSHINI\\AppData\\Local\\Programs\\Python\\Python313\\Lib\\site-packages\\fastapi\\middleware\\asyncexitstack.py", line 18, in __call__\n    await self.app(scope, receive, send)\n  File "C:\\Users\\VIDYANKSHINI\\AppData\\Local\\Programs\\Python\\Python313\\Lib\\site-packages\\starlette\\routing.py", line 716, in __call__\n    await self.middleware_stack(scope, receive, send)\n  File "C:\\Users\\VIDYANKSHINI\\AppData\\Local\\Programs\\Python\\Python313\\Lib\\site-packages\\starlette\\routing.py", line 736, in app\n    await route.handle(scope, receive, send)\n  File "C:\\Users\\VIDYANKSHINI\\AppData\\Local\\Programs\\Python\\Python313\\Lib\\site-packages\\starlette\\routing.py", line 290, in handle\n    await self.app(scope, receive, send)\n  File "C:\\Users\\VIDYANKSHINI\\AppData\\Local\\Programs\\Python\\Python313\\Lib\\site-packages\\fastapi\\routing.py", line 134, in app\n    await wrap_app_handling_exceptions(app, request)(scope, receive, send)\n  File "C:\\Users\\VIDYANKSHINI\\AppData\\Local\\Programs\\Python\\Python313\\Lib\\site-packages\\starlette\\_exception_handler.py", line 42, in wrapped_app\n    await app(scope, receive, sender)\n  File "C:\\Users\\VIDYANKSHINI\\AppData\\Local\\Programs\\Python\\Python313\\Lib\\site-packages\\fastapi\\routing.py", line 120, in app\n    response = await f(request)\n  File "C:\\Users\\VIDYANKSHINI\\AppData\\Local\\Programs\\Python\\Python313\\Lib\\site-packages\\fastapi\\routing.py", line 674, in app\n    raw_response = await run_endpoint_function(\n  File "C:\\Users\\VIDYANKSHINI\\AppData\\Local\\Programs\\Python\\Python313\\Lib\\site-packages\\fastapi\\routing.py", line 328, in run_endpoint_function\n    return await dependant.call(**values)\n  File "C:\\Users\\VIDYANKSHINI\\Desktop\\project\\SecuScan\\backend\\secuscan\\routes.py", line 269, in start_task\n    plugin_manager = await get_plugin_manager_for_request()\n  File "C:\\Users\\VIDYANKSHINI\\Desktop\\project\\SecuScan\\backend\\secuscan\\routes.py", line 177, in get_plugin_manager_for_request\n    return await init_plugins(settings.plugins_dir)\n  File "C:\\Users\\VIDYANKSHINI\\Desktop\\project\\SecuScan\\backend\\secuscan\\plugins.py", line 382, in init_plugins\n    await plugin_manager.load_plugins()\n  File "C:\\Users\\VIDYANKSHINI\\Desktop\\project\\SecuScan\\backend\\secuscan\\plugins.py", line 59, in load_plugins\n    logger.info(f"\u2713 Loaded plugin: {plugin_meta.name} v{plugin_meta.version}")\nMessage: '\u2713 Loaded plugin: Website Recon v1.0.0'\nArguments: ()\n--- Logging error ---\nTraceback (most recent call last):\n  File "C:\\Users\\VIDYANKSHINI\\AppData\\Local\\Programs\\Python\\Python313\\Lib\\logging\\__init__.py", line 1153, in emit\n    stream.write(msg + self.terminator)\n    ~~~~~~~~~~~~^^^^^^^^^^^^^^^^^^^^^^^\n  File "C:\\Users\\VIDYANKSHINI\\AppData\\Local\\Programs\\Python\\Python313\\Lib\\encodings\\cp1252.py", line 19, in encode\n    return codecs.charmap_encode(input,self.errors,encoding_table)[0]\n           ~~~~~~~~~~~~~~~~~~~~~^^^^^^^^^^^^^^^^^^^^^^^^^^^^^^^^^^\nUnicodeEncodeError: 'charmap' codec can't encode character '\\u2713' in position 60: character maps to <undefined>\nCall stack:\n  File "C:\\Users\\VIDYANKSHINI\\AppData\\Local\\Programs\\Python\\Python313\\Lib\\threading.py", line 1012, in _bootstrap\n    self._bootstrap_inner()\n  File "C:\\Users\\VIDYANKSHINI\\AppData\\Local\\Programs\\Python\\Python313\\Lib\\threading.py", line 1041, in _bootstrap_inner\n    self.run()\n  File "C:\\Users\\VIDYANKSHINI\\AppData\\Local\\Programs\\Python\\Python313\\Lib\\threading.py", line 992, in run\n    self._target(*self._args, **self._kwargs)\n  File "C:\\Users\\VIDYANKSHINI\\AppData\\Local\\Programs\\Python\\Python313\\Lib\\site-packages\\anyio\\from_thread.py", line 532, in run_blocking_portal\n    run_eventloop(\n  File "C:\\Users\\VIDYANKSHINI\\AppData\\Local\\Programs\\Python\\Python313\\Lib\\site-packages\\anyio\\_core\\_eventloop.py", line 77, in run\n    return async_backend.run(func, args, {}, backend_options)\n  File "C:\\Users\\VIDYANKSHINI\\AppData\\Local\\Programs\\Python\\Python313\\Lib\\site-packages\\anyio\\_backends\\_asyncio.py", line 2358, in run\n    return runner.run(wrapper())\n  File "C:\\Users\\VIDYANKSHINI\\AppData\\Local\\Programs\\Python\\Python313\\Lib\\asyncio\\runners.py", line 118, in run\n    return self._loop.run_until_complete(task)\n  File "C:\\Users\\VIDYANKSHINI\\AppData\\Local\\Programs\\Python\\Python313\\Lib\\asyncio\\base_events.py", line 712, in run_until_complete\n    self.run_forever()\n  File "C:\\Users\\VIDYANKSHINI\\AppData\\Local\\Programs\\Python\\Python313\\Lib\\asyncio\\base_events.py", line 683, in run_forever\n    self._run_once()\n  File "C:\\Users\\VIDYANKSHINI\\AppData\\Local\\Programs\\Python\\Python313\\Lib\\asyncio\\base_events.py", line 2040, in _run_once\n    handle._run()\n  File "C:\\Users\\VIDYANKSHINI\\AppData\\Local\\Programs\\Python\\Python313\\Lib\\asyncio\\events.py", line 89, in _run\n    self._context.run(self._callback, *self._args)\n  File "C:\\Users\\VIDYANKSHINI\\AppData\\Local\\Programs\\Python\\Python313\\Lib\\site-packages\\anyio\\from_thread.py", line 259, in _call_func\n    retval = await retval_or_awaitable\n  File "C:\\Users\\VIDYANKSHINI\\AppData\\Local\\Programs\\Python\\Python313\\Lib\\site-packages\\fastapi\\applications.py", line 1159, in __call__\n    await super().__call__(scope, receive, send)\n  File "C:\\Users\\VIDYANKSHINI\\AppData\\Local\\Programs\\Python\\Python313\\Lib\\site-packages\\starlette\\applications.py", line 107, in __call__\n    await self.middleware_stack(scope, receive, send)\n  File "C:\\Users\\VIDYANKSHINI\\AppData\\Local\\Programs\\Python\\Python313\\Lib\\site-packages\\starlette\\middleware\\errors.py", line 164, in __call__\n    await self.app(scope, receive, _send)\n  File "C:\\Users\\VIDYANKSHINI\\AppData\\Local\\Programs\\Python\\Python313\\Lib\\site-packages\\starlette\\middleware\\cors.py", line 87, in __call__\n    await self.app(scope, receive, send)\n  File "C:\\Users\\VIDYANKSHINI\\AppData\\Local\\Programs\\Python\\Python313\\Lib\\site-packages\\starlette\\middleware\\exceptions.py", line 63, in __call__\n    await wrap_app_handling_exceptions(self.app, conn)(scope, receive, send)\n  File "C:\\Users\\VIDYANKSHINI\\AppData\\Local\\Programs\\Python\\Python313\\Lib\\site-packages\\starlette\\_exception_handler.py", line 42, in wrapped_app\n    await app(scope, receive, sender)\n  File "C:\\Users\\VIDYANKSHINI\\AppData\\Local\\Programs\\Python\\Python313\\Lib\\site-packages\\fastapi\\middleware\\asyncexitstack.py", line 18, in __call__\n    await self.app(scope, receive, send)\n  File "C:\\Users\\VIDYANKSHINI\\AppData\\Local\\Programs\\Python\\Python313\\Lib\\site-packages\\starlette\\routing.py", line 716, in __call__\n    await self.middleware_stack(scope, receive, send)\n  File "C:\\Users\\VIDYANKSHINI\\AppData\\Local\\Programs\\Python\\Python313\\Lib\\site-packages\\starlette\\routing.py", line 736, in app\n    await route.handle(scope, receive, send)\n  File "C:\\Users\\VIDYANKSHINI\\AppData\\Local\\Programs\\Python\\Python313\\Lib\\site-packages\\starlette\\routing.py", line 290, in handle\n    await self.app(scope, receive, send)\n  File "C:\\Users\\VIDYANKSHINI\\AppData\\Local\\Programs\\Python\\Python313\\Lib\\site-packages\\fastapi\\routing.py", line 134, in app\n    await wrap_app_handling_exceptions(app, request)(scope, receive, send)\n  File "C:\\Users\\VIDYANKSHINI\\AppData\\Local\\Programs\\Python\\Python313\\Lib\\site-packages\\starlette\\_exception_handler.py", line 42, in wrapped_app\n    await app(scope, receive, sender)\n  File "C:\\Users\\VIDYANKSHINI\\AppData\\Local\\Programs\\Python\\Python313\\Lib\\site-packages\\fastapi\\routing.py", line 120, in app\n    response = await f(request)\n  File "C:\\Users\\VIDYANKSHINI\\AppData\\Local\\Programs\\Python\\Python313\\Lib\\site-packages\\fastapi\\routing.py", line 674, in app\n    raw_response = await run_endpoint_function(\n  File "C:\\Users\\VIDYANKSHINI\\AppData\\Local\\Programs\\Python\\Python313\\Lib\\site-packages\\fastapi\\routing.py", line 328, in run_endpoint_function\n    return await dependant.call(**values)\n  File "C:\\Users\\VIDYANKSHINI\\Desktop\\project\\SecuScan\\backend\\secuscan\\routes.py", line 269, in start_task\n    plugin_manager = await get_plugin_manager_for_request()\n  File "C:\\Users\\VIDYANKSHINI\\Desktop\\project\\SecuScan\\backend\\secuscan\\routes.py", line 177, in get_plugin_manager_for_request\n    return await init_plugins(settings.plugins_dir)\n  File "C:\\Users\\VIDYANKSHINI\\Desktop\\project\\SecuScan\\backend\\secuscan\\plugins.py", line 382, in init_plugins\n    await plugin_manager.load_plugins()\n  File "C:\\Users\\VIDYANKSHINI\\Desktop\\project\\SecuScan\\backend\\secuscan\\plugins.py", line 59, in load_plugins\n    logger.info(f"\u2713 Loaded plugin: {plugin_meta.name} v{plugin_meta.version}")\nMessage: '\u2713 Loaded plugin: Domain Registration Lookup v1.0.0'\nArguments: ()\n--- Logging error ---\nTraceback (most recent call last):\n  File "C:\\Users\\VIDYANKSHINI\\AppData\\Local\\Programs\\Python\\Python313\\Lib\\logging\\__init__.py", line 1153, in emit\n    stream.write(msg + self.terminator)\n    ~~~~~~~~~~~~^^^^^^^^^^^^^^^^^^^^^^^\n  File "C:\\Users\\VIDYANKSHINI\\AppData\\Local\\Programs\\Python\\Python313\\Lib\\encodings\\cp1252.py", line 19, in encode\n    return codecs.charmap_encode(input,self.errors,encoding_table)[0]\n           ~~~~~~~~~~~~~~~~~~~~~^^^^^^^^^^^^^^^^^^^^^^^^^^^^^^^^^^\nUnicodeEncodeError: 'charmap' codec can't encode character '\\u2713' in position 60: character maps to <undefined>\nCall stack:\n  File "C:\\Users\\VIDYANKSHINI\\AppData\\Local\\Programs\\Python\\Python313\\Lib\\threading.py", line 1012, in _bootstrap\n    self._bootstrap_inner()\n  File "C:\\Users\\VIDYANKSHINI\\AppData\\Local\\Programs\\Python\\Python313\\Lib\\threading.py", line 1041, in _bootstrap_inner\n    self.run()\n  File "C:\\Users\\VIDYANKSHINI\\AppData\\Local\\Programs\\Python\\Python313\\Lib\\threading.py", line 992, in run\n    self._target(*self._args, **self._kwargs)\n  File "C:\\Users\\VIDYANKSHINI\\AppData\\Local\\Programs\\Python\\Python313\\Lib\\site-packages\\anyio\\from_thread.py", line 532, in run_blocking_portal\n    run_eventloop(\n  File "C:\\Users\\VIDYANKSHINI\\AppData\\Local\\Programs\\Python\\Python313\\Lib\\site-packages\\anyio\\_core\\_eventloop.py", line 77, in run\n    return async_backend.run(func, args, {}, backend_options)\n  File "C:\\Users\\VIDYANKSHINI\\AppData\\Local\\Programs\\Python\\Python313\\Lib\\site-packages\\anyio\\_backends\\_asyncio.py", line 2358, in run\n    return runner.run(wrapper())\n  File "C:\\Users\\VIDYANKSHINI\\AppData\\Local\\Programs\\Python\\Python313\\Lib\\asyncio\\runners.py", line 118, in run\n    return self._loop.run_until_complete(task)\n  File "C:\\Users\\VIDYANKSHINI\\AppData\\Local\\Programs\\Python\\Python313\\Lib\\asyncio\\base_events.py", line 712, in run_until_complete\n    self.run_forever()\n  File "C:\\Users\\VIDYANKSHINI\\AppData\\Local\\Programs\\Python\\Python313\\Lib\\asyncio\\base_events.py", line 683, in run_forever\n    self._run_once()\n  File "C:\\Users\\VIDYANKSHINI\\AppData\\Local\\Programs\\Python\\Python313\\Lib\\asyncio\\base_events.py", line 2040, in _run_once\n    handle._run()\n  File "C:\\Users\\VIDYANKSHINI\\AppData\\Local\\Programs\\Python\\Python313\\Lib\\asyncio\\events.py", line 89, in _run\n    self._context.run(self._callback, *self._args)\n  File "C:\\Users\\VIDYANKSHINI\\AppData\\Local\\Programs\\Python\\Python313\\Lib\\site-packages\\anyio\\from_thread.py", line 259, in _call_func\n    retval = await retval_or_awaitable\n  File "C:\\Users\\VIDYANKSHINI\\AppData\\Local\\Programs\\Python\\Python313\\Lib\\site-packages\\fastapi\\applications.py", line 1159, in __call__\n    await super().__call__(scope, receive, send)\n  File "C:\\Users\\VIDYANKSHINI\\AppData\\Local\\Programs\\Python\\Python313\\Lib\\site-packages\\starlette\\applications.py", line 107, in __call__\n    await self.middleware_stack(scope, receive, send)\n  File "C:\\Users\\VIDYANKSHINI\\AppData\\Local\\Programs\\Python\\Python313\\Lib\\site-packages\\starlette\\middleware\\errors.py", line 164, in __call__\n    await self.app(scope, receive, _send)\n  File "C:\\Users\\VIDYANKSHINI\\AppData\\Local\\Programs\\Python\\Python313\\Lib\\site-packages\\starlette\\middleware\\cors.py", line 87, in __call__\n    await self.app(scope, receive, send)\n  File "C:\\Users\\VIDYANKSHINI\\AppData\\Local\\Programs\\Python\\Python313\\Lib\\site-packages\\starlette\\middleware\\exceptions.py", line 63, in __call__\n    await wrap_app_handling_exceptions(self.app, conn)(scope, receive, send)\n  File "C:\\Users\\VIDYANKSHINI\\AppData\\Local\\Programs\\Python\\Python313\\Lib\\site-packages\\starlette\\_exception_handler.py", line 42, in wrapped_app\n    await app(scope, receive, sender)\n  File "C:\\Users\\VIDYANKSHINI\\AppData\\Local\\Programs\\Python\\Python313\\Lib\\site-packages\\fastapi\\middleware\\asyncexitstack.py", line 18, in __call__\n    await self.app(scope, receive, send)\n  File "C:\\Users\\VIDYANKSHINI\\AppData\\Local\\Programs\\Python\\Python313\\Lib\\site-packages\\starlette\\routing.py", line 716, in __call__\n    await self.middleware_stack(scope, receive, send)\n  File "C:\\Users\\VIDYANKSHINI\\AppData\\Local\\Programs\\Python\\Python313\\Lib\\site-packages\\starlette\\routing.py", line 736, in app\n    await route.handle(scope, receive, send)\n  File "C:\\Users\\VIDYANKSHINI\\AppData\\Local\\Programs\\Python\\Python313\\Lib\\site-packages\\starlette\\routing.py", line 290, in handle\n    await self.app(scope, receive, send)\n  File "C:\\Users\\VIDYANKSHINI\\AppData\\Local\\Programs\\Python\\Python313\\Lib\\site-packages\\fastapi\\routing.py", line 134, in app\n    await wrap_app_handling_exceptions(app, request)(scope, receive, send)\n  File "C:\\Users\\VIDYANKSHINI\\AppData\\Local\\Programs\\Python\\Python313\\Lib\\site-packages\\starlette\\_exception_handler.py", line 42, in wrapped_app\n    await app(scope, receive, sender)\n  File "C:\\Users\\VIDYANKSHINI\\AppData\\Local\\Programs\\Python\\Python313\\Lib\\site-packages\\fastapi\\routing.py", line 120, in app\n    response = await f(request)\n  File "C:\\Users\\VIDYANKSHINI\\AppData\\Local\\Programs\\Python\\Python313\\Lib\\site-packages\\fastapi\\routing.py", line 674, in app\n    raw_response = await run_endpoint_function(\n  File "C:\\Users\\VIDYANKSHINI\\AppData\\Local\\Programs\\Python\\Python313\\Lib\\site-packages\\fastapi\\routing.py", line 328, in run_endpoint_function\n    return await dependant.call(**values)\n  File "C:\\Users\\VIDYANKSHINI\\Desktop\\project\\SecuScan\\backend\\secuscan\\routes.py", line 269, in start_task\n    plugin_manager = await get_plugin_manager_for_request()\n  File "C:\\Users\\VIDYANKSHINI\\Desktop\\project\\SecuScan\\backend\\secuscan\\routes.py", line 177, in get_plugin_manager_for_request\n    return await init_plugins(settings.plugins_dir)\n  File "C:\\Users\\VIDYANKSHINI\\Desktop\\project\\SecuScan\\backend\\secuscan\\plugins.py", line 382, in init_plugins\n    await plugin_manager.load_plugins()\n  File "C:\\Users\\VIDYANKSHINI\\Desktop\\project\\SecuScan\\backend\\secuscan\\plugins.py", line 59, in load_plugins\n    logger.info(f"\u2713 Loaded plugin: {plugin_meta.name} v{plugin_meta.version}")\nMessage: '\u2713 Loaded plugin: WordPress Security Scan v1.0.0'\nArguments: ()\n--- Logging error ---\nTraceback (most recent call last):\n  File "C:\\Users\\VIDYANKSHINI\\AppData\\Local\\Programs\\Python\\Python313\\Lib\\logging\\__init__.py", line 1153, in emit\n    stream.write(msg + self.terminator)\n    ~~~~~~~~~~~~^^^^^^^^^^^^^^^^^^^^^^^\n  File "C:\\Users\\VIDYANKSHINI\\AppData\\Local\\Programs\\Python\\Python313\\Lib\\encodings\\cp1252.py", line 19, in encode\n    return codecs.charmap_encode(input,self.errors,encoding_table)[0]\n           ~~~~~~~~~~~~~~~~~~~~~^^^^^^^^^^^^^^^^^^^^^^^^^^^^^^^^^^\nUnicodeEncodeError: 'charmap' codec can't encode character '\\u2713' in position 60: character maps to <undefined>\nCall stack:\n  File "C:\\Users\\VIDYANKSHINI\\AppData\\Local\\Programs\\Python\\Python313\\Lib\\threading.py", line 1012, in _bootstrap\n    self._bootstrap_inner()\n  File "C:\\Users\\VIDYANKSHINI\\AppData\\Local\\Programs\\Python\\Python313\\Lib\\threading.py", line 1041, in _bootstrap_inner\n    self.run()\n  File "C:\\Users\\VIDYANKSHINI\\AppData\\Local\\Programs\\Python\\Python313\\Lib\\threading.py", line 992, in run\n    self._target(*self._args, **self._kwargs)\n  File "C:\\Users\\VIDYANKSHINI\\AppData\\Local\\Programs\\Python\\Python313\\Lib\\site-packages\\anyio\\from_thread.py", line 532, in run_blocking_portal\n    run_eventloop(\n  File "C:\\Users\\VIDYANKSHINI\\AppData\\Local\\Programs\\Python\\Python313\\Lib\\site-packages\\anyio\\_core\\_eventloop.py", line 77, in run\n    return async_backend.run(func, args, {}, backend_options)\n  File "C:\\Users\\VIDYANKSHINI\\AppData\\Local\\Programs\\Python\\Python313\\Lib\\site-packages\\anyio\\_backends\\_asyncio.py", line 2358, in run\n    return runner.run(wrapper())\n  File "C:\\Users\\VIDYANKSHINI\\AppData\\Local\\Programs\\Python\\Python313\\Lib\\asyncio\\runners.py", line 118, in run\n    return self._loop.run_until_complete(task)\n  File "C:\\Users\\VIDYANKSHINI\\AppData\\Local\\Programs\\Python\\Python313\\Lib\\asyncio\\base_events.py", line 712, in run_until_complete\n    self.run_forever()\n  File "C:\\Users\\VIDYANKSHINI\\AppData\\Local\\Programs\\Python\\Python313\\Lib\\asyncio\\base_events.py", line 683, in run_forever\n    self._run_once()\n  File "C:\\Users\\VIDYANKSHINI\\AppData\\Local\\Programs\\Python\\Python313\\Lib\\asyncio\\base_events.py", line 2040, in _run_once\n    handle._run()\n  File "C:\\Users\\VIDYANKSHINI\\AppData\\Local\\Programs\\Python\\Python313\\Lib\\asyncio\\events.py", line 89, in _run\n    self._context.run(self._callback, *self._args)\n  File "C:\\Users\\VIDYANKSHINI\\AppData\\Local\\Programs\\Python\\Python313\\Lib\\site-packages\\anyio\\from_thread.py", line 259, in _call_func\n    retval = await retval_or_awaitable\n  File "C:\\Users\\VIDYANKSHINI\\AppData\\Local\\Programs\\Python\\Python313\\Lib\\site-packages\\fastapi\\applications.py", line 1159, in __call__\n    await super().__call__(scope, receive, send)\n  File "C:\\Users\\VIDYANKSHINI\\AppData\\Local\\Programs\\Python\\Python313\\Lib\\site-packages\\starlette\\applications.py", line 107, in __call__\n    await self.middleware_stack(scope, receive, send)\n  File "C:\\Users\\VIDYANKSHINI\\AppData\\Local\\Programs\\Python\\Python313\\Lib\\site-packages\\starlette\\middleware\\errors.py", line 164, in __call__\n    await self.app(scope, receive, _send)\n  File "C:\\Users\\VIDYANKSHINI\\AppData\\Local\\Programs\\Python\\Python313\\Lib\\site-packages\\starlette\\middleware\\cors.py", line 87, in __call__\n    await self.app(scope, receive, send)\n  File "C:\\Users\\VIDYANKSHINI\\AppData\\Local\\Programs\\Python\\Python313\\Lib\\site-packages\\starlette\\middleware\\exceptions.py", line 63, in __call__\n    await wrap_app_handling_exceptions(self.app, conn)(scope, receive, send)\n  File "C:\\Users\\VIDYANKSHINI\\AppData\\Local\\Programs\\Python\\Python313\\Lib\\site-packages\\starlette\\_exception_handler.py", line 42, in wrapped_app\n    await app(scope, receive, sender)\n  File "C:\\Users\\VIDYANKSHINI\\AppData\\Local\\Programs\\Python\\Python313\\Lib\\site-packages\\fastapi\\middleware\\asyncexitstack.py", line 18, in __call__\n    await self.app(scope, receive, send)\n  File "C:\\Users\\VIDYANKSHINI\\AppData\\Local\\Programs\\Python\\Python313\\Lib\\site-packages\\starlette\\routing.py", line 716, in __call__\n    await self.middleware_stack(scope, receive, send)\n  File "C:\\Users\\VIDYANKSHINI\\AppData\\Local\\Programs\\Python\\Python313\\Lib\\site-packages\\starlette\\routing.py", line 736, in app\n    await route.handle(scope, receive, send)\n  File "C:\\Users\\VIDYANKSHINI\\AppData\\Local\\Programs\\Python\\Python313\\Lib\\site-packages\\starlette\\routing.py", line 290, in handle\n    await self.app(scope, receive, send)\n  File "C:\\Users\\VIDYANKSHINI\\AppData\\Local\\Programs\\Python\\Python313\\Lib\\site-packages\\fastapi\\routing.py", line 134, in app\n    await wrap_app_handling_exceptions(app, request)(scope, receive, send)\n  File "C:\\Users\\VIDYANKSHINI\\AppData\\Local\\Programs\\Python\\Python313\\Lib\\site-packages\\starlette\\_exception_handler.py", line 42, in wrapped_app\n    await app(scope, receive, sender)\n  File "C:\\Users\\VIDYANKSHINI\\AppData\\Local\\Programs\\Python\\Python313\\Lib\\site-packages\\fastapi\\routing.py", line 120, in app\n    response = await f(request)\n  File "C:\\Users\\VIDYANKSHINI\\AppData\\Local\\Programs\\Python\\Python313\\Lib\\site-packages\\fastapi\\routing.py", line 674, in app\n    raw_response = await run_endpoint_function(\n  File "C:\\Users\\VIDYANKSHINI\\AppData\\Local\\Programs\\Python\\Python313\\Lib\\site-packages\\fastapi\\routing.py", line 328, in run_endpoint_function\n    return await dependant.call(**values)\n  File "C:\\Users\\VIDYANKSHINI\\Desktop\\project\\SecuScan\\backend\\secuscan\\routes.py", line 269, in start_task\n    plugin_manager = await get_plugin_manager_for_request()\n  File "C:\\Users\\VIDYANKSHINI\\Desktop\\project\\SecuScan\\backend\\secuscan\\routes.py", line 177, in get_plugin_manager_for_request\n    return await init_plugins(settings.plugins_dir)\n  File "C:\\Users\\VIDYANKSHINI\\Desktop\\project\\SecuScan\\backend\\secuscan\\plugins.py", line 382, in init_plugins\n    await plugin_manager.load_plugins()\n  File "C:\\Users\\VIDYANKSHINI\\Desktop\\project\\SecuScan\\backend\\secuscan\\plugins.py", line 59, in load_plugins\n    logger.info(f"\u2713 Loaded plugin: {plugin_meta.name} v{plugin_meta.version}")\nMessage: '\u2713 Loaded plugin: XSS Exploiter v1.0.0'\nArguments: ()\n--- Logging error ---\nTraceback (most recent call last):\n  File "C:\\Users\\VIDYANKSHINI\\AppData\\Local\\Programs\\Python\\Python313\\Lib\\logging\\__init__.py", line 1153, in emit\n    stream.write(msg + self.terminator)\n    ~~~~~~~~~~~~^^^^^^^^^^^^^^^^^^^^^^^\n  File "C:\\Users\\VIDYANKSHINI\\AppData\\Local\\Programs\\Python\\Python313\\Lib\\encodings\\cp1252.py", line 19, in encode\n    return codecs.charmap_encode(input,self.errors,encoding_table)[0]\n           ~~~~~~~~~~~~~~~~~~~~~^^^^^^^^^^^^^^^^^^^^^^^^^^^^^^^^^^\nUnicodeEncodeError: 'charmap' codec can't encode character '\\u2713' in position 60: character maps to <undefined>\nCall stack:\n  File "C:\\Users\\VIDYANKSHINI\\AppData\\Local\\Programs\\Python\\Python313\\Lib\\threading.py", line 1012, in _bootstrap\n    self._bootstrap_inner()\n  File "C:\\Users\\VIDYANKSHINI\\AppData\\Local\\Programs\\Python\\Python313\\Lib\\threading.py", line 1041, in _bootstrap_inner\n    self.run()\n  File "C:\\Users\\VIDYANKSHINI\\AppData\\Local\\Programs\\Python\\Python313\\Lib\\threading.py", line 992, in run\n    self._target(*self._args, **self._kwargs)\n  File "C:\\Users\\VIDYANKSHINI\\AppData\\Local\\Programs\\Python\\Python313\\Lib\\site-packages\\anyio\\from_thread.py", line 532, in run_blocking_portal\n    run_eventloop(\n  File "C:\\Users\\VIDYANKSHINI\\AppData\\Local\\Programs\\Python\\Python313\\Lib\\site-packages\\anyio\\_core\\_eventloop.py", line 77, in run\n    return async_backend.run(func, args, {}, backend_options)\n  File "C:\\Users\\VIDYANKSHINI\\AppData\\Local\\Programs\\Python\\Python313\\Lib\\site-packages\\anyio\\_backends\\_asyncio.py", line 2358, in run\n    return runner.run(wrapper())\n  File "C:\\Users\\VIDYANKSHINI\\AppData\\Local\\Programs\\Python\\Python313\\Lib\\asyncio\\runners.py", line 118, in run\n    return self._loop.run_until_complete(task)\n  File "C:\\Users\\VIDYANKSHINI\\AppData\\Local\\Programs\\Python\\Python313\\Lib\\asyncio\\base_events.py", line 712, in run_until_complete\n    self.run_forever()\n  File "C:\\Users\\VIDYANKSHINI\\AppData\\Local\\Programs\\Python\\Python313\\Lib\\asyncio\\base_events.py", line 683, in run_forever\n    self._run_once()\n  File "C:\\Users\\VIDYANKSHINI\\AppData\\Local\\Programs\\Python\\Python313\\Lib\\asyncio\\base_events.py", line 2040, in _run_once\n    handle._run()\n  File "C:\\Users\\VIDYANKSHINI\\AppData\\Local\\Programs\\Python\\Python313\\Lib\\asyncio\\events.py", line 89, in _run\n    self._context.run(self._callback, *self._args)\n  File "C:\\Users\\VIDYANKSHINI\\AppData\\Local\\Programs\\Python\\Python313\\Lib\\site-packages\\anyio\\from_thread.py", line 259, in _call_func\n    retval = await retval_or_awaitable\n  File "C:\\Users\\VIDYANKSHINI\\AppData\\Local\\Programs\\Python\\Python313\\Lib\\site-packages\\fastapi\\applications.py", line 1159, in __call__\n    await super().__call__(scope, receive, send)\n  File "C:\\Users\\VIDYANKSHINI\\AppData\\Local\\Programs\\Python\\Python313\\Lib\\site-packages\\starlette\\applications.py", line 107, in __call__\n    await self.middleware_stack(scope, receive, send)\n  File "C:\\Users\\VIDYANKSHINI\\AppData\\Local\\Programs\\Python\\Python313\\Lib\\site-packages\\starlette\\middleware\\errors.py", line 164, in __call__\n    await self.app(scope, receive, _send)\n  File "C:\\Users\\VIDYANKSHINI\\AppData\\Local\\Programs\\Python\\Python313\\Lib\\site-packages\\starlette\\middleware\\cors.py", line 87, in __call__\n    await self.app(scope, receive, send)\n  File "C:\\Users\\VIDYANKSHINI\\AppData\\Local\\Programs\\Python\\Python313\\Lib\\site-packages\\starlette\\middleware\\exceptions.py", line 63, in __call__\n    await wrap_app_handling_exceptions(self.app, conn)(scope, receive, send)\n  File "C:\\Users\\VIDYANKSHINI\\AppData\\Local\\Programs\\Python\\Python313\\Lib\\site-packages\\starlette\\_exception_handler.py", line 42, in wrapped_app\n    await app(scope, receive, sender)\n  File "C:\\Users\\VIDYANKSHINI\\AppData\\Local\\Programs\\Python\\Python313\\Lib\\site-packages\\fastapi\\middleware\\asyncexitstack.py", line 18, in __call__\n    await self.app(scope, receive, send)\n  File "C:\\Users\\VIDYANKSHINI\\AppData\\Local\\Programs\\Python\\Python313\\Lib\\site-packages\\starlette\\routing.py", line 716, in __call__\n    await self.middleware_stack(scope, receive, send)\n  File "C:\\Users\\VIDYANKSHINI\\AppData\\Local\\Programs\\Python\\Python313\\Lib\\site-packages\\starlette\\routing.py", line 736, in app\n    await route.handle(scope, receive, send)\n  File "C:\\Users\\VIDYANKSHINI\\AppData\\Local\\Programs\\Python\\Python313\\Lib\\site-packages\\starlette\\routing.py", line 290, in handle\n    await self.app(scope, receive, send)\n  File "C:\\Users\\VIDYANKSHINI\\AppData\\Local\\Programs\\Python\\Python313\\Lib\\site-packages\\fastapi\\routing.py", line 134, in app\n    await wrap_app_handling_exceptions(app, request)(scope, receive, send)\n  File "C:\\Users\\VIDYANKSHINI\\AppData\\Local\\Programs\\Python\\Python313\\Lib\\site-packages\\starlette\\_exception_handler.py", line 42, in wrapped_app\n    await app(scope, receive, sender)\n  File "C:\\Users\\VIDYANKSHINI\\AppData\\Local\\Programs\\Python\\Python313\\Lib\\site-packages\\fastapi\\routing.py", line 120, in app\n    response = await f(request)\n  File "C:\\Users\\VIDYANKSHINI\\AppData\\Local\\Programs\\Python\\Python313\\Lib\\site-packages\\fastapi\\routing.py", line 674, in app\n    raw_response = await run_endpoint_function(\n  File "C:\\Users\\VIDYANKSHINI\\AppData\\Local\\Programs\\Python\\Python313\\Lib\\site-packages\\fastapi\\routing.py", line 328, in run_endpoint_function\n    return await dependant.call(**values)\n  File "C:\\Users\\VIDYANKSHINI\\Desktop\\project\\SecuScan\\backend\\secuscan\\routes.py", line 269, in start_task\n    plugin_manager = await get_plugin_manager_for_request()\n  File "C:\\Users\\VIDYANKSHINI\\Desktop\\project\\SecuScan\\backend\\secuscan\\routes.py", line 177, in get_plugin_manager_for_request\n    return await init_plugins(settings.plugins_dir)\n  File "C:\\Users\\VIDYANKSHINI\\Desktop\\project\\SecuScan\\backend\\secuscan\\plugins.py", line 382, in init_plugins\n    await plugin_manager.load_plugins()\n  File "C:\\Users\\VIDYANKSHINI\\Desktop\\project\\SecuScan\\backend\\secuscan\\plugins.py", line 59, in load_plugins\n    logger.info(f"\u2713 Loaded plugin: {plugin_meta.name} v{plugin_meta.version}")\nMessage: '\u2713 Loaded plugin: Binary Signature Scan v1.0.0'\nArguments: ()\n--- Logging error ---\nTraceback (most recent call last):\n  File "C:\\Users\\VIDYANKSHINI\\AppData\\Local\\Programs\\Python\\Python313\\Lib\\logging\\__init__.py", line 1153, in emit\n    stream.write(msg + self.terminator)\n    ~~~~~~~~~~~~^^^^^^^^^^^^^^^^^^^^^^^\n  File "C:\\Users\\VIDYANKSHINI\\AppData\\Local\\Programs\\Python\\Python313\\Lib\\encodings\\cp1252.py", line 19, in encode\n    return codecs.charmap_encode(input,self.errors,encoding_table)[0]\n           ~~~~~~~~~~~~~~~~~~~~~^^^^^^^^^^^^^^^^^^^^^^^^^^^^^^^^^^\nUnicodeEncodeError: 'charmap' codec can't encode character '\\u2713' in position 60: character maps to <undefined>\nCall stack:\n  File "C:\\Users\\VIDYANKSHINI\\AppData\\Local\\Programs\\Python\\Python313\\Lib\\threading.py", line 1012, in _bootstrap\n    self._bootstrap_inner()\n  File "C:\\Users\\VIDYANKSHINI\\AppData\\Local\\Programs\\Python\\Python313\\Lib\\threading.py", line 1041, in _bootstrap_inner\n    self.run()\n  File "C:\\Users\\VIDYANKSHINI\\AppData\\Local\\Programs\\Python\\Python313\\Lib\\threading.py", line 992, in run\n    self._target(*self._args, **self._kwargs)\n  File "C:\\Users\\VIDYANKSHINI\\AppData\\Local\\Programs\\Python\\Python313\\Lib\\site-packages\\anyio\\from_thread.py", line 532, in run_blocking_portal\n    run_eventloop(\n  File "C:\\Users\\VIDYANKSHINI\\AppData\\Local\\Programs\\Python\\Python313\\Lib\\site-packages\\anyio\\_core\\_eventloop.py", line 77, in run\n    return async_backend.run(func, args, {}, backend_options)\n  File "C:\\Users\\VIDYANKSHINI\\AppData\\Local\\Programs\\Python\\Python313\\Lib\\site-packages\\anyio\\_backends\\_asyncio.py", line 2358, in run\n    return runner.run(wrapper())\n  File "C:\\Users\\VIDYANKSHINI\\AppData\\Local\\Programs\\Python\\Python313\\Lib\\asyncio\\runners.py", line 118, in run\n    return self._loop.run_until_complete(task)\n  File "C:\\Users\\VIDYANKSHINI\\AppData\\Local\\Programs\\Python\\Python313\\Lib\\asyncio\\base_events.py", line 712, in run_until_complete\n    self.run_forever()\n  File "C:\\Users\\VIDYANKSHINI\\AppData\\Local\\Programs\\Python\\Python313\\Lib\\asyncio\\base_events.py", line 683, in run_forever\n    self._run_once()\n  File "C:\\Users\\VIDYANKSHINI\\AppData\\Local\\Programs\\Python\\Python313\\Lib\\asyncio\\base_events.py", line 2040, in _run_once\n    handle._run()\n  File "C:\\Users\\VIDYANKSHINI\\AppData\\Local\\Programs\\Python\\Python313\\Lib\\asyncio\\events.py", line 89, in _run\n    self._context.run(self._callback, *self._args)\n  File "C:\\Users\\VIDYANKSHINI\\AppData\\Local\\Programs\\Python\\Python313\\Lib\\site-packages\\anyio\\from_thread.py", line 259, in _call_func\n    retval = await retval_or_awaitable\n  File "C:\\Users\\VIDYANKSHINI\\AppData\\Local\\Programs\\Python\\Python313\\Lib\\site-packages\\fastapi\\applications.py", line 1159, in __call__\n    await super().__call__(scope, receive, send)\n  File "C:\\Users\\VIDYANKSHINI\\AppData\\Local\\Programs\\Python\\Python313\\Lib\\site-packages\\starlette\\applications.py", line 107, in __call__\n    await self.middleware_stack(scope, receive, send)\n  File "C:\\Users\\VIDYANKSHINI\\AppData\\Local\\Programs\\Python\\Python313\\Lib\\site-packages\\starlette\\middleware\\errors.py", line 164, in __call__\n    await self.app(scope, receive, _send)\n  File "C:\\Users\\VIDYANKSHINI\\AppData\\Local\\Programs\\Python\\Python313\\Lib\\site-packages\\starlette\\middleware\\cors.py", line 87, in __call__\n    await self.app(scope, receive, send)\n  File "C:\\Users\\VIDYANKSHINI\\AppData\\Local\\Programs\\Python\\Python313\\Lib\\site-packages\\starlette\\middleware\\exceptions.py", line 63, in __call__\n    await wrap_app_handling_exceptions(self.app, conn)(scope, receive, send)\n  File "C:\\Users\\VIDYANKSHINI\\AppData\\Local\\Programs\\Python\\Python313\\Lib\\site-packages\\starlette\\_exception_handler.py", line 42, in wrapped_app\n    await app(scope, receive, sender)\n  File "C:\\Users\\VIDYANKSHINI\\AppData\\Local\\Programs\\Python\\Python313\\Lib\\site-packages\\fastapi\\middleware\\asyncexitstack.py", line 18, in __call__\n    await self.app(scope, receive, send)\n  File "C:\\Users\\VIDYANKSHINI\\AppData\\Local\\Programs\\Python\\Python313\\Lib\\site-packages\\starlette\\routing.py", line 716, in __call__\n    await self.middleware_stack(scope, receive, send)\n  File "C:\\Users\\VIDYANKSHINI\\AppData\\Local\\Programs\\Python\\Python313\\Lib\\site-packages\\starlette\\routing.py", line 736, in app\n    await route.handle(scope, receive, send)\n  File "C:\\Users\\VIDYANKSHINI\\AppData\\Local\\Programs\\Python\\Python313\\Lib\\site-packages\\starlette\\routing.py", line 290, in handle\n    await self.app(scope, receive, send)\n  File "C:\\Users\\VIDYANKSHINI\\AppData\\Local\\Programs\\Python\\Python313\\Lib\\site-packages\\fastapi\\routing.py", line 134, in app\n    await wrap_app_handling_exceptions(app, request)(scope, receive, send)\n  File "C:\\Users\\VIDYANKSHINI\\AppData\\Local\\Programs\\Python\\Python313\\Lib\\site-packages\\starlette\\_exception_handler.py", line 42, in wrapped_app\n    await app(scope, receive, sender)\n  File "C:\\Users\\VIDYANKSHINI\\AppData\\Local\\Programs\\Python\\Python313\\Lib\\site-packages\\fastapi\\routing.py", line 120, in app\n    response = await f(request)\n  File "C:\\Users\\VIDYANKSHINI\\AppData\\Local\\Programs\\Python\\Python313\\Lib\\site-packages\\fastapi\\routing.py", line 674, in app\n    raw_response = await run_endpoint_function(\n  File "C:\\Users\\VIDYANKSHINI\\AppData\\Local\\Programs\\Python\\Python313\\Lib\\site-packages\\fastapi\\routing.py", line 328, in run_endpoint_function\n    return await dependant.call(**values)\n  File "C:\\Users\\VIDYANKSHINI\\Desktop\\project\\SecuScan\\backend\\secuscan\\routes.py", line 269, in start_task\n    plugin_manager = await get_plugin_manager_for_request()\n  File "C:\\Users\\VIDYANKSHINI\\Desktop\\project\\SecuScan\\backend\\secuscan\\routes.py", line 177, in get_plugin_manager_for_request\n    return await init_plugins(settings.plugins_dir)\n  File "C:\\Users\\VIDYANKSHINI\\Desktop\\project\\SecuScan\\backend\\secuscan\\plugins.py", line 382, in init_plugins\n    await plugin_manager.load_plugins()\n  File "C:\\Users\\VIDYANKSHINI\\Desktop\\project\\SecuScan\\backend\\secuscan\\plugins.py", line 59, in load_plugins\n    logger.info(f"\u2713 Loaded plugin: {plugin_meta.name} v{plugin_meta.version}")\nMessage: '\u2713 Loaded plugin: DAST Web Proxy (ZAP) v1.0.0'\nArguments: ()
------------------------------ Captured log call ------------------------------
WARNING  backend.secuscan.plugins:plugins.py:101 Binary not found in PATH: amass\nINFO     backend.secuscan.plugins:plugins.py:59 \u2713 Loaded plugin: Amass v1.0.0\nWARNING  backend.secuscan.plugins:plugins.py:101 Binary not found in PATH: nuclei\nINFO     backend.secuscan.plugins:plugins.py:59 \u2713 Loaded plugin: API Scanner v1.0.0\nINFO     backend.secuscan.plugins:plugins.py:59 \u2713 Loaded plugin: Cloud Scanner v1.0.0\nWARNING  backend.secuscan.plugins:plugins.py:101 Binary not found in PATH: uncover\nINFO     backend.secuscan.plugins:plugins.py:59 \u2713 Loaded plugin: S3 / Blob Auditor v1.0.0\nWARNING  backend.secuscan.plugins:plugins.py:101 Binary not found in PATH: bandit\nINFO     backend.secuscan.plugins:plugins.py:59 \u2713 Loaded plugin: Code Analyzer (Bandit) v1.0.0\nWARNING  backend.secuscan.plugins:plugins.py:101 Binary not found in PATH: trivy\nINFO     backend.secuscan.plugins:plugins.py:59 \u2713 Loaded plugin: Container Scan (Trivy) v1.0.0\nWARNING  backend.secuscan.plugins:plugins.py:101 Binary not found in PATH: katana\nINFO     backend.secuscan.plugins:plugins.py:59 \u2713 Loaded plugin: Crawler v1.0.0\nWARNING  backend.secuscan.plugins:plugins.py:101 Binary not found in PATH: ffuf\nINFO     backend.secuscan.plugins:plugins.py:59 \u2713 Loaded plugin: Directory Discovery v1.0.0\nWARNING  backend.secuscan.plugins:plugins.py:101 Binary not found in PATH: dnsx\nINFO     backend.secuscan.plugins:plugins.py:59 \u2713 Loaded plugin: dnsx v1.0.0\nWARNING  backend.secuscan.plugins:plugins.py:101 Binary not found in PATH: dnsrecon\nINFO     backend.secuscan.plugins:plugins.py:59 \u2713 Loaded plugin: DNS Reconnaissance v1.0.0\nWARNING  backend.secuscan.plugins:plugins.py:101 Binary not found in PATH: amass\nINFO     backend.secuscan.plugins:plugins.py:59 \u2713 Loaded plugin: Domain Finder v1.0.0\nWARNING  backend.secuscan.plugins:plugins.py:101 Binary not found in PATH: droopescan\nINFO     backend.secuscan.plugins:plugins.py:59 \u2713 Loaded plugin: Drupal Security Scan v1.0.0\nINFO     backend.secuscan.plugins:plugins.py:59 \u2713 Loaded plugin: Payload Fuzzer v1.0.0\nINFO     backend.secuscan.plugins:plugins.py:59 \u2713 Loaded plugin: Google Hacking v1.0.0\nWARNING  backend.secuscan.plugins:plugins.py:101 Binary not found in PATH: hashcat\nINFO     backend.secuscan.plugins:plugins.py:59 \u2713 Loaded plugin: Password Recovery Audit v1.0.0\nINFO     backend.secuscan.plugins:plugins.py:59 \u2713 Loaded plugin: httpx v1.0.0\nINFO     backend.secuscan.plugins:plugins.py:59 \u2713 Loaded plugin: HTTP Inspector v1.0.0\nINFO     backend.secuscan.plugins:plugins.py:59 \u2713 Loaded plugin: HTTP Request Logger v1.0.0\nINFO     backend.secuscan.plugins:plugins.py:59 \u2713 Loaded plugin: IaC Scanner (Checkov) v1.0.0\nINFO     backend.secuscan.plugins:plugins.py:59 \u2713 Loaded plugin: ICMP Ping v1.0.0\nWARNING  backend.secuscan.plugins:plugins.py:101 Binary not found in PATH: joomscan\nINFO     backend.secuscan.plugins:plugins.py:59 \u2713 Loaded plugin: Joomla Security Scan v1.0.0\nWARNING  backend.secuscan.plugins:plugins.py:101 Binary not found in PATH: katana\nINFO     backend.secuscan.plugins:plugins.py:59 \u2713 Loaded plugin: Katana v1.0.0\nINFO     backend.secuscan.plugins:plugins.py:59 \u2713 Loaded plugin: K8s Scanner v1.0.0\nWARNING  backend.secuscan.plugins:plugins.py:101 Binary not found in PATH: msfconsole\nINFO     backend.secuscan.plugins:plugins.py:59 \u2713 Loaded plugin: Exploitation Connector v1.0.0\nWARNING  backend.secuscan.plugins:plugins.py:101 Binary not found in PATH: nmap\nINFO     backend.secuscan.plugins:plugins.py:59 \u2713 Loaded plugin: Network Scanner v1.0.0\nWARNING  backend.secuscan.plugins:plugins.py:101 Binary not found in PATH: nikto\nINFO     backend.secuscan.plugins:plugins.py:59 \u2713 Loaded plugin: Nikto v1.1.0\nWARNING  backend.secuscan.plugins:plugins.py:101 Binary not found in PATH: nmap\nINFO     backend.secuscan.plugins:plugins.py:59 \u2713 Loaded plugin: Network Scanning v1.0.0\nWARNING  backend.secuscan.plugins:plugins.py:101 Binary not found in PATH: nuclei\nINFO     backend.secuscan.plugins:plugins.py:59 \u2713 Loaded plugin: Template Vulnerability Scan v1.0.0\nINFO     backend.secuscan.plugins:plugins.py:59 \u2713 Loaded plugin: Password Auditor v1.0.0\nWARNING  backend.secuscan.plugins:plugins.py:101 Binary not found in PATH: theHarvester\nINFO     backend.secuscan.plugins:plugins.py:59 \u2713 Loaded plugin: People Hunter v1.0.0\nWARNING  backend.secuscan.plugins:plugins.py:101 Binary not found in PATH: nmap\nINFO     backend.secuscan.plugins:plugins.py:59 \u2713 Loaded plugin: Port Scanner v1.0.0\nINFO     backend.secuscan.plugins:plugins.py:59 \u2713 Loaded plugin: Advanced Network Recon v1.0.0\nWARNING  backend.secuscan.plugins:plugins.py:101 Binary not found in PATH: gitleaks\nINFO     backend.secuscan.plugins:plugins.py:59 \u2713 Loaded plugin: Secret Scanner v1.0.0\nWARNING  backend.secuscan.plugins:plugins.py:101 Binary not found in PATH: nuclei\nINFO     backend.secuscan.plugins:plugins.py:59 \u2713 Loaded plugin: Sharepoint Scanner v1.0.0\nWARNING  backend.secuscan.plugins:plugins.py:101 Binary not found in PATH: katana\nINFO     backend.secuscan.plugins:plugins.py:59 \u2713 Loaded plugin: Sitemap Generator v1.0.0\nINFO     backend.secuscan.plugins:plugins.py:59 \u2713 Loaded plugin: Sniper: Auto-Exploiter v1.0.0\nWARNING  backend.secuscan.plugins:plugins.py:101 Binary not found in PATH: katana\nINFO     backend.secuscan.plugins:plugins.py:59 \u2713 Loaded plugin: Spider v1.0.0\nWARNING  backend.secuscan.plugins:plugins.py:101 Binary not found in PATH: ghauri\nINFO     backend.secuscan.plugins:plugins.py:59 \u2713 Loaded plugin: SQL Injection Feasibility v1.0.0\nWARNING  backend.secuscan.plugins:plugins.py:101 Binary not found in PATH: sqlmap\nINFO     backend.secuscan.plugins:plugins.py:59 \u2713 Loaded plugin: SQLi Exploiter v1.0.0\nWARNING  backend.secuscan.plugins:plugins.py:101 Binary not found in PATH: sqlmap\nINFO     backend.secuscan.plugins:plugins.py:59 \u2713 Loaded plugin: SQL Injection Testing v1.0.0\nINFO     backend.secuscan.plugins:plugins.py:59 \u2713 Loaded plugin: SSH Runner v1.0.0\nWARNING  backend.secuscan.plugins:plugins.py:101 Binary not found in PATH: subfinder\nINFO     backend.secuscan.plugins:plugins.py:59 \u2713 Loaded plugin: Subdomain Finder v1.0.0\nWARNING  backend.secuscan.plugins:plugins.py:101 Binary not found in PATH: subfinder\nINFO     backend.secuscan.plugins:plugins.py:59 \u2713 Loaded plugin: Subdomain Scanner v1.0.0\nWARNING  backend.secuscan.plugins:plugins.py:101 Binary not found in PATH: subfinder\nINFO     backend.secuscan.plugins:plugins.py:59 \u2713 Loaded plugin: Subdomain Takeover v1.0.0\nWARNING  backend.secuscan.plugins:plugins.py:101 Binary not found in PATH: subfinder\nINFO     backend.secuscan.plugins:plugins.py:59 \u2713 Loaded plugin: Subfinder v1.0.0\nWARNING  backend.secuscan.plugins:plugins.py:101 Binary not found in PATH: theHarvester\nINFO     backend.secuscan.plugins:plugins.py:59 \u2713 Loaded plugin: theHarvester v1.0.0\nWARNING  backend.secuscan.plugins:plugins.py:101 Binary not found in PATH: openssl\nINFO     backend.secuscan.plugins:plugins.py:59 \u2713 Loaded plugin: TLS Security Analysis v1.0.0\nWARNING  backend.secuscan.plugins:plugins.py:101 Binary not found in PATH: uncover\nINFO     backend.secuscan.plugins:plugins.py:59 \u2713 Loaded plugin: Uncover v1.0.0\nWARNING  backend.secuscan.plugins:plugins.py:101 Binary not found in PATH: ffuf\nINFO     backend.secuscan.plugins:plugins.py:59 \u2713 Loaded plugin: URL Fuzzer v1.0.0\nWARNING  backend.secuscan.plugins:plugins.py:101 Binary not found in PATH: urlfinder\nINFO     backend.secuscan.plugins:plugins.py:59 \u2713 Loaded plugin: urlfinder v1.0.0\nWARNING  backend.secuscan.plugins:plugins.py:101 Binary not found in PATH: ffuf\nINFO     backend.secuscan.plugins:plugins.py:59 \u2713 Loaded plugin: Virtual Hosts Finder v1.0.0\nWARNING  backend.secuscan.plugins:plugins.py:101 Binary not found in PATH: volatility3\nINFO     backend.secuscan.plugins:plugins.py:59 \u2713 Loaded plugin: Volatility v1.0.0\nWARNING  backend.secuscan.plugins:plugins.py:101 Binary not found in PATH: wafw00f\nINFO     backend.secuscan.plugins:plugins.py:59 \u2713 Loaded plugin: WAF Detector v1.0.0\nERROR    backend.secuscan.plugins:plugins.py:64 Failed to load plugin from C:\\Users\\VIDYANKSHINI\\Desktop\\project\\SecuScan\\plugins\\waf_detector: 'charmap' codec can't decode byte 0x8f in position 429: character maps to <undefined>\nINFO     backend.secuscan.plugins:plugins.py:59 \u2713 Loaded plugin: Website Recon v1.0.0\nINFO     backend.secuscan.plugins:plugins.py:59 \u2713 Loaded plugin: Domain Registration Lookup v1.0.0\nWARNING  backend.secuscan.plugins:plugins.py:101 Binary not found in PATH: wpscan\nINFO     backend.secuscan.plugins:plugins.py:59 \u2713 Loaded plugin: WordPress Security Scan v1.0.0\nINFO     backend.secuscan.plugins:plugins.py:59 \u2713 Loaded plugin: XSS Exploiter v1.0.0\nWARNING  backend.secuscan.plugins:plugins.py:101 Binary not found in PATH: yara\nINFO     backend.secuscan.plugins:plugins.py:59 \u2713 Loaded plugin: Binary Signature Scan v1.0.0\nINFO     backend.secuscan.plugins:plugins.py:59 \u2713 Loaded plugin: DAST Web Proxy (ZAP) v1.0.0\nINFO     backend.secuscan.plugins:plugins.py:66 Loaded 59 plugins\nINFO     backend.secuscan.executor:executor.py:287 Executing task 27c064e1-bc38-4db9-a688-7c9abf1c3b41: subfinder -d example.com -silent -t 10\nINFO     backend.secuscan.executor:executor.py:916 Using custom parser for subdomain_discovery\nINFO     backend.secuscan.executor:executor.py:360 Task 27c064e1-bc38-4db9-a688-7c9abf1c3b41 completed in 0.00s\nINFO     httpx:_client.py:1025 HTTP Request: POST http://testserver/api/v1/task/start "HTTP/1.1 200 OK"\nINFO     httpx:_client.py:1025 HTTP Request: GET http://testserver/api/v1/task/27c064e1-bc38-4db9-a688-7c9abf1c3b41/status "HTTP/1.1 200 OK"
-------------------------- Captured stdout teardown ---------------------------
2026-05-26 17:44:28,446 - backend.secuscan.main - INFO - \U0001f6d1 Shutting down SecuScan backend...\n2026-05-26 17:44:28,447 - backend.secuscan.workflows - INFO - Workflow scheduler stopped\n2026-05-26 17:44:28,447 - backend.secuscan.main - INFO - \u2713 Shutdown complete
-------------------------- Captured stderr teardown ---------------------------
--- Logging error ---\nTraceback (most recent call last):\n  File "C:\\Users\\VIDYANKSHINI\\AppData\\Local\\Programs\\Python\\Python313\\Lib\\logging\\__init__.py", line 1153, in emit\n    stream.write(msg + self.terminator)\n    ~~~~~~~~~~~~^^^^^^^^^^^^^^^^^^^^^^^\n  File "C:\\Users\\VIDYANKSHINI\\AppData\\Local\\Programs\\Python\\Python313\\Lib\\encodings\\cp1252.py", line 19, in encode\n    return codecs.charmap_encode(input,self.errors,encoding_table)[0]\n           ~~~~~~~~~~~~~~~~~~~~~^^^^^^^^^^^^^^^^^^^^^^^^^^^^^^^^^^\nUnicodeEncodeError: 'charmap' codec can't encode character '\\U0001f6d1' in position 57: character maps to <undefined>\nCall stack:\n  File "C:\\Users\\VIDYANKSHINI\\AppData\\Local\\Programs\\Python\\Python313\\Lib\\threading.py", line 1012, in _bootstrap\n    self._bootstrap_inner()\n  File "C:\\Users\\VIDYANKSHINI\\AppData\\Local\\Programs\\Python\\Python313\\Lib\\threading.py", line 1041, in _bootstrap_inner\n    self.run()\n  File "C:\\Users\\VIDYANKSHINI\\AppData\\Local\\Programs\\Python\\Python313\\Lib\\threading.py", line 992, in run\n    self._target(*self._args, **self._kwargs)\n  File "C:\\Users\\VIDYANKSHINI\\AppData\\Local\\Programs\\Python\\Python313\\Lib\\site-packages\\anyio\\from_thread.py", line 532, in run_blocking_portal\n    run_eventloop(\n  File "C:\\Users\\VIDYANKSHINI\\AppData\\Local\\Programs\\Python\\Python313\\Lib\\site-packages\\anyio\\_core\\_eventloop.py", line 77, in run\n    return async_backend.run(func, args, {}, backend_options)\n  File "C:\\Users\\VIDYANKSHINI\\AppData\\Local\\Programs\\Python\\Python313\\Lib\\site-packages\\anyio\\_backends\\_asyncio.py", line 2358, in run\n    return runner.run(wrapper())\n  File "C:\\Users\\VIDYANKSHINI\\AppData\\Local\\Programs\\Python\\Python313\\Lib\\asyncio\\runners.py", line 118, in run\n    return self._loop.run_until_complete(task)\n  File "C:\\Users\\VIDYANKSHINI\\AppData\\Local\\Programs\\Python\\Python313\\Lib\\asyncio\\base_events.py", line 712, in run_until_complete\n    self.run_forever()\n  File "C:\\Users\\VIDYANKSHINI\\AppData\\Local\\Programs\\Python\\Python313\\Lib\\asyncio\\base_events.py", line 683, in run_forever\n    self._run_once()\n  File "C:\\Users\\VIDYANKSHINI\\AppData\\Local\\Programs\\Python\\Python313\\Lib\\asyncio\\base_events.py", line 2040, in _run_once\n    handle._run()\n  File "C:\\Users\\VIDYANKSHINI\\AppData\\Local\\Programs\\Python\\Python313\\Lib\\asyncio\\events.py", line 89, in _run\n    self._context.run(self._callback, *self._args)\n  File "C:\\Users\\VIDYANKSHINI\\AppData\\Local\\Programs\\Python\\Python313\\Lib\\site-packages\\anyio\\from_thread.py", line 259, in _call_func\n    retval = await retval_or_awaitable\n  File "C:\\Users\\VIDYANKSHINI\\AppData\\Local\\Programs\\Python\\Python313\\Lib\\site-packages\\starlette\\testclient.py", line 704, in lifespan\n    await self.app(scope, self.stream_receive.receive, self.stream_send.send)\n  File "C:\\Users\\VIDYANKSHINI\\AppData\\Local\\Programs\\Python\\Python313\\Lib\\site-packages\\fastapi\\applications.py", line 1159, in __call__\n    await super().__call__(scope, receive, send)\n  File "C:\\Users\\VIDYANKSHINI\\AppData\\Local\\Programs\\Python\\Python313\\Lib\\site-packages\\starlette\\applications.py", line 107, in __call__\n    await self.middleware_stack(scope, receive, send)\n  File "C:\\Users\\VIDYANKSHINI\\AppData\\Local\\Programs\\Python\\Python313\\Lib\\site-packages\\starlette\\middleware\\errors.py", line 151, in __call__\n    await self.app(scope, receive, send)\n  File "C:\\Users\\VIDYANKSHINI\\AppData\\Local\\Programs\\Python\\Python313\\Lib\\site-packages\\starlette\\middleware\\cors.py", line 79, in __call__\n    await self.app(scope, receive, send)\n  File "C:\\Users\\VIDYANKSHINI\\AppData\\Local\\Programs\\Python\\Python313\\Lib\\site-packages\\starlette\\middleware\\exceptions.py", line 49, in __call__\n    await self.app(scope, receive, send)\n  File "C:\\Users\\VIDYANKSHINI\\AppData\\Local\\Programs\\Python\\Python313\\Lib\\site-packages\\fastapi\\middleware\\asyncexitstack.py", line 18, in __call__\n    await self.app(scope, receive, send)\n  File "C:\\Users\\VIDYANKSHINI\\AppData\\Local\\Programs\\Python\\Python313\\Lib\\site-packages\\starlette\\routing.py", line 716, in __call__\n    await self.middleware_stack(scope, receive, send)\n  File "C:\\Users\\VIDYANKSHINI\\AppData\\Local\\Programs\\Python\\Python313\\Lib\\site-packages\\starlette\\routing.py", line 725, in app\n    await self.lifespan(scope, receive, send)\n  File "C:\\Users\\VIDYANKSHINI\\AppData\\Local\\Programs\\Python\\Python313\\Lib\\site-packages\\starlette\\routing.py", line 694, in lifespan\n    async with self.lifespan_context(app) as maybe_state:\n  File "C:\\Users\\VIDYANKSHINI\\AppData\\Local\\Programs\\Python\\Python313\\Lib\\contextlib.py", line 221, in __aexit__\n    await anext(self.gen)\n  File "C:\\Users\\VIDYANKSHINI\\AppData\\Local\\Programs\\Python\\Python313\\Lib\\site-packages\\fastapi\\routing.py", line 216, in merged_lifespan\n    async with original_context(app) as maybe_original_state:\n  File "C:\\Users\\VIDYANKSHINI\\AppData\\Local\\Programs\\Python\\Python313\\Lib\\contextlib.py", line 221, in __aexit__\n    await anext(self.gen)\n  File "C:\\Users\\VIDYANKSHINI\\Desktop\\project\\SecuScan\\backend\\secuscan\\main.py", line 66, in lifespan\n    logger.info("\U0001f6d1 Shutting down SecuScan backend...")\nMessage: '\U0001f6d1 Shutting down SecuScan backend...'\nArguments: ()\n--- Logging error ---\nTraceback (most recent call last):\n  File "C:\\Users\\VIDYANKSHINI\\AppData\\Local\\Programs\\Python\\Python313\\Lib\\logging\\__init__.py", line 1153, in emit\n    stream.write(msg + self.terminator)\n    ~~~~~~~~~~~~^^^^^^^^^^^^^^^^^^^^^^^\n  File "C:\\Users\\VIDYANKSHINI\\AppData\\Local\\Programs\\Python\\Python313\\Lib\\encodings\\cp1252.py", line 19, in encode\n    return codecs.charmap_encode(input,self.errors,encoding_table)[0]\n           ~~~~~~~~~~~~~~~~~~~~~^^^^^^^^^^^^^^^^^^^^^^^^^^^^^^^^^^\nUnicodeEncodeError: 'charmap' codec can't encode character '\\u2713' in position 57: character maps to <undefined>\nCall stack:\n  File "C:\\Users\\VIDYANKSHINI\\AppData\\Local\\Programs\\Python\\Python313\\Lib\\threading.py", line 1012, in _bootstrap\n    self._bootstrap_inner()\n  File "C:\\Users\\VIDYANKSHINI\\AppData\\Local\\Programs\\Python\\Python313\\Lib\\threading.py", line 1041, in _bootstrap_inner\n    self.run()\n  File "C:\\Users\\VIDYANKSHINI\\AppData\\Local\\Programs\\Python\\Python313\\Lib\\threading.py", line 992, in run\n    self._target(*self._args, **self._kwargs)\n  File "C:\\Users\\VIDYANKSHINI\\AppData\\Local\\Programs\\Python\\Python313\\Lib\\site-packages\\anyio\\from_thread.py", line 532, in run_blocking_portal\n    run_eventloop(\n  File "C:\\Users\\VIDYANKSHINI\\AppData\\Local\\Programs\\Python\\Python313\\Lib\\site-packages\\anyio\\_core\\_eventloop.py", line 77, in run\n    return async_backend.run(func, args, {}, backend_options)\n  File "C:\\Users\\VIDYANKSHINI\\AppData\\Local\\Programs\\Python\\Python313\\Lib\\site-packages\\anyio\\_backends\\_asyncio.py", line 2358, in run\n    return runner.run(wrapper())\n  File "C:\\Users\\VIDYANKSHINI\\AppData\\Local\\Programs\\Python\\Python313\\Lib\\asyncio\\runners.py", line 118, in run\n    return self._loop.run_until_complete(task)\n  File "C:\\Users\\VIDYANKSHINI\\AppData\\Local\\Programs\\Python\\Python313\\Lib\\asyncio\\base_events.py", line 712, in run_until_complete\n    self.run_forever()\n  File "C:\\Users\\VIDYANKSHINI\\AppData\\Local\\Programs\\Python\\Python313\\Lib\\asyncio\\base_events.py", line 683, in run_forever\n    self._run_once()\n  File "C:\\Users\\VIDYANKSHINI\\AppData\\Local\\Programs\\Python\\Python313\\Lib\\asyncio\\base_events.py", line 2040, in _run_once\n    handle._run()\n  File "C:\\Users\\VIDYANKSHINI\\AppData\\Local\\Programs\\Python\\Python313\\Lib\\asyncio\\events.py", line 89, in _run\n    self._context.run(self._callback, *self._args)\n  File "C:\\Users\\VIDYANKSHINI\\AppData\\Local\\Programs\\Python\\Python313\\Lib\\site-packages\\anyio\\from_thread.py", line 259, in _call_func\n    retval = await retval_or_awaitable\n  File "C:\\Users\\VIDYANKSHINI\\AppData\\Local\\Programs\\Python\\Python313\\Lib\\site-packages\\starlette\\testclient.py", line 704, in lifespan\n    await self.app(scope, self.stream_receive.receive, self.stream_send.send)\n  File "C:\\Users\\VIDYANKSHINI\\AppData\\Local\\Programs\\Python\\Python313\\Lib\\site-packages\\fastapi\\applications.py", line 1159, in __call__\n    await super().__call__(scope, receive, send)\n  File "C:\\Users\\VIDYANKSHINI\\AppData\\Local\\Programs\\Python\\Python313\\Lib\\site-packages\\starlette\\applications.py", line 107, in __call__\n    await self.middleware_stack(scope, receive, send)\n  File "C:\\Users\\VIDYANKSHINI\\AppData\\Local\\Programs\\Python\\Python313\\Lib\\site-packages\\starlette\\middleware\\errors.py", line 151, in __call__\n    await self.app(scope, receive, send)\n  File "C:\\Users\\VIDYANKSHINI\\AppData\\Local\\Programs\\Python\\Python313\\Lib\\site-packages\\starlette\\middleware\\cors.py", line 79, in __call__\n    await self.app(scope, receive, send)\n  File "C:\\Users\\VIDYANKSHINI\\AppData\\Local\\Programs\\Python\\Python313\\Lib\\site-packages\\starlette\\middleware\\exceptions.py", line 49, in __call__\n    await self.app(scope, receive, send)\n  File "C:\\Users\\VIDYANKSHINI\\AppData\\Local\\Programs\\Python\\Python313\\Lib\\site-packages\\fastapi\\middleware\\asyncexitstack.py", line 18, in __call__\n    await self.app(scope, receive, send)\n  File "C:\\Users\\VIDYANKSHINI\\AppData\\Local\\Programs\\Python\\Python313\\Lib\\site-packages\\starlette\\routing.py", line 716, in __call__\n    await self.middleware_stack(scope, receive, send)\n  File "C:\\Users\\VIDYANKSHINI\\AppData\\Local\\Programs\\Python\\Python313\\Lib\\site-packages\\starlette\\routing.py", line 725, in app\n    await self.lifespan(scope, receive, send)\n  File "C:\\Users\\VIDYANKSHINI\\AppData\\Local\\Programs\\Python\\Python313\\Lib\\site-packages\\starlette\\routing.py", line 694, in lifespan\n    async with self.lifespan_context(app) as maybe_state:\n  File "C:\\Users\\VIDYANKSHINI\\AppData\\Local\\Programs\\Python\\Python313\\Lib\\site-packages\\fastapi\\routing.py", line 216, in merged_lifespan\n    async with original_context(app) as maybe_original_state:\n  File "C:\\Users\\VIDYANKSHINI\\Desktop\\project\\SecuScan\\backend\\secuscan\\main.py", line 72, in lifespan\n    logger.info("\u2713 Shutdown complete")\nMessage: '\u2713 Shutdown complete'\nArguments: ()
---------------------------- Captured log teardown ----------------------------
INFO     backend.secuscan.main:main.py:66 \U0001f6d1 Shutting down SecuScan backend...\nINFO     backend.secuscan.workflows:workflows.py:38 Workflow scheduler stopped\nINFO     backend.secuscan.main:main.py:72 \u2713 Shutdown complete
============================== warnings summary ===============================
backend\secuscan\config.py:15
  C:\Users\VIDYANKSHINI\Desktop\project\SecuScan\backend\secuscan\config.py:15: PydanticDeprecatedSince20: Support for class-based `config` is deprecated, use ConfigDict instead. Deprecated in Pydantic V2.0 to be removed in V3.0. See Pydantic V2 Migration Guide at https://errors.pydantic.dev/2.13/migration/
    class Settings(BaseSettings):

-- Docs: https://docs.pytest.org/en/stable/how-to/capture-warnings.html
=========================== short test summary info ===========================
FAILED testing/backend/integration/test_phase2_plugins.py::test_subdomain_discovery
======================== 1 failed, 1 warning in 1.06s =========================
